C:\Users\a3162\thesis\.venv\Lib\site-packages\tyro\_parsers.py:365: UserWarning: The field `wandb-entity` is annotated with type `<class 'str'>`, but the default value `None` has type `<class 'NoneType'>`. We'll try to handle this gracefully, but it may cause unexpected behavior.
  warnings.warn(message)
C:\Users\a3162\thesis\.venv\Lib\site-packages\tyro\_parsers.py:365: UserWarning: The field `target-kl` is annotated with type `<class 'float'>`, but the default value `None` has type `<class 'NoneType'>`. We'll try to handle this gracefully, but it may cause unexpected behavior.
  warnings.warn(message)
SPS: 4479
SPS: 4630
SPS: 4686
SPS: 4719
SPS: 4744
SPS: 4750
SPS: 4764
SPS: 4763
SPS: 4759
SPS: 4770
SPS: 4770
SPS: 4774
SPS: 4780
SPS: 4784
SPS: 4793
SPS: 4796
SPS: 4800
SPS: 4803
SPS: 4806
SPS: 4809
SPS: 4811
SPS: 4816
SPS: 4824
SPS: 4831
SPS: 4836
SPS: 4839
SPS: 4838
SPS: 4838
SPS: 4839
SPS: 4838
SPS: 4837
SPS: 4837
SPS: 4836
SPS: 4835
SPS: 4836
SPS: 4835
SPS: 4834
SPS: 4836
SPS: 4838
SPS: 4839
SPS: 4841
SPS: 4844
SPS: 4843
SPS: 4842
SPS: 4841
SPS: 4841
SPS: 4841
SPS: 4840
SPS: 4840
SPS: 4838
SPS: 4839
SPS: 4838
SPS: 4837
SPS: 4837
SPS: 4838
SPS: 4840
SPS: 4844
SPS: 4858
SPS: 4857
SPS: 4855
SPS: 4853
SPS: 4852
SPS: 4851
SPS: 4850
SPS: 4852
SPS: 4853
SPS: 4854
SPS: 4852
SPS: 4850
SPS: 4849
SPS: 4848
SPS: 4847
SPS: 4846
SPS: 4846
SPS: 4846
SPS: 4846
SPS: 4845
SPS: 4844
SPS: 4844
SPS: 4844
SPS: 4845
SPS: 4847
SPS: 4848
SPS: 4849
SPS: 4850
SPS: 4852
SPS: 4853
SPS: 4854
SPS: 4855
SPS: 4856
SPS: 4856
SPS: 4857
SPS: 4858
SPS: 4858
SPS: 4859
SPS: 4860
SPS: 4861
SPS: 4861
SPS: 4862
SPS: 4863
SPS: 4864
SPS: 4864
SPS: 4865
SPS: 4865
SPS: 4866
SPS: 4866
SPS: 4868
SPS: 4869
SPS: 4870
SPS: 4871
SPS: 4872
SPS: 4872
SPS: 4873
SPS: 4874
SPS: 4875
SPS: 4875
SPS: 4876
SPS: 4876
SPS: 4877
SPS: 4877
SPS: 4878
SPS: 4878
SPS: 4879
SPS: 4880
SPS: 4881
SPS: 4881
SPS: 4882
SPS: 4882
SPS: 4883
SPS: 4883
SPS: 4884
SPS: 4884
SPS: 4885
SPS: 4886
SPS: 4886
SPS: 4886
SPS: 4887
SPS: 4888
SPS: 4888
SPS: 4888
SPS: 4889
SPS: 4889
SPS: 4889
SPS: 4889
SPS: 4889
SPS: 4889
SPS: 4889
SPS: 4890
SPS: 4890
SPS: 4891
SPS: 4892
SPS: 4892
SPS: 4892
SPS: 4892
SPS: 4893
SPS: 4893
SPS: 4893
SPS: 4893
SPS: 4894
SPS: 4894
SPS: 4894
SPS: 4895
SPS: 4895
SPS: 4895
SPS: 4895
SPS: 4895
SPS: 4895
SPS: 4895
SPS: 4895
SPS: 4893
SPS: 4891
SPS: 4889
SPS: 4887
SPS: 4885
SPS: 4883
SPS: 4881
SPS: 4879
SPS: 4877
SPS: 4876
SPS: 4874
SPS: 4872
SPS: 4871
SPS: 4869
SPS: 4869
SPS: 4868
SPS: 4869
SPS: 4869
SPS: 4869
SPS: 4869
SPS: 4868
SPS: 4868
SPS: 4868
SPS: 4868
SPS: 4869
SPS: 4869
SPS: 4868
SPS: 4866
SPS: 4864
SPS: 4863
SPS: 4861
SPS: 4859
SPS: 4856
SPS: 4853
SPS: 4851
SPS: 4848
SPS: 4846
SPS: 4843
SPS: 4841
SPS: 4838
SPS: 4836
SPS: 4835
SPS: 4834
SPS: 4833
SPS: 4831
SPS: 4829
SPS: 4827
SPS: 4825
SPS: 4822
SPS: 4820
SPS: 4819
SPS: 4818
SPS: 4816
SPS: 4814
SPS: 4812
SPS: 4812
SPS: 4811
SPS: 4811
SPS: 4811
SPS: 4812
SPS: 4814
SPS: 4816
SPS: 4818
SPS: 4820
SPS: 4822
SPS: 4824
SPS: 4826
SPS: 4828
SPS: 4830
SPS: 4832
SPS: 4835
SPS: 4836
SPS: 4838
SPS: 4840
SPS: 4841
SPS: 4843
SPS: 4844
SPS: 4846
SPS: 4847
SPS: 4849
SPS: 4851
SPS: 4852
SPS: 4854
SPS: 4855
SPS: 4858
SPS: 4859
SPS: 4861
SPS: 4864
SPS: 4866
SPS: 4867
SPS: 4869
SPS: 4870
SPS: 4871
SPS: 4873
SPS: 4874
SPS: 4876
SPS: 4877
SPS: 4879
SPS: 4881
SPS: 4882
time budget reached: 3611s @ global_step=17629184
