C:\Users\a3162\thesis\.venv\Lib\site-packages\tyro\_parsers.py:365: UserWarning: The field `wandb-entity` is annotated with type `<class 'str'>`, but the default value `None` has type `<class 'NoneType'>`. We'll try to handle this gracefully, but it may cause unexpected behavior.
  warnings.warn(message)
C:\Users\a3162\thesis\.venv\Lib\site-packages\tyro\_parsers.py:365: UserWarning: The field `target-kl` is annotated with type `<class 'float'>`, but the default value `None` has type `<class 'NoneType'>`. We'll try to handle this gracefully, but it may cause unexpected behavior.
  warnings.warn(message)
SPS: 5122
SPS: 5180
SPS: 5221
SPS: 5241
SPS: 5231
SPS: 5225
SPS: 5240
SPS: 5246
SPS: 5249
SPS: 5245
SPS: 5247
SPS: 5253
SPS: 5253
SPS: 5257
SPS: 5259
SPS: 5262
SPS: 5263
SPS: 5262
SPS: 5259
SPS: 5256
SPS: 5255
SPS: 5256
SPS: 5255
SPS: 5255
SPS: 5254
SPS: 5254
SPS: 5255
SPS: 5255
SPS: 5256
SPS: 5260
SPS: 5261
SPS: 5263
SPS: 5264
SPS: 5264
SPS: 5262
SPS: 5261
SPS: 5263
SPS: 5265
SPS: 5268
SPS: 5272
SPS: 5275
SPS: 5280
SPS: 5284
SPS: 5289
SPS: 5293
SPS: 5295
SPS: 5299
SPS: 5302
SPS: 5306
SPS: 5308
SPS: 5313
SPS: 5316
SPS: 5319
SPS: 5321
SPS: 5323
SPS: 5327
SPS: 5329
SPS: 5332
SPS: 5335
SPS: 5338
SPS: 5340
SPS: 5341
SPS: 5344
SPS: 5349
SPS: 5353
SPS: 5357
SPS: 5362
SPS: 5365
SPS: 5369
SPS: 5373
SPS: 5377
SPS: 5381
SPS: 5386
SPS: 5390
SPS: 5394
SPS: 5398
SPS: 5402
SPS: 5406
SPS: 5409
SPS: 5413
SPS: 5416
SPS: 5420
SPS: 5423
SPS: 5427
SPS: 5430
SPS: 5433
SPS: 5436
SPS: 5439
SPS: 5442
SPS: 5444
SPS: 5447
SPS: 5450
SPS: 5453
SPS: 5456
SPS: 5458
SPS: 5461
SPS: 5463
SPS: 5465
SPS: 5468
SPS: 5470
SPS: 5473
SPS: 5475
SPS: 5477
SPS: 5479
SPS: 5481
SPS: 5484
SPS: 5486
SPS: 5488
SPS: 5490
SPS: 5492
SPS: 5494
SPS: 5495
SPS: 5497
SPS: 5499
SPS: 5501
SPS: 5502
SPS: 5504
SPS: 5506
SPS: 5507
SPS: 5509
SPS: 5511
SPS: 5512
SPS: 5514
SPS: 5516
SPS: 5517
SPS: 5518
SPS: 5520
SPS: 5522
SPS: 5523
SPS: 5525
SPS: 5526
SPS: 5527
SPS: 5529
SPS: 5530
SPS: 5531
SPS: 5532
SPS: 5533
SPS: 5534
SPS: 5536
SPS: 5537
SPS: 5538
SPS: 5540
SPS: 5541
SPS: 5542
SPS: 5543
SPS: 5544
SPS: 5546
SPS: 5547
SPS: 5548
SPS: 5549
SPS: 5550
SPS: 5551
SPS: 5552
SPS: 5553
SPS: 5554
SPS: 5555
SPS: 5556
SPS: 5557
SPS: 5558
SPS: 5559
SPS: 5560
SPS: 5560
SPS: 5561
SPS: 5562
SPS: 5563
SPS: 5564
SPS: 5565
SPS: 5566
SPS: 5566
SPS: 5567
SPS: 5568
SPS: 5569
SPS: 5570
SPS: 5570
SPS: 5571
SPS: 5572
SPS: 5573
SPS: 5574
SPS: 5575
SPS: 5575
SPS: 5576
SPS: 5577
SPS: 5578
SPS: 5579
SPS: 5579
SPS: 5580
SPS: 5581
SPS: 5582
SPS: 5582
SPS: 5583
SPS: 5584
SPS: 5584
SPS: 5585
SPS: 5586
SPS: 5586
SPS: 5587
SPS: 5588
SPS: 5588
SPS: 5589
SPS: 5589
SPS: 5590
SPS: 5591
SPS: 5591
SPS: 5592
SPS: 5592
SPS: 5593
SPS: 5593
SPS: 5594
SPS: 5594
SPS: 5595
SPS: 5595
SPS: 5596
SPS: 5596
SPS: 5597
SPS: 5597
SPS: 5598
SPS: 5598
SPS: 5599
SPS: 5599
SPS: 5600
SPS: 5600
SPS: 5601
SPS: 5601
SPS: 5602
SPS: 5602
SPS: 5603
SPS: 5603
SPS: 5604
SPS: 5604
SPS: 5605
SPS: 5605
SPS: 5606
SPS: 5606
SPS: 5607
SPS: 5607
SPS: 5608
SPS: 5608
SPS: 5609
SPS: 5609
SPS: 5609
SPS: 5610
SPS: 5611
SPS: 5611
SPS: 5611
SPS: 5612
SPS: 5612
SPS: 5613
SPS: 5613
SPS: 5613
SPS: 5614
SPS: 5614
SPS: 5615
SPS: 5615
SPS: 5615
SPS: 5615
SPS: 5616
SPS: 5616
SPS: 5616
SPS: 5616
SPS: 5617
SPS: 5617
SPS: 5617
SPS: 5617
SPS: 5618
SPS: 5618
SPS: 5618
SPS: 5618
SPS: 5618
SPS: 5619
SPS: 5619
SPS: 5619
SPS: 5619
SPS: 5619
SPS: 5620
SPS: 5620
SPS: 5620
SPS: 5620
SPS: 5620
SPS: 5621
SPS: 5621
SPS: 5621
SPS: 5621
SPS: 5622
SPS: 5622
SPS: 5622
SPS: 5622
SPS: 5622
SPS: 5622
SPS: 5623
SPS: 5623
SPS: 5623
SPS: 5623
SPS: 5623
SPS: 5623
SPS: 5624
SPS: 5624
SPS: 5624
SPS: 5624
SPS: 5624
SPS: 5624
SPS: 5624
SPS: 5624
SPS: 5625
SPS: 5625
SPS: 5625
SPS: 5625
SPS: 5625
SPS: 5625
SPS: 5625
SPS: 5625
time budget reached: 3611s @ global_step=20316160
