23:39:26 SEEDS6TO10 시작 (장비 rtx5080)
23:39:26 train clean_custom s6 시작
00:39:34 train clean_custom s6 끝 (rc=0)
00:41:11 eval clean s6 b500000 완료
00:42:35 eval clean s6 블록 완료
00:42:35 train nd_md s7 시작
01:42:49 train nd_md s7 끝 (rc=0)
01:44:17 eval nd s7 b500000 완료
01:45:41 eval nd s7 블록 완료
01:45:41 === 쌍 완료: 경량 s6 / 네이티브 s7 ===
01:45:41 train clean_custom s7 시작
02:45:45 train clean_custom s7 끝 (rc=0)
02:47:22 eval clean s7 b500000 완료
02:48:54 eval clean s7 블록 완료
02:48:54 train nd_md s8 시작
03:49:08 train nd_md s8 끝 (rc=0)
03:50:37 eval nd s8 b500000 완료
03:52:00 eval nd s8 블록 완료
03:52:00 === 쌍 완료: 경량 s7 / 네이티브 s8 ===
03:52:00 train clean_custom s8 시작
04:52:04 train clean_custom s8 끝 (rc=0)
04:53:29 eval clean s8 b500000 완료
04:54:54 eval clean s8 블록 완료
04:54:54 train nd_md s9 시작
05:55:07 train nd_md s9 끝 (rc=0)
05:56:33 eval nd s9 b500000 완료
05:57:59 eval nd s9 블록 완료
05:57:59 === 쌍 완료: 경량 s8 / 네이티브 s9 ===
05:57:59 train clean_custom s9 시작
06:58:02 train clean_custom s9 끝 (rc=0)
06:59:42 eval clean s9 b500000 완료
07:01:09 eval clean s9 블록 완료
07:01:09 train nd_md s10 시작
