C:\Users\a3162\thesis\.venv\Lib\site-packages\tyro\_parsers.py:365: UserWarning: The field `wandb-entity` is annotated with type `<class 'str'>`, but the default value `None` has type `<class 'NoneType'>`. We'll try to handle this gracefully, but it may cause unexpected behavior.
  warnings.warn(message)
C:\Users\a3162\thesis\.venv\Lib\site-packages\tyro\_parsers.py:365: UserWarning: The field `target-kl` is annotated with type `<class 'float'>`, but the default value `None` has type `<class 'NoneType'>`. We'll try to handle this gracefully, but it may cause unexpected behavior.
  warnings.warn(message)
SPS: 35202
SPS: 39060
SPS: 41217
SPS: 42081
SPS: 42788
SPS: 43250
SPS: 43503
SPS: 43859
SPS: 43843
SPS: 43934
SPS: 44075
SPS: 44206
SPS: 44280
SPS: 44365
SPS: 44461
SPS: 44508
SPS: 44620
SPS: 44661
SPS: 44728
SPS: 44758
SPS: 44772
SPS: 44781
SPS: 44735
SPS: 44779
SPS: 44793
SPS: 44856
SPS: 44917
SPS: 44952
SPS: 44948
SPS: 44991
SPS: 45022
SPS: 45021
SPS: 45037
SPS: 45037
SPS: 45029
SPS: 45045
SPS: 45033
SPS: 45050
SPS: 45026
SPS: 45034
SPS: 45005
SPS: 45005
SPS: 45007
SPS: 45000
SPS: 45012
SPS: 45040
SPS: 45066
SPS: 45078
SPS: 45088
SPS: 45109
SPS: 45111
SPS: 45091
SPS: 45075
SPS: 45082
SPS: 45108
SPS: 45111
SPS: 45097
SPS: 45105
SPS: 45118
SPS: 45127
SPS: 45150
SPS: 45171
SPS: 45175
SPS: 45193
SPS: 45165
SPS: 45174
SPS: 45171
SPS: 45176
SPS: 45188
SPS: 45199
SPS: 45208
SPS: 45218
SPS: 45228
SPS: 45225
SPS: 45235
SPS: 45244
SPS: 45250
SPS: 45262
SPS: 45275
SPS: 45285
SPS: 45301
SPS: 45303
SPS: 45316
SPS: 45326
SPS: 45335
SPS: 45317
SPS: 45318
SPS: 45327
SPS: 45336
SPS: 45344
SPS: 45348
SPS: 45345
SPS: 45342
SPS: 45337
SPS: 45335
SPS: 45338
SPS: 45345
SPS: 45357
SPS: 45367
SPS: 45378
SPS: 45387
SPS: 45397
SPS: 45399
SPS: 45405
SPS: 45410
SPS: 45416
SPS: 45399
SPS: 45392
SPS: 45398
SPS: 45398
SPS: 45402
SPS: 45412
SPS: 45422
SPS: 45425
SPS: 45430
SPS: 45438
SPS: 45444
SPS: 45456
SPS: 45462
SPS: 45471
SPS: 45474
SPS: 45481
SPS: 45490
SPS: 45495
SPS: 45503
SPS: 45510
SPS: 45514
SPS: 45519
SPS: 45521
SPS: 45519
SPS: 45521
SPS: 45524
SPS: 45528
SPS: 45532
SPS: 45534
SPS: 45539
SPS: 45541
SPS: 45545
SPS: 45549
SPS: 45550
SPS: 45553
SPS: 45559
SPS: 45562
SPS: 45562
SPS: 45563
SPS: 45565
SPS: 45565
SPS: 45569
SPS: 45573
SPS: 45578
SPS: 45580
SPS: 45582
SPS: 45588
SPS: 45589
SPS: 45593
SPS: 45596
SPS: 45600
SPS: 45601
SPS: 45604
SPS: 45609
SPS: 45613
SPS: 45615
SPS: 45618
SPS: 45617
SPS: 45614
SPS: 45613
SPS: 45619
SPS: 45623
SPS: 45629
SPS: 45633
SPS: 45635
SPS: 45632
SPS: 45634
SPS: 45637
SPS: 45638
SPS: 45639
SPS: 45642
SPS: 45645
SPS: 45643
SPS: 45645
SPS: 45647
SPS: 45646
SPS: 45649
SPS: 45654
SPS: 45657
SPS: 45656
SPS: 45658
SPS: 45661
SPS: 45665
SPS: 45665
SPS: 45666
SPS: 45671
SPS: 45670
SPS: 45671
SPS: 45674
SPS: 45677
SPS: 45679
SPS: 45681
SPS: 45681
SPS: 45679
SPS: 45680
SPS: 45686
SPS: 45689
SPS: 45694
SPS: 45698
SPS: 45702
SPS: 45702
SPS: 45702
SPS: 45704
SPS: 45706
SPS: 45707
SPS: 45708
SPS: 45709
SPS: 45710
SPS: 45711
SPS: 45713
SPS: 45714
SPS: 45716
SPS: 45718
SPS: 45721
SPS: 45721
SPS: 45721
SPS: 45721
SPS: 45722
SPS: 45723
SPS: 45724
SPS: 45725
SPS: 45726
SPS: 45726
SPS: 45728
SPS: 45730
SPS: 45730
SPS: 45733
SPS: 45733
SPS: 45733
SPS: 45732
SPS: 45736
SPS: 45736
SPS: 45737
SPS: 45739
SPS: 45742
SPS: 45741
SPS: 45740
SPS: 45740
SPS: 45741
SPS: 45740
SPS: 45741
SPS: 45744
SPS: 45744
SPS: 45741
SPS: 45741
SPS: 45743
SPS: 45744
SPS: 45745
SPS: 45747
SPS: 45747
SPS: 45747
SPS: 45747
SPS: 45748
SPS: 45748
SPS: 45750
SPS: 45752
SPS: 45753
SPS: 45751
SPS: 45751
SPS: 45753
SPS: 45752
SPS: 45755
SPS: 45754
SPS: 45755
SPS: 45752
SPS: 45754
SPS: 45756
SPS: 45759
SPS: 45757
SPS: 45759
SPS: 45759
SPS: 45757
SPS: 45758
SPS: 45760
SPS: 45761
SPS: 45762
SPS: 45764
SPS: 45764
SPS: 45762
SPS: 45762
SPS: 45763
SPS: 45765
SPS: 45767
SPS: 45769
SPS: 45770
SPS: 45770
SPS: 45770
SPS: 45773
SPS: 45776
SPS: 45771
SPS: 45752
SPS: 45748
SPS: 45747
SPS: 45748
SPS: 45747
SPS: 45748
SPS: 45748
SPS: 45747
SPS: 45748
SPS: 45749
SPS: 45750
SPS: 45751
SPS: 45753
SPS: 45754
SPS: 45754
SPS: 45755
SPS: 45754
SPS: 45753
SPS: 45754
SPS: 45755
SPS: 45754
SPS: 45754
SPS: 45755
SPS: 45753
SPS: 45753
SPS: 45753
SPS: 45755
SPS: 45757
SPS: 45758
SPS: 45760
SPS: 45759
SPS: 45760
SPS: 45760
SPS: 45760
SPS: 45760
SPS: 45762
SPS: 45764
SPS: 45763
SPS: 45764
SPS: 45766
SPS: 45767
SPS: 45767
SPS: 45768
SPS: 45767
SPS: 45768
SPS: 45769
SPS: 45770
SPS: 45771
SPS: 45771
SPS: 45772
SPS: 45772
SPS: 45771
SPS: 45772
SPS: 45772
SPS: 45773
SPS: 45773
SPS: 45772
SPS: 45772
SPS: 45769
SPS: 45768
SPS: 45769
SPS: 45771
SPS: 45772
SPS: 45773
SPS: 45776
SPS: 45775
SPS: 45776
SPS: 45777
SPS: 45777
SPS: 45778
SPS: 45779
SPS: 45779
SPS: 45779
SPS: 45779
SPS: 45779
SPS: 45780
SPS: 45780
SPS: 45781
SPS: 45781
SPS: 45782
SPS: 45784
SPS: 45786
SPS: 45787
SPS: 45787
SPS: 45788
SPS: 45786
SPS: 45787
SPS: 45786
SPS: 45787
SPS: 45787
SPS: 45787
SPS: 45786
SPS: 45786
SPS: 45784
SPS: 45785
SPS: 45786
SPS: 45788
SPS: 45788
SPS: 45789
SPS: 45790
SPS: 45790
SPS: 45790
SPS: 45792
SPS: 45792
SPS: 45793
SPS: 45794
SPS: 45794
SPS: 45794
SPS: 45793
SPS: 45793
SPS: 45792
SPS: 45792
SPS: 45793
SPS: 45794
SPS: 45795
SPS: 45795
SPS: 45797
SPS: 45797
SPS: 45798
SPS: 45798
SPS: 45799
SPS: 45799
SPS: 45797
SPS: 45798
SPS: 45797
SPS: 45798
SPS: 45799
SPS: 45798
SPS: 45798
SPS: 45798
SPS: 45798
SPS: 45798
SPS: 45799
SPS: 45799
SPS: 45800
SPS: 45799
SPS: 45797
SPS: 45797
SPS: 45797
SPS: 45798
SPS: 45800
SPS: 45800
SPS: 45800
SPS: 45799
SPS: 45799
SPS: 45799
SPS: 45797
SPS: 45798
SPS: 45798
SPS: 45798
SPS: 45798
SPS: 45799
SPS: 45799
SPS: 45801
SPS: 45801
SPS: 45802
SPS: 45803
SPS: 45802
SPS: 45801
SPS: 45801
SPS: 45801
SPS: 45801
SPS: 45801
SPS: 45801
SPS: 45801
SPS: 45802
SPS: 45803
SPS: 45803
SPS: 45804
SPS: 45805
SPS: 45805
SPS: 45804
SPS: 45804
SPS: 45805
SPS: 45804
SPS: 45804
SPS: 45804
SPS: 45803
SPS: 45802
SPS: 45802
SPS: 45804
SPS: 45804
SPS: 45805
SPS: 45806
SPS: 45806
SPS: 45805
SPS: 45805
SPS: 45805
SPS: 45806
SPS: 45806
SPS: 45806
SPS: 45807
SPS: 45806
SPS: 45806
SPS: 45806
SPS: 45807
SPS: 45807
SPS: 45806
SPS: 45806
SPS: 45805
SPS: 45806
SPS: 45807
SPS: 45808
SPS: 45808
SPS: 45808
SPS: 45809
SPS: 45808
SPS: 45808
SPS: 45809
SPS: 45809
SPS: 45810
SPS: 45811
SPS: 45812
SPS: 45812
SPS: 45811
SPS: 45811
SPS: 45811
SPS: 45811
SPS: 45812
SPS: 45813
SPS: 45813
SPS: 45814
SPS: 45814
SPS: 45814
SPS: 45816
SPS: 45817
SPS: 45817
SPS: 45817
SPS: 45817
SPS: 45816
SPS: 45817
SPS: 45817
SPS: 45817
SPS: 45817
SPS: 45817
SPS: 45817
SPS: 45818
SPS: 45819
SPS: 45820
SPS: 45820
SPS: 45820
SPS: 45819
SPS: 45819
SPS: 45819
SPS: 45819
SPS: 45819
SPS: 45819
SPS: 45820
SPS: 45819
SPS: 45820
SPS: 45819
SPS: 45820
SPS: 45821
SPS: 45822
SPS: 45822
SPS: 45823
SPS: 45823
SPS: 45822
SPS: 45821
SPS: 45821
SPS: 45820
SPS: 45821
SPS: 45821
SPS: 45821
SPS: 45820
SPS: 45819
SPS: 45819
SPS: 45819
SPS: 45818
SPS: 45818
SPS: 45818
SPS: 45818
SPS: 45818
SPS: 45819
SPS: 45819
SPS: 45819
SPS: 45818
SPS: 45819
SPS: 45818
SPS: 45819
SPS: 45818
SPS: 45818
SPS: 45819
SPS: 45819
SPS: 45818
SPS: 45819
SPS: 45819
SPS: 45820
SPS: 45820
SPS: 45821
SPS: 45821
SPS: 45821
SPS: 45821
SPS: 45822
SPS: 45821
SPS: 45821
SPS: 45821
SPS: 45821
SPS: 45821
SPS: 45822
SPS: 45821
SPS: 45821
SPS: 45821
SPS: 45821
SPS: 45821
SPS: 45820
SPS: 45820
SPS: 45820
SPS: 45820
SPS: 45820
SPS: 45821
SPS: 45821
SPS: 45820
SPS: 45820
SPS: 45821
SPS: 45821
SPS: 45821
SPS: 45821
SPS: 45820
SPS: 45819
SPS: 45819
SPS: 45819
SPS: 45820
SPS: 45821
SPS: 45821
SPS: 45822
SPS: 45821
SPS: 45822
SPS: 45822
SPS: 45822
SPS: 45822
SPS: 45822
SPS: 45822
SPS: 45821
SPS: 45821
SPS: 45820
SPS: 45821
SPS: 45820
SPS: 45819
SPS: 45819
SPS: 45819
SPS: 45819
SPS: 45820
SPS: 45819
SPS: 45819
SPS: 45818
SPS: 45818
SPS: 45818
SPS: 45819
SPS: 45819
SPS: 45819
SPS: 45820
SPS: 45819
SPS: 45819
SPS: 45819
SPS: 45818
SPS: 45817
SPS: 45818
SPS: 45818
SPS: 45819
SPS: 45819
SPS: 45819
SPS: 45820
SPS: 45820
SPS: 45820
SPS: 45821
SPS: 45821
SPS: 45821
SPS: 45820
SPS: 45820
SPS: 45820
SPS: 45819
SPS: 45820
SPS: 45819
SPS: 45820
SPS: 45819
SPS: 45819
SPS: 45819
SPS: 45819
SPS: 45820
SPS: 45821
SPS: 45821
SPS: 45821
SPS: 45821
SPS: 45822
SPS: 45823
SPS: 45824
SPS: 45823
SPS: 45823
SPS: 45824
SPS: 45824
SPS: 45825
SPS: 45826
SPS: 45826
SPS: 45827
SPS: 45827
SPS: 45827
SPS: 45827
SPS: 45827
SPS: 45828
SPS: 45829
SPS: 45829
SPS: 45830
SPS: 45830
SPS: 45830
SPS: 45829
SPS: 45829
SPS: 45828
SPS: 45829
SPS: 45828
SPS: 45829
SPS: 45829
SPS: 45828
SPS: 45829
SPS: 45829
SPS: 45829
SPS: 45830
SPS: 45830
SPS: 45830
SPS: 45831
SPS: 45831
SPS: 45830
SPS: 45830
SPS: 45829
SPS: 45829
SPS: 45828
SPS: 45829
SPS: 45828
SPS: 45829
SPS: 45829
SPS: 45830
SPS: 45830
SPS: 45830
SPS: 45830
SPS: 45830
SPS: 45831
SPS: 45830
SPS: 45831
SPS: 45830
SPS: 45829
SPS: 45829
SPS: 45829
SPS: 45829
SPS: 45830
SPS: 45830
SPS: 45830
SPS: 45831
SPS: 45830
SPS: 45830
SPS: 45830
SPS: 45830
SPS: 45830
SPS: 45831
SPS: 45830
SPS: 45830
SPS: 45830
SPS: 45830
SPS: 45830
SPS: 45831
SPS: 45831
SPS: 45830
SPS: 45830
SPS: 45830
SPS: 45831
SPS: 45830
SPS: 45830
SPS: 45830
SPS: 45829
SPS: 45830
SPS: 45830
SPS: 45830
SPS: 45831
SPS: 45831
SPS: 45831
SPS: 45829
SPS: 45829
SPS: 45828
SPS: 45829
SPS: 45829
SPS: 45829
SPS: 45830
SPS: 45830
SPS: 45830
SPS: 45830
SPS: 45830
SPS: 45830
SPS: 45830
SPS: 45831
SPS: 45830
SPS: 45830
SPS: 45830
SPS: 45830
SPS: 45831
SPS: 45831
SPS: 45832
SPS: 45831
SPS: 45831
SPS: 45831
SPS: 45831
SPS: 45831
SPS: 45831
SPS: 45830
SPS: 45830
SPS: 45830
SPS: 45830
SPS: 45830
SPS: 45831
SPS: 45831
SPS: 45831
SPS: 45829
SPS: 45829
SPS: 45829
SPS: 45829
SPS: 45828
SPS: 45828
SPS: 45828
SPS: 45828
SPS: 45828
SPS: 45828
SPS: 45827
SPS: 45827
SPS: 45827
SPS: 45827
SPS: 45827
SPS: 45827
SPS: 45826
SPS: 45825
SPS: 45824
SPS: 45823
SPS: 45822
SPS: 45821
SPS: 45821
SPS: 45821
SPS: 45821
SPS: 45821
SPS: 45821
SPS: 45821
SPS: 45820
SPS: 45820
SPS: 45820
SPS: 45820
SPS: 45820
SPS: 45819
SPS: 45818
SPS: 45817
SPS: 45816
SPS: 45816
SPS: 45816
SPS: 45816
SPS: 45816
SPS: 45816
SPS: 45814
SPS: 45814
SPS: 45814
SPS: 45813
SPS: 45812
SPS: 45812
SPS: 45812
SPS: 45811
SPS: 45811
SPS: 45811
SPS: 45810
SPS: 45809
SPS: 45809
SPS: 45809
SPS: 45808
SPS: 45808
SPS: 45808
SPS: 45807
SPS: 45807
SPS: 45807
SPS: 45807
SPS: 45806
SPS: 45806
SPS: 45806
SPS: 45807
SPS: 45806
SPS: 45806
SPS: 45806
SPS: 45804
SPS: 45803
SPS: 45803
SPS: 45804
SPS: 45803
SPS: 45803
SPS: 45803
SPS: 45803
SPS: 45803
SPS: 45803
SPS: 45803
SPS: 45803
SPS: 45803
SPS: 45803
SPS: 45802
SPS: 45801
SPS: 45801
SPS: 45801
SPS: 45801
SPS: 45801
SPS: 45801
SPS: 45800
SPS: 45801
SPS: 45801
SPS: 45800
SPS: 45800
SPS: 45799
SPS: 45799
SPS: 45798
SPS: 45799
SPS: 45799
SPS: 45798
SPS: 45798
SPS: 45798
SPS: 45797
SPS: 45796
SPS: 45796
SPS: 45796
SPS: 45795
SPS: 45795
SPS: 45795
SPS: 45795
SPS: 45794
SPS: 45794
SPS: 45794
SPS: 45794
SPS: 45795
SPS: 45795
SPS: 45795
SPS: 45795
SPS: 45794
SPS: 45794
SPS: 45793
SPS: 45793
SPS: 45793
SPS: 45794
SPS: 45793
SPS: 45793
SPS: 45793
SPS: 45793
SPS: 45793
SPS: 45793
SPS: 45793
SPS: 45793
SPS: 45793
SPS: 45793
SPS: 45792
SPS: 45793
SPS: 45793
SPS: 45792
SPS: 45792
SPS: 45791
SPS: 45791
SPS: 45791
SPS: 45791
SPS: 45791
SPS: 45791
SPS: 45790
SPS: 45790
SPS: 45790
SPS: 45789
SPS: 45790
SPS: 45790
SPS: 45790
SPS: 45790
SPS: 45790
SPS: 45789
SPS: 45790
SPS: 45789
SPS: 45789
SPS: 45789
SPS: 45788
SPS: 45789
SPS: 45789
SPS: 45788
SPS: 45789
SPS: 45789
SPS: 45789
SPS: 45789
SPS: 45789
SPS: 45789
SPS: 45789
SPS: 45789
SPS: 45789
SPS: 45789
SPS: 45788
SPS: 45788
SPS: 45788
SPS: 45788
SPS: 45788
SPS: 45788
SPS: 45788
SPS: 45787
SPS: 45787
SPS: 45787
SPS: 45787
SPS: 45787
SPS: 45787
SPS: 45787
SPS: 45786
SPS: 45785
SPS: 45785
SPS: 45785
SPS: 45786
SPS: 45786
SPS: 45786
SPS: 45785
SPS: 45786
SPS: 45785
SPS: 45785
SPS: 45784
SPS: 45784
SPS: 45784
SPS: 45784
SPS: 45784
SPS: 45785
SPS: 45785
SPS: 45785
SPS: 45785
SPS: 45784
SPS: 45783
SPS: 45783
SPS: 45783
SPS: 45783
SPS: 45783
SPS: 45783
SPS: 45783
SPS: 45783
SPS: 45782
SPS: 45782
SPS: 45783
SPS: 45783
SPS: 45783
SPS: 45784
SPS: 45784
SPS: 45783
SPS: 45782
SPS: 45782
SPS: 45782
SPS: 45782
SPS: 45781
SPS: 45782
SPS: 45782
SPS: 45782
SPS: 45782
SPS: 45782
SPS: 45782
SPS: 45782
SPS: 45782
SPS: 45782
SPS: 45782
SPS: 45782
SPS: 45782
SPS: 45782
SPS: 45782
SPS: 45782
SPS: 45781
SPS: 45781
SPS: 45781
SPS: 45781
SPS: 45781
SPS: 45781
SPS: 45781
SPS: 45781
SPS: 45781
SPS: 45782
SPS: 45782
SPS: 45782
SPS: 45782
SPS: 45782
SPS: 45781
SPS: 45781
SPS: 45781
SPS: 45781
SPS: 45781
SPS: 45782
SPS: 45782
SPS: 45781
SPS: 45781
SPS: 45781
SPS: 45781
SPS: 45782
SPS: 45782
SPS: 45782
SPS: 45782
SPS: 45783
SPS: 45782
SPS: 45782
SPS: 45782
SPS: 45781
SPS: 45781
SPS: 45781
SPS: 45782
SPS: 45782
SPS: 45782
SPS: 45782
SPS: 45782
SPS: 45782
SPS: 45782
SPS: 45782
SPS: 45782
SPS: 45782
SPS: 45783
SPS: 45783
SPS: 45783
SPS: 45783
SPS: 45783
SPS: 45783
SPS: 45783
SPS: 45783
SPS: 45783
SPS: 45783
SPS: 45783
SPS: 45783
SPS: 45782
SPS: 45782
SPS: 45782
SPS: 45782
SPS: 45783
SPS: 45783
SPS: 45782
SPS: 45783
SPS: 45782
SPS: 45782
SPS: 45782
SPS: 45782
SPS: 45782
SPS: 45781
SPS: 45781
SPS: 45781
SPS: 45781
SPS: 45781
SPS: 45781
SPS: 45780
SPS: 45780
SPS: 45780
SPS: 45780
SPS: 45781
SPS: 45781
SPS: 45780
SPS: 45779
SPS: 45780
SPS: 45780
SPS: 45780
SPS: 45780
SPS: 45781
SPS: 45781
SPS: 45780
SPS: 45780
SPS: 45780
SPS: 45781
SPS: 45781
SPS: 45780
SPS: 45780
SPS: 45780
SPS: 45780
SPS: 45779
SPS: 45780
SPS: 45779
SPS: 45779
SPS: 45779
SPS: 45779
SPS: 45779
SPS: 45780
SPS: 45779
SPS: 45779
SPS: 45779
SPS: 45778
SPS: 45778
SPS: 45779
SPS: 45779
SPS: 45779
SPS: 45779
SPS: 45780
SPS: 45780
SPS: 45779
SPS: 45779
SPS: 45779
SPS: 45779
SPS: 45778
SPS: 45778
SPS: 45779
SPS: 45778
SPS: 45778
SPS: 45778
SPS: 45779
SPS: 45778
SPS: 45779
SPS: 45779
SPS: 45779
SPS: 45779
SPS: 45778
SPS: 45778
SPS: 45778
SPS: 45778
SPS: 45779
SPS: 45778
SPS: 45778
SPS: 45778
SPS: 45778
SPS: 45778
SPS: 45778
SPS: 45778
SPS: 45778
SPS: 45779
SPS: 45779
SPS: 45779
SPS: 45779
SPS: 45779
SPS: 45778
SPS: 45777
SPS: 45777
SPS: 45777
SPS: 45778
SPS: 45778
SPS: 45778
SPS: 45778
SPS: 45777
SPS: 45777
SPS: 45777
SPS: 45778
SPS: 45778
SPS: 45778
SPS: 45778
SPS: 45778
SPS: 45778
SPS: 45778
SPS: 45778
SPS: 45777
SPS: 45777
SPS: 45777
SPS: 45776
SPS: 45777
SPS: 45777
SPS: 45777
SPS: 45777
SPS: 45777
SPS: 45778
SPS: 45778
SPS: 45777
SPS: 45778
SPS: 45778
SPS: 45778
SPS: 45778
SPS: 45777
SPS: 45777
SPS: 45777
SPS: 45777
SPS: 45777
SPS: 45777
SPS: 45777
SPS: 45777
SPS: 45776
SPS: 45776
SPS: 45776
SPS: 45777
SPS: 45777
SPS: 45777
SPS: 45777
SPS: 45777
SPS: 45777
SPS: 45777
SPS: 45777
SPS: 45777
SPS: 45777
SPS: 45777
SPS: 45777
SPS: 45777
SPS: 45777
SPS: 45777
SPS: 45777
SPS: 45777
SPS: 45777
SPS: 45777
SPS: 45777
SPS: 45777
SPS: 45777
SPS: 45777
SPS: 45777
SPS: 45777
SPS: 45777
SPS: 45777
SPS: 45777
SPS: 45777
SPS: 45777
SPS: 45777
SPS: 45777
SPS: 45777
SPS: 45777
SPS: 45777
SPS: 45778
SPS: 45778
SPS: 45778
SPS: 45778
SPS: 45778
SPS: 45777
SPS: 45777
SPS: 45777
SPS: 45777
SPS: 45778
SPS: 45778
SPS: 45778
SPS: 45778
SPS: 45778
SPS: 45778
SPS: 45778
SPS: 45778
SPS: 45778
SPS: 45778
SPS: 45777
SPS: 45778
SPS: 45778
SPS: 45778
SPS: 45778
SPS: 45778
SPS: 45778
SPS: 45778
SPS: 45778
SPS: 45778
SPS: 45778
SPS: 45778
SPS: 45778
SPS: 45778
SPS: 45778
SPS: 45778
SPS: 45778
SPS: 45779
SPS: 45779
SPS: 45779
SPS: 45779
SPS: 45779
SPS: 45779
SPS: 45779
SPS: 45779
SPS: 45779
SPS: 45779
SPS: 45779
SPS: 45779
SPS: 45778
SPS: 45779
SPS: 45779
SPS: 45779
SPS: 45779
SPS: 45780
SPS: 45780
SPS: 45780
SPS: 45779
SPS: 45779
SPS: 45779
SPS: 45780
SPS: 45779
SPS: 45780
SPS: 45780
SPS: 45780
SPS: 45780
SPS: 45779
SPS: 45779
SPS: 45779
SPS: 45779
SPS: 45779
SPS: 45779
SPS: 45779
SPS: 45779
SPS: 45779
SPS: 45779
SPS: 45779
SPS: 45778
SPS: 45778
SPS: 45779
SPS: 45779
SPS: 45778
SPS: 45779
SPS: 45778
SPS: 45777
SPS: 45777
SPS: 45777
SPS: 45777
SPS: 45778
SPS: 45778
SPS: 45778
SPS: 45778
SPS: 45778
SPS: 45778
SPS: 45779
SPS: 45779
SPS: 45779
SPS: 45779
SPS: 45779
SPS: 45779
SPS: 45779
SPS: 45779
SPS: 45780
SPS: 45780
SPS: 45780
SPS: 45780
SPS: 45780
SPS: 45780
SPS: 45781
SPS: 45780
SPS: 45780
SPS: 45780
SPS: 45780
SPS: 45780
SPS: 45780
SPS: 45780
SPS: 45780
SPS: 45779
SPS: 45779
SPS: 45779
SPS: 45779
SPS: 45779
SPS: 45780
SPS: 45780
SPS: 45780
SPS: 45780
SPS: 45780
SPS: 45780
SPS: 45780
SPS: 45780
SPS: 45781
SPS: 45781
SPS: 45781
SPS: 45781
SPS: 45781
SPS: 45781
SPS: 45781
SPS: 45781
SPS: 45781
SPS: 45781
SPS: 45781
SPS: 45781
SPS: 45781
SPS: 45782
SPS: 45782
SPS: 45781
SPS: 45781
SPS: 45781
SPS: 45781
SPS: 45781
SPS: 45781
SPS: 45781
SPS: 45781
SPS: 45781
SPS: 45781
SPS: 45781
SPS: 45781
SPS: 45781
SPS: 45781
SPS: 45781
SPS: 45781
SPS: 45781
SPS: 45781
SPS: 45781
SPS: 45781
SPS: 45780
SPS: 45781
SPS: 45780
SPS: 45780
SPS: 45780
SPS: 45780
SPS: 45780
SPS: 45780
SPS: 45780
SPS: 45780
SPS: 45780
SPS: 45780
SPS: 45780
SPS: 45780
SPS: 45779
SPS: 45780
SPS: 45779
SPS: 45779
SPS: 45779
SPS: 45779
SPS: 45779
SPS: 45779
SPS: 45779
SPS: 45779
SPS: 45779
SPS: 45779
SPS: 45779
SPS: 45779
SPS: 45779
SPS: 45779
SPS: 45779
SPS: 45779
SPS: 45779
SPS: 45778
SPS: 45778
SPS: 45779
SPS: 45779
SPS: 45778
SPS: 45778
SPS: 45778
SPS: 45778
SPS: 45778
SPS: 45778
SPS: 45778
SPS: 45778
SPS: 45778
SPS: 45778
SPS: 45778
SPS: 45778
SPS: 45778
SPS: 45778
SPS: 45777
SPS: 45777
SPS: 45778
SPS: 45777
SPS: 45778
SPS: 45778
SPS: 45778
SPS: 45777
SPS: 45777
SPS: 45777
SPS: 45778
SPS: 45778
SPS: 45778
SPS: 45778
SPS: 45778
SPS: 45777
SPS: 45777
SPS: 45778
SPS: 45778
SPS: 45778
SPS: 45778
SPS: 45778
SPS: 45778
SPS: 45778
SPS: 45778
SPS: 45778
SPS: 45778
SPS: 45778
SPS: 45778
SPS: 45778
SPS: 45778
SPS: 45779
SPS: 45779
SPS: 45779
SPS: 45779
SPS: 45779
SPS: 45779
SPS: 45779
SPS: 45779
SPS: 45779
SPS: 45778
SPS: 45778
SPS: 45779
SPS: 45778
SPS: 45778
SPS: 45779
SPS: 45779
SPS: 45779
SPS: 45779
SPS: 45779
SPS: 45779
SPS: 45779
SPS: 45779
SPS: 45779
SPS: 45779
SPS: 45779
SPS: 45779
SPS: 45779
SPS: 45779
SPS: 45779
SPS: 45779
SPS: 45779
SPS: 45779
SPS: 45779
SPS: 45779
SPS: 45779
SPS: 45779
SPS: 45779
SPS: 45779
SPS: 45779
SPS: 45779
SPS: 45779
SPS: 45779
SPS: 45779
SPS: 45780
SPS: 45780
SPS: 45780
SPS: 45780
SPS: 45779
SPS: 45780
SPS: 45780
SPS: 45780
SPS: 45780
SPS: 45781
SPS: 45781
SPS: 45781
SPS: 45781
SPS: 45781
SPS: 45781
SPS: 45781
SPS: 45781
SPS: 45781
SPS: 45781
SPS: 45781
SPS: 45781
SPS: 45781
SPS: 45781
SPS: 45782
SPS: 45782
SPS: 45782
SPS: 45782
SPS: 45782
SPS: 45782
SPS: 45782
SPS: 45782
SPS: 45782
SPS: 45782
SPS: 45782
SPS: 45782
SPS: 45781
SPS: 45782
SPS: 45782
SPS: 45782
SPS: 45782
SPS: 45782
SPS: 45782
SPS: 45782
SPS: 45782
SPS: 45782
SPS: 45781
SPS: 45781
SPS: 45781
SPS: 45781
SPS: 45781
SPS: 45781
SPS: 45781
SPS: 45782
SPS: 45781
SPS: 45781
SPS: 45781
SPS: 45781
SPS: 45781
SPS: 45781
SPS: 45782
SPS: 45781
SPS: 45782
SPS: 45782
SPS: 45782
SPS: 45782
SPS: 45782
SPS: 45782
SPS: 45782
SPS: 45782
SPS: 45782
SPS: 45782
SPS: 45782
SPS: 45782
SPS: 45782
SPS: 45782
SPS: 45782
SPS: 45783
SPS: 45783
SPS: 45783
SPS: 45783
SPS: 45783
SPS: 45782
SPS: 45782
SPS: 45782
SPS: 45782
SPS: 45782
SPS: 45782
SPS: 45783
SPS: 45782
SPS: 45783
SPS: 45783
SPS: 45783
SPS: 45783
SPS: 45783
SPS: 45783
SPS: 45783
SPS: 45783
SPS: 45783
SPS: 45783
SPS: 45783
SPS: 45783
SPS: 45783
SPS: 45783
SPS: 45783
SPS: 45783
SPS: 45783
SPS: 45783
SPS: 45783
SPS: 45783
SPS: 45783
SPS: 45783
SPS: 45783
SPS: 45783
SPS: 45784
SPS: 45783
SPS: 45783
SPS: 45783
SPS: 45783
SPS: 45783
SPS: 45783
SPS: 45783
SPS: 45784
SPS: 45784
SPS: 45784
SPS: 45784
SPS: 45784
SPS: 45784
SPS: 45784
SPS: 45784
SPS: 45784
SPS: 45784
SPS: 45784
SPS: 45784
SPS: 45784
SPS: 45784
SPS: 45784
SPS: 45784
SPS: 45784
SPS: 45784
SPS: 45784
SPS: 45784
SPS: 45784
SPS: 45784
SPS: 45784
SPS: 45784
SPS: 45784
SPS: 45784
SPS: 45784
SPS: 45785
SPS: 45785
SPS: 45785
SPS: 45785
SPS: 45785
SPS: 45785
SPS: 45785
SPS: 45785
SPS: 45785
SPS: 45785
SPS: 45785
SPS: 45785
SPS: 45785
SPS: 45785
SPS: 45785
SPS: 45785
SPS: 45785
SPS: 45785
SPS: 45785
SPS: 45785
SPS: 45785
SPS: 45786
SPS: 45786
SPS: 45786
SPS: 45786
SPS: 45786
SPS: 45786
SPS: 45786
SPS: 45786
SPS: 45786
SPS: 45786
SPS: 45786
SPS: 45786
SPS: 45786
SPS: 45786
SPS: 45786
SPS: 45787
SPS: 45787
SPS: 45787
SPS: 45786
SPS: 45787
SPS: 45787
SPS: 45787
SPS: 45787
SPS: 45787
SPS: 45787
SPS: 45787
SPS: 45787
SPS: 45787
SPS: 45787
SPS: 45787
SPS: 45788
SPS: 45788
SPS: 45788
SPS: 45788
SPS: 45787
SPS: 45787
SPS: 45787
SPS: 45788
SPS: 45788
SPS: 45787
SPS: 45787
SPS: 45787
SPS: 45787
SPS: 45787
SPS: 45787
SPS: 45787
SPS: 45787
SPS: 45788
SPS: 45788
SPS: 45788
SPS: 45788
SPS: 45788
SPS: 45788
SPS: 45787
SPS: 45787
SPS: 45787
SPS: 45787
SPS: 45788
SPS: 45788
SPS: 45788
SPS: 45788
SPS: 45788
SPS: 45788
SPS: 45788
SPS: 45788
SPS: 45788
SPS: 45788
SPS: 45788
SPS: 45788
SPS: 45788
SPS: 45787
SPS: 45788
SPS: 45788
SPS: 45788
SPS: 45788
SPS: 45788
SPS: 45788
SPS: 45788
SPS: 45788
SPS: 45788
SPS: 45788
SPS: 45788
SPS: 45789
SPS: 45789
SPS: 45789
SPS: 45788
SPS: 45788
SPS: 45788
SPS: 45788
SPS: 45789
SPS: 45789
SPS: 45789
SPS: 45789
SPS: 45789
SPS: 45789
SPS: 45789
SPS: 45789
SPS: 45789
SPS: 45790
SPS: 45790
SPS: 45790
SPS: 45790
SPS: 45790
SPS: 45790
SPS: 45790
SPS: 45790
SPS: 45790
SPS: 45790
SPS: 45790
SPS: 45790
SPS: 45789
SPS: 45789
SPS: 45789
SPS: 45789
SPS: 45789
SPS: 45789
SPS: 45789
SPS: 45789
SPS: 45789
SPS: 45789
SPS: 45789
SPS: 45789
SPS: 45789
SPS: 45789
SPS: 45790
SPS: 45790
SPS: 45790
SPS: 45790
SPS: 45790
SPS: 45790
SPS: 45790
SPS: 45790
SPS: 45790
SPS: 45790
SPS: 45790
SPS: 45790
SPS: 45790
SPS: 45790
SPS: 45790
SPS: 45790
SPS: 45791
SPS: 45791
SPS: 45791
SPS: 45791
SPS: 45791
SPS: 45791
SPS: 45791
SPS: 45791
SPS: 45791
SPS: 45791
SPS: 45791
SPS: 45791
SPS: 45792
SPS: 45792
SPS: 45791
SPS: 45791
SPS: 45792
SPS: 45792
SPS: 45792
SPS: 45792
SPS: 45792
SPS: 45792
SPS: 45792
SPS: 45792
SPS: 45793
SPS: 45793
SPS: 45792
SPS: 45793
SPS: 45793
SPS: 45793
SPS: 45793
SPS: 45793
SPS: 45793
SPS: 45793
SPS: 45793
SPS: 45793
SPS: 45793
SPS: 45793
SPS: 45793
SPS: 45794
SPS: 45793
SPS: 45793
SPS: 45793
SPS: 45793
SPS: 45793
SPS: 45793
SPS: 45793
SPS: 45793
SPS: 45793
SPS: 45793
SPS: 45794
SPS: 45793
SPS: 45794
SPS: 45794
SPS: 45794
SPS: 45794
SPS: 45794
SPS: 45794
SPS: 45794
SPS: 45794
SPS: 45794
SPS: 45794
SPS: 45794
SPS: 45794
SPS: 45795
SPS: 45795
SPS: 45795
SPS: 45795
SPS: 45794
SPS: 45795
SPS: 45795
SPS: 45795
SPS: 45795
SPS: 45795
SPS: 45795
SPS: 45795
SPS: 45795
SPS: 45795
SPS: 45794
SPS: 45795
SPS: 45795
SPS: 45795
SPS: 45795
SPS: 45795
SPS: 45795
SPS: 45795
SPS: 45794
SPS: 45795
SPS: 45795
SPS: 45794
SPS: 45795
SPS: 45795
SPS: 45795
SPS: 45795
SPS: 45795
SPS: 45795
SPS: 45795
SPS: 45795
SPS: 45795
SPS: 45795
SPS: 45795
SPS: 45795
SPS: 45795
SPS: 45795
SPS: 45795
SPS: 45795
SPS: 45795
SPS: 45795
SPS: 45795
SPS: 45795
SPS: 45795
SPS: 45795
SPS: 45795
SPS: 45795
SPS: 45795
SPS: 45796
SPS: 45796
SPS: 45795
SPS: 45795
SPS: 45795
SPS: 45796
SPS: 45796
SPS: 45796
SPS: 45796
SPS: 45796
SPS: 45796
SPS: 45796
SPS: 45797
SPS: 45797
SPS: 45797
SPS: 45797
SPS: 45796
SPS: 45796
SPS: 45796
SPS: 45796
SPS: 45796
SPS: 45796
SPS: 45796
SPS: 45796
SPS: 45796
SPS: 45796
SPS: 45796
SPS: 45797
SPS: 45797
SPS: 45796
SPS: 45796
SPS: 45797
SPS: 45796
SPS: 45796
SPS: 45796
SPS: 45796
SPS: 45796
SPS: 45797
SPS: 45797
SPS: 45797
SPS: 45797
SPS: 45797
SPS: 45797
SPS: 45797
SPS: 45797
SPS: 45797
SPS: 45798
SPS: 45797
SPS: 45798
SPS: 45798
SPS: 45798
SPS: 45798
SPS: 45798
SPS: 45798
SPS: 45798
SPS: 45798
SPS: 45798
SPS: 45798
SPS: 45798
SPS: 45799
SPS: 45799
SPS: 45799
SPS: 45799
SPS: 45799
SPS: 45799
SPS: 45799
SPS: 45799
SPS: 45799
SPS: 45799
SPS: 45799
SPS: 45799
SPS: 45799
SPS: 45799
SPS: 45799
SPS: 45799
SPS: 45799
SPS: 45799
SPS: 45799
SPS: 45800
SPS: 45800
SPS: 45800
SPS: 45800
SPS: 45800
SPS: 45800
SPS: 45800
SPS: 45800
SPS: 45800
SPS: 45800
SPS: 45800
SPS: 45799
SPS: 45800
SPS: 45800
SPS: 45800
SPS: 45800
SPS: 45800
SPS: 45800
SPS: 45800
SPS: 45800
SPS: 45800
SPS: 45800
SPS: 45800
SPS: 45800
SPS: 45800
SPS: 45800
SPS: 45800
SPS: 45800
SPS: 45800
SPS: 45800
SPS: 45800
SPS: 45800
SPS: 45800
SPS: 45800
SPS: 45800
SPS: 45800
SPS: 45800
SPS: 45800
SPS: 45800
SPS: 45800
SPS: 45800
SPS: 45799
SPS: 45799
SPS: 45800
SPS: 45799
SPS: 45800
SPS: 45800
SPS: 45799
SPS: 45799
SPS: 45799
SPS: 45799
SPS: 45799
SPS: 45800
SPS: 45800
SPS: 45800
SPS: 45800
SPS: 45800
SPS: 45800
SPS: 45800
SPS: 45800
SPS: 45800
SPS: 45800
SPS: 45800
SPS: 45800
SPS: 45800
SPS: 45800
SPS: 45800
SPS: 45800
SPS: 45800
SPS: 45801
SPS: 45801
SPS: 45801
SPS: 45801
SPS: 45801
SPS: 45801
SPS: 45801
SPS: 45801
SPS: 45801
SPS: 45801
SPS: 45801
SPS: 45801
SPS: 45801
SPS: 45801
SPS: 45801
SPS: 45801
SPS: 45801
SPS: 45801
SPS: 45801
SPS: 45802
SPS: 45802
SPS: 45802
SPS: 45802
SPS: 45802
SPS: 45801
SPS: 45802
SPS: 45802
SPS: 45802
SPS: 45802
SPS: 45802
SPS: 45802
SPS: 45802
SPS: 45802
SPS: 45802
SPS: 45802
SPS: 45802
SPS: 45802
SPS: 45803
SPS: 45802
SPS: 45802
SPS: 45802
SPS: 45802
SPS: 45802
SPS: 45802
SPS: 45802
SPS: 45802
SPS: 45802
SPS: 45802
SPS: 45802
SPS: 45802
SPS: 45802
SPS: 45802
SPS: 45802
SPS: 45802
SPS: 45802
SPS: 45802
SPS: 45802
SPS: 45802
SPS: 45802
SPS: 45802
SPS: 45802
SPS: 45802
SPS: 45802
SPS: 45802
SPS: 45802
SPS: 45802
SPS: 45802
SPS: 45802
SPS: 45802
SPS: 45802
SPS: 45802
SPS: 45802
SPS: 45803
SPS: 45803
SPS: 45803
SPS: 45803
SPS: 45803
SPS: 45803
SPS: 45803
SPS: 45803
SPS: 45803
SPS: 45803
SPS: 45803
SPS: 45803
SPS: 45803
SPS: 45803
SPS: 45803
SPS: 45803
SPS: 45803
SPS: 45803
SPS: 45804
SPS: 45804
SPS: 45804
SPS: 45804
SPS: 45804
SPS: 45804
SPS: 45803
SPS: 45803
SPS: 45803
SPS: 45803
SPS: 45803
SPS: 45803
SPS: 45803
SPS: 45803
SPS: 45803
SPS: 45803
SPS: 45803
SPS: 45803
SPS: 45803
SPS: 45803
SPS: 45803
SPS: 45803
SPS: 45803
SPS: 45803
SPS: 45803
SPS: 45803
SPS: 45803
SPS: 45803
SPS: 45803
SPS: 45803
SPS: 45803
SPS: 45804
SPS: 45804
SPS: 45804
SPS: 45804
SPS: 45803
SPS: 45803
SPS: 45804
SPS: 45804
SPS: 45804
SPS: 45803
SPS: 45804
SPS: 45804
SPS: 45804
SPS: 45804
SPS: 45804
SPS: 45804
SPS: 45803
SPS: 45803
SPS: 45804
SPS: 45804
SPS: 45804
SPS: 45804
SPS: 45804
SPS: 45804
SPS: 45804
SPS: 45804
SPS: 45804
SPS: 45804
SPS: 45804
SPS: 45804
SPS: 45804
SPS: 45804
SPS: 45804
SPS: 45804
SPS: 45804
SPS: 45804
SPS: 45804
SPS: 45804
SPS: 45804
SPS: 45804
SPS: 45804
SPS: 45804
SPS: 45804
SPS: 45804
SPS: 45804
SPS: 45804
SPS: 45805
SPS: 45805
SPS: 45805
SPS: 45805
SPS: 45805
SPS: 45805
SPS: 45805
SPS: 45805
SPS: 45805
SPS: 45805
SPS: 45805
SPS: 45805
SPS: 45805
SPS: 45805
SPS: 45805
SPS: 45805
SPS: 45806
SPS: 45806
SPS: 45806
SPS: 45805
SPS: 45805
SPS: 45805
SPS: 45805
SPS: 45805
SPS: 45806
SPS: 45806
SPS: 45805
SPS: 45806
SPS: 45806
SPS: 45806
SPS: 45806
SPS: 45806
SPS: 45806
SPS: 45805
SPS: 45806
SPS: 45805
SPS: 45806
SPS: 45805
SPS: 45805
SPS: 45805
SPS: 45805
SPS: 45805
SPS: 45806
SPS: 45806
SPS: 45806
SPS: 45806
SPS: 45806
SPS: 45805
SPS: 45805
SPS: 45805
SPS: 45805
SPS: 45805
SPS: 45805
SPS: 45805
SPS: 45805
SPS: 45805
SPS: 45805
SPS: 45805
SPS: 45805
SPS: 45805
SPS: 45805
SPS: 45804
SPS: 45804
SPS: 45804
SPS: 45804
SPS: 45805
SPS: 45805
SPS: 45804
SPS: 45804
SPS: 45803
SPS: 45802
SPS: 45801
SPS: 45801
SPS: 45801
SPS: 45801
SPS: 45801
SPS: 45801
SPS: 45801
SPS: 45801
SPS: 45801
SPS: 45801
SPS: 45801
SPS: 45801
SPS: 45801
SPS: 45801
SPS: 45801
SPS: 45801
SPS: 45801
SPS: 45801
SPS: 45801
SPS: 45801
SPS: 45801
SPS: 45801
SPS: 45801
SPS: 45801
SPS: 45801
SPS: 45801
SPS: 45801
SPS: 45801
SPS: 45801
SPS: 45801
SPS: 45801
SPS: 45801
SPS: 45801
SPS: 45801
SPS: 45801
SPS: 45801
SPS: 45801
SPS: 45801
SPS: 45801
SPS: 45801
SPS: 45801
SPS: 45801
SPS: 45801
SPS: 45802
SPS: 45802
SPS: 45802
SPS: 45802
SPS: 45802
SPS: 45802
SPS: 45802
SPS: 45802
SPS: 45802
SPS: 45802
SPS: 45801
SPS: 45801
SPS: 45801
SPS: 45801
SPS: 45801
SPS: 45801
SPS: 45802
SPS: 45801
SPS: 45802
SPS: 45802
SPS: 45802
SPS: 45801
SPS: 45802
SPS: 45802
SPS: 45802
SPS: 45802
SPS: 45802
SPS: 45801
SPS: 45801
SPS: 45801
SPS: 45802
SPS: 45802
SPS: 45802
SPS: 45802
SPS: 45802
SPS: 45802
SPS: 45802
SPS: 45802
SPS: 45801
SPS: 45802
SPS: 45802
SPS: 45802
SPS: 45802
SPS: 45802
SPS: 45802
SPS: 45802
SPS: 45802
SPS: 45802
SPS: 45802
SPS: 45802
SPS: 45802
SPS: 45802
SPS: 45802
SPS: 45802
SPS: 45802
SPS: 45802
SPS: 45802
SPS: 45802
SPS: 45803
SPS: 45803
SPS: 45803
SPS: 45803
SPS: 45802
SPS: 45802
SPS: 45802
SPS: 45802
SPS: 45803
SPS: 45803
SPS: 45803
SPS: 45803
SPS: 45803
SPS: 45803
SPS: 45803
SPS: 45803
SPS: 45803
SPS: 45803
SPS: 45803
SPS: 45803
SPS: 45803
SPS: 45803
SPS: 45803
SPS: 45802
SPS: 45803
SPS: 45803
SPS: 45803
SPS: 45803
SPS: 45803
SPS: 45803
SPS: 45802
SPS: 45802
SPS: 45802
time budget reached: 3601s @ global_step=164954112
