C:\Users\a3162\thesis\.venv\Lib\site-packages\tyro\_parsers.py:365: UserWarning: The field `wandb-entity` is annotated with type `<class 'str'>`, but the default value `None` has type `<class 'NoneType'>`. We'll try to handle this gracefully, but it may cause unexpected behavior.
  warnings.warn(message)
C:\Users\a3162\thesis\.venv\Lib\site-packages\tyro\_parsers.py:365: UserWarning: The field `target-kl` is annotated with type `<class 'float'>`, but the default value `None` has type `<class 'NoneType'>`. We'll try to handle this gracefully, but it may cause unexpected behavior.
  warnings.warn(message)
SPS: 38778
SPS: 41842
SPS: 42978
SPS: 43571
SPS: 43942
SPS: 44262
SPS: 44480
SPS: 44606
SPS: 44683
SPS: 44811
SPS: 44891
SPS: 44913
SPS: 44941
SPS: 44997
SPS: 45055
SPS: 45056
SPS: 45086
SPS: 45118
SPS: 45146
SPS: 45167
SPS: 45178
SPS: 45201
SPS: 45177
SPS: 45192
SPS: 45205
SPS: 45212
SPS: 45240
SPS: 45252
SPS: 45264
SPS: 45251
SPS: 45256
SPS: 45269
SPS: 45279
SPS: 45301
SPS: 45320
SPS: 45335
SPS: 45312
SPS: 45299
SPS: 45301
SPS: 45298
SPS: 45294
SPS: 45298
SPS: 45301
SPS: 45295
SPS: 45304
SPS: 45310
SPS: 45319
SPS: 45322
SPS: 45322
SPS: 45328
SPS: 45334
SPS: 45340
SPS: 45350
SPS: 45356
SPS: 45359
SPS: 45363
SPS: 45369
SPS: 45369
SPS: 45375
SPS: 45381
SPS: 45385
SPS: 45391
SPS: 45392
SPS: 45387
SPS: 45374
SPS: 45376
SPS: 45385
SPS: 45397
SPS: 45409
SPS: 45415
SPS: 45417
SPS: 45409
SPS: 45416
SPS: 45416
SPS: 45416
SPS: 45417
SPS: 45421
SPS: 45422
SPS: 45422
SPS: 45423
SPS: 45429
SPS: 45434
SPS: 45431
SPS: 45435
SPS: 45441
SPS: 45432
SPS: 45439
SPS: 45442
SPS: 45445
SPS: 45447
SPS: 45441
SPS: 45436
SPS: 45431
SPS: 45435
SPS: 45433
SPS: 45436
SPS: 45439
SPS: 45443
SPS: 45445
SPS: 45442
SPS: 45444
SPS: 45448
SPS: 45451
SPS: 45451
SPS: 45453
SPS: 45452
SPS: 45442
SPS: 45442
SPS: 45441
SPS: 45444
SPS: 45447
SPS: 45449
SPS: 45456
SPS: 45453
SPS: 45454
SPS: 45453
SPS: 45453
SPS: 45453
SPS: 45458
SPS: 45462
SPS: 45461
SPS: 45466
SPS: 45466
SPS: 45464
SPS: 45465
SPS: 45465
SPS: 45466
SPS: 45461
SPS: 45464
SPS: 45465
SPS: 45465
SPS: 45468
SPS: 45470
SPS: 45471
SPS: 45469
SPS: 45473
SPS: 45478
SPS: 45482
SPS: 45485
SPS: 45485
SPS: 45484
SPS: 45478
SPS: 45478
SPS: 45478
SPS: 45476
SPS: 45477
SPS: 45479
SPS: 45482
SPS: 45479
SPS: 45480
SPS: 45479
SPS: 45477
SPS: 45479
SPS: 45481
SPS: 45481
SPS: 45478
SPS: 45479
SPS: 45479
SPS: 45479
SPS: 45477
SPS: 45476
SPS: 45477
SPS: 45472
SPS: 45473
SPS: 45474
SPS: 45473
SPS: 45472
SPS: 45473
SPS: 45473
SPS: 45470
SPS: 45473
SPS: 45474
SPS: 45476
SPS: 45477
SPS: 45478
SPS: 45475
SPS: 45470
SPS: 45468
SPS: 45471
SPS: 45472
SPS: 45472
SPS: 45472
SPS: 45472
SPS: 45468
SPS: 45467
SPS: 45468
SPS: 45470
SPS: 45474
SPS: 45477
SPS: 45479
SPS: 45476
SPS: 45475
SPS: 45473
SPS: 45472
SPS: 45470
SPS: 45471
SPS: 45470
SPS: 45470
SPS: 45471
SPS: 45471
SPS: 45473
SPS: 45473
SPS: 45474
SPS: 45474
SPS: 45474
SPS: 45474
SPS: 45475
SPS: 45475
SPS: 45474
SPS: 45475
SPS: 45475
SPS: 45471
SPS: 45470
SPS: 45470
SPS: 45471
SPS: 45472
SPS: 45474
SPS: 45473
SPS: 45469
SPS: 45469
SPS: 45470
SPS: 45473
SPS: 45474
SPS: 45476
SPS: 45479
SPS: 45479
SPS: 45480
SPS: 45480
SPS: 45479
SPS: 45478
SPS: 45479
SPS: 45479
SPS: 45477
SPS: 45479
SPS: 45479
SPS: 45480
SPS: 45482
SPS: 45483
SPS: 45484
SPS: 45484
SPS: 45484
SPS: 45483
SPS: 45484
SPS: 45483
SPS: 45482
SPS: 45481
SPS: 45478
SPS: 45477
SPS: 45477
SPS: 45478
SPS: 45478
SPS: 45478
SPS: 45478
SPS: 45476
SPS: 45478
SPS: 45481
SPS: 45481
SPS: 45483
SPS: 45484
SPS: 45485
SPS: 45483
SPS: 45483
SPS: 45484
SPS: 45483
SPS: 45484
SPS: 45486
SPS: 45487
SPS: 45486
SPS: 45487
SPS: 45487
SPS: 45487
SPS: 45486
SPS: 45486
SPS: 45485
SPS: 45484
SPS: 45484
SPS: 45485
SPS: 45485
SPS: 45486
SPS: 45485
SPS: 45485
SPS: 45485
SPS: 45485
SPS: 45484
SPS: 45485
SPS: 45485
SPS: 45485
SPS: 45485
SPS: 45486
SPS: 45486
SPS: 45487
SPS: 45489
SPS: 45490
SPS: 45492
SPS: 45494
SPS: 45492
SPS: 45492
SPS: 45492
SPS: 45492
SPS: 45493
SPS: 45492
SPS: 45494
SPS: 45492
SPS: 45491
SPS: 45491
SPS: 45492
SPS: 45493
SPS: 45493
SPS: 45494
SPS: 45493
SPS: 45493
SPS: 45494
SPS: 45494
SPS: 45495
SPS: 45493
SPS: 45493
SPS: 45492
SPS: 45493
SPS: 45493
SPS: 45495
SPS: 45495
SPS: 45495
SPS: 45495
SPS: 45493
SPS: 45493
SPS: 45494
SPS: 45495
SPS: 45496
SPS: 45497
SPS: 45496
SPS: 45495
SPS: 45495
SPS: 45497
SPS: 45497
SPS: 45495
SPS: 45496
SPS: 45496
SPS: 45495
SPS: 45495
SPS: 45496
SPS: 45496
SPS: 45495
SPS: 45496
SPS: 45497
SPS: 45497
SPS: 45499
SPS: 45500
SPS: 45500
SPS: 45498
SPS: 45498
SPS: 45498
SPS: 45497
SPS: 45497
SPS: 45498
SPS: 45498
SPS: 45498
SPS: 45498
SPS: 45499
SPS: 45499
SPS: 45498
SPS: 45498
SPS: 45499
SPS: 45500
SPS: 45501
SPS: 45501
SPS: 45499
SPS: 45499
SPS: 45499
SPS: 45499
SPS: 45500
SPS: 45500
SPS: 45501
SPS: 45498
SPS: 45498
SPS: 45497
SPS: 45494
SPS: 45494
SPS: 45494
SPS: 45495
SPS: 45494
SPS: 45495
SPS: 45495
SPS: 45493
SPS: 45493
SPS: 45492
SPS: 45492
SPS: 45490
SPS: 45490
SPS: 45491
SPS: 45492
SPS: 45492
SPS: 45490
SPS: 45490
SPS: 45490
SPS: 45490
SPS: 45491
SPS: 45492
SPS: 45494
SPS: 45494
SPS: 45494
SPS: 45493
SPS: 45493
SPS: 45494
SPS: 45494
SPS: 45494
SPS: 45495
SPS: 45496
SPS: 45495
SPS: 45496
SPS: 45495
SPS: 45495
SPS: 45496
SPS: 45496
SPS: 45497
SPS: 45497
SPS: 45496
SPS: 45496
SPS: 45495
SPS: 45496
SPS: 45495
SPS: 45494
SPS: 45493
SPS: 45494
SPS: 45493
SPS: 45492
SPS: 45491
SPS: 45489
SPS: 45489
SPS: 45489
SPS: 45489
SPS: 45490
SPS: 45491
SPS: 45491
SPS: 45491
SPS: 45490
SPS: 45489
SPS: 45488
SPS: 45487
SPS: 45488
SPS: 45486
SPS: 45486
SPS: 45487
SPS: 45487
SPS: 45486
SPS: 45486
SPS: 45486
SPS: 45486
SPS: 45486
SPS: 45487
SPS: 45486
SPS: 45486
SPS: 45484
SPS: 45484
SPS: 45483
SPS: 45483
SPS: 45482
SPS: 45482
SPS: 45481
SPS: 45479
SPS: 45478
SPS: 45477
SPS: 45477
SPS: 45476
SPS: 45476
SPS: 45477
SPS: 45477
SPS: 45477
SPS: 45476
SPS: 45476
SPS: 45474
SPS: 45474
SPS: 45473
SPS: 45473
SPS: 45473
SPS: 45473
SPS: 45472
SPS: 45471
SPS: 45470
SPS: 45470
SPS: 45470
SPS: 45470
SPS: 45470
SPS: 45470
SPS: 45470
SPS: 45470
SPS: 45470
SPS: 45469
SPS: 45469
SPS: 45469
SPS: 45469
SPS: 45467
SPS: 45467
SPS: 45467
SPS: 45467
SPS: 45467
SPS: 45467
SPS: 45467
SPS: 45466
SPS: 45466
SPS: 45466
SPS: 45466
SPS: 45466
SPS: 45465
SPS: 45464
SPS: 45462
SPS: 45462
SPS: 45461
SPS: 45461
SPS: 45461
SPS: 45461
SPS: 45461
SPS: 45460
SPS: 45460
SPS: 45460
SPS: 45460
SPS: 45460
SPS: 45460
SPS: 45461
SPS: 45459
SPS: 45459
SPS: 45459
SPS: 45459
SPS: 45458
SPS: 45457
SPS: 45457
SPS: 45457
SPS: 45457
SPS: 45456
SPS: 45455
SPS: 45455
SPS: 45455
SPS: 45455
SPS: 45454
SPS: 45455
SPS: 45455
SPS: 45455
SPS: 45454
SPS: 45454
SPS: 45453
SPS: 45452
SPS: 45452
SPS: 45451
SPS: 45451
SPS: 45451
SPS: 45450
SPS: 45450
SPS: 45448
SPS: 45449
SPS: 45449
SPS: 45449
SPS: 45450
SPS: 45451
SPS: 45451
SPS: 45449
SPS: 45449
SPS: 45449
SPS: 45448
SPS: 45448
SPS: 45448
SPS: 45448
SPS: 45447
SPS: 45447
SPS: 45448
SPS: 45447
SPS: 45447
SPS: 45446
SPS: 45447
SPS: 45446
SPS: 45445
SPS: 45445
SPS: 45444
SPS: 45444
SPS: 45443
SPS: 45443
SPS: 45441
SPS: 45441
SPS: 45441
SPS: 45441
SPS: 45441
SPS: 45440
SPS: 45440
SPS: 45439
SPS: 45439
SPS: 45438
SPS: 45438
SPS: 45439
SPS: 45440
SPS: 45440
SPS: 45439
SPS: 45438
SPS: 45438
SPS: 45438
SPS: 45438
SPS: 45438
SPS: 45438
SPS: 45438
SPS: 45438
SPS: 45437
SPS: 45438
SPS: 45437
SPS: 45439
SPS: 45439
SPS: 45440
SPS: 45440
SPS: 45441
SPS: 45440
SPS: 45439
SPS: 45440
SPS: 45439
SPS: 45439
SPS: 45439
SPS: 45439
SPS: 45440
SPS: 45440
SPS: 45440
SPS: 45439
SPS: 45439
SPS: 45439
SPS: 45439
SPS: 45440
SPS: 45440
SPS: 45441
SPS: 45441
SPS: 45441
SPS: 45440
SPS: 45439
SPS: 45439
SPS: 45439
SPS: 45439
SPS: 45439
SPS: 45439
SPS: 45439
SPS: 45439
SPS: 45438
SPS: 45438
SPS: 45438
SPS: 45438
SPS: 45438
SPS: 45439
SPS: 45438
SPS: 45438
SPS: 45438
SPS: 45437
SPS: 45436
SPS: 45436
SPS: 45436
SPS: 45435
SPS: 45435
SPS: 45434
SPS: 45433
SPS: 45432
SPS: 45432
SPS: 45433
SPS: 45433
SPS: 45434
SPS: 45434
SPS: 45434
SPS: 45433
SPS: 45432
SPS: 45432
SPS: 45431
SPS: 45431
SPS: 45431
SPS: 45432
SPS: 45431
SPS: 45431
SPS: 45431
SPS: 45430
SPS: 45430
SPS: 45430
SPS: 45431
SPS: 45430
SPS: 45430
SPS: 45431
SPS: 45431
SPS: 45431
SPS: 45431
SPS: 45431
SPS: 45430
SPS: 45430
SPS: 45430
SPS: 45431
SPS: 45430
SPS: 45430
SPS: 45430
SPS: 45428
SPS: 45429
SPS: 45429
SPS: 45430
SPS: 45429
SPS: 45430
SPS: 45430
SPS: 45428
SPS: 45428
SPS: 45428
SPS: 45428
SPS: 45428
SPS: 45428
SPS: 45429
SPS: 45428
SPS: 45427
SPS: 45428
SPS: 45428
SPS: 45428
SPS: 45428
SPS: 45429
SPS: 45429
SPS: 45430
SPS: 45429
SPS: 45428
SPS: 45428
SPS: 45428
SPS: 45428
SPS: 45428
SPS: 45428
SPS: 45428
SPS: 45428
SPS: 45428
SPS: 45428
SPS: 45428
SPS: 45428
SPS: 45428
SPS: 45428
SPS: 45428
SPS: 45428
SPS: 45428
SPS: 45429
SPS: 45428
SPS: 45428
SPS: 45428
SPS: 45428
SPS: 45429
SPS: 45428
SPS: 45428
SPS: 45428
SPS: 45428
SPS: 45428
SPS: 45428
SPS: 45428
SPS: 45429
SPS: 45429
SPS: 45429
SPS: 45429
SPS: 45428
SPS: 45428
SPS: 45428
SPS: 45429
SPS: 45429
SPS: 45429
SPS: 45429
SPS: 45429
SPS: 45428
SPS: 45428
SPS: 45428
SPS: 45428
SPS: 45429
SPS: 45429
SPS: 45430
SPS: 45430
SPS: 45430
SPS: 45430
SPS: 45430
SPS: 45429
SPS: 45429
SPS: 45429
SPS: 45429
SPS: 45429
SPS: 45429
SPS: 45428
SPS: 45428
SPS: 45427
SPS: 45428
SPS: 45428
SPS: 45428
SPS: 45428
SPS: 45429
SPS: 45428
SPS: 45428
SPS: 45429
SPS: 45429
SPS: 45429
SPS: 45430
SPS: 45430
SPS: 45429
SPS: 45430
SPS: 45430
SPS: 45429
SPS: 45429
SPS: 45429
SPS: 45430
SPS: 45430
SPS: 45430
SPS: 45431
SPS: 45431
SPS: 45431
SPS: 45431
SPS: 45431
SPS: 45431
SPS: 45430
SPS: 45431
SPS: 45431
SPS: 45430
SPS: 45431
SPS: 45430
SPS: 45429
SPS: 45429
SPS: 45429
SPS: 45430
SPS: 45430
SPS: 45430
SPS: 45431
SPS: 45430
SPS: 45430
SPS: 45429
SPS: 45429
SPS: 45429
SPS: 45428
SPS: 45429
SPS: 45428
SPS: 45429
SPS: 45428
SPS: 45428
SPS: 45428
SPS: 45428
SPS: 45428
SPS: 45428
SPS: 45428
SPS: 45428
SPS: 45428
SPS: 45429
SPS: 45429
SPS: 45428
SPS: 45428
SPS: 45428
SPS: 45429
SPS: 45429
SPS: 45429
SPS: 45428
SPS: 45428
SPS: 45428
SPS: 45428
SPS: 45428
SPS: 45428
SPS: 45428
SPS: 45429
SPS: 45429
SPS: 45429
SPS: 45429
SPS: 45429
SPS: 45429
SPS: 45429
SPS: 45429
SPS: 45429
SPS: 45429
SPS: 45430
SPS: 45429
SPS: 45429
SPS: 45429
SPS: 45429
SPS: 45429
SPS: 45429
SPS: 45430
SPS: 45430
SPS: 45430
SPS: 45430
SPS: 45430
SPS: 45430
SPS: 45430
SPS: 45430
SPS: 45430
SPS: 45430
SPS: 45430
SPS: 45430
SPS: 45430
SPS: 45430
SPS: 45431
SPS: 45431
SPS: 45431
SPS: 45432
SPS: 45432
SPS: 45432
SPS: 45432
SPS: 45432
SPS: 45432
SPS: 45432
SPS: 45432
SPS: 45432
SPS: 45433
SPS: 45432
SPS: 45432
SPS: 45432
SPS: 45432
SPS: 45432
SPS: 45432
SPS: 45433
SPS: 45434
SPS: 45434
SPS: 45434
SPS: 45434
SPS: 45434
SPS: 45434
SPS: 45434
SPS: 45434
SPS: 45434
SPS: 45434
SPS: 45434
SPS: 45434
SPS: 45434
SPS: 45435
SPS: 45435
SPS: 45435
SPS: 45435
SPS: 45435
SPS: 45436
SPS: 45436
SPS: 45436
SPS: 45436
SPS: 45436
SPS: 45435
SPS: 45435
SPS: 45435
SPS: 45436
SPS: 45436
SPS: 45436
SPS: 45436
SPS: 45436
SPS: 45436
SPS: 45436
SPS: 45436
SPS: 45436
SPS: 45436
SPS: 45437
SPS: 45437
SPS: 45437
SPS: 45437
SPS: 45437
SPS: 45438
SPS: 45438
SPS: 45438
SPS: 45438
SPS: 45438
SPS: 45438
SPS: 45438
SPS: 45438
SPS: 45437
SPS: 45438
SPS: 45439
SPS: 45439
SPS: 45439
SPS: 45440
SPS: 45440
SPS: 45439
SPS: 45439
SPS: 45439
SPS: 45439
SPS: 45439
SPS: 45439
SPS: 45438
SPS: 45439
SPS: 45439
SPS: 45438
SPS: 45439
SPS: 45439
SPS: 45440
SPS: 45440
SPS: 45440
SPS: 45440
SPS: 45440
SPS: 45439
SPS: 45439
SPS: 45438
SPS: 45438
SPS: 45438
SPS: 45438
SPS: 45438
SPS: 45438
SPS: 45438
SPS: 45438
SPS: 45437
SPS: 45438
SPS: 45438
SPS: 45438
SPS: 45438
SPS: 45438
SPS: 45438
SPS: 45437
SPS: 45437
SPS: 45437
SPS: 45437
SPS: 45437
SPS: 45438
SPS: 45438
SPS: 45437
SPS: 45437
SPS: 45437
SPS: 45437
SPS: 45437
SPS: 45437
SPS: 45438
SPS: 45437
SPS: 45438
SPS: 45438
SPS: 45438
SPS: 45438
SPS: 45438
SPS: 45438
SPS: 45437
SPS: 45436
SPS: 45436
SPS: 45436
SPS: 45436
SPS: 45436
SPS: 45437
SPS: 45436
SPS: 45436
SPS: 45436
SPS: 45436
SPS: 45437
SPS: 45437
SPS: 45436
SPS: 45436
SPS: 45436
SPS: 45436
SPS: 45436
SPS: 45436
SPS: 45437
SPS: 45437
SPS: 45437
SPS: 45437
SPS: 45437
SPS: 45438
SPS: 45438
SPS: 45438
SPS: 45438
SPS: 45438
SPS: 45438
SPS: 45438
SPS: 45438
SPS: 45438
SPS: 45438
SPS: 45438
SPS: 45438
SPS: 45437
SPS: 45438
SPS: 45438
SPS: 45437
SPS: 45437
SPS: 45437
SPS: 45437
SPS: 45438
SPS: 45438
SPS: 45439
SPS: 45439
SPS: 45439
SPS: 45439
SPS: 45438
SPS: 45438
SPS: 45438
SPS: 45438
SPS: 45438
SPS: 45438
SPS: 45438
SPS: 45438
SPS: 45438
SPS: 45438
SPS: 45438
SPS: 45439
SPS: 45439
SPS: 45440
SPS: 45440
SPS: 45440
SPS: 45439
SPS: 45439
SPS: 45439
SPS: 45439
SPS: 45439
SPS: 45439
SPS: 45440
SPS: 45439
SPS: 45440
SPS: 45440
SPS: 45440
SPS: 45440
SPS: 45440
SPS: 45440
SPS: 45440
SPS: 45440
SPS: 45440
SPS: 45440
SPS: 45441
SPS: 45440
SPS: 45441
SPS: 45441
SPS: 45441
SPS: 45441
SPS: 45441
SPS: 45442
SPS: 45441
SPS: 45441
SPS: 45441
SPS: 45441
SPS: 45441
SPS: 45441
SPS: 45442
SPS: 45441
SPS: 45441
SPS: 45441
SPS: 45441
SPS: 45440
SPS: 45440
SPS: 45440
SPS: 45440
SPS: 45439
SPS: 45439
SPS: 45439
SPS: 45440
SPS: 45440
SPS: 45440
SPS: 45441
SPS: 45441
SPS: 45441
SPS: 45441
SPS: 45441
SPS: 45441
SPS: 45441
SPS: 45441
SPS: 45441
SPS: 45441
SPS: 45441
SPS: 45441
SPS: 45441
SPS: 45441
SPS: 45441
SPS: 45441
SPS: 45441
SPS: 45441
SPS: 45441
SPS: 45441
SPS: 45441
SPS: 45441
SPS: 45441
SPS: 45441
SPS: 45441
SPS: 45441
SPS: 45441
SPS: 45441
SPS: 45441
SPS: 45441
SPS: 45442
SPS: 45442
SPS: 45441
SPS: 45441
SPS: 45442
SPS: 45442
SPS: 45442
SPS: 45443
SPS: 45442
SPS: 45443
SPS: 45443
SPS: 45443
SPS: 45442
SPS: 45442
SPS: 45442
SPS: 45442
SPS: 45442
SPS: 45443
SPS: 45443
SPS: 45442
SPS: 45442
SPS: 45443
SPS: 45443
SPS: 45443
SPS: 45444
SPS: 45444
SPS: 45443
SPS: 45443
SPS: 45442
SPS: 45442
SPS: 45442
SPS: 45442
SPS: 45442
SPS: 45442
SPS: 45442
SPS: 45442
SPS: 45442
SPS: 45442
SPS: 45442
SPS: 45442
SPS: 45442
SPS: 45442
SPS: 45442
SPS: 45442
SPS: 45442
SPS: 45442
SPS: 45442
SPS: 45442
SPS: 45443
SPS: 45443
SPS: 45443
SPS: 45444
SPS: 45444
SPS: 45444
SPS: 45443
SPS: 45443
SPS: 45444
SPS: 45444
SPS: 45444
SPS: 45444
SPS: 45444
SPS: 45444
SPS: 45444
SPS: 45444
SPS: 45444
SPS: 45444
SPS: 45445
SPS: 45445
SPS: 45444
SPS: 45444
SPS: 45444
SPS: 45443
SPS: 45443
SPS: 45443
SPS: 45443
SPS: 45443
SPS: 45443
SPS: 45443
SPS: 45443
SPS: 45442
SPS: 45442
SPS: 45442
SPS: 45442
SPS: 45442
SPS: 45442
SPS: 45442
SPS: 45442
SPS: 45442
SPS: 45442
SPS: 45442
SPS: 45442
SPS: 45442
SPS: 45442
SPS: 45442
SPS: 45442
SPS: 45442
SPS: 45442
SPS: 45442
SPS: 45442
SPS: 45442
SPS: 45443
SPS: 45443
SPS: 45443
SPS: 45442
SPS: 45442
SPS: 45442
SPS: 45442
SPS: 45442
SPS: 45442
SPS: 45442
SPS: 45443
SPS: 45442
SPS: 45442
SPS: 45442
SPS: 45442
SPS: 45442
SPS: 45442
SPS: 45442
SPS: 45442
SPS: 45443
SPS: 45443
SPS: 45443
SPS: 45443
SPS: 45443
SPS: 45443
SPS: 45443
SPS: 45444
SPS: 45444
SPS: 45444
SPS: 45444
SPS: 45444
SPS: 45444
SPS: 45443
SPS: 45443
SPS: 45444
SPS: 45444
SPS: 45443
SPS: 45443
SPS: 45443
SPS: 45443
SPS: 45443
SPS: 45443
SPS: 45443
SPS: 45443
SPS: 45443
SPS: 45443
SPS: 45442
SPS: 45442
SPS: 45442
SPS: 45442
SPS: 45443
SPS: 45443
SPS: 45443
SPS: 45443
SPS: 45443
SPS: 45443
SPS: 45443
SPS: 45443
SPS: 45443
SPS: 45444
SPS: 45444
SPS: 45444
SPS: 45445
SPS: 45445
SPS: 45445
SPS: 45444
SPS: 45444
SPS: 45444
SPS: 45445
SPS: 45445
SPS: 45445
SPS: 45445
SPS: 45445
SPS: 45445
SPS: 45445
SPS: 45445
SPS: 45446
SPS: 45446
SPS: 45446
SPS: 45447
SPS: 45447
SPS: 45447
SPS: 45447
SPS: 45447
SPS: 45447
SPS: 45447
SPS: 45447
SPS: 45447
SPS: 45447
SPS: 45447
SPS: 45447
SPS: 45448
SPS: 45448
SPS: 45449
SPS: 45449
SPS: 45449
SPS: 45449
SPS: 45449
SPS: 45450
SPS: 45450
SPS: 45450
SPS: 45450
SPS: 45450
SPS: 45450
SPS: 45451
SPS: 45451
SPS: 45451
SPS: 45450
SPS: 45450
SPS: 45450
SPS: 45450
SPS: 45450
SPS: 45451
SPS: 45451
SPS: 45451
SPS: 45451
SPS: 45451
SPS: 45451
SPS: 45451
SPS: 45451
SPS: 45451
SPS: 45451
SPS: 45451
SPS: 45451
SPS: 45451
SPS: 45451
SPS: 45451
SPS: 45451
SPS: 45452
SPS: 45452
SPS: 45452
SPS: 45452
SPS: 45452
SPS: 45452
SPS: 45452
SPS: 45452
SPS: 45452
SPS: 45452
SPS: 45452
SPS: 45452
SPS: 45452
SPS: 45453
SPS: 45453
SPS: 45453
SPS: 45453
SPS: 45453
SPS: 45453
SPS: 45454
SPS: 45454
SPS: 45453
SPS: 45453
SPS: 45453
SPS: 45453
SPS: 45454
SPS: 45454
SPS: 45454
SPS: 45454
SPS: 45454
SPS: 45455
SPS: 45455
SPS: 45454
SPS: 45454
SPS: 45454
SPS: 45455
SPS: 45455
SPS: 45455
SPS: 45455
SPS: 45455
SPS: 45456
SPS: 45456
SPS: 45456
SPS: 45456
SPS: 45456
SPS: 45456
SPS: 45456
SPS: 45456
SPS: 45455
SPS: 45455
SPS: 45455
SPS: 45455
SPS: 45455
SPS: 45455
SPS: 45455
SPS: 45455
SPS: 45455
SPS: 45455
SPS: 45455
SPS: 45455
SPS: 45456
SPS: 45456
SPS: 45457
SPS: 45457
SPS: 45457
SPS: 45457
SPS: 45457
SPS: 45457
SPS: 45457
SPS: 45457
SPS: 45456
SPS: 45456
SPS: 45457
SPS: 45457
SPS: 45457
SPS: 45457
SPS: 45457
SPS: 45457
SPS: 45457
SPS: 45457
SPS: 45457
SPS: 45457
SPS: 45457
SPS: 45457
SPS: 45456
SPS: 45456
SPS: 45456
SPS: 45456
SPS: 45456
SPS: 45457
SPS: 45457
SPS: 45457
SPS: 45457
SPS: 45457
SPS: 45457
SPS: 45457
SPS: 45457
SPS: 45457
SPS: 45457
SPS: 45457
SPS: 45457
SPS: 45457
SPS: 45457
SPS: 45457
SPS: 45457
SPS: 45457
SPS: 45457
SPS: 45457
SPS: 45457
SPS: 45457
SPS: 45457
SPS: 45457
SPS: 45457
SPS: 45457
SPS: 45457
SPS: 45457
SPS: 45457
SPS: 45457
SPS: 45457
SPS: 45457
SPS: 45457
SPS: 45457
SPS: 45457
SPS: 45457
SPS: 45458
SPS: 45457
SPS: 45457
SPS: 45457
SPS: 45458
SPS: 45458
SPS: 45458
SPS: 45458
SPS: 45459
SPS: 45458
SPS: 45458
SPS: 45458
SPS: 45458
SPS: 45458
SPS: 45458
SPS: 45458
SPS: 45458
SPS: 45458
SPS: 45458
SPS: 45459
SPS: 45459
SPS: 45459
SPS: 45458
SPS: 45458
SPS: 45458
SPS: 45458
SPS: 45459
SPS: 45458
SPS: 45458
SPS: 45459
SPS: 45459
SPS: 45459
SPS: 45459
SPS: 45459
SPS: 45459
SPS: 45459
SPS: 45459
SPS: 45459
SPS: 45458
SPS: 45459
SPS: 45459
SPS: 45459
SPS: 45459
SPS: 45458
SPS: 45458
SPS: 45458
SPS: 45458
SPS: 45458
SPS: 45458
SPS: 45458
SPS: 45458
SPS: 45458
SPS: 45458
SPS: 45457
SPS: 45457
SPS: 45457
SPS: 45457
SPS: 45458
SPS: 45457
SPS: 45457
SPS: 45458
SPS: 45458
SPS: 45458
SPS: 45458
SPS: 45458
SPS: 45457
SPS: 45457
SPS: 45457
SPS: 45457
SPS: 45457
SPS: 45457
SPS: 45457
SPS: 45457
SPS: 45457
SPS: 45457
SPS: 45457
SPS: 45458
SPS: 45458
SPS: 45458
SPS: 45457
SPS: 45457
SPS: 45457
SPS: 45457
SPS: 45457
SPS: 45457
SPS: 45457
SPS: 45457
SPS: 45457
SPS: 45456
SPS: 45456
SPS: 45456
SPS: 45456
SPS: 45456
SPS: 45456
SPS: 45456
SPS: 45456
SPS: 45456
SPS: 45456
SPS: 45457
SPS: 45456
SPS: 45456
SPS: 45456
SPS: 45456
SPS: 45456
SPS: 45456
SPS: 45456
SPS: 45456
SPS: 45455
SPS: 45455
SPS: 45455
SPS: 45456
SPS: 45456
SPS: 45456
SPS: 45456
SPS: 45456
SPS: 45456
SPS: 45456
SPS: 45456
SPS: 45456
SPS: 45456
SPS: 45456
SPS: 45456
SPS: 45456
SPS: 45456
SPS: 45456
SPS: 45456
SPS: 45456
SPS: 45456
SPS: 45456
SPS: 45456
SPS: 45456
SPS: 45456
SPS: 45456
SPS: 45456
SPS: 45456
SPS: 45456
SPS: 45456
SPS: 45456
SPS: 45456
SPS: 45456
SPS: 45456
SPS: 45456
SPS: 45455
SPS: 45456
SPS: 45456
SPS: 45456
SPS: 45456
SPS: 45456
SPS: 45456
SPS: 45456
SPS: 45456
SPS: 45456
SPS: 45456
SPS: 45456
SPS: 45456
SPS: 45456
SPS: 45456
SPS: 45456
SPS: 45456
SPS: 45456
SPS: 45456
SPS: 45456
SPS: 45457
SPS: 45456
SPS: 45457
SPS: 45456
SPS: 45456
SPS: 45456
SPS: 45456
SPS: 45456
SPS: 45456
SPS: 45456
SPS: 45456
SPS: 45456
SPS: 45457
SPS: 45456
SPS: 45456
SPS: 45456
SPS: 45456
SPS: 45456
SPS: 45456
SPS: 45456
SPS: 45456
SPS: 45456
SPS: 45456
SPS: 45456
SPS: 45456
SPS: 45456
SPS: 45456
SPS: 45456
SPS: 45457
SPS: 45457
SPS: 45457
SPS: 45457
SPS: 45457
SPS: 45457
SPS: 45457
SPS: 45457
SPS: 45457
SPS: 45457
SPS: 45457
SPS: 45457
SPS: 45457
SPS: 45457
SPS: 45457
SPS: 45456
SPS: 45457
SPS: 45457
SPS: 45457
SPS: 45457
SPS: 45456
SPS: 45457
SPS: 45457
SPS: 45457
SPS: 45457
SPS: 45457
SPS: 45457
SPS: 45457
SPS: 45457
SPS: 45457
SPS: 45457
SPS: 45457
SPS: 45457
SPS: 45458
SPS: 45458
SPS: 45458
SPS: 45458
SPS: 45458
SPS: 45458
SPS: 45457
SPS: 45457
SPS: 45457
SPS: 45457
SPS: 45457
SPS: 45457
SPS: 45457
SPS: 45457
SPS: 45457
SPS: 45457
SPS: 45457
SPS: 45457
SPS: 45458
SPS: 45458
SPS: 45457
SPS: 45457
SPS: 45457
SPS: 45457
SPS: 45457
SPS: 45457
SPS: 45457
SPS: 45457
SPS: 45457
SPS: 45457
SPS: 45457
SPS: 45457
SPS: 45457
SPS: 45457
SPS: 45457
SPS: 45457
SPS: 45457
SPS: 45457
SPS: 45457
SPS: 45457
SPS: 45457
SPS: 45457
SPS: 45457
SPS: 45457
SPS: 45458
SPS: 45457
SPS: 45457
SPS: 45457
SPS: 45457
SPS: 45457
SPS: 45457
SPS: 45457
SPS: 45457
SPS: 45457
SPS: 45457
SPS: 45457
SPS: 45457
SPS: 45458
SPS: 45458
SPS: 45458
SPS: 45458
SPS: 45458
SPS: 45458
SPS: 45458
SPS: 45458
SPS: 45458
SPS: 45458
SPS: 45458
SPS: 45458
SPS: 45458
SPS: 45458
SPS: 45458
SPS: 45458
SPS: 45458
SPS: 45458
SPS: 45458
SPS: 45458
SPS: 45458
SPS: 45458
SPS: 45458
SPS: 45458
SPS: 45458
SPS: 45458
SPS: 45458
SPS: 45457
SPS: 45457
SPS: 45457
SPS: 45457
SPS: 45457
SPS: 45457
SPS: 45456
SPS: 45456
SPS: 45456
SPS: 45456
SPS: 45456
SPS: 45456
SPS: 45456
SPS: 45456
SPS: 45456
SPS: 45456
SPS: 45456
SPS: 45456
SPS: 45456
SPS: 45456
SPS: 45456
SPS: 45456
SPS: 45456
SPS: 45456
SPS: 45456
SPS: 45456
SPS: 45456
SPS: 45456
SPS: 45456
SPS: 45456
SPS: 45456
SPS: 45456
SPS: 45456
SPS: 45456
SPS: 45455
SPS: 45455
SPS: 45455
SPS: 45455
SPS: 45455
SPS: 45455
SPS: 45455
SPS: 45455
SPS: 45455
SPS: 45455
SPS: 45455
SPS: 45455
SPS: 45455
SPS: 45455
SPS: 45455
SPS: 45455
SPS: 45454
SPS: 45454
SPS: 45454
SPS: 45454
SPS: 45454
SPS: 45454
SPS: 45454
SPS: 45454
SPS: 45453
SPS: 45453
SPS: 45453
SPS: 45453
SPS: 45454
SPS: 45454
SPS: 45454
SPS: 45453
SPS: 45453
SPS: 45453
SPS: 45453
SPS: 45453
SPS: 45453
SPS: 45453
SPS: 45453
SPS: 45453
SPS: 45453
SPS: 45453
SPS: 45453
SPS: 45453
SPS: 45453
SPS: 45453
SPS: 45453
SPS: 45453
SPS: 45453
SPS: 45453
SPS: 45453
SPS: 45453
SPS: 45453
SPS: 45453
SPS: 45453
SPS: 45453
SPS: 45453
SPS: 45452
SPS: 45452
SPS: 45452
SPS: 45452
SPS: 45452
SPS: 45452
SPS: 45453
SPS: 45453
SPS: 45453
SPS: 45453
SPS: 45453
SPS: 45453
SPS: 45453
SPS: 45453
SPS: 45453
SPS: 45453
SPS: 45452
SPS: 45452
SPS: 45452
SPS: 45453
SPS: 45452
SPS: 45452
SPS: 45452
SPS: 45452
SPS: 45452
SPS: 45452
SPS: 45452
SPS: 45452
SPS: 45452
SPS: 45453
SPS: 45452
SPS: 45452
SPS: 45452
SPS: 45452
SPS: 45452
SPS: 45452
SPS: 45452
SPS: 45451
SPS: 45452
SPS: 45452
SPS: 45452
SPS: 45452
SPS: 45451
SPS: 45452
SPS: 45451
SPS: 45451
SPS: 45452
SPS: 45451
SPS: 45451
SPS: 45451
SPS: 45451
SPS: 45451
SPS: 45451
SPS: 45451
SPS: 45450
SPS: 45451
SPS: 45451
SPS: 45451
SPS: 45451
SPS: 45451
SPS: 45451
SPS: 45451
SPS: 45450
SPS: 45450
SPS: 45450
SPS: 45450
SPS: 45450
SPS: 45450
SPS: 45449
SPS: 45449
SPS: 45449
SPS: 45449
SPS: 45449
SPS: 45449
SPS: 45449
SPS: 45449
SPS: 45450
SPS: 45450
SPS: 45450
SPS: 45449
SPS: 45449
SPS: 45449
SPS: 45449
SPS: 45449
SPS: 45449
SPS: 45449
SPS: 45449
SPS: 45449
SPS: 45449
SPS: 45449
SPS: 45449
SPS: 45449
SPS: 45449
SPS: 45449
SPS: 45449
SPS: 45449
SPS: 45449
SPS: 45449
SPS: 45449
SPS: 45449
SPS: 45449
SPS: 45449
SPS: 45449
SPS: 45449
SPS: 45449
SPS: 45449
SPS: 45449
SPS: 45449
SPS: 45449
SPS: 45449
SPS: 45449
SPS: 45450
SPS: 45450
SPS: 45450
SPS: 45449
SPS: 45449
SPS: 45449
SPS: 45450
SPS: 45450
SPS: 45450
SPS: 45450
SPS: 45450
SPS: 45450
SPS: 45450
SPS: 45450
SPS: 45450
SPS: 45450
SPS: 45451
SPS: 45451
SPS: 45451
SPS: 45450
SPS: 45450
SPS: 45450
SPS: 45451
SPS: 45451
SPS: 45451
SPS: 45451
SPS: 45451
SPS: 45451
SPS: 45451
SPS: 45451
SPS: 45452
SPS: 45452
SPS: 45451
SPS: 45451
SPS: 45451
SPS: 45451
SPS: 45451
SPS: 45451
SPS: 45451
SPS: 45451
SPS: 45451
SPS: 45451
SPS: 45450
SPS: 45450
SPS: 45450
SPS: 45450
SPS: 45450
SPS: 45450
SPS: 45450
SPS: 45450
SPS: 45450
SPS: 45450
SPS: 45450
SPS: 45450
SPS: 45449
SPS: 45449
SPS: 45449
SPS: 45449
SPS: 45449
SPS: 45449
SPS: 45449
SPS: 45449
SPS: 45449
SPS: 45449
SPS: 45449
SPS: 45449
SPS: 45449
SPS: 45449
SPS: 45449
SPS: 45449
SPS: 45449
SPS: 45449
SPS: 45449
SPS: 45449
SPS: 45449
SPS: 45449
SPS: 45449
SPS: 45449
SPS: 45449
SPS: 45449
SPS: 45449
SPS: 45449
SPS: 45449
SPS: 45449
SPS: 45449
SPS: 45449
SPS: 45449
SPS: 45449
SPS: 45449
SPS: 45449
SPS: 45449
SPS: 45449
SPS: 45450
SPS: 45450
SPS: 45450
SPS: 45450
SPS: 45450
SPS: 45450
SPS: 45449
SPS: 45449
SPS: 45449
SPS: 45449
SPS: 45449
SPS: 45450
SPS: 45449
SPS: 45449
SPS: 45449
SPS: 45449
SPS: 45449
SPS: 45449
SPS: 45449
SPS: 45449
SPS: 45449
SPS: 45449
SPS: 45449
SPS: 45448
SPS: 45449
SPS: 45449
SPS: 45449
SPS: 45449
SPS: 45449
SPS: 45449
SPS: 45448
SPS: 45448
SPS: 45448
SPS: 45449
SPS: 45449
SPS: 45449
SPS: 45448
SPS: 45448
SPS: 45448
SPS: 45448
SPS: 45449
SPS: 45448
SPS: 45449
SPS: 45448
SPS: 45448
SPS: 45448
SPS: 45448
SPS: 45448
SPS: 45448
SPS: 45448
SPS: 45448
SPS: 45448
SPS: 45448
SPS: 45448
SPS: 45448
SPS: 45448
SPS: 45448
SPS: 45447
SPS: 45447
SPS: 45447
SPS: 45447
SPS: 45448
SPS: 45448
SPS: 45448
SPS: 45448
SPS: 45448
SPS: 45447
SPS: 45447
SPS: 45447
SPS: 45447
SPS: 45447
SPS: 45447
SPS: 45447
SPS: 45447
SPS: 45447
SPS: 45447
SPS: 45447
SPS: 45447
SPS: 45447
SPS: 45447
SPS: 45447
SPS: 45447
SPS: 45447
SPS: 45447
SPS: 45447
SPS: 45447
SPS: 45447
SPS: 45447
SPS: 45447
SPS: 45447
SPS: 45447
SPS: 45447
SPS: 45447
SPS: 45447
SPS: 45447
SPS: 45447
SPS: 45447
SPS: 45447
SPS: 45447
SPS: 45447
SPS: 45447
SPS: 45447
SPS: 45447
SPS: 45447
SPS: 45447
SPS: 45447
SPS: 45447
SPS: 45447
SPS: 45446
SPS: 45446
SPS: 45446
SPS: 45446
SPS: 45446
SPS: 45446
SPS: 45447
SPS: 45447
SPS: 45447
SPS: 45446
SPS: 45447
SPS: 45446
SPS: 45446
SPS: 45446
SPS: 45446
SPS: 45446
SPS: 45446
SPS: 45446
SPS: 45446
SPS: 45446
SPS: 45446
SPS: 45446
SPS: 45446
SPS: 45446
SPS: 45446
SPS: 45445
SPS: 45445
SPS: 45445
SPS: 45445
SPS: 45445
SPS: 45445
SPS: 45445
SPS: 45445
SPS: 45445
SPS: 45445
SPS: 45445
SPS: 45445
SPS: 45445
SPS: 45445
SPS: 45445
SPS: 45445
SPS: 45445
SPS: 45445
SPS: 45445
SPS: 45445
SPS: 45445
SPS: 45445
SPS: 45445
SPS: 45445
SPS: 45445
SPS: 45444
SPS: 45444
SPS: 45444
SPS: 45444
SPS: 45444
SPS: 45444
SPS: 45444
SPS: 45444
SPS: 45444
SPS: 45444
SPS: 45444
SPS: 45444
SPS: 45444
SPS: 45444
SPS: 45444
SPS: 45444
SPS: 45444
SPS: 45444
SPS: 45444
SPS: 45444
SPS: 45444
SPS: 45444
SPS: 45444
SPS: 45444
SPS: 45444
SPS: 45444
SPS: 45444
SPS: 45444
SPS: 45443
SPS: 45443
SPS: 45443
SPS: 45444
SPS: 45443
SPS: 45444
SPS: 45444
SPS: 45443
SPS: 45443
SPS: 45443
SPS: 45443
SPS: 45443
SPS: 45443
SPS: 45443
SPS: 45443
SPS: 45443
SPS: 45443
SPS: 45442
SPS: 45442
SPS: 45442
SPS: 45442
SPS: 45442
SPS: 45442
SPS: 45442
SPS: 45442
SPS: 45442
SPS: 45442
SPS: 45442
SPS: 45442
SPS: 45442
SPS: 45442
SPS: 45442
SPS: 45442
SPS: 45442
SPS: 45442
SPS: 45442
SPS: 45442
SPS: 45442
SPS: 45442
SPS: 45442
SPS: 45441
SPS: 45441
SPS: 45441
SPS: 45441
SPS: 45441
SPS: 45441
SPS: 45441
SPS: 45441
SPS: 45441
SPS: 45441
SPS: 45441
SPS: 45441
SPS: 45441
SPS: 45441
SPS: 45441
SPS: 45441
SPS: 45441
SPS: 45441
SPS: 45441
SPS: 45441
SPS: 45441
SPS: 45441
SPS: 45441
SPS: 45441
SPS: 45441
SPS: 45441
SPS: 45441
SPS: 45441
SPS: 45441
SPS: 45441
SPS: 45441
SPS: 45441
SPS: 45441
SPS: 45441
SPS: 45441
SPS: 45441
SPS: 45441
SPS: 45441
SPS: 45441
SPS: 45441
SPS: 45440
SPS: 45440
SPS: 45440
SPS: 45441
SPS: 45440
SPS: 45441
SPS: 45441
SPS: 45441
SPS: 45441
SPS: 45440
SPS: 45441
SPS: 45440
SPS: 45440
SPS: 45440
SPS: 45440
SPS: 45440
SPS: 45440
SPS: 45440
SPS: 45440
SPS: 45440
SPS: 45441
SPS: 45440
SPS: 45440
SPS: 45440
SPS: 45440
SPS: 45440
SPS: 45440
SPS: 45440
SPS: 45440
SPS: 45440
SPS: 45440
SPS: 45440
SPS: 45440
SPS: 45440
SPS: 45440
SPS: 45440
SPS: 45440
SPS: 45440
SPS: 45440
SPS: 45440
SPS: 45440
SPS: 45440
SPS: 45439
SPS: 45439
SPS: 45439
SPS: 45439
SPS: 45439
SPS: 45439
SPS: 45439
SPS: 45439
SPS: 45439
SPS: 45439
SPS: 45439
SPS: 45439
SPS: 45439
SPS: 45439
SPS: 45439
SPS: 45439
SPS: 45439
SPS: 45439
SPS: 45439
SPS: 45439
SPS: 45439
SPS: 45439
SPS: 45438
SPS: 45438
SPS: 45438
SPS: 45438
SPS: 45438
SPS: 45438
SPS: 45438
SPS: 45438
SPS: 45438
SPS: 45438
SPS: 45438
SPS: 45438
SPS: 45438
SPS: 45438
SPS: 45438
SPS: 45438
SPS: 45438
SPS: 45438
SPS: 45438
SPS: 45438
SPS: 45438
SPS: 45438
SPS: 45438
SPS: 45438
SPS: 45438
SPS: 45438
SPS: 45438
SPS: 45438
SPS: 45438
SPS: 45438
SPS: 45438
SPS: 45438
SPS: 45438
SPS: 45438
SPS: 45438
SPS: 45438
SPS: 45438
SPS: 45438
SPS: 45438
SPS: 45438
SPS: 45438
SPS: 45438
SPS: 45438
SPS: 45438
SPS: 45438
SPS: 45438
SPS: 45438
SPS: 45438
SPS: 45438
SPS: 45438
SPS: 45438
SPS: 45438
SPS: 45438
SPS: 45438
SPS: 45438
SPS: 45437
SPS: 45438
SPS: 45438
SPS: 45438
SPS: 45438
SPS: 45438
SPS: 45438
SPS: 45438
SPS: 45438
SPS: 45438
SPS: 45438
time budget reached: 3601s @ global_step=163643392
