C:\Users\a3162\thesis\.venv\Lib\site-packages\tyro\_parsers.py:365: UserWarning: The field `wandb-entity` is annotated with type `<class 'str'>`, but the default value `None` has type `<class 'NoneType'>`. We'll try to handle this gracefully, but it may cause unexpected behavior.
  warnings.warn(message)
C:\Users\a3162\thesis\.venv\Lib\site-packages\tyro\_parsers.py:365: UserWarning: The field `target-kl` is annotated with type `<class 'float'>`, but the default value `None` has type `<class 'NoneType'>`. We'll try to handle this gracefully, but it may cause unexpected behavior.
  warnings.warn(message)
SPS: 1387
SPS: 1380
SPS: 1370
SPS: 1404
SPS: 1411
SPS: 1386
SPS: 1381
SPS: 1342
SPS: 1344
SPS: 1328
SPS: 1327
SPS: 1333
SPS: 1334
SPS: 1312
SPS: 1310
SPS: 1295
SPS: 1284
SPS: 1279
SPS: 1269
SPS: 1259
SPS: 1258
SPS: 1246
SPS: 1241
SPS: 1232
SPS: 1229
SPS: 1220
SPS: 1217
SPS: 1213
SPS: 1209
SPS: 1203
SPS: 1193
SPS: 1185
SPS: 1180
SPS: 1174
SPS: 1167
SPS: 1163
SPS: 1158
SPS: 1155
SPS: 1150
SPS: 1147
SPS: 1144
SPS: 1141
SPS: 1134
SPS: 1129
SPS: 1123
SPS: 1116
SPS: 1115
SPS: 1112
SPS: 1111
SPS: 1110
SPS: 1108
SPS: 1109
SPS: 1105
SPS: 1103
SPS: 1102
SPS: 1100
SPS: 1098
SPS: 1096
SPS: 1093
SPS: 1092
SPS: 1091
SPS: 1089
SPS: 1088
SPS: 1086
SPS: 1084
SPS: 1083
SPS: 1083
SPS: 1083
SPS: 1082
SPS: 1081
SPS: 1081
SPS: 1080
SPS: 1079
SPS: 1080
SPS: 1081
SPS: 1081
SPS: 1082
SPS: 1082
SPS: 1082
SPS: 1081
SPS: 1080
SPS: 1081
SPS: 1079
SPS: 1079
SPS: 1079
SPS: 1078
SPS: 1079
SPS: 1080
SPS: 1080
SPS: 1079
SPS: 1079
SPS: 1079
SPS: 1079
SPS: 1078
SPS: 1078
SPS: 1079
SPS: 1078
SPS: 1079
SPS: 1079
SPS: 1080
SPS: 1080
SPS: 1081
SPS: 1081
SPS: 1082
SPS: 1083
SPS: 1083
SPS: 1083
SPS: 1084
SPS: 1084
SPS: 1083
SPS: 1084
SPS: 1085
SPS: 1086
SPS: 1087
SPS: 1087
SPS: 1088
SPS: 1088
SPS: 1088
SPS: 1088
SPS: 1089
SPS: 1089
SPS: 1089
SPS: 1090
SPS: 1091
SPS: 1091
SPS: 1091
SPS: 1092
SPS: 1092
SPS: 1093
SPS: 1093
SPS: 1094
SPS: 1094
SPS: 1095
SPS: 1095
SPS: 1095
SPS: 1096
SPS: 1097
SPS: 1097
SPS: 1098
SPS: 1098
SPS: 1098
SPS: 1099
SPS: 1099
SPS: 1100
SPS: 1101
SPS: 1101
SPS: 1101
SPS: 1102
SPS: 1102
SPS: 1102
SPS: 1103
SPS: 1103
SPS: 1103
SPS: 1104
SPS: 1104
SPS: 1105
SPS: 1105
SPS: 1106
SPS: 1106
SPS: 1107
SPS: 1107
SPS: 1107
SPS: 1108
SPS: 1108
SPS: 1109
SPS: 1109
SPS: 1110
SPS: 1110
SPS: 1110
SPS: 1111
SPS: 1111
SPS: 1111
SPS: 1112
SPS: 1112
SPS: 1113
SPS: 1113
SPS: 1113
SPS: 1114
SPS: 1114
SPS: 1114
SPS: 1115
SPS: 1115
SPS: 1116
SPS: 1116
SPS: 1116
SPS: 1117
SPS: 1117
SPS: 1117
SPS: 1118
SPS: 1118
SPS: 1118
SPS: 1119
SPS: 1119
SPS: 1120
SPS: 1120
SPS: 1120
SPS: 1121
SPS: 1121
SPS: 1122
SPS: 1122
SPS: 1122
SPS: 1123
SPS: 1123
SPS: 1123
SPS: 1123
SPS: 1124
SPS: 1124
SPS: 1124
SPS: 1124
SPS: 1125
SPS: 1125
SPS: 1125
SPS: 1126
SPS: 1126
SPS: 1126
SPS: 1126
SPS: 1127
SPS: 1127
SPS: 1127
SPS: 1128
SPS: 1128
SPS: 1128
SPS: 1129
SPS: 1129
SPS: 1129
SPS: 1129
SPS: 1130
SPS: 1130
SPS: 1130
SPS: 1130
SPS: 1131
SPS: 1131
SPS: 1131
SPS: 1132
SPS: 1132
SPS: 1132
SPS: 1132
SPS: 1133
SPS: 1133
SPS: 1133
SPS: 1133
SPS: 1134
SPS: 1134
SPS: 1134
SPS: 1134
SPS: 1135
SPS: 1135
SPS: 1135
SPS: 1135
SPS: 1136
SPS: 1136
SPS: 1136
SPS: 1136
SPS: 1136
SPS: 1137
SPS: 1137
SPS: 1137
SPS: 1137
SPS: 1137
SPS: 1138
SPS: 1138
SPS: 1138
SPS: 1138
SPS: 1139
SPS: 1139
SPS: 1139
SPS: 1139
SPS: 1139
SPS: 1140
SPS: 1140
SPS: 1140
SPS: 1140
SPS: 1140
SPS: 1141
SPS: 1141
SPS: 1141
SPS: 1141
SPS: 1142
SPS: 1142
SPS: 1142
SPS: 1142
SPS: 1142
SPS: 1143
SPS: 1143
SPS: 1143
SPS: 1143
SPS: 1143
SPS: 1143
SPS: 1144
SPS: 1144
SPS: 1144
SPS: 1144
SPS: 1145
SPS: 1145
SPS: 1145
SPS: 1145
SPS: 1145
SPS: 1146
SPS: 1146
SPS: 1146
SPS: 1146
SPS: 1146
SPS: 1146
SPS: 1147
SPS: 1147
SPS: 1147
SPS: 1147
SPS: 1147
SPS: 1147
SPS: 1148
SPS: 1148
SPS: 1148
SPS: 1148
SPS: 1148
SPS: 1148
SPS: 1149
SPS: 1149
SPS: 1149
SPS: 1149
SPS: 1149
SPS: 1150
SPS: 1150
SPS: 1150
SPS: 1150
SPS: 1150
SPS: 1150
SPS: 1150
SPS: 1151
SPS: 1151
SPS: 1151
SPS: 1151
SPS: 1151
SPS: 1152
SPS: 1152
SPS: 1152
SPS: 1152
SPS: 1152
SPS: 1153
SPS: 1153
SPS: 1153
SPS: 1153
SPS: 1153
SPS: 1153
SPS: 1154
SPS: 1154
SPS: 1154
SPS: 1154
SPS: 1154
SPS: 1154
SPS: 1154
SPS: 1155
SPS: 1155
SPS: 1155
SPS: 1155
SPS: 1155
SPS: 1155
SPS: 1156
SPS: 1156
SPS: 1156
SPS: 1156
SPS: 1156
SPS: 1156
SPS: 1157
SPS: 1157
SPS: 1157
SPS: 1157
SPS: 1157
SPS: 1157
SPS: 1157
SPS: 1157
SPS: 1157
SPS: 1157
SPS: 1158
SPS: 1158
SPS: 1158
SPS: 1158
SPS: 1158
SPS: 1158
SPS: 1158
SPS: 1158
SPS: 1159
SPS: 1159
SPS: 1159
SPS: 1159
SPS: 1159
SPS: 1159
SPS: 1159
SPS: 1159
SPS: 1159
SPS: 1160
SPS: 1160
SPS: 1160
SPS: 1160
SPS: 1160
SPS: 1160
SPS: 1160
SPS: 1160
SPS: 1160
SPS: 1160
SPS: 1161
SPS: 1161
SPS: 1161
SPS: 1161
SPS: 1161
SPS: 1161
SPS: 1161
SPS: 1161
SPS: 1161
SPS: 1161
SPS: 1161
SPS: 1161
SPS: 1162
SPS: 1162
SPS: 1162
SPS: 1162
SPS: 1162
SPS: 1162
SPS: 1162
SPS: 1162
SPS: 1162
SPS: 1162
SPS: 1162
SPS: 1162
SPS: 1163
SPS: 1163
SPS: 1163
SPS: 1163
SPS: 1163
SPS: 1163
SPS: 1163
SPS: 1163
SPS: 1163
SPS: 1163
SPS: 1163
SPS: 1164
SPS: 1164
SPS: 1164
SPS: 1164
SPS: 1164
SPS: 1164
SPS: 1164
SPS: 1164
SPS: 1164
SPS: 1164
SPS: 1165
SPS: 1165
SPS: 1165
SPS: 1165
SPS: 1165
SPS: 1165
SPS: 1165
SPS: 1165
SPS: 1165
SPS: 1165
SPS: 1165
SPS: 1165
SPS: 1165
SPS: 1165
SPS: 1165
SPS: 1166
SPS: 1166
SPS: 1166
SPS: 1166
SPS: 1166
SPS: 1166
SPS: 1166
SPS: 1166
SPS: 1166
SPS: 1166
SPS: 1166
SPS: 1166
SPS: 1166
SPS: 1166
SPS: 1167
SPS: 1167
SPS: 1167
SPS: 1167
SPS: 1167
SPS: 1167
SPS: 1167
SPS: 1167
SPS: 1167
SPS: 1167
SPS: 1167
SPS: 1167
SPS: 1167
SPS: 1167
SPS: 1167
SPS: 1167
SPS: 1168
SPS: 1168
SPS: 1168
SPS: 1168
SPS: 1168
SPS: 1168
SPS: 1168
SPS: 1168
SPS: 1168
SPS: 1168
SPS: 1168
SPS: 1168
SPS: 1168
SPS: 1168
SPS: 1168
SPS: 1168
SPS: 1168
SPS: 1169
SPS: 1169
SPS: 1169
SPS: 1169
SPS: 1169
SPS: 1169
SPS: 1169
SPS: 1169
SPS: 1169
SPS: 1169
SPS: 1169
SPS: 1169
SPS: 1169
SPS: 1169
SPS: 1169
SPS: 1169
SPS: 1169
SPS: 1169
SPS: 1169
SPS: 1169
SPS: 1170
SPS: 1170
SPS: 1170
SPS: 1170
SPS: 1170
SPS: 1170
SPS: 1170
SPS: 1170
SPS: 1170
SPS: 1170
SPS: 1170
SPS: 1170
SPS: 1170
SPS: 1170
SPS: 1170
SPS: 1170
SPS: 1170
SPS: 1171
SPS: 1171
SPS: 1171
SPS: 1171
SPS: 1171
SPS: 1171
SPS: 1171
SPS: 1171
SPS: 1171
SPS: 1171
SPS: 1171
SPS: 1171
SPS: 1171
SPS: 1171
SPS: 1171
SPS: 1171
SPS: 1171
SPS: 1171
SPS: 1171
SPS: 1172
SPS: 1172
SPS: 1172
SPS: 1172
SPS: 1172
SPS: 1172
SPS: 1172
SPS: 1172
SPS: 1172
SPS: 1172
SPS: 1172
SPS: 1172
SPS: 1172
SPS: 1172
SPS: 1172
SPS: 1172
SPS: 1172
SPS: 1172
SPS: 1173
SPS: 1173
SPS: 1173
SPS: 1173
SPS: 1173
SPS: 1173
SPS: 1173
SPS: 1173
SPS: 1173
SPS: 1173
SPS: 1173
SPS: 1173
SPS: 1173
SPS: 1173
SPS: 1173
SPS: 1173
SPS: 1173
SPS: 1173
SPS: 1174
SPS: 1174
SPS: 1174
SPS: 1174
SPS: 1174
SPS: 1174
SPS: 1174
SPS: 1174
SPS: 1174
SPS: 1174
SPS: 1174
SPS: 1174
SPS: 1174
SPS: 1174
SPS: 1174
SPS: 1174
SPS: 1174
SPS: 1174
SPS: 1174
SPS: 1174
SPS: 1175
SPS: 1175
SPS: 1175
SPS: 1175
SPS: 1175
SPS: 1175
SPS: 1175
SPS: 1175
SPS: 1175
SPS: 1175
SPS: 1175
SPS: 1175
SPS: 1175
SPS: 1175
SPS: 1175
SPS: 1175
SPS: 1175
SPS: 1175
SPS: 1175
SPS: 1175
SPS: 1175
SPS: 1175
SPS: 1175
SPS: 1176
SPS: 1176
SPS: 1176
SPS: 1176
SPS: 1176
SPS: 1176
SPS: 1176
SPS: 1176
SPS: 1176
SPS: 1176
SPS: 1176
SPS: 1176
SPS: 1176
SPS: 1176
SPS: 1176
SPS: 1176
SPS: 1176
SPS: 1176
SPS: 1176
SPS: 1176
SPS: 1176
SPS: 1176
SPS: 1176
SPS: 1177
SPS: 1177
SPS: 1177
SPS: 1177
SPS: 1177
SPS: 1177
SPS: 1177
SPS: 1177
SPS: 1177
SPS: 1177
SPS: 1177
SPS: 1177
SPS: 1177
SPS: 1177
SPS: 1177
SPS: 1177
SPS: 1177
SPS: 1177
SPS: 1177
SPS: 1177
SPS: 1177
SPS: 1177
SPS: 1177
SPS: 1177
SPS: 1177
SPS: 1177
SPS: 1177
SPS: 1177
SPS: 1177
SPS: 1178
SPS: 1178
SPS: 1178
SPS: 1178
SPS: 1178
SPS: 1178
SPS: 1178
SPS: 1178
SPS: 1178
SPS: 1178
SPS: 1178
SPS: 1178
SPS: 1178
SPS: 1178
SPS: 1178
SPS: 1178
SPS: 1178
SPS: 1178
SPS: 1178
SPS: 1178
SPS: 1178
SPS: 1178
SPS: 1178
SPS: 1178
SPS: 1178
SPS: 1178
SPS: 1178
SPS: 1178
SPS: 1178
SPS: 1178
SPS: 1178
SPS: 1178
SPS: 1178
SPS: 1179
SPS: 1179
SPS: 1179
SPS: 1179
SPS: 1179
SPS: 1179
SPS: 1179
SPS: 1179
SPS: 1179
SPS: 1179
SPS: 1179
SPS: 1179
SPS: 1179
SPS: 1179
SPS: 1179
SPS: 1179
SPS: 1179
SPS: 1179
SPS: 1179
SPS: 1179
SPS: 1179
SPS: 1179
SPS: 1179
SPS: 1179
SPS: 1179
SPS: 1179
SPS: 1179
SPS: 1179
SPS: 1179
SPS: 1179
SPS: 1179
SPS: 1179
SPS: 1179
SPS: 1179
SPS: 1179
SPS: 1179
SPS: 1179
SPS: 1180
SPS: 1180
SPS: 1180
SPS: 1180
SPS: 1180
SPS: 1180
SPS: 1180
SPS: 1180
SPS: 1180
SPS: 1180
SPS: 1180
SPS: 1180
SPS: 1180
SPS: 1180
SPS: 1180
SPS: 1180
SPS: 1180
SPS: 1180
SPS: 1180
SPS: 1180
SPS: 1180
SPS: 1180
SPS: 1180
SPS: 1180
SPS: 1180
SPS: 1180
SPS: 1180
SPS: 1180
SPS: 1180
SPS: 1180
SPS: 1180
SPS: 1180
SPS: 1180
SPS: 1180
SPS: 1180
SPS: 1180
SPS: 1181
SPS: 1181
SPS: 1181
SPS: 1181
SPS: 1181
SPS: 1181
SPS: 1181
SPS: 1181
SPS: 1181
SPS: 1181
SPS: 1181
SPS: 1181
SPS: 1181
SPS: 1181
SPS: 1181
SPS: 1181
SPS: 1181
SPS: 1181
SPS: 1181
SPS: 1181
SPS: 1181
SPS: 1181
SPS: 1181
SPS: 1181
SPS: 1181
SPS: 1181
SPS: 1181
SPS: 1181
SPS: 1181
SPS: 1181
SPS: 1181
SPS: 1181
SPS: 1181
SPS: 1181
SPS: 1181
SPS: 1181
SPS: 1181
SPS: 1181
SPS: 1181
SPS: 1181
SPS: 1181
SPS: 1181
SPS: 1181
SPS: 1181
SPS: 1181
SPS: 1181
SPS: 1182
SPS: 1182
SPS: 1182
SPS: 1182
SPS: 1182
SPS: 1182
SPS: 1182
SPS: 1182
SPS: 1182
SPS: 1182
SPS: 1182
SPS: 1182
SPS: 1182
SPS: 1182
SPS: 1182
SPS: 1182
SPS: 1182
SPS: 1182
SPS: 1182
SPS: 1182
SPS: 1182
SPS: 1182
SPS: 1182
SPS: 1182
SPS: 1182
SPS: 1182
SPS: 1182
SPS: 1182
SPS: 1182
SPS: 1182
SPS: 1182
SPS: 1182
SPS: 1182
SPS: 1182
SPS: 1182
SPS: 1182
SPS: 1182
SPS: 1182
SPS: 1182
SPS: 1182
SPS: 1182
SPS: 1182
SPS: 1182
SPS: 1182
SPS: 1183
SPS: 1183
SPS: 1183
SPS: 1183
SPS: 1183
SPS: 1183
SPS: 1183
SPS: 1183
SPS: 1183
SPS: 1183
SPS: 1183
SPS: 1183
SPS: 1183
SPS: 1183
SPS: 1183
SPS: 1183
SPS: 1183
SPS: 1183
SPS: 1183
SPS: 1183
SPS: 1183
SPS: 1183
SPS: 1183
SPS: 1183
SPS: 1183
SPS: 1183
SPS: 1183
SPS: 1183
SPS: 1183
SPS: 1183
SPS: 1183
SPS: 1183
SPS: 1183
SPS: 1183
SPS: 1183
SPS: 1183
SPS: 1183
SPS: 1183
SPS: 1183
SPS: 1183
SPS: 1183
SPS: 1183
SPS: 1183
SPS: 1183
SPS: 1183
SPS: 1183
SPS: 1183
SPS: 1183
SPS: 1183
SPS: 1183
SPS: 1183
SPS: 1183
SPS: 1183
SPS: 1183
SPS: 1183
SPS: 1183
SPS: 1183
SPS: 1183
SPS: 1183
SPS: 1183
SPS: 1183
SPS: 1183
SPS: 1183
SPS: 1183
SPS: 1183
SPS: 1183
SPS: 1183
SPS: 1183
SPS: 1183
SPS: 1183
SPS: 1183
SPS: 1183
SPS: 1183
SPS: 1183
SPS: 1183
SPS: 1183
SPS: 1183
SPS: 1183
SPS: 1183
SPS: 1183
SPS: 1183
SPS: 1183
SPS: 1183
SPS: 1183
SPS: 1183
SPS: 1183
SPS: 1183
SPS: 1183
SPS: 1183
SPS: 1183
SPS: 1183
SPS: 1183
SPS: 1183
SPS: 1183
SPS: 1183
SPS: 1183
SPS: 1183
SPS: 1183
SPS: 1183
SPS: 1183
SPS: 1183
SPS: 1183
SPS: 1183
SPS: 1183
SPS: 1183
SPS: 1183
SPS: 1183
SPS: 1183
SPS: 1183
SPS: 1183
SPS: 1183
SPS: 1183
SPS: 1183
SPS: 1183
SPS: 1183
SPS: 1183
SPS: 1183
SPS: 1183
SPS: 1183
SPS: 1183
SPS: 1183
SPS: 1183
SPS: 1183
SPS: 1183
SPS: 1183
SPS: 1183
SPS: 1183
SPS: 1183
SPS: 1183
SPS: 1183
SPS: 1183
SPS: 1183
SPS: 1183
SPS: 1183
SPS: 1183
SPS: 1183
SPS: 1183
SPS: 1183
SPS: 1183
SPS: 1183
SPS: 1183
SPS: 1183
SPS: 1183
SPS: 1183
SPS: 1183
SPS: 1183
SPS: 1183
SPS: 1183
SPS: 1183
SPS: 1183
SPS: 1183
SPS: 1183
SPS: 1183
SPS: 1183
SPS: 1183
SPS: 1183
SPS: 1183
SPS: 1183
SPS: 1183
SPS: 1183
SPS: 1183
SPS: 1183
SPS: 1183
SPS: 1183
SPS: 1183
SPS: 1183
SPS: 1183
SPS: 1183
SPS: 1183
SPS: 1183
SPS: 1183
SPS: 1183
SPS: 1183
SPS: 1183
SPS: 1183
SPS: 1183
SPS: 1183
SPS: 1183
SPS: 1183
SPS: 1183
SPS: 1183
SPS: 1183
SPS: 1183
SPS: 1183
SPS: 1183
SPS: 1183
SPS: 1183
SPS: 1183
SPS: 1183
SPS: 1183
SPS: 1183
SPS: 1183
SPS: 1183
SPS: 1183
SPS: 1183
SPS: 1183
SPS: 1183
SPS: 1183
SPS: 1183
SPS: 1183
SPS: 1183
SPS: 1184
SPS: 1184
SPS: 1184
SPS: 1184
SPS: 1184
SPS: 1184
SPS: 1184
SPS: 1184
SPS: 1184
SPS: 1184
SPS: 1184
SPS: 1184
SPS: 1184
SPS: 1184
SPS: 1184
SPS: 1184
SPS: 1184
SPS: 1184
SPS: 1184
SPS: 1184
SPS: 1184
SPS: 1184
SPS: 1184
SPS: 1184
SPS: 1184
SPS: 1184
SPS: 1184
SPS: 1184
SPS: 1184
SPS: 1184
SPS: 1184
SPS: 1184
SPS: 1184
SPS: 1184
SPS: 1184
SPS: 1184
SPS: 1184
SPS: 1184
SPS: 1184
SPS: 1184
SPS: 1184
SPS: 1184
SPS: 1184
SPS: 1184
SPS: 1184
SPS: 1184
SPS: 1184
SPS: 1184
SPS: 1184
SPS: 1184
SPS: 1184
SPS: 1184
SPS: 1184
SPS: 1184
SPS: 1184
SPS: 1184
SPS: 1184
SPS: 1184
SPS: 1184
SPS: 1184
SPS: 1184
SPS: 1184
SPS: 1184
SPS: 1184
SPS: 1184
SPS: 1184
SPS: 1184
SPS: 1184
SPS: 1184
SPS: 1184
SPS: 1184
SPS: 1184
SPS: 1184
SPS: 1184
SPS: 1184
SPS: 1184
SPS: 1184
SPS: 1184
SPS: 1184
SPS: 1184
SPS: 1184
SPS: 1184
SPS: 1184
SPS: 1184
SPS: 1184
SPS: 1184
SPS: 1184
SPS: 1184
SPS: 1184
SPS: 1184
SPS: 1185
SPS: 1185
SPS: 1185
SPS: 1185
SPS: 1185
SPS: 1185
SPS: 1185
SPS: 1185
SPS: 1185
SPS: 1185
SPS: 1185
SPS: 1185
SPS: 1185
SPS: 1185
SPS: 1185
SPS: 1185
SPS: 1185
SPS: 1185
SPS: 1185
SPS: 1185
SPS: 1185
SPS: 1185
SPS: 1185
SPS: 1185
SPS: 1185
SPS: 1185
SPS: 1185
SPS: 1185
SPS: 1185
SPS: 1185
SPS: 1185
SPS: 1185
SPS: 1185
SPS: 1185
SPS: 1185
SPS: 1185
SPS: 1185
SPS: 1185
SPS: 1185
SPS: 1185
SPS: 1185
SPS: 1185
SPS: 1185
SPS: 1185
SPS: 1185
SPS: 1185
SPS: 1185
SPS: 1185
SPS: 1185
SPS: 1185
SPS: 1185
SPS: 1185
SPS: 1185
SPS: 1185
SPS: 1185
SPS: 1185
SPS: 1185
SPS: 1185
SPS: 1185
SPS: 1185
SPS: 1185
SPS: 1185
SPS: 1185
SPS: 1185
SPS: 1185
SPS: 1185
SPS: 1185
SPS: 1185
SPS: 1185
SPS: 1185
SPS: 1185
SPS: 1185
SPS: 1185
SPS: 1185
SPS: 1185
SPS: 1185
SPS: 1185
SPS: 1185
SPS: 1185
SPS: 1185
SPS: 1185
SPS: 1186
SPS: 1186
SPS: 1186
SPS: 1186
SPS: 1186
SPS: 1186
SPS: 1186
SPS: 1186
SPS: 1186
SPS: 1186
SPS: 1186
SPS: 1186
SPS: 1186
SPS: 1186
SPS: 1186
SPS: 1186
SPS: 1186
SPS: 1186
SPS: 1186
SPS: 1186
SPS: 1186
SPS: 1186
SPS: 1186
SPS: 1186
SPS: 1186
SPS: 1186
SPS: 1186
SPS: 1186
SPS: 1186
SPS: 1186
SPS: 1186
SPS: 1186
SPS: 1186
SPS: 1186
SPS: 1186
SPS: 1186
SPS: 1186
SPS: 1186
SPS: 1186
SPS: 1186
SPS: 1186
SPS: 1186
SPS: 1186
SPS: 1186
SPS: 1186
SPS: 1186
SPS: 1186
SPS: 1186
SPS: 1186
SPS: 1186
SPS: 1186
SPS: 1186
SPS: 1186
SPS: 1186
SPS: 1186
SPS: 1186
SPS: 1186
SPS: 1186
SPS: 1186
SPS: 1186
SPS: 1186
SPS: 1186
SPS: 1186
SPS: 1186
SPS: 1186
SPS: 1186
SPS: 1186
SPS: 1186
SPS: 1186
SPS: 1186
SPS: 1186
SPS: 1186
SPS: 1186
SPS: 1186
SPS: 1186
SPS: 1186
SPS: 1186
SPS: 1186
SPS: 1186
SPS: 1186
SPS: 1186
SPS: 1186
SPS: 1186
SPS: 1186
SPS: 1186
SPS: 1186
SPS: 1187
SPS: 1187
SPS: 1187
SPS: 1187
SPS: 1187
SPS: 1187
SPS: 1187
SPS: 1187
SPS: 1187
SPS: 1187
SPS: 1187
SPS: 1187
SPS: 1187
SPS: 1187
SPS: 1187
SPS: 1187
SPS: 1187
SPS: 1187
SPS: 1187
SPS: 1187
SPS: 1187
SPS: 1187
SPS: 1187
SPS: 1187
SPS: 1187
SPS: 1187
SPS: 1187
SPS: 1187
SPS: 1187
SPS: 1187
SPS: 1187
SPS: 1187
SPS: 1187
SPS: 1187
SPS: 1187
SPS: 1187
SPS: 1187
SPS: 1187
SPS: 1187
SPS: 1187
SPS: 1187
SPS: 1187
SPS: 1187
SPS: 1187
SPS: 1187
time budget reached: 3601s @ global_step=4276224
