C:\Users\a3162\thesis\.venv\Lib\site-packages\tyro\_parsers.py:365: UserWarning: The field `wandb-entity` is annotated with type `<class 'str'>`, but the default value `None` has type `<class 'NoneType'>`. We'll try to handle this gracefully, but it may cause unexpected behavior.
  warnings.warn(message)
C:\Users\a3162\thesis\.venv\Lib\site-packages\tyro\_parsers.py:365: UserWarning: The field `target-kl` is annotated with type `<class 'float'>`, but the default value `None` has type `<class 'NoneType'>`. We'll try to handle this gracefully, but it may cause unexpected behavior.
  warnings.warn(message)
SPS: 38643
SPS: 41951
SPS: 43048
SPS: 43672
SPS: 44066
SPS: 44243
SPS: 44391
SPS: 44512
SPS: 44629
SPS: 44727
SPS: 44760
SPS: 44842
SPS: 44883
SPS: 44902
SPS: 44953
SPS: 44978
SPS: 45008
SPS: 45060
SPS: 45085
SPS: 45080
SPS: 45109
SPS: 45109
SPS: 45120
SPS: 45141
SPS: 45140
SPS: 45158
SPS: 45172
SPS: 45170
SPS: 45185
SPS: 45179
SPS: 45185
SPS: 45192
SPS: 45217
SPS: 45220
SPS: 45234
SPS: 45234
SPS: 45229
SPS: 45220
SPS: 45061
SPS: 44988
SPS: 44940
SPS: 44956
SPS: 44971
SPS: 44971
SPS: 44981
SPS: 44986
SPS: 44992
SPS: 45007
SPS: 45018
SPS: 45021
SPS: 45017
SPS: 45024
SPS: 45039
SPS: 45047
SPS: 45063
SPS: 45073
SPS: 45079
SPS: 45077
SPS: 45085
SPS: 45091
SPS: 45097
SPS: 45104
SPS: 45104
SPS: 45112
SPS: 45101
SPS: 45108
SPS: 45121
SPS: 45132
SPS: 45142
SPS: 45144
SPS: 45148
SPS: 45149
SPS: 45151
SPS: 45157
SPS: 45159
SPS: 45161
SPS: 45168
SPS: 45173
SPS: 45166
SPS: 45175
SPS: 45181
SPS: 45189
SPS: 45196
SPS: 45206
SPS: 45213
SPS: 45212
SPS: 45217
SPS: 45222
SPS: 45227
SPS: 45228
SPS: 45228
SPS: 45231
SPS: 45227
SPS: 45231
SPS: 45238
SPS: 45245
SPS: 45247
SPS: 45250
SPS: 45254
SPS: 45252
SPS: 45259
SPS: 45268
SPS: 45276
SPS: 45281
SPS: 45280
SPS: 45281
SPS: 45278
SPS: 45283
SPS: 45285
SPS: 45288
SPS: 45291
SPS: 45293
SPS: 45296
SPS: 45300
SPS: 45301
SPS: 45302
SPS: 45301
SPS: 45301
SPS: 45305
SPS: 45309
SPS: 45309
SPS: 45310
SPS: 45310
SPS: 45311
SPS: 45312
SPS: 45313
SPS: 45313
SPS: 45307
SPS: 45309
SPS: 45315
SPS: 45319
SPS: 45321
SPS: 45313
SPS: 45311
SPS: 45308
SPS: 45307
SPS: 45311
SPS: 45311
SPS: 45312
SPS: 45313
SPS: 45315
SPS: 45316
SPS: 45317
SPS: 45314
SPS: 45315
SPS: 45317
SPS: 45319
SPS: 45323
SPS: 45321
SPS: 45322
SPS: 45324
SPS: 45324
SPS: 45323
SPS: 45325
SPS: 45327
SPS: 45326
SPS: 45327
SPS: 45328
SPS: 45328
SPS: 45326
SPS: 45327
SPS: 45331
SPS: 45331
SPS: 45329
SPS: 45333
SPS: 45334
SPS: 45334
SPS: 45333
SPS: 45335
SPS: 45333
SPS: 45339
SPS: 45341
SPS: 45344
SPS: 45346
SPS: 45345
SPS: 45345
SPS: 45343
SPS: 45343
SPS: 45344
SPS: 45345
SPS: 45347
SPS: 45348
SPS: 45347
SPS: 45345
SPS: 45346
SPS: 45349
SPS: 45349
SPS: 45352
SPS: 45352
SPS: 45355
SPS: 45355
SPS: 45353
SPS: 45355
SPS: 45354
SPS: 45352
SPS: 45350
SPS: 45352
SPS: 45352
SPS: 45355
SPS: 45356
SPS: 45358
SPS: 45359
SPS: 45360
SPS: 45360
SPS: 45358
SPS: 45358
SPS: 45359
SPS: 45360
SPS: 45359
SPS: 45359
SPS: 45358
SPS: 45355
SPS: 45354
SPS: 45353
SPS: 45354
SPS: 45355
SPS: 45357
SPS: 45357
SPS: 45354
SPS: 45356
SPS: 45356
SPS: 45356
SPS: 45358
SPS: 45361
SPS: 45362
SPS: 45363
SPS: 45362
SPS: 45361
SPS: 45362
SPS: 45363
SPS: 45363
SPS: 45364
SPS: 45363
SPS: 45365
SPS: 45364
SPS: 45365
SPS: 45366
SPS: 45365
SPS: 45366
SPS: 45367
SPS: 45370
SPS: 45371
SPS: 45371
SPS: 45371
SPS: 45369
SPS: 45368
SPS: 45366
SPS: 45365
SPS: 45364
SPS: 45364
SPS: 45365
SPS: 45366
SPS: 45367
SPS: 45367
SPS: 45368
SPS: 45369
SPS: 45370
SPS: 45371
SPS: 45371
SPS: 45372
SPS: 45372
SPS: 45372
SPS: 45373
SPS: 45373
SPS: 45374
SPS: 45374
SPS: 45375
SPS: 45375
SPS: 45376
SPS: 45376
SPS: 45376
SPS: 45375
SPS: 45375
SPS: 45376
SPS: 45374
SPS: 45376
SPS: 45376
SPS: 45375
SPS: 45375
SPS: 45374
SPS: 45374
SPS: 45373
SPS: 45371
SPS: 45370
SPS: 45370
SPS: 45369
SPS: 45370
SPS: 45369
SPS: 45368
SPS: 45368
SPS: 45369
SPS: 45370
SPS: 45371
SPS: 45372
SPS: 45371
SPS: 45372
SPS: 45371
SPS: 45371
SPS: 45371
SPS: 45371
SPS: 45372
SPS: 45371
SPS: 45373
SPS: 45374
SPS: 45373
SPS: 45372
SPS: 45372
SPS: 45372
SPS: 45371
SPS: 45372
SPS: 45374
SPS: 45374
SPS: 45373
SPS: 45374
SPS: 45375
SPS: 45372
SPS: 45372
SPS: 45373
SPS: 45373
SPS: 45375
SPS: 45375
SPS: 45375
SPS: 45373
SPS: 45373
SPS: 45372
SPS: 45372
SPS: 45373
SPS: 45373
SPS: 45373
SPS: 45372
SPS: 45373
SPS: 45372
SPS: 45373
SPS: 45373
SPS: 45373
SPS: 45371
SPS: 45371
SPS: 45371
SPS: 45371
SPS: 45371
SPS: 45371
SPS: 45371
SPS: 45371
SPS: 45370
SPS: 45371
SPS: 45371
SPS: 45369
SPS: 45367
SPS: 45367
SPS: 45368
SPS: 45366
SPS: 45366
SPS: 45366
SPS: 45366
SPS: 45368
SPS: 45368
SPS: 45368
SPS: 45367
SPS: 45368
SPS: 45369
SPS: 45370
SPS: 45371
SPS: 45370
SPS: 45368
SPS: 45366
SPS: 45367
SPS: 45367
SPS: 45366
SPS: 45366
SPS: 45366
SPS: 45368
SPS: 45368
SPS: 45367
SPS: 45367
SPS: 45367
SPS: 45365
SPS: 45366
SPS: 45366
SPS: 45365
SPS: 45365
SPS: 45365
SPS: 45365
SPS: 45366
SPS: 45366
SPS: 45366
SPS: 45364
SPS: 45364
SPS: 45364
SPS: 45363
SPS: 45363
SPS: 45364
SPS: 45364
SPS: 45363
SPS: 45364
SPS: 45365
SPS: 45366
SPS: 45368
SPS: 45369
SPS: 45369
SPS: 45367
SPS: 45368
SPS: 45367
SPS: 45367
SPS: 45367
SPS: 45368
SPS: 45368
SPS: 45367
SPS: 45367
SPS: 45368
SPS: 45368
SPS: 45369
SPS: 45369
SPS: 45369
SPS: 45369
SPS: 45369
SPS: 45367
SPS: 45367
SPS: 45366
SPS: 45365
SPS: 45364
SPS: 45364
SPS: 45363
SPS: 45364
SPS: 45364
SPS: 45363
SPS: 45362
SPS: 45362
SPS: 45362
SPS: 45363
SPS: 45364
SPS: 45365
SPS: 45365
SPS: 45365
SPS: 45365
SPS: 45364
SPS: 45364
SPS: 45365
SPS: 45366
SPS: 45366
SPS: 45366
SPS: 45367
SPS: 45367
SPS: 45367
SPS: 45368
SPS: 45368
SPS: 45368
SPS: 45370
SPS: 45370
SPS: 45369
SPS: 45369
SPS: 45369
SPS: 45369
SPS: 45368
SPS: 45368
SPS: 45367
SPS: 45368
SPS: 45368
SPS: 45369
SPS: 45369
SPS: 45370
SPS: 45369
SPS: 45369
SPS: 45369
SPS: 45370
SPS: 45370
SPS: 45371
SPS: 45371
SPS: 45370
SPS: 45370
SPS: 45370
SPS: 45370
SPS: 45370
SPS: 45371
SPS: 45372
SPS: 45372
SPS: 45373
SPS: 45373
SPS: 45373
SPS: 45373
SPS: 45374
SPS: 45374
SPS: 45375
SPS: 45376
SPS: 45376
SPS: 45375
SPS: 45375
SPS: 45375
SPS: 45375
SPS: 45374
SPS: 45374
SPS: 45375
SPS: 45375
SPS: 45374
SPS: 45375
SPS: 45374
SPS: 45375
SPS: 45374
SPS: 45375
SPS: 45375
SPS: 45376
SPS: 45377
SPS: 45376
SPS: 45377
SPS: 45376
SPS: 45376
SPS: 45376
SPS: 45376
SPS: 45376
SPS: 45377
SPS: 45377
SPS: 45377
SPS: 45377
SPS: 45377
SPS: 45377
SPS: 45377
SPS: 45376
SPS: 45376
SPS: 45375
SPS: 45375
SPS: 45375
SPS: 45375
SPS: 45375
SPS: 45376
SPS: 45376
SPS: 45376
SPS: 45376
SPS: 45375
SPS: 45375
SPS: 45375
SPS: 45375
SPS: 45376
SPS: 45376
SPS: 45376
SPS: 45375
SPS: 45376
SPS: 45377
SPS: 45377
SPS: 45377
SPS: 45376
SPS: 45376
SPS: 45377
SPS: 45377
SPS: 45377
SPS: 45378
SPS: 45378
SPS: 45377
SPS: 45377
SPS: 45377
SPS: 45377
SPS: 45378
SPS: 45379
SPS: 45379
SPS: 45378
SPS: 45377
SPS: 45375
SPS: 45375
SPS: 45374
SPS: 45374
SPS: 45375
SPS: 45375
SPS: 45376
SPS: 45377
SPS: 45377
SPS: 45377
SPS: 45377
SPS: 45378
SPS: 45377
SPS: 45378
SPS: 45379
SPS: 45380
SPS: 45380
SPS: 45380
SPS: 45379
SPS: 45379
SPS: 45378
SPS: 45378
SPS: 45378
SPS: 45378
SPS: 45379
SPS: 45378
SPS: 45378
SPS: 45377
SPS: 45377
SPS: 45377
SPS: 45378
SPS: 45379
SPS: 45379
SPS: 45378
SPS: 45378
SPS: 45379
SPS: 45379
SPS: 45380
SPS: 45380
SPS: 45380
SPS: 45378
SPS: 45379
SPS: 45379
SPS: 45379
SPS: 45379
SPS: 45379
SPS: 45380
SPS: 45379
SPS: 45380
SPS: 45379
SPS: 45380
SPS: 45379
SPS: 45379
SPS: 45379
SPS: 45377
SPS: 45378
SPS: 45378
SPS: 45379
SPS: 45380
SPS: 45381
SPS: 45382
SPS: 45381
SPS: 45382
SPS: 45382
SPS: 45383
SPS: 45383
SPS: 45383
SPS: 45383
SPS: 45382
SPS: 45381
SPS: 45380
SPS: 45379
SPS: 45379
SPS: 45379
SPS: 45379
SPS: 45379
SPS: 45378
SPS: 45379
SPS: 45379
SPS: 45379
SPS: 45379
SPS: 45379
SPS: 45378
SPS: 45378
SPS: 45378
SPS: 45378
SPS: 45376
SPS: 45376
SPS: 45375
SPS: 45374
SPS: 45374
SPS: 45373
SPS: 45373
SPS: 45373
SPS: 45373
SPS: 45373
SPS: 45372
SPS: 45371
SPS: 45371
SPS: 45371
SPS: 45371
SPS: 45371
SPS: 45371
SPS: 45370
SPS: 45369
SPS: 45368
SPS: 45368
SPS: 45368
SPS: 45368
SPS: 45368
SPS: 45368
SPS: 45368
SPS: 45368
SPS: 45368
SPS: 45368
SPS: 45368
SPS: 45368
SPS: 45368
SPS: 45368
SPS: 45368
SPS: 45368
SPS: 45368
SPS: 45368
SPS: 45367
SPS: 45367
SPS: 45366
SPS: 45366
SPS: 45366
SPS: 45365
SPS: 45365
SPS: 45365
SPS: 45364
SPS: 45364
SPS: 45364
SPS: 45365
SPS: 45365
SPS: 45365
SPS: 45365
SPS: 45365
SPS: 45365
SPS: 45365
SPS: 45365
SPS: 45365
SPS: 45365
SPS: 45364
SPS: 45364
SPS: 45363
SPS: 45363
SPS: 45362
SPS: 45362
SPS: 45362
SPS: 45362
SPS: 45362
SPS: 45362
SPS: 45362
SPS: 45361
SPS: 45361
SPS: 45361
SPS: 45360
SPS: 45360
SPS: 45360
SPS: 45361
SPS: 45361
SPS: 45361
SPS: 45360
SPS: 45360
SPS: 45359
SPS: 45359
SPS: 45360
SPS: 45360
SPS: 45360
SPS: 45360
SPS: 45359
SPS: 45358
SPS: 45358
SPS: 45358
SPS: 45358
SPS: 45358
SPS: 45358
SPS: 45358
SPS: 45358
SPS: 45357
SPS: 45357
SPS: 45357
SPS: 45357
SPS: 45357
SPS: 45357
SPS: 45358
SPS: 45358
SPS: 45358
SPS: 45358
SPS: 45357
SPS: 45357
SPS: 45357
SPS: 45357
SPS: 45356
SPS: 45356
SPS: 45356
SPS: 45356
SPS: 45357
SPS: 45356
SPS: 45356
SPS: 45357
SPS: 45357
SPS: 45357
SPS: 45357
SPS: 45356
SPS: 45355
SPS: 45354
SPS: 45355
SPS: 45354
SPS: 45354
SPS: 45354
SPS: 45354
SPS: 45353
SPS: 45353
SPS: 45353
SPS: 45354
SPS: 45354
SPS: 45354
SPS: 45354
SPS: 45354
SPS: 45354
SPS: 45354
SPS: 45353
SPS: 45353
SPS: 45353
SPS: 45352
SPS: 45352
SPS: 45353
SPS: 45353
SPS: 45354
SPS: 45354
SPS: 45354
SPS: 45354
SPS: 45353
SPS: 45353
SPS: 45354
SPS: 45353
SPS: 45353
SPS: 45353
SPS: 45352
SPS: 45351
SPS: 45351
SPS: 45351
SPS: 45350
SPS: 45349
SPS: 45349
SPS: 45349
SPS: 45349
SPS: 45350
SPS: 45349
SPS: 45349
SPS: 45349
SPS: 45349
SPS: 45349
SPS: 45349
SPS: 45349
SPS: 45349
SPS: 45349
SPS: 45349
SPS: 45348
SPS: 45349
SPS: 45348
SPS: 45348
SPS: 45348
SPS: 45349
SPS: 45348
SPS: 45348
SPS: 45348
SPS: 45348
SPS: 45347
SPS: 45347
SPS: 45348
SPS: 45348
SPS: 45348
SPS: 45348
SPS: 45348
SPS: 45348
SPS: 45348
SPS: 45348
SPS: 45348
SPS: 45348
SPS: 45349
SPS: 45349
SPS: 45349
SPS: 45349
SPS: 45349
SPS: 45349
SPS: 45349
SPS: 45349
SPS: 45349
SPS: 45349
SPS: 45348
SPS: 45348
SPS: 45348
SPS: 45347
SPS: 45347
SPS: 45347
SPS: 45347
SPS: 45347
SPS: 45347
SPS: 45347
SPS: 45347
SPS: 45347
SPS: 45347
SPS: 45347
SPS: 45347
SPS: 45347
SPS: 45346
SPS: 45346
SPS: 45345
SPS: 45345
SPS: 45345
SPS: 45346
SPS: 45346
SPS: 45347
SPS: 45346
SPS: 45345
SPS: 45345
SPS: 45345
SPS: 45345
SPS: 45346
SPS: 45346
SPS: 45345
SPS: 45345
SPS: 45345
SPS: 45344
SPS: 45344
SPS: 45344
SPS: 45344
SPS: 45344
SPS: 45344
SPS: 45344
SPS: 45344
SPS: 45345
SPS: 45344
SPS: 45344
SPS: 45344
SPS: 45344
SPS: 45344
SPS: 45344
SPS: 45344
SPS: 45344
SPS: 45344
SPS: 45343
SPS: 45343
SPS: 45343
SPS: 45343
SPS: 45343
SPS: 45343
SPS: 45343
SPS: 45343
SPS: 45342
SPS: 45343
SPS: 45343
SPS: 45343
SPS: 45343
SPS: 45343
SPS: 45343
SPS: 45342
SPS: 45342
SPS: 45342
SPS: 45341
SPS: 45341
SPS: 45341
SPS: 45341
SPS: 45341
SPS: 45342
SPS: 45341
SPS: 45342
SPS: 45342
SPS: 45342
SPS: 45342
SPS: 45342
SPS: 45341
SPS: 45341
SPS: 45341
SPS: 45341
SPS: 45341
SPS: 45341
SPS: 45340
SPS: 45340
SPS: 45340
SPS: 45340
SPS: 45340
SPS: 45340
SPS: 45340
SPS: 45340
SPS: 45339
SPS: 45339
SPS: 45339
SPS: 45340
SPS: 45339
SPS: 45339
SPS: 45339
SPS: 45339
SPS: 45338
SPS: 45338
SPS: 45336
SPS: 45335
SPS: 45335
SPS: 45335
SPS: 45335
SPS: 45335
SPS: 45335
SPS: 45335
SPS: 45335
SPS: 45335
SPS: 45335
SPS: 45336
SPS: 45336
SPS: 45336
SPS: 45335
SPS: 45336
SPS: 45335
SPS: 45335
SPS: 45335
SPS: 45335
SPS: 45336
SPS: 45336
SPS: 45336
SPS: 45337
SPS: 45337
SPS: 45337
SPS: 45337
SPS: 45337
SPS: 45337
SPS: 45337
SPS: 45337
SPS: 45337
SPS: 45337
SPS: 45336
SPS: 45336
SPS: 45336
SPS: 45337
SPS: 45337
SPS: 45337
SPS: 45337
SPS: 45337
SPS: 45337
SPS: 45336
SPS: 45336
SPS: 45336
SPS: 45337
SPS: 45337
SPS: 45336
SPS: 45336
SPS: 45336
SPS: 45336
SPS: 45335
SPS: 45335
SPS: 45335
SPS: 45335
SPS: 45336
SPS: 45336
SPS: 45336
SPS: 45335
SPS: 45335
SPS: 45335
SPS: 45336
SPS: 45336
SPS: 45336
SPS: 45336
SPS: 45335
SPS: 45335
SPS: 45335
SPS: 45334
SPS: 45335
SPS: 45335
SPS: 45335
SPS: 45335
SPS: 45336
SPS: 45335
SPS: 45336
SPS: 45335
SPS: 45336
SPS: 45336
SPS: 45336
SPS: 45337
SPS: 45336
SPS: 45336
SPS: 45336
SPS: 45336
SPS: 45336
SPS: 45335
SPS: 45335
SPS: 45336
SPS: 45336
SPS: 45336
SPS: 45336
SPS: 45336
SPS: 45335
SPS: 45335
SPS: 45335
SPS: 45336
SPS: 45336
SPS: 45336
SPS: 45335
SPS: 45334
SPS: 45334
SPS: 45334
SPS: 45334
SPS: 45334
SPS: 45334
SPS: 45334
SPS: 45333
SPS: 45333
SPS: 45333
SPS: 45333
SPS: 45333
SPS: 45334
SPS: 45334
SPS: 45334
SPS: 45334
SPS: 45334
SPS: 45333
SPS: 45333
SPS: 45333
SPS: 45333
SPS: 45332
SPS: 45332
SPS: 45332
SPS: 45333
SPS: 45332
SPS: 45333
SPS: 45333
SPS: 45332
SPS: 45332
SPS: 45332
SPS: 45332
SPS: 45333
SPS: 45333
SPS: 45332
SPS: 45332
SPS: 45332
SPS: 45333
SPS: 45333
SPS: 45333
SPS: 45333
SPS: 45334
SPS: 45333
SPS: 45333
SPS: 45333
SPS: 45332
SPS: 45333
SPS: 45333
SPS: 45333
SPS: 45333
SPS: 45334
SPS: 45333
SPS: 45333
SPS: 45333
SPS: 45333
SPS: 45334
SPS: 45334
SPS: 45334
SPS: 45334
SPS: 45334
SPS: 45334
SPS: 45333
SPS: 45334
SPS: 45334
SPS: 45334
SPS: 45334
SPS: 45334
SPS: 45334
SPS: 45334
SPS: 45334
SPS: 45334
SPS: 45334
SPS: 45334
SPS: 45334
SPS: 45334
SPS: 45335
SPS: 45335
SPS: 45335
SPS: 45335
SPS: 45336
SPS: 45336
SPS: 45336
SPS: 45336
SPS: 45336
SPS: 45336
SPS: 45336
SPS: 45335
SPS: 45336
SPS: 45336
SPS: 45335
SPS: 45336
SPS: 45336
SPS: 45336
SPS: 45337
SPS: 45337
SPS: 45337
SPS: 45337
SPS: 45337
SPS: 45337
SPS: 45338
SPS: 45338
SPS: 45338
SPS: 45338
SPS: 45338
SPS: 45337
SPS: 45338
SPS: 45338
SPS: 45337
SPS: 45338
SPS: 45338
SPS: 45338
SPS: 45338
SPS: 45338
SPS: 45338
SPS: 45338
SPS: 45338
SPS: 45338
SPS: 45338
SPS: 45338
SPS: 45338
SPS: 45338
SPS: 45338
SPS: 45337
SPS: 45338
SPS: 45337
SPS: 45337
SPS: 45337
SPS: 45337
SPS: 45337
SPS: 45337
SPS: 45338
SPS: 45338
SPS: 45338
SPS: 45338
SPS: 45338
SPS: 45338
SPS: 45338
SPS: 45338
SPS: 45338
SPS: 45337
SPS: 45337
SPS: 45338
SPS: 45338
SPS: 45338
SPS: 45338
SPS: 45338
SPS: 45338
SPS: 45338
SPS: 45338
SPS: 45338
SPS: 45338
SPS: 45339
SPS: 45339
SPS: 45338
SPS: 45338
SPS: 45338
SPS: 45339
SPS: 45339
SPS: 45339
SPS: 45339
SPS: 45338
SPS: 45339
SPS: 45339
SPS: 45338
SPS: 45339
SPS: 45339
SPS: 45339
SPS: 45339
SPS: 45339
SPS: 45339
SPS: 45339
SPS: 45339
SPS: 45339
SPS: 45339
SPS: 45339
SPS: 45338
SPS: 45339
SPS: 45339
SPS: 45339
SPS: 45340
SPS: 45340
SPS: 45339
SPS: 45338
SPS: 45339
SPS: 45339
SPS: 45339
SPS: 45339
SPS: 45339
SPS: 45339
SPS: 45339
SPS: 45339
SPS: 45338
SPS: 45338
SPS: 45338
SPS: 45339
SPS: 45339
SPS: 45339
SPS: 45339
SPS: 45338
SPS: 45338
SPS: 45338
SPS: 45338
SPS: 45337
SPS: 45338
SPS: 45338
SPS: 45338
SPS: 45338
SPS: 45338
SPS: 45338
SPS: 45337
SPS: 45338
SPS: 45338
SPS: 45338
SPS: 45338
SPS: 45338
SPS: 45338
SPS: 45337
SPS: 45338
SPS: 45338
SPS: 45338
SPS: 45339
SPS: 45338
SPS: 45339
SPS: 45338
SPS: 45338
SPS: 45337
SPS: 45337
SPS: 45337
SPS: 45337
SPS: 45337
SPS: 45337
SPS: 45337
SPS: 45336
SPS: 45336
SPS: 45336
SPS: 45337
SPS: 45337
SPS: 45336
SPS: 45337
SPS: 45337
SPS: 45337
SPS: 45337
SPS: 45337
SPS: 45337
SPS: 45336
SPS: 45336
SPS: 45336
SPS: 45337
SPS: 45337
SPS: 45337
SPS: 45337
SPS: 45336
SPS: 45336
SPS: 45336
SPS: 45337
SPS: 45337
SPS: 45337
SPS: 45337
SPS: 45337
SPS: 45337
SPS: 45337
SPS: 45337
SPS: 45337
SPS: 45337
SPS: 45337
SPS: 45337
SPS: 45337
SPS: 45337
SPS: 45337
SPS: 45337
SPS: 45337
SPS: 45337
SPS: 45337
SPS: 45337
SPS: 45337
SPS: 45337
SPS: 45337
SPS: 45337
SPS: 45337
SPS: 45337
SPS: 45337
SPS: 45337
SPS: 45338
SPS: 45338
SPS: 45338
SPS: 45338
SPS: 45338
SPS: 45338
SPS: 45339
SPS: 45339
SPS: 45338
SPS: 45339
SPS: 45339
SPS: 45339
SPS: 45338
SPS: 45338
SPS: 45338
SPS: 45338
SPS: 45339
SPS: 45339
SPS: 45339
SPS: 45339
SPS: 45338
SPS: 45338
SPS: 45338
SPS: 45338
SPS: 45338
SPS: 45338
SPS: 45339
SPS: 45339
SPS: 45339
SPS: 45338
SPS: 45338
SPS: 45338
SPS: 45339
SPS: 45339
SPS: 45339
SPS: 45339
SPS: 45339
SPS: 45339
SPS: 45340
SPS: 45340
SPS: 45340
SPS: 45340
SPS: 45340
SPS: 45340
SPS: 45340
SPS: 45339
SPS: 45339
SPS: 45339
SPS: 45339
SPS: 45338
SPS: 45338
SPS: 45339
SPS: 45338
SPS: 45338
SPS: 45338
SPS: 45338
SPS: 45338
SPS: 45337
SPS: 45338
SPS: 45338
SPS: 45337
SPS: 45337
SPS: 45337
SPS: 45337
SPS: 45337
SPS: 45337
SPS: 45337
SPS: 45338
SPS: 45338
SPS: 45338
SPS: 45338
SPS: 45338
SPS: 45337
SPS: 45337
SPS: 45337
SPS: 45337
SPS: 45337
SPS: 45337
SPS: 45337
SPS: 45337
SPS: 45336
SPS: 45336
SPS: 45336
SPS: 45336
SPS: 45336
SPS: 45336
SPS: 45337
SPS: 45336
SPS: 45337
SPS: 45336
SPS: 45337
SPS: 45337
SPS: 45337
SPS: 45337
SPS: 45337
SPS: 45336
SPS: 45336
SPS: 45336
SPS: 45335
SPS: 45335
SPS: 45335
SPS: 45335
SPS: 45335
SPS: 45335
SPS: 45335
SPS: 45335
SPS: 45335
SPS: 45335
SPS: 45335
SPS: 45335
SPS: 45335
SPS: 45335
SPS: 45335
SPS: 45335
SPS: 45334
SPS: 45334
SPS: 45334
SPS: 45334
SPS: 45334
SPS: 45334
SPS: 45334
SPS: 45334
SPS: 45333
SPS: 45333
SPS: 45333
SPS: 45333
SPS: 45333
SPS: 45333
SPS: 45333
SPS: 45333
SPS: 45332
SPS: 45332
SPS: 45332
SPS: 45332
SPS: 45332
SPS: 45332
SPS: 45332
SPS: 45332
SPS: 45332
SPS: 45332
SPS: 45332
SPS: 45332
SPS: 45332
SPS: 45332
SPS: 45332
SPS: 45333
SPS: 45333
SPS: 45333
SPS: 45333
SPS: 45333
SPS: 45332
SPS: 45332
SPS: 45332
SPS: 45332
SPS: 45332
SPS: 45332
SPS: 45332
SPS: 45332
SPS: 45332
SPS: 45332
SPS: 45332
SPS: 45333
SPS: 45333
SPS: 45333
SPS: 45333
SPS: 45333
SPS: 45333
SPS: 45332
SPS: 45333
SPS: 45332
SPS: 45332
SPS: 45332
SPS: 45333
SPS: 45333
SPS: 45333
SPS: 45333
SPS: 45333
SPS: 45333
SPS: 45333
SPS: 45333
SPS: 45333
SPS: 45333
SPS: 45333
SPS: 45333
SPS: 45333
SPS: 45333
SPS: 45333
SPS: 45332
SPS: 45332
SPS: 45332
SPS: 45332
SPS: 45332
SPS: 45332
SPS: 45333
SPS: 45333
SPS: 45333
SPS: 45333
SPS: 45333
SPS: 45333
SPS: 45333
SPS: 45333
SPS: 45333
SPS: 45333
SPS: 45333
SPS: 45333
SPS: 45333
SPS: 45333
SPS: 45333
SPS: 45333
SPS: 45333
SPS: 45333
SPS: 45333
SPS: 45333
SPS: 45333
SPS: 45333
SPS: 45333
SPS: 45333
SPS: 45333
SPS: 45333
SPS: 45333
SPS: 45333
SPS: 45333
SPS: 45333
SPS: 45333
SPS: 45333
SPS: 45333
SPS: 45333
SPS: 45333
SPS: 45333
SPS: 45334
SPS: 45334
SPS: 45334
SPS: 45335
SPS: 45334
SPS: 45335
SPS: 45335
SPS: 45335
SPS: 45335
SPS: 45335
SPS: 45335
SPS: 45334
SPS: 45335
SPS: 45335
SPS: 45335
SPS: 45335
SPS: 45335
SPS: 45335
SPS: 45335
SPS: 45335
SPS: 45335
SPS: 45335
SPS: 45335
SPS: 45335
SPS: 45335
SPS: 45334
SPS: 45334
SPS: 45334
SPS: 45334
SPS: 45334
SPS: 45334
SPS: 45334
SPS: 45334
SPS: 45334
SPS: 45334
SPS: 45334
SPS: 45334
SPS: 45335
SPS: 45335
SPS: 45334
SPS: 45334
SPS: 45334
SPS: 45334
SPS: 45334
SPS: 45334
SPS: 45334
SPS: 45334
SPS: 45335
SPS: 45335
SPS: 45335
SPS: 45334
SPS: 45334
SPS: 45334
SPS: 45334
SPS: 45334
SPS: 45334
SPS: 45334
SPS: 45334
SPS: 45334
SPS: 45334
SPS: 45334
SPS: 45334
SPS: 45334
SPS: 45334
SPS: 45334
SPS: 45334
SPS: 45334
SPS: 45334
SPS: 45334
SPS: 45335
SPS: 45335
SPS: 45335
SPS: 45335
SPS: 45335
SPS: 45335
SPS: 45335
SPS: 45335
SPS: 45334
SPS: 45334
SPS: 45335
SPS: 45335
SPS: 45335
SPS: 45335
SPS: 45335
SPS: 45335
SPS: 45335
SPS: 45335
SPS: 45335
SPS: 45335
SPS: 45335
SPS: 45335
SPS: 45335
SPS: 45335
SPS: 45334
SPS: 45334
SPS: 45334
SPS: 45334
SPS: 45334
SPS: 45334
SPS: 45334
SPS: 45331
SPS: 45331
SPS: 45331
SPS: 45331
SPS: 45331
SPS: 45332
SPS: 45331
SPS: 45331
SPS: 45331
SPS: 45331
SPS: 45331
SPS: 45331
SPS: 45331
SPS: 45331
SPS: 45331
SPS: 45331
SPS: 45331
SPS: 45332
SPS: 45331
SPS: 45332
SPS: 45331
SPS: 45332
SPS: 45332
SPS: 45332
SPS: 45332
SPS: 45332
SPS: 45332
SPS: 45331
SPS: 45331
SPS: 45331
SPS: 45331
SPS: 45331
SPS: 45331
SPS: 45331
SPS: 45332
SPS: 45331
SPS: 45331
SPS: 45331
SPS: 45331
SPS: 45332
SPS: 45332
SPS: 45332
SPS: 45331
SPS: 45331
SPS: 45331
SPS: 45331
SPS: 45331
SPS: 45331
SPS: 45331
SPS: 45331
SPS: 45331
SPS: 45331
SPS: 45331
SPS: 45331
SPS: 45330
SPS: 45331
SPS: 45331
SPS: 45331
SPS: 45331
SPS: 45331
SPS: 45331
SPS: 45331
SPS: 45331
SPS: 45331
SPS: 45331
SPS: 45331
SPS: 45331
SPS: 45331
SPS: 45331
SPS: 45331
SPS: 45332
SPS: 45331
SPS: 45331
SPS: 45331
SPS: 45331
SPS: 45331
SPS: 45331
SPS: 45331
SPS: 45331
SPS: 45331
SPS: 45331
SPS: 45330
SPS: 45330
SPS: 45330
SPS: 45330
SPS: 45330
SPS: 45330
SPS: 45330
SPS: 45330
SPS: 45331
SPS: 45331
SPS: 45331
SPS: 45330
SPS: 45330
SPS: 45330
SPS: 45330
SPS: 45330
SPS: 45330
SPS: 45330
SPS: 45329
SPS: 45330
SPS: 45330
SPS: 45330
SPS: 45330
SPS: 45329
SPS: 45329
SPS: 45329
SPS: 45329
SPS: 45329
SPS: 45328
SPS: 45329
SPS: 45328
SPS: 45329
SPS: 45328
SPS: 45328
SPS: 45328
SPS: 45328
SPS: 45328
SPS: 45328
SPS: 45329
SPS: 45328
SPS: 45328
SPS: 45328
SPS: 45328
SPS: 45328
SPS: 45328
SPS: 45329
SPS: 45328
SPS: 45328
SPS: 45328
SPS: 45328
SPS: 45328
SPS: 45328
SPS: 45327
SPS: 45327
SPS: 45327
SPS: 45328
SPS: 45328
SPS: 45328
SPS: 45328
SPS: 45328
SPS: 45328
SPS: 45328
SPS: 45328
SPS: 45328
SPS: 45328
SPS: 45328
SPS: 45328
SPS: 45328
SPS: 45328
SPS: 45328
SPS: 45329
SPS: 45329
SPS: 45329
SPS: 45329
SPS: 45329
SPS: 45329
SPS: 45329
SPS: 45329
SPS: 45330
SPS: 45330
SPS: 45330
SPS: 45330
SPS: 45330
SPS: 45330
SPS: 45330
SPS: 45330
SPS: 45330
SPS: 45330
SPS: 45330
SPS: 45330
SPS: 45330
SPS: 45330
SPS: 45330
SPS: 45330
SPS: 45330
SPS: 45330
SPS: 45330
SPS: 45330
SPS: 45331
SPS: 45331
SPS: 45330
SPS: 45330
SPS: 45330
SPS: 45330
SPS: 45330
SPS: 45330
SPS: 45330
SPS: 45330
SPS: 45330
SPS: 45330
SPS: 45330
SPS: 45330
SPS: 45330
SPS: 45330
SPS: 45330
SPS: 45330
SPS: 45330
SPS: 45330
SPS: 45330
SPS: 45330
SPS: 45330
SPS: 45330
SPS: 45329
SPS: 45329
SPS: 45330
SPS: 45329
SPS: 45329
SPS: 45329
SPS: 45329
SPS: 45329
SPS: 45329
SPS: 45329
SPS: 45329
SPS: 45329
SPS: 45329
SPS: 45329
SPS: 45329
SPS: 45329
SPS: 45329
SPS: 45329
SPS: 45329
SPS: 45330
SPS: 45330
SPS: 45330
SPS: 45330
SPS: 45330
SPS: 45330
SPS: 45330
SPS: 45330
SPS: 45330
SPS: 45330
SPS: 45330
SPS: 45330
SPS: 45330
SPS: 45330
SPS: 45330
SPS: 45330
SPS: 45330
SPS: 45330
SPS: 45330
SPS: 45330
SPS: 45330
SPS: 45330
SPS: 45330
SPS: 45330
SPS: 45330
SPS: 45330
SPS: 45330
SPS: 45330
SPS: 45330
SPS: 45330
SPS: 45330
SPS: 45330
SPS: 45331
SPS: 45331
SPS: 45331
SPS: 45331
SPS: 45331
SPS: 45331
SPS: 45331
SPS: 45330
SPS: 45330
SPS: 45331
SPS: 45331
SPS: 45331
SPS: 45330
SPS: 45330
SPS: 45330
SPS: 45330
SPS: 45330
SPS: 45330
SPS: 45330
SPS: 45329
SPS: 45329
SPS: 45329
SPS: 45329
SPS: 45330
SPS: 45330
SPS: 45330
SPS: 45330
SPS: 45330
SPS: 45330
SPS: 45330
SPS: 45330
SPS: 45330
SPS: 45330
SPS: 45330
SPS: 45330
SPS: 45330
SPS: 45330
SPS: 45330
SPS: 45330
SPS: 45330
SPS: 45330
SPS: 45330
SPS: 45330
SPS: 45330
SPS: 45330
SPS: 45329
SPS: 45330
SPS: 45329
SPS: 45329
SPS: 45329
SPS: 45329
SPS: 45329
SPS: 45329
SPS: 45329
SPS: 45329
SPS: 45329
SPS: 45329
SPS: 45329
SPS: 45329
SPS: 45329
SPS: 45329
SPS: 45329
SPS: 45329
SPS: 45329
SPS: 45329
SPS: 45329
SPS: 45329
SPS: 45330
SPS: 45329
SPS: 45329
SPS: 45329
SPS: 45329
SPS: 45329
SPS: 45330
SPS: 45329
SPS: 45329
SPS: 45330
SPS: 45330
SPS: 45330
SPS: 45330
SPS: 45330
SPS: 45330
SPS: 45329
SPS: 45329
SPS: 45329
SPS: 45329
SPS: 45329
SPS: 45329
SPS: 45329
SPS: 45329
SPS: 45329
SPS: 45329
SPS: 45329
SPS: 45329
SPS: 45329
SPS: 45329
SPS: 45329
SPS: 45329
SPS: 45329
SPS: 45329
SPS: 45329
SPS: 45329
SPS: 45329
SPS: 45329
SPS: 45329
SPS: 45330
SPS: 45330
SPS: 45330
SPS: 45330
SPS: 45330
SPS: 45330
SPS: 45330
SPS: 45330
SPS: 45330
SPS: 45330
SPS: 45330
SPS: 45330
SPS: 45330
SPS: 45330
SPS: 45330
SPS: 45331
SPS: 45331
SPS: 45331
SPS: 45331
SPS: 45331
SPS: 45331
SPS: 45331
SPS: 45331
SPS: 45331
SPS: 45331
SPS: 45331
SPS: 45331
SPS: 45331
SPS: 45331
SPS: 45331
SPS: 45331
SPS: 45330
SPS: 45330
SPS: 45330
SPS: 45330
SPS: 45331
SPS: 45331
SPS: 45331
SPS: 45331
SPS: 45331
SPS: 45331
SPS: 45331
SPS: 45331
SPS: 45331
SPS: 45331
SPS: 45331
SPS: 45330
SPS: 45330
SPS: 45330
SPS: 45330
SPS: 45330
SPS: 45330
SPS: 45331
SPS: 45330
SPS: 45331
SPS: 45330
SPS: 45330
SPS: 45330
SPS: 45330
SPS: 45331
SPS: 45330
SPS: 45331
SPS: 45331
SPS: 45331
SPS: 45331
SPS: 45330
SPS: 45330
SPS: 45330
SPS: 45330
SPS: 45330
SPS: 45330
SPS: 45330
SPS: 45330
SPS: 45330
SPS: 45330
SPS: 45330
SPS: 45330
SPS: 45330
SPS: 45330
SPS: 45331
SPS: 45330
SPS: 45330
SPS: 45330
SPS: 45329
SPS: 45330
SPS: 45330
SPS: 45330
SPS: 45330
SPS: 45330
SPS: 45330
SPS: 45330
SPS: 45330
SPS: 45330
SPS: 45330
SPS: 45330
SPS: 45330
SPS: 45330
SPS: 45330
SPS: 45330
SPS: 45330
SPS: 45330
SPS: 45330
SPS: 45330
SPS: 45330
SPS: 45330
SPS: 45331
SPS: 45331
SPS: 45330
SPS: 45331
SPS: 45330
SPS: 45331
SPS: 45331
SPS: 45331
SPS: 45331
SPS: 45331
SPS: 45331
SPS: 45331
SPS: 45331
SPS: 45331
SPS: 45331
SPS: 45331
SPS: 45331
SPS: 45331
SPS: 45331
SPS: 45331
SPS: 45331
SPS: 45331
SPS: 45331
SPS: 45331
SPS: 45331
SPS: 45331
SPS: 45331
SPS: 45331
SPS: 45331
SPS: 45331
SPS: 45331
SPS: 45331
SPS: 45331
SPS: 45331
SPS: 45331
SPS: 45331
SPS: 45331
SPS: 45331
SPS: 45331
SPS: 45331
SPS: 45331
SPS: 45331
SPS: 45331
SPS: 45331
SPS: 45331
SPS: 45331
SPS: 45331
SPS: 45331
SPS: 45331
SPS: 45331
SPS: 45331
SPS: 45331
SPS: 45331
SPS: 45331
SPS: 45331
SPS: 45331
SPS: 45331
SPS: 45331
SPS: 45331
SPS: 45331
SPS: 45331
SPS: 45331
SPS: 45331
SPS: 45331
SPS: 45330
SPS: 45330
SPS: 45330
SPS: 45330
SPS: 45330
SPS: 45330
SPS: 45331
SPS: 45331
SPS: 45331
SPS: 45331
SPS: 45331
SPS: 45331
SPS: 45331
SPS: 45331
SPS: 45331
SPS: 45331
SPS: 45331
SPS: 45331
SPS: 45331
SPS: 45331
SPS: 45331
SPS: 45331
SPS: 45331
SPS: 45331
SPS: 45331
SPS: 45331
SPS: 45331
SPS: 45331
SPS: 45331
SPS: 45332
SPS: 45332
SPS: 45332
SPS: 45332
SPS: 45332
SPS: 45332
SPS: 45332
SPS: 45332
SPS: 45332
SPS: 45332
SPS: 45332
SPS: 45332
SPS: 45332
SPS: 45332
SPS: 45332
SPS: 45333
SPS: 45332
SPS: 45333
SPS: 45333
SPS: 45333
SPS: 45333
SPS: 45333
SPS: 45332
SPS: 45332
SPS: 45332
SPS: 45332
SPS: 45332
SPS: 45332
SPS: 45332
SPS: 45332
SPS: 45332
SPS: 45332
SPS: 45332
SPS: 45333
SPS: 45333
SPS: 45333
SPS: 45332
SPS: 45332
SPS: 45332
SPS: 45332
SPS: 45332
SPS: 45332
SPS: 45332
SPS: 45332
SPS: 45332
SPS: 45332
SPS: 45332
SPS: 45332
SPS: 45332
SPS: 45332
SPS: 45332
SPS: 45332
SPS: 45332
SPS: 45332
SPS: 45332
SPS: 45332
SPS: 45332
SPS: 45332
SPS: 45332
SPS: 45332
SPS: 45332
SPS: 45332
SPS: 45332
SPS: 45332
SPS: 45332
SPS: 45332
SPS: 45332
SPS: 45332
SPS: 45332
SPS: 45332
SPS: 45333
SPS: 45332
SPS: 45332
SPS: 45332
SPS: 45332
SPS: 45332
SPS: 45332
SPS: 45332
SPS: 45332
SPS: 45332
SPS: 45332
SPS: 45332
SPS: 45332
SPS: 45333
SPS: 45333
SPS: 45333
SPS: 45333
SPS: 45333
SPS: 45333
SPS: 45333
SPS: 45333
SPS: 45332
SPS: 45332
SPS: 45332
SPS: 45333
SPS: 45333
SPS: 45333
SPS: 45333
SPS: 45333
SPS: 45333
SPS: 45333
SPS: 45333
SPS: 45333
SPS: 45333
SPS: 45333
SPS: 45333
SPS: 45333
SPS: 45333
SPS: 45333
SPS: 45333
SPS: 45333
SPS: 45333
SPS: 45333
SPS: 45333
SPS: 45333
SPS: 45333
SPS: 45333
SPS: 45333
SPS: 45333
SPS: 45333
SPS: 45333
SPS: 45333
SPS: 45333
SPS: 45333
SPS: 45333
SPS: 45333
SPS: 45333
SPS: 45333
SPS: 45333
SPS: 45333
SPS: 45333
SPS: 45333
SPS: 45333
SPS: 45333
SPS: 45333
SPS: 45333
SPS: 45334
SPS: 45334
SPS: 45334
SPS: 45334
SPS: 45334
SPS: 45334
SPS: 45333
SPS: 45334
SPS: 45334
SPS: 45334
SPS: 45334
SPS: 45334
SPS: 45334
SPS: 45334
SPS: 45334
SPS: 45334
SPS: 45334
SPS: 45334
SPS: 45334
SPS: 45334
SPS: 45334
SPS: 45334
SPS: 45334
SPS: 45334
SPS: 45334
SPS: 45334
SPS: 45334
SPS: 45334
SPS: 45334
SPS: 45334
SPS: 45334
SPS: 45334
SPS: 45334
SPS: 45334
SPS: 45334
SPS: 45334
SPS: 45335
SPS: 45334
SPS: 45334
SPS: 45334
SPS: 45334
SPS: 45334
SPS: 45334
SPS: 45334
SPS: 45334
SPS: 45334
SPS: 45334
SPS: 45334
SPS: 45334
SPS: 45334
SPS: 45333
SPS: 45334
SPS: 45334
SPS: 45334
SPS: 45333
SPS: 45333
SPS: 45333
SPS: 45333
SPS: 45333
SPS: 45333
SPS: 45333
SPS: 45333
SPS: 45333
SPS: 45333
SPS: 45333
SPS: 45334
SPS: 45334
SPS: 45334
SPS: 45334
SPS: 45334
SPS: 45334
SPS: 45334
SPS: 45334
SPS: 45334
SPS: 45335
SPS: 45334
SPS: 45335
SPS: 45335
SPS: 45335
SPS: 45335
SPS: 45335
SPS: 45335
SPS: 45335
SPS: 45335
SPS: 45335
SPS: 45335
SPS: 45335
SPS: 45335
SPS: 45335
SPS: 45335
SPS: 45335
SPS: 45335
SPS: 45335
SPS: 45336
SPS: 45336
SPS: 45336
SPS: 45336
SPS: 45336
SPS: 45336
SPS: 45336
SPS: 45336
SPS: 45336
SPS: 45337
SPS: 45337
SPS: 45337
SPS: 45337
SPS: 45337
SPS: 45337
SPS: 45337
SPS: 45337
SPS: 45337
SPS: 45337
SPS: 45337
SPS: 45337
SPS: 45337
SPS: 45337
SPS: 45337
SPS: 45337
SPS: 45337
SPS: 45337
SPS: 45337
SPS: 45337
SPS: 45338
SPS: 45337
SPS: 45337
SPS: 45337
SPS: 45337
SPS: 45337
SPS: 45337
SPS: 45338
SPS: 45338
SPS: 45338
SPS: 45338
SPS: 45338
time budget reached: 3601s @ global_step=163250176
