C:\Users\a3162\thesis\.venv\Lib\site-packages\tyro\_parsers.py:365: UserWarning: The field `wandb-entity` is annotated with type `<class 'str'>`, but the default value `None` has type `<class 'NoneType'>`. We'll try to handle this gracefully, but it may cause unexpected behavior.
  warnings.warn(message)
C:\Users\a3162\thesis\.venv\Lib\site-packages\tyro\_parsers.py:365: UserWarning: The field `target-kl` is annotated with type `<class 'float'>`, but the default value `None` has type `<class 'NoneType'>`. We'll try to handle this gracefully, but it may cause unexpected behavior.
  warnings.warn(message)
SPS: 1346
SPS: 1372
SPS: 1389
SPS: 1389
SPS: 1387
SPS: 1369
SPS: 1356
SPS: 1339
SPS: 1337
SPS: 1325
SPS: 1309
SPS: 1272
SPS: 1259
SPS: 1240
SPS: 1230
SPS: 1216
SPS: 1201
SPS: 1194
SPS: 1181
SPS: 1172
SPS: 1163
SPS: 1154
SPS: 1153
SPS: 1145
SPS: 1141
SPS: 1132
SPS: 1128
SPS: 1121
SPS: 1115
SPS: 1108
SPS: 1104
SPS: 1099
SPS: 1096
SPS: 1091
SPS: 1086
SPS: 1080
SPS: 1078
SPS: 1073
SPS: 1067
SPS: 1066
SPS: 1064
SPS: 1061
SPS: 1059
SPS: 1059
SPS: 1058
SPS: 1057
SPS: 1057
SPS: 1055
SPS: 1055
SPS: 1053
SPS: 1053
SPS: 1052
SPS: 1051
SPS: 1050
SPS: 1049
SPS: 1049
SPS: 1049
SPS: 1048
SPS: 1048
SPS: 1048
SPS: 1048
SPS: 1048
SPS: 1048
SPS: 1048
SPS: 1048
SPS: 1049
SPS: 1049
SPS: 1050
SPS: 1049
SPS: 1050
SPS: 1050
SPS: 1050
SPS: 1050
SPS: 1049
SPS: 1050
SPS: 1050
SPS: 1050
SPS: 1052
SPS: 1053
SPS: 1052
SPS: 1052
SPS: 1050
SPS: 1050
SPS: 1051
SPS: 1052
SPS: 1053
SPS: 1053
SPS: 1054
SPS: 1055
SPS: 1055
SPS: 1056
SPS: 1055
SPS: 1056
SPS: 1056
SPS: 1057
SPS: 1058
SPS: 1058
SPS: 1059
SPS: 1060
SPS: 1060
SPS: 1061
SPS: 1061
SPS: 1062
SPS: 1061
SPS: 1062
SPS: 1062
SPS: 1063
SPS: 1063
SPS: 1064
SPS: 1064
SPS: 1065
SPS: 1066
SPS: 1066
SPS: 1067
SPS: 1067
SPS: 1068
SPS: 1069
SPS: 1070
SPS: 1070
SPS: 1071
SPS: 1071
SPS: 1072
SPS: 1072
SPS: 1072
SPS: 1072
SPS: 1073
SPS: 1073
SPS: 1074
SPS: 1075
SPS: 1075
SPS: 1076
SPS: 1076
SPS: 1076
SPS: 1077
SPS: 1077
SPS: 1078
SPS: 1078
SPS: 1078
SPS: 1079
SPS: 1079
SPS: 1079
SPS: 1080
SPS: 1081
SPS: 1081
SPS: 1082
SPS: 1082
SPS: 1082
SPS: 1083
SPS: 1084
SPS: 1084
SPS: 1084
SPS: 1085
SPS: 1086
SPS: 1086
SPS: 1087
SPS: 1087
SPS: 1088
SPS: 1088
SPS: 1089
SPS: 1089
SPS: 1090
SPS: 1090
SPS: 1091
SPS: 1091
SPS: 1092
SPS: 1092
SPS: 1092
SPS: 1092
SPS: 1093
SPS: 1093
SPS: 1094
SPS: 1094
SPS: 1095
SPS: 1095
SPS: 1096
SPS: 1096
SPS: 1097
SPS: 1097
SPS: 1097
SPS: 1098
SPS: 1098
SPS: 1099
SPS: 1099
SPS: 1099
SPS: 1100
SPS: 1100
SPS: 1100
SPS: 1101
SPS: 1101
SPS: 1102
SPS: 1102
SPS: 1102
SPS: 1102
SPS: 1103
SPS: 1103
SPS: 1104
SPS: 1104
SPS: 1104
SPS: 1105
SPS: 1105
SPS: 1105
SPS: 1106
SPS: 1106
SPS: 1106
SPS: 1107
SPS: 1107
SPS: 1107
SPS: 1108
SPS: 1108
SPS: 1108
SPS: 1108
SPS: 1109
SPS: 1109
SPS: 1109
SPS: 1109
SPS: 1110
SPS: 1110
SPS: 1110
SPS: 1110
SPS: 1111
SPS: 1111
SPS: 1111
SPS: 1112
SPS: 1112
SPS: 1112
SPS: 1112
SPS: 1113
SPS: 1113
SPS: 1113
SPS: 1114
SPS: 1114
SPS: 1114
SPS: 1115
SPS: 1115
SPS: 1115
SPS: 1115
SPS: 1116
SPS: 1116
SPS: 1116
SPS: 1117
SPS: 1117
SPS: 1117
SPS: 1117
SPS: 1117
SPS: 1118
SPS: 1118
SPS: 1118
SPS: 1118
SPS: 1119
SPS: 1119
SPS: 1119
SPS: 1120
SPS: 1120
SPS: 1120
SPS: 1120
SPS: 1121
SPS: 1121
SPS: 1121
SPS: 1122
SPS: 1122
SPS: 1122
SPS: 1122
SPS: 1123
SPS: 1123
SPS: 1123
SPS: 1123
SPS: 1123
SPS: 1123
SPS: 1124
SPS: 1124
SPS: 1124
SPS: 1124
SPS: 1125
SPS: 1125
SPS: 1125
SPS: 1125
SPS: 1125
SPS: 1126
SPS: 1126
SPS: 1126
SPS: 1126
SPS: 1126
SPS: 1127
SPS: 1127
SPS: 1127
SPS: 1127
SPS: 1128
SPS: 1128
SPS: 1128
SPS: 1128
SPS: 1128
SPS: 1128
SPS: 1129
SPS: 1129
SPS: 1129
SPS: 1129
SPS: 1129
SPS: 1130
SPS: 1130
SPS: 1130
SPS: 1130
SPS: 1130
SPS: 1130
SPS: 1131
SPS: 1131
SPS: 1131
SPS: 1131
SPS: 1131
SPS: 1132
SPS: 1132
SPS: 1132
SPS: 1132
SPS: 1132
SPS: 1132
SPS: 1133
SPS: 1133
SPS: 1133
SPS: 1133
SPS: 1133
SPS: 1133
SPS: 1134
SPS: 1134
SPS: 1134
SPS: 1134
SPS: 1134
SPS: 1134
SPS: 1135
SPS: 1135
SPS: 1135
SPS: 1135
SPS: 1135
SPS: 1135
SPS: 1136
SPS: 1136
SPS: 1136
SPS: 1136
SPS: 1136
SPS: 1136
SPS: 1137
SPS: 1137
SPS: 1137
SPS: 1137
SPS: 1137
SPS: 1137
SPS: 1137
SPS: 1137
SPS: 1138
SPS: 1138
SPS: 1138
SPS: 1138
SPS: 1138
SPS: 1138
SPS: 1138
SPS: 1139
SPS: 1139
SPS: 1139
SPS: 1139
SPS: 1139
SPS: 1139
SPS: 1139
SPS: 1139
SPS: 1140
SPS: 1140
SPS: 1140
SPS: 1140
SPS: 1140
SPS: 1140
SPS: 1140
SPS: 1141
SPS: 1141
SPS: 1141
SPS: 1141
SPS: 1141
SPS: 1141
SPS: 1141
SPS: 1141
SPS: 1142
SPS: 1142
SPS: 1142
SPS: 1142
SPS: 1142
SPS: 1142
SPS: 1142
SPS: 1142
SPS: 1143
SPS: 1143
SPS: 1143
SPS: 1143
SPS: 1143
SPS: 1143
SPS: 1143
SPS: 1143
SPS: 1143
SPS: 1144
SPS: 1144
SPS: 1144
SPS: 1144
SPS: 1144
SPS: 1144
SPS: 1144
SPS: 1144
SPS: 1144
SPS: 1145
SPS: 1145
SPS: 1145
SPS: 1145
SPS: 1145
SPS: 1145
SPS: 1145
SPS: 1145
SPS: 1145
SPS: 1145
SPS: 1146
SPS: 1146
SPS: 1146
SPS: 1146
SPS: 1146
SPS: 1146
SPS: 1146
SPS: 1146
SPS: 1146
SPS: 1147
SPS: 1147
SPS: 1147
SPS: 1147
SPS: 1147
SPS: 1147
SPS: 1147
SPS: 1147
SPS: 1147
SPS: 1148
SPS: 1148
SPS: 1148
SPS: 1148
SPS: 1148
SPS: 1148
SPS: 1148
SPS: 1148
SPS: 1148
SPS: 1148
SPS: 1148
SPS: 1148
SPS: 1149
SPS: 1149
SPS: 1149
SPS: 1149
SPS: 1149
SPS: 1149
SPS: 1149
SPS: 1149
SPS: 1149
SPS: 1149
SPS: 1149
SPS: 1150
SPS: 1150
SPS: 1150
SPS: 1150
SPS: 1150
SPS: 1150
SPS: 1150
SPS: 1150
SPS: 1150
SPS: 1150
SPS: 1150
SPS: 1150
SPS: 1150
SPS: 1151
SPS: 1151
SPS: 1151
SPS: 1151
SPS: 1151
SPS: 1151
SPS: 1151
SPS: 1151
SPS: 1151
SPS: 1151
SPS: 1151
SPS: 1151
SPS: 1152
SPS: 1152
SPS: 1152
SPS: 1152
SPS: 1152
SPS: 1152
SPS: 1152
SPS: 1152
SPS: 1152
SPS: 1152
SPS: 1152
SPS: 1152
SPS: 1153
SPS: 1153
SPS: 1153
SPS: 1153
SPS: 1153
SPS: 1153
SPS: 1153
SPS: 1153
SPS: 1153
SPS: 1153
SPS: 1153
SPS: 1153
SPS: 1154
SPS: 1154
SPS: 1154
SPS: 1154
SPS: 1154
SPS: 1154
SPS: 1154
SPS: 1154
SPS: 1154
SPS: 1154
SPS: 1154
SPS: 1154
SPS: 1154
SPS: 1155
SPS: 1155
SPS: 1155
SPS: 1155
SPS: 1155
SPS: 1155
SPS: 1155
SPS: 1155
SPS: 1155
SPS: 1155
SPS: 1155
SPS: 1155
SPS: 1155
SPS: 1155
SPS: 1155
SPS: 1155
SPS: 1155
SPS: 1156
SPS: 1156
SPS: 1156
SPS: 1156
SPS: 1156
SPS: 1156
SPS: 1156
SPS: 1156
SPS: 1156
SPS: 1156
SPS: 1156
SPS: 1156
SPS: 1156
SPS: 1156
SPS: 1156
SPS: 1156
SPS: 1156
SPS: 1156
SPS: 1157
SPS: 1157
SPS: 1157
SPS: 1157
SPS: 1157
SPS: 1157
SPS: 1157
SPS: 1157
SPS: 1157
SPS: 1157
SPS: 1157
SPS: 1157
SPS: 1157
SPS: 1157
SPS: 1157
SPS: 1157
SPS: 1157
SPS: 1157
SPS: 1157
SPS: 1157
SPS: 1157
SPS: 1158
SPS: 1158
SPS: 1158
SPS: 1158
SPS: 1158
SPS: 1158
SPS: 1158
SPS: 1158
SPS: 1158
SPS: 1158
SPS: 1158
SPS: 1158
SPS: 1158
SPS: 1158
SPS: 1158
SPS: 1158
SPS: 1158
SPS: 1158
SPS: 1158
SPS: 1158
SPS: 1158
SPS: 1159
SPS: 1159
SPS: 1159
SPS: 1159
SPS: 1159
SPS: 1159
SPS: 1159
SPS: 1159
SPS: 1159
SPS: 1159
SPS: 1159
SPS: 1159
SPS: 1159
SPS: 1159
SPS: 1159
SPS: 1159
SPS: 1159
SPS: 1159
SPS: 1159
SPS: 1160
SPS: 1160
SPS: 1160
SPS: 1160
SPS: 1160
SPS: 1160
SPS: 1160
SPS: 1160
SPS: 1160
SPS: 1160
SPS: 1160
SPS: 1160
SPS: 1160
SPS: 1160
SPS: 1160
SPS: 1160
SPS: 1160
SPS: 1160
SPS: 1160
SPS: 1160
SPS: 1160
SPS: 1161
SPS: 1161
SPS: 1161
SPS: 1161
SPS: 1161
SPS: 1161
SPS: 1161
SPS: 1161
SPS: 1161
SPS: 1161
SPS: 1161
SPS: 1161
SPS: 1161
SPS: 1161
SPS: 1161
SPS: 1161
SPS: 1161
SPS: 1161
SPS: 1161
SPS: 1161
SPS: 1161
SPS: 1161
SPS: 1162
SPS: 1162
SPS: 1162
SPS: 1162
SPS: 1162
SPS: 1162
SPS: 1162
SPS: 1162
SPS: 1162
SPS: 1162
SPS: 1162
SPS: 1162
SPS: 1162
SPS: 1162
SPS: 1162
SPS: 1162
SPS: 1162
SPS: 1162
SPS: 1162
SPS: 1162
SPS: 1162
SPS: 1162
SPS: 1162
SPS: 1163
SPS: 1163
SPS: 1163
SPS: 1163
SPS: 1163
SPS: 1163
SPS: 1163
SPS: 1163
SPS: 1163
SPS: 1163
SPS: 1163
SPS: 1163
SPS: 1163
SPS: 1163
SPS: 1163
SPS: 1163
SPS: 1163
SPS: 1163
SPS: 1164
SPS: 1164
SPS: 1164
SPS: 1164
SPS: 1164
SPS: 1164
SPS: 1164
SPS: 1164
SPS: 1164
SPS: 1164
SPS: 1164
SPS: 1164
SPS: 1164
SPS: 1164
SPS: 1164
SPS: 1164
SPS: 1164
SPS: 1164
SPS: 1164
SPS: 1165
SPS: 1165
SPS: 1165
SPS: 1165
SPS: 1165
SPS: 1165
SPS: 1165
SPS: 1165
SPS: 1165
SPS: 1165
SPS: 1165
SPS: 1165
SPS: 1165
SPS: 1165
SPS: 1165
SPS: 1165
SPS: 1165
SPS: 1165
SPS: 1165
SPS: 1166
SPS: 1166
SPS: 1166
SPS: 1166
SPS: 1166
SPS: 1166
SPS: 1166
SPS: 1166
SPS: 1166
SPS: 1166
SPS: 1166
SPS: 1166
SPS: 1166
SPS: 1166
SPS: 1166
SPS: 1166
SPS: 1166
SPS: 1166
SPS: 1166
SPS: 1166
SPS: 1166
SPS: 1166
SPS: 1167
SPS: 1167
SPS: 1167
SPS: 1167
SPS: 1167
SPS: 1167
SPS: 1167
SPS: 1167
SPS: 1167
SPS: 1167
SPS: 1167
SPS: 1167
SPS: 1167
SPS: 1167
SPS: 1167
SPS: 1167
SPS: 1167
SPS: 1167
SPS: 1167
SPS: 1167
SPS: 1167
SPS: 1167
SPS: 1167
SPS: 1168
SPS: 1168
SPS: 1168
SPS: 1168
SPS: 1168
SPS: 1168
SPS: 1168
SPS: 1168
SPS: 1168
SPS: 1168
SPS: 1168
SPS: 1168
SPS: 1168
SPS: 1168
SPS: 1168
SPS: 1168
SPS: 1168
SPS: 1168
SPS: 1168
SPS: 1168
SPS: 1168
SPS: 1168
SPS: 1168
SPS: 1168
SPS: 1168
SPS: 1168
SPS: 1169
SPS: 1169
SPS: 1169
SPS: 1169
SPS: 1169
SPS: 1169
SPS: 1169
SPS: 1169
SPS: 1169
SPS: 1169
SPS: 1169
SPS: 1169
SPS: 1169
SPS: 1169
SPS: 1169
SPS: 1169
SPS: 1169
SPS: 1169
SPS: 1169
SPS: 1169
SPS: 1169
SPS: 1169
SPS: 1169
SPS: 1169
SPS: 1169
SPS: 1169
SPS: 1169
SPS: 1169
SPS: 1170
SPS: 1170
SPS: 1170
SPS: 1170
SPS: 1170
SPS: 1170
SPS: 1170
SPS: 1170
SPS: 1170
SPS: 1170
SPS: 1170
SPS: 1170
SPS: 1170
SPS: 1170
SPS: 1170
SPS: 1170
SPS: 1170
SPS: 1170
SPS: 1170
SPS: 1170
SPS: 1170
SPS: 1170
SPS: 1170
SPS: 1170
SPS: 1170
SPS: 1170
SPS: 1170
SPS: 1170
SPS: 1171
SPS: 1171
SPS: 1171
SPS: 1171
SPS: 1171
SPS: 1171
SPS: 1171
SPS: 1171
SPS: 1171
SPS: 1171
SPS: 1171
SPS: 1171
SPS: 1171
SPS: 1171
SPS: 1171
SPS: 1171
SPS: 1171
SPS: 1171
SPS: 1171
SPS: 1171
SPS: 1171
SPS: 1171
SPS: 1171
SPS: 1171
SPS: 1171
SPS: 1171
SPS: 1171
SPS: 1171
SPS: 1171
SPS: 1171
SPS: 1171
SPS: 1172
SPS: 1172
SPS: 1172
SPS: 1172
SPS: 1172
SPS: 1172
SPS: 1172
SPS: 1172
SPS: 1172
SPS: 1172
SPS: 1172
SPS: 1172
SPS: 1172
SPS: 1172
SPS: 1172
SPS: 1172
SPS: 1172
SPS: 1172
SPS: 1172
SPS: 1172
SPS: 1172
SPS: 1172
SPS: 1172
SPS: 1172
SPS: 1172
SPS: 1172
SPS: 1172
SPS: 1172
SPS: 1172
SPS: 1172
SPS: 1172
SPS: 1172
SPS: 1172
SPS: 1172
SPS: 1173
SPS: 1173
SPS: 1173
SPS: 1173
SPS: 1173
SPS: 1173
SPS: 1173
SPS: 1173
SPS: 1173
SPS: 1173
SPS: 1173
SPS: 1173
SPS: 1173
SPS: 1173
SPS: 1173
SPS: 1173
SPS: 1173
SPS: 1173
SPS: 1173
SPS: 1173
SPS: 1173
SPS: 1173
SPS: 1173
SPS: 1173
SPS: 1173
SPS: 1173
SPS: 1173
SPS: 1173
SPS: 1173
SPS: 1173
SPS: 1173
SPS: 1173
SPS: 1173
SPS: 1173
SPS: 1173
SPS: 1173
SPS: 1173
SPS: 1173
SPS: 1173
SPS: 1173
SPS: 1173
SPS: 1173
SPS: 1173
SPS: 1173
SPS: 1173
SPS: 1174
SPS: 1174
SPS: 1174
SPS: 1174
SPS: 1174
SPS: 1174
SPS: 1174
SPS: 1174
SPS: 1174
SPS: 1174
SPS: 1174
SPS: 1174
SPS: 1174
SPS: 1174
SPS: 1174
SPS: 1174
SPS: 1174
SPS: 1174
SPS: 1174
SPS: 1174
SPS: 1174
SPS: 1174
SPS: 1174
SPS: 1174
SPS: 1174
SPS: 1174
SPS: 1174
SPS: 1174
SPS: 1174
SPS: 1174
SPS: 1174
SPS: 1174
SPS: 1174
SPS: 1174
SPS: 1174
SPS: 1174
SPS: 1174
SPS: 1174
SPS: 1174
SPS: 1174
SPS: 1174
SPS: 1174
SPS: 1174
SPS: 1174
SPS: 1174
SPS: 1174
SPS: 1175
SPS: 1175
SPS: 1175
SPS: 1175
SPS: 1175
SPS: 1175
SPS: 1175
SPS: 1175
SPS: 1175
SPS: 1175
SPS: 1175
SPS: 1175
SPS: 1175
SPS: 1175
SPS: 1175
SPS: 1175
SPS: 1175
SPS: 1175
SPS: 1175
SPS: 1175
SPS: 1175
SPS: 1175
SPS: 1175
SPS: 1175
SPS: 1175
SPS: 1175
SPS: 1175
SPS: 1175
SPS: 1175
SPS: 1175
SPS: 1175
SPS: 1175
SPS: 1175
SPS: 1175
SPS: 1175
SPS: 1175
SPS: 1175
SPS: 1175
SPS: 1175
SPS: 1175
SPS: 1175
SPS: 1175
SPS: 1175
SPS: 1175
SPS: 1175
SPS: 1175
SPS: 1175
SPS: 1175
SPS: 1175
SPS: 1175
SPS: 1175
SPS: 1175
SPS: 1176
SPS: 1176
SPS: 1176
SPS: 1176
SPS: 1176
SPS: 1176
SPS: 1176
SPS: 1176
SPS: 1176
SPS: 1176
SPS: 1176
SPS: 1176
SPS: 1176
SPS: 1176
SPS: 1176
SPS: 1176
SPS: 1176
SPS: 1176
SPS: 1176
SPS: 1176
SPS: 1176
SPS: 1176
SPS: 1176
SPS: 1176
SPS: 1176
SPS: 1176
SPS: 1176
SPS: 1176
SPS: 1176
SPS: 1176
SPS: 1176
SPS: 1176
SPS: 1176
SPS: 1176
SPS: 1176
SPS: 1176
SPS: 1176
SPS: 1176
SPS: 1176
SPS: 1176
SPS: 1176
SPS: 1176
SPS: 1176
SPS: 1176
SPS: 1176
SPS: 1176
SPS: 1176
SPS: 1176
SPS: 1176
SPS: 1176
SPS: 1176
SPS: 1177
SPS: 1177
SPS: 1177
SPS: 1177
SPS: 1177
SPS: 1177
SPS: 1177
SPS: 1177
SPS: 1177
SPS: 1177
SPS: 1177
SPS: 1177
SPS: 1177
SPS: 1177
SPS: 1177
SPS: 1177
SPS: 1177
SPS: 1177
SPS: 1177
SPS: 1177
SPS: 1177
SPS: 1177
SPS: 1177
SPS: 1177
SPS: 1177
SPS: 1177
SPS: 1177
SPS: 1177
SPS: 1177
SPS: 1177
SPS: 1177
SPS: 1177
SPS: 1177
SPS: 1177
SPS: 1177
SPS: 1177
SPS: 1177
SPS: 1177
SPS: 1177
SPS: 1177
SPS: 1177
SPS: 1177
SPS: 1177
SPS: 1177
SPS: 1177
SPS: 1177
SPS: 1177
SPS: 1177
SPS: 1177
SPS: 1177
SPS: 1177
SPS: 1177
SPS: 1177
SPS: 1177
SPS: 1177
SPS: 1178
SPS: 1178
SPS: 1178
SPS: 1178
SPS: 1178
SPS: 1178
SPS: 1178
SPS: 1178
SPS: 1178
SPS: 1178
SPS: 1178
SPS: 1178
SPS: 1178
SPS: 1178
SPS: 1178
SPS: 1178
SPS: 1178
SPS: 1178
SPS: 1178
SPS: 1178
SPS: 1178
SPS: 1178
SPS: 1178
SPS: 1178
SPS: 1178
SPS: 1178
SPS: 1178
SPS: 1178
SPS: 1178
SPS: 1178
SPS: 1178
SPS: 1178
SPS: 1178
SPS: 1178
SPS: 1178
SPS: 1178
SPS: 1178
SPS: 1178
SPS: 1178
SPS: 1178
SPS: 1178
SPS: 1178
SPS: 1178
SPS: 1178
SPS: 1178
SPS: 1178
SPS: 1178
SPS: 1178
SPS: 1178
SPS: 1178
SPS: 1178
SPS: 1178
SPS: 1178
SPS: 1178
SPS: 1178
SPS: 1178
SPS: 1178
SPS: 1178
SPS: 1178
SPS: 1178
SPS: 1178
SPS: 1179
SPS: 1179
SPS: 1179
SPS: 1179
SPS: 1179
SPS: 1179
SPS: 1179
SPS: 1179
SPS: 1179
SPS: 1179
SPS: 1179
SPS: 1179
SPS: 1179
SPS: 1179
SPS: 1179
SPS: 1179
SPS: 1179
SPS: 1179
SPS: 1179
SPS: 1179
SPS: 1179
SPS: 1179
SPS: 1179
SPS: 1179
SPS: 1179
SPS: 1179
SPS: 1179
SPS: 1179
SPS: 1179
SPS: 1179
SPS: 1179
SPS: 1179
SPS: 1179
SPS: 1179
SPS: 1179
SPS: 1179
SPS: 1179
SPS: 1179
SPS: 1179
SPS: 1179
SPS: 1179
SPS: 1179
SPS: 1179
SPS: 1179
SPS: 1179
SPS: 1179
SPS: 1179
SPS: 1179
SPS: 1179
SPS: 1179
SPS: 1179
SPS: 1179
SPS: 1179
SPS: 1179
SPS: 1179
SPS: 1179
SPS: 1179
SPS: 1179
SPS: 1179
SPS: 1179
SPS: 1179
SPS: 1179
SPS: 1179
SPS: 1179
SPS: 1180
SPS: 1180
SPS: 1180
SPS: 1180
SPS: 1180
SPS: 1180
SPS: 1180
SPS: 1180
SPS: 1180
SPS: 1180
SPS: 1180
SPS: 1180
SPS: 1180
SPS: 1180
SPS: 1180
SPS: 1180
SPS: 1180
SPS: 1180
SPS: 1180
SPS: 1180
SPS: 1180
SPS: 1180
SPS: 1180
SPS: 1180
SPS: 1180
SPS: 1180
SPS: 1180
SPS: 1180
SPS: 1180
SPS: 1180
SPS: 1180
SPS: 1180
SPS: 1180
SPS: 1180
SPS: 1180
SPS: 1180
SPS: 1180
SPS: 1180
SPS: 1180
SPS: 1180
SPS: 1180
SPS: 1180
SPS: 1180
SPS: 1180
SPS: 1180
SPS: 1180
SPS: 1180
SPS: 1180
SPS: 1180
SPS: 1180
SPS: 1180
SPS: 1180
SPS: 1180
SPS: 1180
SPS: 1180
SPS: 1180
SPS: 1180
SPS: 1180
SPS: 1180
SPS: 1180
SPS: 1180
SPS: 1180
SPS: 1180
SPS: 1180
SPS: 1180
SPS: 1180
SPS: 1180
SPS: 1180
SPS: 1180
SPS: 1181
SPS: 1181
SPS: 1181
SPS: 1181
SPS: 1181
SPS: 1181
SPS: 1181
SPS: 1181
SPS: 1181
SPS: 1181
SPS: 1181
SPS: 1181
SPS: 1181
SPS: 1181
SPS: 1181
SPS: 1181
SPS: 1181
time budget reached: 3602s @ global_step=4254720
