C:\Users\a3162\thesis\.venv\Lib\site-packages\tyro\_parsers.py:365: UserWarning: The field `wandb-entity` is annotated with type `<class 'str'>`, but the default value `None` has type `<class 'NoneType'>`. We'll try to handle this gracefully, but it may cause unexpected behavior.
  warnings.warn(message)
C:\Users\a3162\thesis\.venv\Lib\site-packages\tyro\_parsers.py:365: UserWarning: The field `target-kl` is annotated with type `<class 'float'>`, but the default value `None` has type `<class 'NoneType'>`. We'll try to handle this gracefully, but it may cause unexpected behavior.
  warnings.warn(message)
SPS: 38202
SPS: 41541
SPS: 42594
SPS: 43258
SPS: 43630
SPS: 43838
SPS: 44062
SPS: 44231
SPS: 44341
SPS: 44482
SPS: 44564
SPS: 44608
SPS: 44650
SPS: 44694
SPS: 44703
SPS: 44717
SPS: 44758
SPS: 44812
SPS: 44854
SPS: 44898
SPS: 44939
SPS: 44951
SPS: 44951
SPS: 44974
SPS: 44989
SPS: 45011
SPS: 45033
SPS: 45052
SPS: 45062
SPS: 45077
SPS: 45091
SPS: 45109
SPS: 45131
SPS: 45152
SPS: 45166
SPS: 45167
SPS: 45147
SPS: 45139
SPS: 45135
SPS: 45139
SPS: 45144
SPS: 45150
SPS: 45159
SPS: 45159
SPS: 45160
SPS: 45156
SPS: 45159
SPS: 45157
SPS: 45159
SPS: 45167
SPS: 45162
SPS: 45166
SPS: 45175
SPS: 45177
SPS: 45181
SPS: 45194
SPS: 45199
SPS: 45199
SPS: 45203
SPS: 45216
SPS: 45224
SPS: 45233
SPS: 45235
SPS: 45241
SPS: 45235
SPS: 45237
SPS: 45249
SPS: 45255
SPS: 45264
SPS: 45263
SPS: 45267
SPS: 45259
SPS: 45252
SPS: 45253
SPS: 45252
SPS: 45247
SPS: 45247
SPS: 45250
SPS: 45248
SPS: 45252
SPS: 45253
SPS: 45259
SPS: 45258
SPS: 45262
SPS: 45259
SPS: 45256
SPS: 45263
SPS: 45268
SPS: 45267
SPS: 45266
SPS: 45265
SPS: 45266
SPS: 45266
SPS: 45273
SPS: 45276
SPS: 45283
SPS: 45287
SPS: 45292
SPS: 45296
SPS: 45292
SPS: 45299
SPS: 45299
SPS: 45305
SPS: 45309
SPS: 45308
SPS: 45310
SPS: 45307
SPS: 45306
SPS: 45306
SPS: 45308
SPS: 45308
SPS: 45311
SPS: 45313
SPS: 45312
SPS: 45314
SPS: 45310
SPS: 45308
SPS: 45306
SPS: 45306
SPS: 45308
SPS: 45308
SPS: 45314
SPS: 45314
SPS: 45316
SPS: 45318
SPS: 45321
SPS: 45323
SPS: 45321
SPS: 45323
SPS: 45324
SPS: 45328
SPS: 45331
SPS: 45334
SPS: 45337
SPS: 45335
SPS: 45338
SPS: 45340
SPS: 45344
SPS: 45346
SPS: 45347
SPS: 45347
SPS: 45344
SPS: 45343
SPS: 45340
SPS: 45339
SPS: 45338
SPS: 45338
SPS: 45338
SPS: 45337
SPS: 45335
SPS: 45335
SPS: 45336
SPS: 45336
SPS: 45336
SPS: 45338
SPS: 45340
SPS: 45344
SPS: 45345
SPS: 45349
SPS: 45350
SPS: 45351
SPS: 45354
SPS: 45355
SPS: 45359
SPS: 45365
SPS: 45366
SPS: 45366
SPS: 45365
SPS: 45366
SPS: 45366
SPS: 45366
SPS: 45369
SPS: 45369
SPS: 45369
SPS: 45369
SPS: 45370
SPS: 45366
SPS: 45367
SPS: 45368
SPS: 45368
SPS: 45369
SPS: 45370
SPS: 45369
SPS: 45366
SPS: 45368
SPS: 45367
SPS: 45367
SPS: 45368
SPS: 45368
SPS: 45371
SPS: 45367
SPS: 45366
SPS: 45366
SPS: 45366
SPS: 45368
SPS: 45370
SPS: 45372
SPS: 45371
SPS: 45372
SPS: 45375
SPS: 45377
SPS: 45378
SPS: 45379
SPS: 45381
SPS: 45381
SPS: 45384
SPS: 45386
SPS: 45384
SPS: 45384
SPS: 45381
SPS: 45380
SPS: 45376
SPS: 45376
SPS: 45376
SPS: 45374
SPS: 45374
SPS: 45374
SPS: 45373
SPS: 45371
SPS: 45371
SPS: 45373
SPS: 45375
SPS: 45376
SPS: 45377
SPS: 45378
SPS: 45377
SPS: 45379
SPS: 45380
SPS: 45381
SPS: 45380
SPS: 45381
SPS: 45383
SPS: 45383
SPS: 45383
SPS: 45385
SPS: 45387
SPS: 45387
SPS: 45388
SPS: 45390
SPS: 45391
SPS: 45392
SPS: 45394
SPS: 45393
SPS: 45392
SPS: 45390
SPS: 45389
SPS: 45386
SPS: 45387
SPS: 45386
SPS: 45387
SPS: 45387
SPS: 45388
SPS: 45386
SPS: 45385
SPS: 45384
SPS: 45384
SPS: 45386
SPS: 45385
SPS: 45386
SPS: 45388
SPS: 45387
SPS: 45387
SPS: 45387
SPS: 45389
SPS: 45392
SPS: 45394
SPS: 45395
SPS: 45395
SPS: 45395
SPS: 45395
SPS: 45394
SPS: 45394
SPS: 45394
SPS: 45395
SPS: 45396
SPS: 45398
SPS: 45397
SPS: 45396
SPS: 45395
SPS: 45394
SPS: 45393
SPS: 45394
SPS: 45394
SPS: 45394
SPS: 45395
SPS: 45394
SPS: 45394
SPS: 45393
SPS: 45392
SPS: 45392
SPS: 45394
SPS: 45396
SPS: 45398
SPS: 45399
SPS: 45400
SPS: 45401
SPS: 45401
SPS: 45400
SPS: 45401
SPS: 45402
SPS: 45403
SPS: 45404
SPS: 45405
SPS: 45406
SPS: 45407
SPS: 45408
SPS: 45410
SPS: 45411
SPS: 45412
SPS: 45413
SPS: 45413
SPS: 45413
SPS: 45412
SPS: 45412
SPS: 45411
SPS: 45410
SPS: 45412
SPS: 45411
SPS: 45411
SPS: 45410
SPS: 45410
SPS: 45408
SPS: 45406
SPS: 45405
SPS: 45405
SPS: 45407
SPS: 45408
SPS: 45409
SPS: 45408
SPS: 45408
SPS: 45408
SPS: 45409
SPS: 45409
SPS: 45410
SPS: 45412
SPS: 45414
SPS: 45412
SPS: 45413
SPS: 45414
SPS: 45414
SPS: 45414
SPS: 45416
SPS: 45417
SPS: 45418
SPS: 45418
SPS: 45418
SPS: 45418
SPS: 45418
SPS: 45416
SPS: 45415
SPS: 45414
SPS: 45414
SPS: 45415
SPS: 45415
SPS: 45415
SPS: 45415
SPS: 45415
SPS: 45413
SPS: 45412
SPS: 45413
SPS: 45413
SPS: 45413
SPS: 45413
SPS: 45414
SPS: 45414
SPS: 45415
SPS: 45415
SPS: 45416
SPS: 45417
SPS: 45418
SPS: 45419
SPS: 45418
SPS: 45418
SPS: 45418
SPS: 45418
SPS: 45418
SPS: 45419
SPS: 45421
SPS: 45421
SPS: 45421
SPS: 45420
SPS: 45420
SPS: 45419
SPS: 45419
SPS: 45419
SPS: 45417
SPS: 45416
SPS: 45416
SPS: 45416
SPS: 45415
SPS: 45414
SPS: 45413
SPS: 45411
SPS: 45411
SPS: 45412
SPS: 45413
SPS: 45414
SPS: 45415
SPS: 45415
SPS: 45415
SPS: 45415
SPS: 45415
SPS: 45416
SPS: 45417
SPS: 45418
SPS: 45418
SPS: 45418
SPS: 45419
SPS: 45420
SPS: 45421
SPS: 45421
SPS: 45421
SPS: 45422
SPS: 45422
SPS: 45421
SPS: 45422
SPS: 45421
SPS: 45420
SPS: 45420
SPS: 45420
SPS: 45419
SPS: 45419
SPS: 45419
SPS: 45419
SPS: 45419
SPS: 45419
SPS: 45419
SPS: 45418
SPS: 45418
SPS: 45419
SPS: 45420
SPS: 45420
SPS: 45421
SPS: 45421
SPS: 45420
SPS: 45421
SPS: 45421
SPS: 45422
SPS: 45422
SPS: 45423
SPS: 45424
SPS: 45423
SPS: 45423
SPS: 45423
SPS: 45424
SPS: 45425
SPS: 45426
SPS: 45426
SPS: 45426
SPS: 45425
SPS: 45424
SPS: 45423
SPS: 45423
SPS: 45422
SPS: 45422
SPS: 45420
SPS: 45420
SPS: 45420
SPS: 45420
SPS: 45420
SPS: 45420
SPS: 45421
SPS: 45421
SPS: 45421
SPS: 45420
SPS: 45421
SPS: 45420
SPS: 45421
SPS: 45422
SPS: 45422
SPS: 45423
SPS: 45424
SPS: 45424
SPS: 45425
SPS: 45426
SPS: 45427
SPS: 45427
SPS: 45427
SPS: 45427
SPS: 45428
SPS: 45429
SPS: 45430
SPS: 45430
SPS: 45429
SPS: 45428
SPS: 45428
SPS: 45427
SPS: 45426
SPS: 45426
SPS: 45426
SPS: 45425
SPS: 45424
SPS: 45424
SPS: 45424
SPS: 45423
SPS: 45423
SPS: 45422
SPS: 45422
SPS: 45422
SPS: 45422
SPS: 45422
SPS: 45422
SPS: 45422
SPS: 45422
SPS: 45421
SPS: 45421
SPS: 45421
SPS: 45421
SPS: 45422
SPS: 45422
SPS: 45422
SPS: 45421
SPS: 45421
SPS: 45422
SPS: 45422
SPS: 45422
SPS: 45422
SPS: 45421
SPS: 45419
SPS: 45419
SPS: 45419
SPS: 45418
SPS: 45418
SPS: 45418
SPS: 45418
SPS: 45417
SPS: 45417
SPS: 45416
SPS: 45415
SPS: 45415
SPS: 45415
SPS: 45414
SPS: 45414
SPS: 45413
SPS: 45413
SPS: 45413
SPS: 45413
SPS: 45413
SPS: 45412
SPS: 45412
SPS: 45411
SPS: 45411
SPS: 45411
SPS: 45411
SPS: 45411
SPS: 45410
SPS: 45410
SPS: 45410
SPS: 45410
SPS: 45410
SPS: 45411
SPS: 45411
SPS: 45410
SPS: 45409
SPS: 45409
SPS: 45408
SPS: 45407
SPS: 45407
SPS: 45407
SPS: 45407
SPS: 45407
SPS: 45407
SPS: 45405
SPS: 45404
SPS: 45404
SPS: 45403
SPS: 45402
SPS: 45402
SPS: 45403
SPS: 45403
SPS: 45403
SPS: 45403
SPS: 45403
SPS: 45402
SPS: 45402
SPS: 45402
SPS: 45402
SPS: 45402
SPS: 45402
SPS: 45402
SPS: 45401
SPS: 45401
SPS: 45401
SPS: 45401
SPS: 45401
SPS: 45401
SPS: 45401
SPS: 45400
SPS: 45399
SPS: 45399
SPS: 45399
SPS: 45398
SPS: 45398
SPS: 45397
SPS: 45396
SPS: 45396
SPS: 45395
SPS: 45395
SPS: 45394
SPS: 45394
SPS: 45394
SPS: 45393
SPS: 45393
SPS: 45394
SPS: 45394
SPS: 45395
SPS: 45395
SPS: 45394
SPS: 45394
SPS: 45394
SPS: 45394
SPS: 45395
SPS: 45395
SPS: 45395
SPS: 45395
SPS: 45395
SPS: 45395
SPS: 45395
SPS: 45396
SPS: 45395
SPS: 45394
SPS: 45393
SPS: 45392
SPS: 45391
SPS: 45390
SPS: 45389
SPS: 45390
SPS: 45389
SPS: 45389
SPS: 45388
SPS: 45388
SPS: 45388
SPS: 45386
SPS: 45386
SPS: 45386
SPS: 45386
SPS: 45386
SPS: 45386
SPS: 45387
SPS: 45387
SPS: 45386
SPS: 45386
SPS: 45386
SPS: 45385
SPS: 45386
SPS: 45386
SPS: 45387
SPS: 45387
SPS: 45387
SPS: 45387
SPS: 45387
SPS: 45387
SPS: 45387
SPS: 45387
SPS: 45387
SPS: 45387
SPS: 45386
SPS: 45385
SPS: 45384
SPS: 45383
SPS: 45383
SPS: 45383
SPS: 45383
SPS: 45383
SPS: 45383
SPS: 45382
SPS: 45382
SPS: 45382
SPS: 45382
SPS: 45382
SPS: 45383
SPS: 45383
SPS: 45383
SPS: 45383
SPS: 45383
SPS: 45382
SPS: 45382
SPS: 45383
SPS: 45383
SPS: 45384
SPS: 45384
SPS: 45384
SPS: 45383
SPS: 45384
SPS: 45384
SPS: 45384
SPS: 45384
SPS: 45385
SPS: 45385
SPS: 45384
SPS: 45384
SPS: 45384
SPS: 45383
SPS: 45382
SPS: 45381
SPS: 45381
SPS: 45380
SPS: 45380
SPS: 45380
SPS: 45380
SPS: 45380
SPS: 45379
SPS: 45379
SPS: 45379
SPS: 45379
SPS: 45378
SPS: 45378
SPS: 45376
SPS: 45376
SPS: 45375
SPS: 45375
SPS: 45375
SPS: 45374
SPS: 45374
SPS: 45375
SPS: 45375
SPS: 45375
SPS: 45375
SPS: 45376
SPS: 45375
SPS: 45376
SPS: 45376
SPS: 45377
SPS: 45377
SPS: 45376
SPS: 45375
SPS: 45375
SPS: 45374
SPS: 45374
SPS: 45374
SPS: 45374
SPS: 45374
SPS: 45374
SPS: 45372
SPS: 45372
SPS: 45372
SPS: 45372
SPS: 45371
SPS: 45371
SPS: 45371
SPS: 45371
SPS: 45371
SPS: 45372
SPS: 45372
SPS: 45372
SPS: 45372
SPS: 45372
SPS: 45372
SPS: 45373
SPS: 45373
SPS: 45374
SPS: 45374
SPS: 45374
SPS: 45374
SPS: 45374
SPS: 45374
SPS: 45375
SPS: 45375
SPS: 45375
SPS: 45374
SPS: 45374
SPS: 45372
SPS: 45372
SPS: 45371
SPS: 45371
SPS: 45371
SPS: 45371
SPS: 45371
SPS: 45371
SPS: 45370
SPS: 45370
SPS: 45370
SPS: 45370
SPS: 45370
SPS: 45371
SPS: 45371
SPS: 45371
SPS: 45371
SPS: 45371
SPS: 45371
SPS: 45371
SPS: 45372
SPS: 45372
SPS: 45372
SPS: 45372
SPS: 45372
SPS: 45372
SPS: 45372
SPS: 45373
SPS: 45373
SPS: 45373
SPS: 45373
SPS: 45373
SPS: 45373
SPS: 45373
SPS: 45373
SPS: 45371
SPS: 45371
SPS: 45370
SPS: 45370
SPS: 45370
SPS: 45370
SPS: 45370
SPS: 45369
SPS: 45369
SPS: 45370
SPS: 45370
SPS: 45371
SPS: 45371
SPS: 45372
SPS: 45371
SPS: 45371
SPS: 45371
SPS: 45371
SPS: 45372
SPS: 45372
SPS: 45372
SPS: 45371
SPS: 45372
SPS: 45372
SPS: 45372
SPS: 45372
SPS: 45372
SPS: 45373
SPS: 45373
SPS: 45373
SPS: 45373
SPS: 45372
SPS: 45372
SPS: 45372
SPS: 45371
SPS: 45370
SPS: 45370
SPS: 45370
SPS: 45370
SPS: 45370
SPS: 45370
SPS: 45369
SPS: 45369
SPS: 45369
SPS: 45369
SPS: 45369
SPS: 45369
SPS: 45370
SPS: 45370
SPS: 45370
SPS: 45370
SPS: 45370
SPS: 45371
SPS: 45371
SPS: 45371
SPS: 45371
SPS: 45372
SPS: 45371
SPS: 45372
SPS: 45372
SPS: 45372
SPS: 45373
SPS: 45373
SPS: 45373
SPS: 45373
SPS: 45373
SPS: 45373
SPS: 45373
SPS: 45372
SPS: 45371
SPS: 45371
SPS: 45371
SPS: 45371
SPS: 45371
SPS: 45371
SPS: 45371
SPS: 45371
SPS: 45370
SPS: 45370
SPS: 45370
SPS: 45370
SPS: 45370
SPS: 45371
SPS: 45371
SPS: 45371
SPS: 45371
SPS: 45371
SPS: 45371
SPS: 45372
SPS: 45372
SPS: 45372
SPS: 45373
SPS: 45373
SPS: 45373
SPS: 45373
SPS: 45373
SPS: 45373
SPS: 45373
SPS: 45373
SPS: 45373
SPS: 45373
SPS: 45372
SPS: 45372
SPS: 45371
SPS: 45370
SPS: 45370
SPS: 45370
SPS: 45371
SPS: 45371
SPS: 45371
SPS: 45371
SPS: 45370
SPS: 45370
SPS: 45370
SPS: 45370
SPS: 45370
SPS: 45370
SPS: 45371
SPS: 45370
SPS: 45370
SPS: 45370
SPS: 45370
SPS: 45370
SPS: 45370
SPS: 45371
SPS: 45371
SPS: 45371
SPS: 45371
SPS: 45371
SPS: 45372
SPS: 45372
SPS: 45372
SPS: 45372
SPS: 45372
SPS: 45372
SPS: 45372
SPS: 45371
SPS: 45371
SPS: 45370
SPS: 45370
SPS: 45369
SPS: 45369
SPS: 45369
SPS: 45370
SPS: 45370
SPS: 45370
SPS: 45369
SPS: 45369
SPS: 45369
SPS: 45369
SPS: 45369
SPS: 45370
SPS: 45370
SPS: 45369
SPS: 45369
SPS: 45369
SPS: 45369
SPS: 45369
SPS: 45369
SPS: 45369
SPS: 45369
SPS: 45369
SPS: 45369
SPS: 45369
SPS: 45369
SPS: 45370
SPS: 45370
SPS: 45370
SPS: 45370
SPS: 45369
SPS: 45369
SPS: 45369
SPS: 45368
SPS: 45368
SPS: 45367
SPS: 45367
SPS: 45367
SPS: 45367
SPS: 45366
SPS: 45366
SPS: 45366
SPS: 45366
SPS: 45366
SPS: 45366
SPS: 45367
SPS: 45367
SPS: 45367
SPS: 45367
SPS: 45367
SPS: 45367
SPS: 45368
SPS: 45368
SPS: 45368
SPS: 45368
SPS: 45369
SPS: 45368
SPS: 45369
SPS: 45368
SPS: 45369
SPS: 45369
SPS: 45370
SPS: 45370
SPS: 45370
SPS: 45370
SPS: 45370
SPS: 45369
SPS: 45369
SPS: 45369
SPS: 45369
SPS: 45368
SPS: 45368
SPS: 45368
SPS: 45368
SPS: 45368
SPS: 45368
SPS: 45368
SPS: 45368
SPS: 45368
SPS: 45368
SPS: 45368
SPS: 45369
SPS: 45368
SPS: 45368
SPS: 45368
SPS: 45368
SPS: 45369
SPS: 45369
SPS: 45369
SPS: 45370
SPS: 45370
SPS: 45370
SPS: 45370
SPS: 45371
SPS: 45371
SPS: 45371
SPS: 45371
SPS: 45371
SPS: 45370
SPS: 45370
SPS: 45370
SPS: 45369
SPS: 45369
SPS: 45369
SPS: 45369
SPS: 45369
SPS: 45369
SPS: 45369
SPS: 45369
SPS: 45368
SPS: 45368
SPS: 45367
SPS: 45368
SPS: 45368
SPS: 45368
SPS: 45368
SPS: 45368
SPS: 45368
SPS: 45369
SPS: 45369
SPS: 45369
SPS: 45369
SPS: 45370
SPS: 45370
SPS: 45370
SPS: 45370
SPS: 45370
SPS: 45370
SPS: 45371
SPS: 45371
SPS: 45371
SPS: 45371
SPS: 45372
SPS: 45372
SPS: 45371
SPS: 45371
SPS: 45371
SPS: 45371
SPS: 45371
SPS: 45371
SPS: 45371
SPS: 45371
SPS: 45371
SPS: 45371
SPS: 45370
SPS: 45370
SPS: 45370
SPS: 45370
SPS: 45370
SPS: 45370
SPS: 45371
SPS: 45371
SPS: 45371
SPS: 45371
SPS: 45372
SPS: 45372
SPS: 45372
SPS: 45372
SPS: 45373
SPS: 45373
SPS: 45373
SPS: 45373
SPS: 45373
SPS: 45373
SPS: 45373
SPS: 45374
SPS: 45374
SPS: 45373
SPS: 45373
SPS: 45373
SPS: 45373
SPS: 45373
SPS: 45373
SPS: 45372
SPS: 45373
SPS: 45373
SPS: 45372
SPS: 45372
SPS: 45372
SPS: 45372
SPS: 45372
SPS: 45372
SPS: 45372
SPS: 45373
SPS: 45373
SPS: 45373
SPS: 45373
SPS: 45372
SPS: 45372
SPS: 45372
SPS: 45373
SPS: 45373
SPS: 45373
SPS: 45374
SPS: 45374
SPS: 45374
SPS: 45374
SPS: 45374
SPS: 45374
SPS: 45374
SPS: 45375
SPS: 45374
SPS: 45374
SPS: 45374
SPS: 45374
SPS: 45374
SPS: 45373
SPS: 45373
SPS: 45373
SPS: 45373
SPS: 45373
SPS: 45373
SPS: 45373
SPS: 45372
SPS: 45372
SPS: 45372
SPS: 45372
SPS: 45372
SPS: 45372
SPS: 45372
SPS: 45372
SPS: 45372
SPS: 45372
SPS: 45372
SPS: 45372
SPS: 45373
SPS: 45373
SPS: 45373
SPS: 45373
SPS: 45373
SPS: 45373
SPS: 45373
SPS: 45374
SPS: 45374
SPS: 45374
SPS: 45374
SPS: 45374
SPS: 45373
SPS: 45373
SPS: 45373
SPS: 45372
SPS: 45373
SPS: 45372
SPS: 45372
SPS: 45372
SPS: 45371
SPS: 45371
SPS: 45371
SPS: 45371
SPS: 45371
SPS: 45371
SPS: 45371
SPS: 45371
SPS: 45371
SPS: 45371
SPS: 45371
SPS: 45371
SPS: 45372
SPS: 45372
SPS: 45372
SPS: 45372
SPS: 45372
SPS: 45372
SPS: 45372
SPS: 45372
SPS: 45372
SPS: 45372
SPS: 45372
SPS: 45372
SPS: 45372
SPS: 45372
SPS: 45372
SPS: 45371
SPS: 45371
SPS: 45371
SPS: 45371
SPS: 45371
SPS: 45371
SPS: 45371
SPS: 45371
SPS: 45371
SPS: 45371
SPS: 45370
SPS: 45370
SPS: 45371
SPS: 45371
SPS: 45371
SPS: 45371
SPS: 45371
SPS: 45371
SPS: 45371
SPS: 45371
SPS: 45372
SPS: 45372
SPS: 45372
SPS: 45372
SPS: 45373
SPS: 45373
SPS: 45373
SPS: 45373
SPS: 45373
SPS: 45373
SPS: 45374
SPS: 45374
SPS: 45374
SPS: 45374
SPS: 45373
SPS: 45373
SPS: 45373
SPS: 45372
SPS: 45372
SPS: 45372
SPS: 45372
SPS: 45372
SPS: 45371
SPS: 45371
SPS: 45370
SPS: 45370
SPS: 45370
SPS: 45371
SPS: 45371
SPS: 45371
SPS: 45371
SPS: 45371
SPS: 45371
SPS: 45372
SPS: 45372
SPS: 45372
SPS: 45372
SPS: 45372
SPS: 45373
SPS: 45373
SPS: 45373
SPS: 45373
SPS: 45374
SPS: 45373
SPS: 45374
SPS: 45374
SPS: 45374
SPS: 45374
SPS: 45374
SPS: 45374
SPS: 45373
SPS: 45373
SPS: 45373
SPS: 45373
SPS: 45374
SPS: 45374
SPS: 45374
SPS: 45374
SPS: 45374
SPS: 45374
SPS: 45374
SPS: 45374
SPS: 45374
SPS: 45375
SPS: 45375
SPS: 45375
SPS: 45376
SPS: 45376
SPS: 45376
SPS: 45376
SPS: 45376
SPS: 45377
SPS: 45377
SPS: 45377
SPS: 45377
SPS: 45377
SPS: 45377
SPS: 45377
SPS: 45377
SPS: 45378
SPS: 45378
SPS: 45378
SPS: 45378
SPS: 45378
SPS: 45378
SPS: 45377
SPS: 45377
SPS: 45377
SPS: 45377
SPS: 45377
SPS: 45377
SPS: 45377
SPS: 45377
SPS: 45377
SPS: 45377
SPS: 45377
SPS: 45377
SPS: 45377
SPS: 45377
SPS: 45377
SPS: 45377
SPS: 45377
SPS: 45377
SPS: 45377
SPS: 45377
SPS: 45377
SPS: 45377
SPS: 45378
SPS: 45378
SPS: 45378
SPS: 45378
SPS: 45379
SPS: 45379
SPS: 45379
SPS: 45380
SPS: 45380
SPS: 45380
SPS: 45380
SPS: 45379
SPS: 45379
SPS: 45379
SPS: 45379
SPS: 45379
SPS: 45379
SPS: 45379
SPS: 45378
SPS: 45378
SPS: 45379
SPS: 45379
SPS: 45379
SPS: 45379
SPS: 45379
SPS: 45380
SPS: 45380
SPS: 45380
SPS: 45380
SPS: 45380
SPS: 45381
SPS: 45381
SPS: 45381
SPS: 45381
SPS: 45382
SPS: 45382
SPS: 45382
SPS: 45382
SPS: 45382
SPS: 45383
SPS: 45383
SPS: 45384
SPS: 45383
SPS: 45384
SPS: 45384
SPS: 45383
SPS: 45383
SPS: 45383
SPS: 45382
SPS: 45382
SPS: 45383
SPS: 45383
SPS: 45383
SPS: 45383
SPS: 45383
SPS: 45382
SPS: 45382
SPS: 45382
SPS: 45382
SPS: 45382
SPS: 45383
SPS: 45382
SPS: 45382
SPS: 45383
SPS: 45383
SPS: 45383
SPS: 45383
SPS: 45383
SPS: 45384
SPS: 45384
SPS: 45384
SPS: 45384
SPS: 45384
SPS: 45384
SPS: 45384
SPS: 45384
SPS: 45384
SPS: 45384
SPS: 45384
SPS: 45384
SPS: 45384
SPS: 45384
SPS: 45384
SPS: 45384
SPS: 45384
SPS: 45384
SPS: 45384
SPS: 45384
SPS: 45383
SPS: 45383
SPS: 45383
SPS: 45383
SPS: 45383
SPS: 45383
SPS: 45383
SPS: 45383
SPS: 45383
SPS: 45383
SPS: 45383
SPS: 45383
SPS: 45384
SPS: 45384
SPS: 45384
SPS: 45384
SPS: 45385
SPS: 45385
SPS: 45385
SPS: 45385
SPS: 45385
SPS: 45385
SPS: 45385
SPS: 45385
SPS: 45385
SPS: 45385
SPS: 45385
SPS: 45385
SPS: 45384
SPS: 45384
SPS: 45384
SPS: 45384
SPS: 45383
SPS: 45383
SPS: 45383
SPS: 45383
SPS: 45383
SPS: 45383
SPS: 45383
SPS: 45383
SPS: 45383
SPS: 45384
SPS: 45384
SPS: 45384
SPS: 45384
SPS: 45384
SPS: 45384
SPS: 45384
SPS: 45384
SPS: 45384
SPS: 45384
SPS: 45384
SPS: 45384
SPS: 45384
SPS: 45384
SPS: 45385
SPS: 45385
SPS: 45385
SPS: 45385
SPS: 45385
SPS: 45385
SPS: 45385
SPS: 45385
SPS: 45385
SPS: 45384
SPS: 45384
SPS: 45384
SPS: 45385
SPS: 45385
SPS: 45385
SPS: 45384
SPS: 45384
SPS: 45384
SPS: 45384
SPS: 45384
SPS: 45384
SPS: 45384
SPS: 45384
SPS: 45384
SPS: 45384
SPS: 45384
SPS: 45384
SPS: 45384
SPS: 45385
SPS: 45385
SPS: 45385
SPS: 45385
SPS: 45385
SPS: 45385
SPS: 45385
SPS: 45385
SPS: 45386
SPS: 45386
SPS: 45386
SPS: 45385
SPS: 45385
SPS: 45385
SPS: 45385
SPS: 45385
SPS: 45385
SPS: 45385
SPS: 45385
SPS: 45385
SPS: 45385
SPS: 45385
SPS: 45385
SPS: 45385
SPS: 45385
SPS: 45385
SPS: 45385
SPS: 45385
SPS: 45385
SPS: 45385
SPS: 45385
SPS: 45385
SPS: 45385
SPS: 45385
SPS: 45385
SPS: 45386
SPS: 45386
SPS: 45386
SPS: 45386
SPS: 45386
SPS: 45386
SPS: 45387
SPS: 45387
SPS: 45387
SPS: 45387
SPS: 45387
SPS: 45387
SPS: 45386
SPS: 45386
SPS: 45386
SPS: 45386
SPS: 45386
SPS: 45386
SPS: 45386
SPS: 45386
SPS: 45386
SPS: 45386
SPS: 45386
SPS: 45386
SPS: 45386
SPS: 45386
SPS: 45386
SPS: 45387
SPS: 45387
SPS: 45387
SPS: 45386
SPS: 45386
SPS: 45387
SPS: 45387
SPS: 45387
SPS: 45387
SPS: 45387
SPS: 45387
SPS: 45387
SPS: 45387
SPS: 45387
SPS: 45388
SPS: 45388
SPS: 45388
SPS: 45388
SPS: 45388
SPS: 45388
SPS: 45387
SPS: 45387
SPS: 45387
SPS: 45387
SPS: 45387
SPS: 45387
SPS: 45387
SPS: 45387
SPS: 45387
SPS: 45387
SPS: 45387
SPS: 45387
SPS: 45387
SPS: 45387
SPS: 45387
SPS: 45387
SPS: 45387
SPS: 45387
SPS: 45387
SPS: 45388
SPS: 45388
SPS: 45388
SPS: 45388
SPS: 45388
SPS: 45388
SPS: 45388
SPS: 45388
SPS: 45389
SPS: 45389
SPS: 45389
SPS: 45389
SPS: 45389
SPS: 45389
SPS: 45389
SPS: 45389
SPS: 45389
SPS: 45389
SPS: 45388
SPS: 45388
SPS: 45388
SPS: 45388
SPS: 45388
SPS: 45388
SPS: 45388
SPS: 45388
SPS: 45388
SPS: 45388
SPS: 45388
SPS: 45388
SPS: 45389
SPS: 45389
SPS: 45388
SPS: 45388
SPS: 45388
SPS: 45388
SPS: 45388
SPS: 45388
SPS: 45388
SPS: 45388
SPS: 45388
SPS: 45388
SPS: 45388
SPS: 45389
SPS: 45389
SPS: 45389
SPS: 45389
SPS: 45389
SPS: 45389
SPS: 45389
SPS: 45389
SPS: 45389
SPS: 45389
SPS: 45389
SPS: 45389
SPS: 45389
SPS: 45389
SPS: 45389
SPS: 45389
SPS: 45389
SPS: 45389
SPS: 45389
SPS: 45389
SPS: 45389
SPS: 45389
SPS: 45389
SPS: 45389
SPS: 45389
SPS: 45389
SPS: 45389
SPS: 45389
SPS: 45389
SPS: 45390
SPS: 45390
SPS: 45390
SPS: 45390
SPS: 45390
SPS: 45390
SPS: 45390
SPS: 45390
SPS: 45390
SPS: 45390
SPS: 45390
SPS: 45390
SPS: 45389
SPS: 45389
SPS: 45389
SPS: 45389
SPS: 45389
SPS: 45389
SPS: 45389
SPS: 45389
SPS: 45389
SPS: 45389
SPS: 45389
SPS: 45389
SPS: 45388
SPS: 45388
SPS: 45388
SPS: 45388
SPS: 45388
SPS: 45388
SPS: 45388
SPS: 45388
SPS: 45389
SPS: 45389
SPS: 45389
SPS: 45389
SPS: 45389
SPS: 45390
SPS: 45389
SPS: 45389
SPS: 45390
SPS: 45390
SPS: 45390
SPS: 45390
SPS: 45390
SPS: 45389
SPS: 45389
SPS: 45389
SPS: 45388
SPS: 45388
SPS: 45388
SPS: 45388
SPS: 45388
SPS: 45388
SPS: 45388
SPS: 45388
SPS: 45387
SPS: 45387
SPS: 45387
SPS: 45387
SPS: 45387
SPS: 45388
SPS: 45388
SPS: 45388
SPS: 45388
SPS: 45387
SPS: 45387
SPS: 45387
SPS: 45388
SPS: 45388
SPS: 45388
SPS: 45388
SPS: 45388
SPS: 45388
SPS: 45388
SPS: 45388
SPS: 45388
SPS: 45389
SPS: 45388
SPS: 45388
SPS: 45388
SPS: 45388
SPS: 45388
SPS: 45388
SPS: 45387
SPS: 45388
SPS: 45387
SPS: 45387
SPS: 45387
SPS: 45387
SPS: 45387
SPS: 45387
SPS: 45387
SPS: 45386
SPS: 45386
SPS: 45386
SPS: 45387
SPS: 45387
SPS: 45387
SPS: 45387
SPS: 45387
SPS: 45387
SPS: 45387
SPS: 45388
SPS: 45388
SPS: 45388
SPS: 45388
SPS: 45388
SPS: 45388
SPS: 45388
SPS: 45388
SPS: 45388
SPS: 45388
SPS: 45388
SPS: 45388
SPS: 45387
SPS: 45385
SPS: 45385
SPS: 45385
SPS: 45385
SPS: 45385
SPS: 45385
SPS: 45385
SPS: 45385
SPS: 45385
SPS: 45385
SPS: 45385
SPS: 45385
SPS: 45385
SPS: 45385
SPS: 45385
SPS: 45385
SPS: 45385
SPS: 45385
SPS: 45385
SPS: 45385
SPS: 45385
SPS: 45385
SPS: 45385
SPS: 45386
SPS: 45386
SPS: 45386
SPS: 45386
SPS: 45386
SPS: 45386
SPS: 45386
SPS: 45386
SPS: 45386
SPS: 45386
SPS: 45385
SPS: 45385
SPS: 45385
SPS: 45385
SPS: 45385
SPS: 45385
SPS: 45385
SPS: 45384
SPS: 45384
SPS: 45384
SPS: 45384
SPS: 45384
SPS: 45384
SPS: 45384
SPS: 45385
SPS: 45385
SPS: 45385
SPS: 45385
SPS: 45385
SPS: 45385
SPS: 45384
SPS: 45385
SPS: 45385
SPS: 45385
SPS: 45385
SPS: 45385
SPS: 45385
SPS: 45385
SPS: 45385
SPS: 45385
SPS: 45386
SPS: 45386
SPS: 45386
SPS: 45385
SPS: 45385
SPS: 45385
SPS: 45385
SPS: 45385
SPS: 45385
SPS: 45385
SPS: 45385
SPS: 45385
SPS: 45385
SPS: 45385
SPS: 45385
SPS: 45385
SPS: 45384
SPS: 45384
SPS: 45385
SPS: 45385
SPS: 45385
SPS: 45385
SPS: 45385
SPS: 45385
SPS: 45385
SPS: 45385
SPS: 45385
SPS: 45385
SPS: 45385
SPS: 45385
SPS: 45385
SPS: 45386
SPS: 45386
SPS: 45386
SPS: 45386
SPS: 45386
SPS: 45386
SPS: 45386
SPS: 45386
SPS: 45386
SPS: 45385
SPS: 45385
SPS: 45385
SPS: 45385
SPS: 45385
SPS: 45384
SPS: 45384
SPS: 45384
SPS: 45384
SPS: 45384
SPS: 45384
SPS: 45384
SPS: 45384
SPS: 45384
SPS: 45384
SPS: 45384
SPS: 45384
SPS: 45384
SPS: 45385
SPS: 45385
SPS: 45385
SPS: 45385
SPS: 45385
SPS: 45385
SPS: 45385
SPS: 45385
SPS: 45385
SPS: 45385
SPS: 45385
SPS: 45385
SPS: 45385
SPS: 45385
SPS: 45385
SPS: 45384
SPS: 45384
SPS: 45384
SPS: 45384
SPS: 45383
SPS: 45384
SPS: 45384
SPS: 45384
SPS: 45384
SPS: 45383
SPS: 45383
SPS: 45383
SPS: 45383
SPS: 45383
SPS: 45383
SPS: 45384
SPS: 45383
SPS: 45383
SPS: 45383
SPS: 45383
SPS: 45383
SPS: 45384
SPS: 45384
SPS: 45383
SPS: 45384
SPS: 45384
SPS: 45384
SPS: 45384
SPS: 45384
SPS: 45384
SPS: 45384
SPS: 45385
SPS: 45384
SPS: 45384
SPS: 45384
SPS: 45384
SPS: 45383
SPS: 45383
SPS: 45383
SPS: 45383
SPS: 45383
SPS: 45383
SPS: 45383
SPS: 45383
SPS: 45382
SPS: 45382
SPS: 45382
SPS: 45382
SPS: 45382
SPS: 45383
SPS: 45383
SPS: 45383
SPS: 45383
SPS: 45383
SPS: 45383
SPS: 45383
SPS: 45383
SPS: 45383
SPS: 45383
SPS: 45383
SPS: 45383
SPS: 45383
SPS: 45383
SPS: 45383
SPS: 45384
SPS: 45383
SPS: 45384
SPS: 45384
SPS: 45384
SPS: 45383
SPS: 45383
SPS: 45383
SPS: 45383
SPS: 45383
SPS: 45383
SPS: 45383
SPS: 45382
SPS: 45383
SPS: 45383
SPS: 45382
SPS: 45382
SPS: 45382
SPS: 45382
SPS: 45382
SPS: 45382
SPS: 45383
SPS: 45383
SPS: 45383
SPS: 45383
SPS: 45383
SPS: 45383
SPS: 45383
SPS: 45384
SPS: 45384
SPS: 45384
SPS: 45384
SPS: 45384
SPS: 45384
SPS: 45384
SPS: 45384
SPS: 45385
SPS: 45385
SPS: 45384
SPS: 45384
SPS: 45384
SPS: 45384
SPS: 45384
SPS: 45384
SPS: 45384
SPS: 45383
SPS: 45383
SPS: 45383
SPS: 45383
SPS: 45383
SPS: 45383
SPS: 45383
SPS: 45383
SPS: 45384
SPS: 45384
SPS: 45384
SPS: 45384
SPS: 45384
SPS: 45384
SPS: 45383
SPS: 45384
SPS: 45384
SPS: 45384
SPS: 45384
SPS: 45385
SPS: 45385
SPS: 45385
SPS: 45385
SPS: 45385
SPS: 45385
SPS: 45385
SPS: 45385
SPS: 45385
SPS: 45385
SPS: 45385
SPS: 45385
SPS: 45385
SPS: 45385
SPS: 45385
SPS: 45385
SPS: 45385
SPS: 45385
SPS: 45385
SPS: 45385
SPS: 45385
SPS: 45385
SPS: 45385
SPS: 45385
SPS: 45385
SPS: 45385
SPS: 45385
SPS: 45385
SPS: 45385
SPS: 45385
SPS: 45385
SPS: 45385
SPS: 45385
SPS: 45385
SPS: 45385
SPS: 45386
SPS: 45386
SPS: 45386
SPS: 45386
SPS: 45386
SPS: 45386
SPS: 45387
SPS: 45387
SPS: 45386
SPS: 45386
SPS: 45386
SPS: 45385
SPS: 45385
SPS: 45385
SPS: 45385
SPS: 45385
SPS: 45384
SPS: 45384
SPS: 45384
SPS: 45384
SPS: 45384
SPS: 45384
SPS: 45384
SPS: 45384
SPS: 45384
SPS: 45384
SPS: 45384
SPS: 45384
SPS: 45384
SPS: 45384
SPS: 45385
SPS: 45385
SPS: 45385
SPS: 45385
SPS: 45385
SPS: 45385
SPS: 45385
SPS: 45385
SPS: 45385
SPS: 45386
SPS: 45386
SPS: 45386
SPS: 45386
SPS: 45385
SPS: 45385
SPS: 45385
SPS: 45385
SPS: 45385
SPS: 45385
SPS: 45385
SPS: 45385
SPS: 45385
SPS: 45385
SPS: 45385
SPS: 45385
SPS: 45385
SPS: 45385
SPS: 45385
SPS: 45385
SPS: 45385
SPS: 45385
SPS: 45385
SPS: 45385
SPS: 45385
SPS: 45385
SPS: 45385
SPS: 45385
SPS: 45385
SPS: 45386
SPS: 45386
SPS: 45386
SPS: 45386
SPS: 45386
SPS: 45386
SPS: 45387
SPS: 45387
SPS: 45386
SPS: 45386
SPS: 45386
SPS: 45386
SPS: 45386
SPS: 45386
SPS: 45386
SPS: 45386
SPS: 45386
SPS: 45385
SPS: 45385
SPS: 45385
SPS: 45385
SPS: 45385
SPS: 45385
SPS: 45385
SPS: 45385
SPS: 45385
SPS: 45385
SPS: 45385
SPS: 45385
SPS: 45385
SPS: 45385
SPS: 45385
SPS: 45385
SPS: 45385
SPS: 45386
SPS: 45386
SPS: 45386
SPS: 45386
SPS: 45386
SPS: 45386
SPS: 45386
SPS: 45386
SPS: 45386
SPS: 45386
SPS: 45386
SPS: 45386
SPS: 45385
SPS: 45385
SPS: 45385
SPS: 45385
SPS: 45385
SPS: 45385
SPS: 45385
SPS: 45385
SPS: 45385
SPS: 45385
SPS: 45385
SPS: 45384
SPS: 45384
SPS: 45384
SPS: 45385
SPS: 45385
SPS: 45385
SPS: 45385
SPS: 45385
SPS: 45385
SPS: 45385
SPS: 45385
SPS: 45385
SPS: 45385
SPS: 45385
SPS: 45384
SPS: 45385
SPS: 45385
SPS: 45385
SPS: 45385
SPS: 45385
SPS: 45385
SPS: 45384
SPS: 45384
SPS: 45384
SPS: 45384
SPS: 45384
SPS: 45384
SPS: 45384
SPS: 45384
SPS: 45384
SPS: 45384
SPS: 45384
SPS: 45384
SPS: 45384
SPS: 45384
SPS: 45384
SPS: 45384
SPS: 45384
SPS: 45384
SPS: 45384
SPS: 45384
SPS: 45384
SPS: 45384
SPS: 45384
SPS: 45384
SPS: 45384
SPS: 45385
SPS: 45385
SPS: 45385
SPS: 45385
SPS: 45385
SPS: 45385
SPS: 45385
SPS: 45385
SPS: 45385
SPS: 45385
SPS: 45385
SPS: 45385
SPS: 45385
SPS: 45385
SPS: 45385
SPS: 45384
SPS: 45384
SPS: 45384
SPS: 45384
SPS: 45384
SPS: 45384
SPS: 45383
SPS: 45383
SPS: 45383
SPS: 45383
SPS: 45383
SPS: 45383
SPS: 45383
SPS: 45383
SPS: 45383
SPS: 45383
SPS: 45383
SPS: 45383
SPS: 45384
SPS: 45384
SPS: 45384
SPS: 45384
SPS: 45384
SPS: 45384
SPS: 45384
SPS: 45385
SPS: 45385
SPS: 45385
SPS: 45385
SPS: 45385
SPS: 45384
SPS: 45384
SPS: 45384
SPS: 45384
SPS: 45384
SPS: 45384
SPS: 45384
SPS: 45384
SPS: 45384
SPS: 45384
SPS: 45384
SPS: 45384
SPS: 45384
SPS: 45384
SPS: 45384
SPS: 45384
SPS: 45384
SPS: 45384
SPS: 45384
SPS: 45385
SPS: 45385
SPS: 45385
SPS: 45385
SPS: 45385
SPS: 45385
SPS: 45385
SPS: 45385
SPS: 45385
SPS: 45385
SPS: 45385
SPS: 45385
SPS: 45385
SPS: 45385
SPS: 45385
SPS: 45385
SPS: 45384
SPS: 45384
SPS: 45384
SPS: 45384
SPS: 45384
SPS: 45384
SPS: 45384
SPS: 45384
SPS: 45384
SPS: 45384
SPS: 45384
SPS: 45384
SPS: 45384
SPS: 45384
SPS: 45384
SPS: 45384
SPS: 45384
SPS: 45384
SPS: 45383
SPS: 45384
SPS: 45384
SPS: 45384
SPS: 45384
SPS: 45384
SPS: 45384
SPS: 45385
SPS: 45385
SPS: 45385
SPS: 45385
SPS: 45385
SPS: 45385
SPS: 45385
SPS: 45385
SPS: 45385
SPS: 45385
SPS: 45385
SPS: 45385
SPS: 45385
SPS: 45385
SPS: 45385
SPS: 45385
SPS: 45384
SPS: 45384
SPS: 45384
SPS: 45384
SPS: 45384
SPS: 45384
SPS: 45383
SPS: 45383
SPS: 45383
SPS: 45383
SPS: 45383
SPS: 45383
SPS: 45383
SPS: 45383
SPS: 45383
SPS: 45383
SPS: 45383
SPS: 45383
SPS: 45383
SPS: 45383
SPS: 45383
SPS: 45383
SPS: 45383
SPS: 45384
SPS: 45384
SPS: 45383
SPS: 45383
SPS: 45383
SPS: 45383
SPS: 45383
SPS: 45383
SPS: 45383
SPS: 45383
SPS: 45383
SPS: 45383
SPS: 45383
SPS: 45383
SPS: 45383
SPS: 45383
SPS: 45383
SPS: 45383
SPS: 45383
SPS: 45383
SPS: 45383
SPS: 45383
SPS: 45383
SPS: 45383
SPS: 45383
SPS: 45383
SPS: 45383
SPS: 45383
SPS: 45383
SPS: 45383
SPS: 45383
SPS: 45383
SPS: 45383
SPS: 45383
SPS: 45383
SPS: 45384
SPS: 45384
SPS: 45383
SPS: 45383
SPS: 45383
SPS: 45383
SPS: 45383
SPS: 45383
SPS: 45383
SPS: 45382
SPS: 45382
SPS: 45382
SPS: 45382
SPS: 45382
SPS: 45382
SPS: 45382
SPS: 45382
SPS: 45382
SPS: 45382
SPS: 45382
SPS: 45382
SPS: 45382
SPS: 45382
SPS: 45382
SPS: 45381
SPS: 45382
SPS: 45382
SPS: 45382
SPS: 45382
SPS: 45382
SPS: 45382
SPS: 45382
SPS: 45383
SPS: 45383
SPS: 45383
SPS: 45383
SPS: 45383
SPS: 45383
SPS: 45383
SPS: 45383
SPS: 45383
SPS: 45383
SPS: 45383
SPS: 45383
SPS: 45383
SPS: 45383
SPS: 45383
SPS: 45383
SPS: 45383
SPS: 45383
time budget reached: 3600s @ global_step=163381248
