C:\Users\a3162\thesis\.venv\Lib\site-packages\tyro\_parsers.py:365: UserWarning: The field `wandb-entity` is annotated with type `<class 'str'>`, but the default value `None` has type `<class 'NoneType'>`. We'll try to handle this gracefully, but it may cause unexpected behavior.
  warnings.warn(message)
C:\Users\a3162\thesis\.venv\Lib\site-packages\tyro\_parsers.py:365: UserWarning: The field `target-kl` is annotated with type `<class 'float'>`, but the default value `None` has type `<class 'NoneType'>`. We'll try to handle this gracefully, but it may cause unexpected behavior.
  warnings.warn(message)
SPS: 38436
SPS: 41906
SPS: 43044
SPS: 43548
SPS: 43832
SPS: 44065
SPS: 44278
SPS: 44415
SPS: 44492
SPS: 44609
SPS: 44652
SPS: 44715
SPS: 44763
SPS: 44781
SPS: 44796
SPS: 44830
SPS: 44889
SPS: 44917
SPS: 44946
SPS: 44993
SPS: 45027
SPS: 45049
SPS: 45080
SPS: 45106
SPS: 45106
SPS: 45118
SPS: 45144
SPS: 45172
SPS: 45185
SPS: 45199
SPS: 45213
SPS: 45204
SPS: 45220
SPS: 45237
SPS: 45245
SPS: 45247
SPS: 45242
SPS: 45229
SPS: 45221
SPS: 45226
SPS: 45233
SPS: 45236
SPS: 45238
SPS: 45242
SPS: 45251
SPS: 45246
SPS: 45255
SPS: 45253
SPS: 45256
SPS: 45263
SPS: 45272
SPS: 45274
SPS: 45271
SPS: 45275
SPS: 45282
SPS: 45290
SPS: 45290
SPS: 45283
SPS: 45293
SPS: 45287
SPS: 45298
SPS: 45308
SPS: 45315
SPS: 45323
SPS: 45325
SPS: 45332
SPS: 45333
SPS: 45342
SPS: 45356
SPS: 45362
SPS: 45360
SPS: 45358
SPS: 45368
SPS: 45360
SPS: 45361
SPS: 45365
SPS: 45364
SPS: 45360
SPS: 45369
SPS: 45371
SPS: 45369
SPS: 45369
SPS: 45371
SPS: 45373
SPS: 45379
SPS: 45384
SPS: 45388
SPS: 45390
SPS: 45394
SPS: 45399
SPS: 45401
SPS: 45404
SPS: 45410
SPS: 45415
SPS: 45418
SPS: 45425
SPS: 45428
SPS: 45432
SPS: 45435
SPS: 45438
SPS: 45440
SPS: 45439
SPS: 45446
SPS: 45452
SPS: 45454
SPS: 45454
SPS: 45450
SPS: 45447
SPS: 45441
SPS: 45439
SPS: 45441
SPS: 45442
SPS: 45443
SPS: 45444
SPS: 45445
SPS: 45434
SPS: 45431
SPS: 45430
SPS: 45433
SPS: 45432
SPS: 45431
SPS: 45433
SPS: 45430
SPS: 45433
SPS: 45436
SPS: 45437
SPS: 45439
SPS: 45443
SPS: 45445
SPS: 45444
SPS: 45449
SPS: 45454
SPS: 45455
SPS: 45458
SPS: 45460
SPS: 45462
SPS: 45463
SPS: 45468
SPS: 45472
SPS: 45471
SPS: 45469
SPS: 45466
SPS: 45462
SPS: 45458
SPS: 45459
SPS: 45460
SPS: 45461
SPS: 45462
SPS: 45462
SPS: 45462
SPS: 45460
SPS: 45463
SPS: 45462
SPS: 45464
SPS: 45468
SPS: 45469
SPS: 45472
SPS: 45470
SPS: 45472
SPS: 45474
SPS: 45473
SPS: 45476
SPS: 45481
SPS: 45484
SPS: 45485
SPS: 45488
SPS: 45488
SPS: 45488
SPS: 45490
SPS: 45492
SPS: 45496
SPS: 45496
SPS: 45496
SPS: 45497
SPS: 45497
SPS: 45494
SPS: 45492
SPS: 45491
SPS: 45487
SPS: 45485
SPS: 45486
SPS: 45486
SPS: 45485
SPS: 45484
SPS: 45483
SPS: 45480
SPS: 45480
SPS: 45481
SPS: 45481
SPS: 45484
SPS: 45487
SPS: 45488
SPS: 45489
SPS: 45491
SPS: 45492
SPS: 45493
SPS: 45495
SPS: 45496
SPS: 45498
SPS: 45499
SPS: 45502
SPS: 45503
SPS: 45504
SPS: 45505
SPS: 45507
SPS: 45510
SPS: 45508
SPS: 45509
SPS: 45510
SPS: 45507
SPS: 45507
SPS: 45507
SPS: 45506
SPS: 45504
SPS: 45505
SPS: 45504
SPS: 45505
SPS: 45505
SPS: 45504
SPS: 45503
SPS: 45501
SPS: 45502
SPS: 45501
SPS: 45502
SPS: 45503
SPS: 45504
SPS: 45505
SPS: 45503
SPS: 45506
SPS: 45506
SPS: 45507
SPS: 45508
SPS: 45508
SPS: 45509
SPS: 45509
SPS: 45509
SPS: 45510
SPS: 45512
SPS: 45512
SPS: 45514
SPS: 45517
SPS: 45517
SPS: 45515
SPS: 45513
SPS: 45511
SPS: 45507
SPS: 45505
SPS: 45505
SPS: 45503
SPS: 45503
SPS: 45501
SPS: 45502
SPS: 45503
SPS: 45502
SPS: 45504
SPS: 45501
SPS: 45502
SPS: 45502
SPS: 45503
SPS: 45505
SPS: 45506
SPS: 45507
SPS: 45505
SPS: 45506
SPS: 45508
SPS: 45508
SPS: 45510
SPS: 45511
SPS: 45513
SPS: 45512
SPS: 45512
SPS: 45512
SPS: 45512
SPS: 45514
SPS: 45516
SPS: 45519
SPS: 45518
SPS: 45518
SPS: 45518
SPS: 45515
SPS: 45513
SPS: 45511
SPS: 45511
SPS: 45509
SPS: 45508
SPS: 45508
SPS: 45508
SPS: 45509
SPS: 45508
SPS: 45508
SPS: 45506
SPS: 45506
SPS: 45507
SPS: 45508
SPS: 45509
SPS: 45509
SPS: 45509
SPS: 45507
SPS: 45507
SPS: 45509
SPS: 45508
SPS: 45510
SPS: 45512
SPS: 45512
SPS: 45512
SPS: 45513
SPS: 45512
SPS: 45512
SPS: 45514
SPS: 45515
SPS: 45515
SPS: 45514
SPS: 45513
SPS: 45513
SPS: 45512
SPS: 45511
SPS: 45511
SPS: 45510
SPS: 45509
SPS: 45510
SPS: 45510
SPS: 45510
SPS: 45510
SPS: 45510
SPS: 45509
SPS: 45509
SPS: 45508
SPS: 45508
SPS: 45509
SPS: 45510
SPS: 45510
SPS: 45510
SPS: 45509
SPS: 45510
SPS: 45509
SPS: 45510
SPS: 45511
SPS: 45512
SPS: 45513
SPS: 45512
SPS: 45513
SPS: 45514
SPS: 45514
SPS: 45517
SPS: 45518
SPS: 45518
SPS: 45517
SPS: 45515
SPS: 45514
SPS: 45514
SPS: 45514
SPS: 45513
SPS: 45513
SPS: 45511
SPS: 45511
SPS: 45511
SPS: 45511
SPS: 45511
SPS: 45510
SPS: 45510
SPS: 45509
SPS: 45508
SPS: 45509
SPS: 45510
SPS: 45509
SPS: 45509
SPS: 45510
SPS: 45509
SPS: 45510
SPS: 45511
SPS: 45511
SPS: 45512
SPS: 45512
SPS: 45513
SPS: 45512
SPS: 45513
SPS: 45513
SPS: 45514
SPS: 45515
SPS: 45516
SPS: 45518
SPS: 45516
SPS: 45515
SPS: 45514
SPS: 45512
SPS: 45511
SPS: 45511
SPS: 45511
SPS: 45509
SPS: 45509
SPS: 45508
SPS: 45508
SPS: 45507
SPS: 45507
SPS: 45507
SPS: 45507
SPS: 45507
SPS: 45508
SPS: 45510
SPS: 45511
SPS: 45511
SPS: 45511
SPS: 45511
SPS: 45512
SPS: 45513
SPS: 45514
SPS: 45515
SPS: 45515
SPS: 45516
SPS: 45516
SPS: 45517
SPS: 45517
SPS: 45517
SPS: 45519
SPS: 45520
SPS: 45518
SPS: 45518
SPS: 45516
SPS: 45515
SPS: 45515
SPS: 45516
SPS: 45516
SPS: 45516
SPS: 45514
SPS: 45513
SPS: 45511
SPS: 45510
SPS: 45510
SPS: 45511
SPS: 45511
SPS: 45509
SPS: 45509
SPS: 45509
SPS: 45509
SPS: 45509
SPS: 45510
SPS: 45509
SPS: 45508
SPS: 45508
SPS: 45507
SPS: 45508
SPS: 45508
SPS: 45509
SPS: 45509
SPS: 45508
SPS: 45509
SPS: 45510
SPS: 45511
SPS: 45512
SPS: 45513
SPS: 45511
SPS: 45509
SPS: 45508
SPS: 45507
SPS: 45507
SPS: 45506
SPS: 45506
SPS: 45504
SPS: 45504
SPS: 45503
SPS: 45503
SPS: 45502
SPS: 45502
SPS: 45502
SPS: 45502
SPS: 45501
SPS: 45501
SPS: 45500
SPS: 45500
SPS: 45500
SPS: 45500
SPS: 45500
SPS: 45501
SPS: 45501
SPS: 45502
SPS: 45502
SPS: 45502
SPS: 45502
SPS: 45502
SPS: 45501
SPS: 45502
SPS: 45503
SPS: 45504
SPS: 45504
SPS: 45504
SPS: 45503
SPS: 45503
SPS: 45502
SPS: 45502
SPS: 45502
SPS: 45501
SPS: 45500
SPS: 45501
SPS: 45500
SPS: 45499
SPS: 45499
SPS: 45499
SPS: 45499
SPS: 45499
SPS: 45499
SPS: 45498
SPS: 45499
SPS: 45499
SPS: 45498
SPS: 45498
SPS: 45498
SPS: 45499
SPS: 45499
SPS: 45498
SPS: 45498
SPS: 45499
SPS: 45500
SPS: 45500
SPS: 45500
SPS: 45500
SPS: 45501
SPS: 45501
SPS: 45502
SPS: 45502
SPS: 45502
SPS: 45502
SPS: 45501
SPS: 45501
SPS: 45501
SPS: 45501
SPS: 45500
SPS: 45500
SPS: 45499
SPS: 45498
SPS: 45497
SPS: 45496
SPS: 45496
SPS: 45497
SPS: 45496
SPS: 45496
SPS: 45495
SPS: 45496
SPS: 45496
SPS: 45496
SPS: 45497
SPS: 45498
SPS: 45498
SPS: 45498
SPS: 45498
SPS: 45498
SPS: 45498
SPS: 45498
SPS: 45498
SPS: 45499
SPS: 45500
SPS: 45500
SPS: 45501
SPS: 45503
SPS: 45502
SPS: 45502
SPS: 45501
SPS: 45500
SPS: 45499
SPS: 45499
SPS: 45499
SPS: 45499
SPS: 45499
SPS: 45497
SPS: 45498
SPS: 45497
SPS: 45496
SPS: 45497
SPS: 45496
SPS: 45496
SPS: 45495
SPS: 45495
SPS: 45495
SPS: 45496
SPS: 45496
SPS: 45496
SPS: 45497
SPS: 45497
SPS: 45496
SPS: 45497
SPS: 45497
SPS: 45497
SPS: 45498
SPS: 45498
SPS: 45498
SPS: 45498
SPS: 45498
SPS: 45499
SPS: 45499
SPS: 45498
SPS: 45497
SPS: 45496
SPS: 45495
SPS: 45495
SPS: 45494
SPS: 45494
SPS: 45493
SPS: 45492
SPS: 45491
SPS: 45491
SPS: 45490
SPS: 45489
SPS: 45489
SPS: 45488
SPS: 45488
SPS: 45487
SPS: 45487
SPS: 45487
SPS: 45486
SPS: 45486
SPS: 45485
SPS: 45486
SPS: 45485
SPS: 45485
SPS: 45485
SPS: 45485
SPS: 45485
SPS: 45486
SPS: 45486
SPS: 45485
SPS: 45485
SPS: 45485
SPS: 45485
SPS: 45484
SPS: 45483
SPS: 45482
SPS: 45481
SPS: 45481
SPS: 45481
SPS: 45481
SPS: 45480
SPS: 45479
SPS: 45479
SPS: 45477
SPS: 45477
SPS: 45476
SPS: 45475
SPS: 45475
SPS: 45475
SPS: 45475
SPS: 45474
SPS: 45473
SPS: 45473
SPS: 45473
SPS: 45473
SPS: 45473
SPS: 45473
SPS: 45472
SPS: 45472
SPS: 45472
SPS: 45472
SPS: 45472
SPS: 45471
SPS: 45471
SPS: 45471
SPS: 45471
SPS: 45471
SPS: 45470
SPS: 45469
SPS: 45469
SPS: 45468
SPS: 45466
SPS: 45464
SPS: 45463
SPS: 45462
SPS: 45458
SPS: 45458
SPS: 45457
SPS: 45457
SPS: 45456
SPS: 45456
SPS: 45456
SPS: 45456
SPS: 45456
SPS: 45456
SPS: 45456
SPS: 45455
SPS: 45455
SPS: 45455
SPS: 45455
SPS: 45455
SPS: 45456
SPS: 45455
SPS: 45455
SPS: 45454
SPS: 45454
SPS: 45453
SPS: 45454
SPS: 45454
SPS: 45454
SPS: 45455
SPS: 45454
SPS: 45453
SPS: 45452
SPS: 45452
SPS: 45452
SPS: 45451
SPS: 45451
SPS: 45450
SPS: 45449
SPS: 45449
SPS: 45449
SPS: 45447
SPS: 45446
SPS: 45446
SPS: 45446
SPS: 45447
SPS: 45447
SPS: 45446
SPS: 45446
SPS: 45445
SPS: 45445
SPS: 45444
SPS: 45444
SPS: 45444
SPS: 45445
SPS: 45444
SPS: 45444
SPS: 45444
SPS: 45445
SPS: 45444
SPS: 45445
SPS: 45445
SPS: 45445
SPS: 45445
SPS: 45445
SPS: 45445
SPS: 45444
SPS: 45443
SPS: 45442
SPS: 45441
SPS: 45441
SPS: 45440
SPS: 45440
SPS: 45439
SPS: 45439
SPS: 45439
SPS: 45438
SPS: 45437
SPS: 45437
SPS: 45436
SPS: 45437
SPS: 45437
SPS: 45437
SPS: 45436
SPS: 45436
SPS: 45436
SPS: 45436
SPS: 45436
SPS: 45436
SPS: 45436
SPS: 45435
SPS: 45436
SPS: 45436
SPS: 45436
SPS: 45436
SPS: 45433
SPS: 45425
SPS: 45424
SPS: 45424
SPS: 45423
SPS: 45422
SPS: 45422
SPS: 45422
SPS: 45422
SPS: 45421
SPS: 45422
SPS: 45422
SPS: 45422
SPS: 45421
SPS: 45422
SPS: 45422
SPS: 45421
SPS: 45421
SPS: 45421
SPS: 45421
SPS: 45421
SPS: 45422
SPS: 45422
SPS: 45422
SPS: 45422
SPS: 45422
SPS: 45423
SPS: 45423
SPS: 45424
SPS: 45424
SPS: 45424
SPS: 45424
SPS: 45424
SPS: 45424
SPS: 45424
SPS: 45425
SPS: 45425
SPS: 45425
SPS: 45425
SPS: 45425
SPS: 45424
SPS: 45424
SPS: 45423
SPS: 45423
SPS: 45423
SPS: 45423
SPS: 45422
SPS: 45422
SPS: 45422
SPS: 45421
SPS: 45421
SPS: 45422
SPS: 45422
SPS: 45422
SPS: 45422
SPS: 45422
SPS: 45422
SPS: 45422
SPS: 45422
SPS: 45422
SPS: 45422
SPS: 45422
SPS: 45421
SPS: 45422
SPS: 45422
SPS: 45422
SPS: 45423
SPS: 45423
SPS: 45423
SPS: 45423
SPS: 45423
SPS: 45424
SPS: 45423
SPS: 45423
SPS: 45422
SPS: 45421
SPS: 45421
SPS: 45421
SPS: 45421
SPS: 45421
SPS: 45421
SPS: 45420
SPS: 45420
SPS: 45420
SPS: 45420
SPS: 45419
SPS: 45419
SPS: 45419
SPS: 45419
SPS: 45419
SPS: 45419
SPS: 45420
SPS: 45419
SPS: 45419
SPS: 45419
SPS: 45419
SPS: 45419
SPS: 45420
SPS: 45420
SPS: 45419
SPS: 45419
SPS: 45420
SPS: 45420
SPS: 45421
SPS: 45421
SPS: 45422
SPS: 45422
SPS: 45421
SPS: 45421
SPS: 45420
SPS: 45419
SPS: 45419
SPS: 45419
SPS: 45418
SPS: 45417
SPS: 45417
SPS: 45418
SPS: 45417
SPS: 45417
SPS: 45417
SPS: 45417
SPS: 45417
SPS: 45418
SPS: 45418
SPS: 45418
SPS: 45419
SPS: 45419
SPS: 45419
SPS: 45419
SPS: 45420
SPS: 45420
SPS: 45420
SPS: 45420
SPS: 45419
SPS: 45419
SPS: 45418
SPS: 45419
SPS: 45419
SPS: 45420
SPS: 45420
SPS: 45420
SPS: 45420
SPS: 45420
SPS: 45420
SPS: 45420
SPS: 45419
SPS: 45419
SPS: 45419
SPS: 45419
SPS: 45419
SPS: 45419
SPS: 45419
SPS: 45419
SPS: 45419
SPS: 45418
SPS: 45418
SPS: 45418
SPS: 45418
SPS: 45418
SPS: 45418
SPS: 45418
SPS: 45418
SPS: 45418
SPS: 45418
SPS: 45418
SPS: 45418
SPS: 45419
SPS: 45419
SPS: 45419
SPS: 45418
SPS: 45419
SPS: 45419
SPS: 45419
SPS: 45419
SPS: 45420
SPS: 45419
SPS: 45418
SPS: 45418
SPS: 45418
SPS: 45418
SPS: 45418
SPS: 45418
SPS: 45418
SPS: 45417
SPS: 45418
SPS: 45417
SPS: 45417
SPS: 45417
SPS: 45417
SPS: 45417
SPS: 45417
SPS: 45416
SPS: 45417
SPS: 45417
SPS: 45417
SPS: 45417
SPS: 45417
SPS: 45416
SPS: 45416
SPS: 45417
SPS: 45417
SPS: 45417
SPS: 45417
SPS: 45417
SPS: 45417
SPS: 45417
SPS: 45417
SPS: 45418
SPS: 45419
SPS: 45419
SPS: 45419
SPS: 45419
SPS: 45418
SPS: 45418
SPS: 45417
SPS: 45417
SPS: 45418
SPS: 45417
SPS: 45417
SPS: 45417
SPS: 45417
SPS: 45417
SPS: 45417
SPS: 45418
SPS: 45417
SPS: 45417
SPS: 45417
SPS: 45418
SPS: 45418
SPS: 45418
SPS: 45418
SPS: 45419
SPS: 45418
SPS: 45418
SPS: 45419
SPS: 45419
SPS: 45419
SPS: 45419
SPS: 45419
SPS: 45419
SPS: 45419
SPS: 45420
SPS: 45421
SPS: 45421
SPS: 45422
SPS: 45421
SPS: 45421
SPS: 45420
SPS: 45420
SPS: 45420
SPS: 45420
SPS: 45420
SPS: 45420
SPS: 45420
SPS: 45419
SPS: 45419
SPS: 45418
SPS: 45418
SPS: 45418
SPS: 45419
SPS: 45418
SPS: 45418
SPS: 45418
SPS: 45417
SPS: 45418
SPS: 45417
SPS: 45418
SPS: 45418
SPS: 45418
SPS: 45419
SPS: 45419
SPS: 45419
SPS: 45419
SPS: 45419
SPS: 45419
SPS: 45420
SPS: 45419
SPS: 45420
SPS: 45420
SPS: 45420
SPS: 45420
SPS: 45419
SPS: 45419
SPS: 45419
SPS: 45419
SPS: 45419
SPS: 45419
SPS: 45419
SPS: 45418
SPS: 45419
SPS: 45418
SPS: 45418
SPS: 45418
SPS: 45418
SPS: 45418
SPS: 45418
SPS: 45418
SPS: 45418
SPS: 45419
SPS: 45419
SPS: 45419
SPS: 45420
SPS: 45420
SPS: 45420
SPS: 45420
SPS: 45420
SPS: 45420
SPS: 45420
SPS: 45421
SPS: 45421
SPS: 45421
SPS: 45422
SPS: 45422
SPS: 45422
SPS: 45422
SPS: 45422
SPS: 45422
SPS: 45421
SPS: 45421
SPS: 45421
SPS: 45421
SPS: 45421
SPS: 45421
SPS: 45420
SPS: 45421
SPS: 45420
SPS: 45421
SPS: 45421
SPS: 45420
SPS: 45420
SPS: 45420
SPS: 45421
SPS: 45421
SPS: 45421
SPS: 45420
SPS: 45420
SPS: 45421
SPS: 45421
SPS: 45421
SPS: 45421
SPS: 45421
SPS: 45421
SPS: 45421
SPS: 45421
SPS: 45421
SPS: 45421
SPS: 45422
SPS: 45422
SPS: 45422
SPS: 45422
SPS: 45422
SPS: 45422
SPS: 45422
SPS: 45422
SPS: 45422
SPS: 45422
SPS: 45422
SPS: 45422
SPS: 45422
SPS: 45422
SPS: 45422
SPS: 45423
SPS: 45423
SPS: 45423
SPS: 45423
SPS: 45423
SPS: 45423
SPS: 45423
SPS: 45422
SPS: 45423
SPS: 45423
SPS: 45422
SPS: 45423
SPS: 45423
SPS: 45423
SPS: 45423
SPS: 45423
SPS: 45423
SPS: 45423
SPS: 45423
SPS: 45424
SPS: 45424
SPS: 45424
SPS: 45424
SPS: 45424
SPS: 45424
SPS: 45423
SPS: 45423
SPS: 45423
SPS: 45424
SPS: 45423
SPS: 45423
SPS: 45423
SPS: 45422
SPS: 45422
SPS: 45423
SPS: 45423
SPS: 45423
SPS: 45423
SPS: 45423
SPS: 45423
SPS: 45423
SPS: 45423
SPS: 45424
SPS: 45424
SPS: 45424
SPS: 45424
SPS: 45424
SPS: 45424
SPS: 45425
SPS: 45425
SPS: 45425
SPS: 45426
SPS: 45426
SPS: 45426
SPS: 45427
SPS: 45427
SPS: 45427
SPS: 45427
SPS: 45427
SPS: 45427
SPS: 45427
SPS: 45427
SPS: 45427
SPS: 45427
SPS: 45427
SPS: 45427
SPS: 45427
SPS: 45426
SPS: 45427
SPS: 45427
SPS: 45427
SPS: 45427
SPS: 45427
SPS: 45426
SPS: 45426
SPS: 45426
SPS: 45426
SPS: 45427
SPS: 45427
SPS: 45427
SPS: 45427
SPS: 45427
SPS: 45427
SPS: 45427
SPS: 45428
SPS: 45427
SPS: 45428
SPS: 45428
SPS: 45428
SPS: 45428
SPS: 45428
SPS: 45428
SPS: 45428
SPS: 45428
SPS: 45428
SPS: 45427
SPS: 45427
SPS: 45427
SPS: 45427
SPS: 45427
SPS: 45427
SPS: 45426
SPS: 45426
SPS: 45426
SPS: 45426
SPS: 45426
SPS: 45427
SPS: 45426
SPS: 45426
SPS: 45426
SPS: 45426
SPS: 45426
SPS: 45426
SPS: 45426
SPS: 45427
SPS: 45427
SPS: 45427
SPS: 45427
SPS: 45427
SPS: 45427
SPS: 45428
SPS: 45428
SPS: 45428
SPS: 45428
SPS: 45429
SPS: 45429
SPS: 45429
SPS: 45428
SPS: 45428
SPS: 45427
SPS: 45427
SPS: 45427
SPS: 45427
SPS: 45427
SPS: 45427
SPS: 45427
SPS: 45427
SPS: 45426
SPS: 45427
SPS: 45427
SPS: 45427
SPS: 45427
SPS: 45427
SPS: 45427
SPS: 45427
SPS: 45427
SPS: 45427
SPS: 45427
SPS: 45428
SPS: 45428
SPS: 45427
SPS: 45428
SPS: 45428
SPS: 45428
SPS: 45428
SPS: 45429
SPS: 45429
SPS: 45429
SPS: 45429
SPS: 45429
SPS: 45429
SPS: 45429
SPS: 45428
SPS: 45428
SPS: 45428
SPS: 45427
SPS: 45428
SPS: 45428
SPS: 45427
SPS: 45428
SPS: 45428
SPS: 45427
SPS: 45427
SPS: 45427
SPS: 45427
SPS: 45427
SPS: 45427
SPS: 45427
SPS: 45427
SPS: 45427
SPS: 45427
SPS: 45428
SPS: 45428
SPS: 45428
SPS: 45428
SPS: 45428
SPS: 45428
SPS: 45428
SPS: 45428
SPS: 45428
SPS: 45429
SPS: 45429
SPS: 45429
SPS: 45429
SPS: 45429
SPS: 45429
SPS: 45429
SPS: 45429
SPS: 45429
SPS: 45429
SPS: 45429
SPS: 45428
SPS: 45428
SPS: 45428
SPS: 45428
SPS: 45428
SPS: 45428
SPS: 45428
SPS: 45428
SPS: 45428
SPS: 45428
SPS: 45427
SPS: 45427
SPS: 45427
SPS: 45427
SPS: 45427
SPS: 45427
SPS: 45427
SPS: 45428
SPS: 45428
SPS: 45428
SPS: 45428
SPS: 45428
SPS: 45429
SPS: 45429
SPS: 45429
SPS: 45429
SPS: 45429
SPS: 45429
SPS: 45429
SPS: 45429
SPS: 45429
SPS: 45428
SPS: 45428
SPS: 45428
SPS: 45428
SPS: 45428
SPS: 45428
SPS: 45427
SPS: 45427
SPS: 45427
SPS: 45427
SPS: 45427
SPS: 45427
SPS: 45427
SPS: 45427
SPS: 45427
SPS: 45427
SPS: 45427
SPS: 45427
SPS: 45428
SPS: 45428
SPS: 45428
SPS: 45428
SPS: 45428
SPS: 45428
SPS: 45428
SPS: 45428
SPS: 45429
SPS: 45429
SPS: 45429
SPS: 45430
SPS: 45430
SPS: 45430
SPS: 45430
SPS: 45430
SPS: 45429
SPS: 45429
SPS: 45429
SPS: 45429
SPS: 45429
SPS: 45429
SPS: 45429
SPS: 45429
SPS: 45429
SPS: 45429
SPS: 45429
SPS: 45429
SPS: 45429
SPS: 45429
SPS: 45430
SPS: 45430
SPS: 45430
SPS: 45430
SPS: 45430
SPS: 45430
SPS: 45430
SPS: 45430
SPS: 45430
SPS: 45430
SPS: 45430
SPS: 45430
SPS: 45430
SPS: 45430
SPS: 45430
SPS: 45431
SPS: 45431
SPS: 45431
SPS: 45431
SPS: 45431
SPS: 45430
SPS: 45430
SPS: 45430
SPS: 45430
SPS: 45429
SPS: 45429
SPS: 45429
SPS: 45429
SPS: 45429
SPS: 45429
SPS: 45429
SPS: 45429
SPS: 45429
SPS: 45429
SPS: 45428
SPS: 45429
SPS: 45428
SPS: 45429
SPS: 45429
SPS: 45429
SPS: 45429
SPS: 45429
SPS: 45430
SPS: 45430
SPS: 45430
SPS: 45430
SPS: 45430
SPS: 45430
SPS: 45430
SPS: 45431
SPS: 45431
SPS: 45431
SPS: 45431
SPS: 45431
SPS: 45430
SPS: 45430
SPS: 45430
SPS: 45430
SPS: 45430
SPS: 45430
SPS: 45430
SPS: 45430
SPS: 45430
SPS: 45430
SPS: 45430
SPS: 45430
SPS: 45430
SPS: 45430
SPS: 45431
SPS: 45431
SPS: 45430
SPS: 45430
SPS: 45431
SPS: 45431
SPS: 45431
SPS: 45431
SPS: 45431
SPS: 45431
SPS: 45431
SPS: 45431
SPS: 45432
SPS: 45432
SPS: 45432
SPS: 45432
SPS: 45433
SPS: 45433
SPS: 45433
SPS: 45433
SPS: 45433
SPS: 45432
SPS: 45432
SPS: 45432
SPS: 45432
SPS: 45432
SPS: 45432
SPS: 45432
SPS: 45432
SPS: 45432
SPS: 45432
SPS: 45431
SPS: 45431
SPS: 45431
SPS: 45431
SPS: 45431
SPS: 45431
SPS: 45431
SPS: 45432
SPS: 45431
SPS: 45432
SPS: 45432
SPS: 45432
SPS: 45432
SPS: 45432
SPS: 45433
SPS: 45432
SPS: 45433
SPS: 45433
SPS: 45433
SPS: 45434
SPS: 45434
SPS: 45434
SPS: 45434
SPS: 45434
SPS: 45433
SPS: 45433
SPS: 45433
SPS: 45433
SPS: 45433
SPS: 45433
SPS: 45433
SPS: 45433
SPS: 45432
SPS: 45432
SPS: 45433
SPS: 45433
SPS: 45433
SPS: 45433
SPS: 45433
SPS: 45433
SPS: 45433
SPS: 45433
SPS: 45433
SPS: 45433
SPS: 45433
SPS: 45433
SPS: 45434
SPS: 45434
SPS: 45434
SPS: 45434
SPS: 45434
SPS: 45434
SPS: 45434
SPS: 45435
SPS: 45435
SPS: 45435
SPS: 45435
SPS: 45435
SPS: 45435
SPS: 45435
SPS: 45434
SPS: 45434
SPS: 45434
SPS: 45434
SPS: 45434
SPS: 45434
SPS: 45433
SPS: 45433
SPS: 45434
SPS: 45434
SPS: 45434
SPS: 45434
SPS: 45433
SPS: 45433
SPS: 45433
SPS: 45433
SPS: 45433
SPS: 45434
SPS: 45434
SPS: 45434
SPS: 45434
SPS: 45434
SPS: 45434
SPS: 45434
SPS: 45434
SPS: 45433
SPS: 45434
SPS: 45434
SPS: 45434
SPS: 45435
SPS: 45435
SPS: 45435
SPS: 45434
SPS: 45434
SPS: 45434
SPS: 45434
SPS: 45434
SPS: 45434
SPS: 45434
SPS: 45433
SPS: 45433
SPS: 45433
SPS: 45433
SPS: 45433
SPS: 45433
SPS: 45433
SPS: 45433
SPS: 45433
SPS: 45433
SPS: 45433
SPS: 45433
SPS: 45433
SPS: 45433
SPS: 45433
SPS: 45433
SPS: 45433
SPS: 45433
SPS: 45434
SPS: 45434
SPS: 45434
SPS: 45434
SPS: 45434
SPS: 45434
SPS: 45435
SPS: 45435
SPS: 45435
SPS: 45435
SPS: 45435
SPS: 45434
SPS: 45434
SPS: 45434
SPS: 45434
SPS: 45434
SPS: 45434
SPS: 45434
SPS: 45433
SPS: 45433
SPS: 45433
SPS: 45433
SPS: 45434
SPS: 45434
SPS: 45434
SPS: 45434
SPS: 45434
SPS: 45433
SPS: 45434
SPS: 45434
SPS: 45434
SPS: 45434
SPS: 45434
SPS: 45434
SPS: 45434
SPS: 45434
SPS: 45434
SPS: 45435
SPS: 45435
SPS: 45435
SPS: 45435
SPS: 45435
SPS: 45435
SPS: 45435
SPS: 45435
SPS: 45435
SPS: 45435
SPS: 45435
SPS: 45435
SPS: 45435
SPS: 45435
SPS: 45435
SPS: 45434
SPS: 45434
SPS: 45434
SPS: 45434
SPS: 45434
SPS: 45435
SPS: 45435
SPS: 45435
SPS: 45435
SPS: 45434
SPS: 45434
SPS: 45434
SPS: 45435
SPS: 45435
SPS: 45434
SPS: 45434
SPS: 45435
SPS: 45435
SPS: 45435
SPS: 45435
SPS: 45435
SPS: 45435
SPS: 45435
SPS: 45436
SPS: 45436
SPS: 45436
SPS: 45435
SPS: 45435
SPS: 45435
SPS: 45435
SPS: 45435
SPS: 45435
SPS: 45435
SPS: 45435
SPS: 45435
SPS: 45434
SPS: 45434
SPS: 45434
SPS: 45434
SPS: 45434
SPS: 45434
SPS: 45434
SPS: 45433
SPS: 45433
SPS: 45433
SPS: 45433
SPS: 45434
SPS: 45434
SPS: 45434
SPS: 45434
SPS: 45434
SPS: 45434
SPS: 45434
SPS: 45434
SPS: 45434
SPS: 45434
SPS: 45434
SPS: 45434
SPS: 45435
SPS: 45435
SPS: 45435
SPS: 45434
SPS: 45434
SPS: 45434
SPS: 45434
SPS: 45434
SPS: 45434
SPS: 45433
SPS: 45433
SPS: 45433
SPS: 45433
SPS: 45433
SPS: 45433
SPS: 45433
SPS: 45433
SPS: 45433
SPS: 45433
SPS: 45432
SPS: 45432
SPS: 45432
SPS: 45433
SPS: 45433
SPS: 45433
SPS: 45433
SPS: 45433
SPS: 45433
SPS: 45433
SPS: 45433
SPS: 45433
SPS: 45433
SPS: 45434
SPS: 45434
SPS: 45434
SPS: 45434
SPS: 45434
SPS: 45434
SPS: 45434
SPS: 45434
SPS: 45434
SPS: 45434
SPS: 45434
SPS: 45434
SPS: 45434
SPS: 45434
SPS: 45434
SPS: 45433
SPS: 45434
SPS: 45434
SPS: 45434
SPS: 45434
SPS: 45434
SPS: 45434
SPS: 45434
SPS: 45434
SPS: 45434
SPS: 45434
SPS: 45435
SPS: 45435
SPS: 45435
SPS: 45435
SPS: 45435
SPS: 45435
SPS: 45435
SPS: 45435
SPS: 45435
SPS: 45435
SPS: 45436
SPS: 45436
SPS: 45436
SPS: 45436
SPS: 45436
SPS: 45436
SPS: 45436
SPS: 45436
SPS: 45436
SPS: 45436
SPS: 45436
SPS: 45436
SPS: 45435
SPS: 45435
SPS: 45435
SPS: 45435
SPS: 45435
SPS: 45435
SPS: 45435
SPS: 45435
SPS: 45435
SPS: 45435
SPS: 45435
SPS: 45435
SPS: 45435
SPS: 45436
SPS: 45436
SPS: 45436
SPS: 45436
SPS: 45435
SPS: 45435
SPS: 45435
SPS: 45435
SPS: 45436
SPS: 45436
SPS: 45436
SPS: 45436
SPS: 45436
SPS: 45436
SPS: 45436
SPS: 45436
SPS: 45436
SPS: 45436
SPS: 45436
SPS: 45436
SPS: 45436
SPS: 45435
SPS: 45435
SPS: 45435
SPS: 45435
SPS: 45435
SPS: 45435
SPS: 45435
SPS: 45435
SPS: 45435
SPS: 45435
SPS: 45434
SPS: 45434
SPS: 45435
SPS: 45435
SPS: 45435
SPS: 45435
SPS: 45434
SPS: 45434
SPS: 45435
SPS: 45435
SPS: 45435
SPS: 45435
SPS: 45435
SPS: 45435
SPS: 45435
SPS: 45436
SPS: 45436
SPS: 45436
SPS: 45436
SPS: 45436
SPS: 45435
SPS: 45435
SPS: 45435
SPS: 45435
SPS: 45435
SPS: 45435
SPS: 45434
SPS: 45434
SPS: 45434
SPS: 45434
SPS: 45434
SPS: 45434
SPS: 45434
SPS: 45434
SPS: 45434
SPS: 45434
SPS: 45434
SPS: 45434
SPS: 45434
SPS: 45434
SPS: 45435
SPS: 45434
SPS: 45434
SPS: 45434
SPS: 45434
SPS: 45435
SPS: 45435
SPS: 45435
SPS: 45435
SPS: 45435
SPS: 45435
SPS: 45435
SPS: 45435
SPS: 45435
SPS: 45435
SPS: 45435
SPS: 45435
SPS: 45435
SPS: 45435
SPS: 45435
SPS: 45435
SPS: 45434
SPS: 45434
SPS: 45434
SPS: 45434
SPS: 45434
SPS: 45434
SPS: 45434
SPS: 45434
SPS: 45433
SPS: 45434
SPS: 45434
SPS: 45434
SPS: 45435
SPS: 45435
SPS: 45435
SPS: 45435
SPS: 45435
SPS: 45435
SPS: 45435
SPS: 45436
SPS: 45436
SPS: 45436
SPS: 45436
SPS: 45435
SPS: 45436
SPS: 45435
SPS: 45435
SPS: 45435
SPS: 45435
SPS: 45435
SPS: 45435
SPS: 45435
SPS: 45435
SPS: 45435
SPS: 45435
SPS: 45435
SPS: 45434
SPS: 45434
SPS: 45434
SPS: 45434
SPS: 45434
SPS: 45434
SPS: 45434
SPS: 45433
SPS: 45434
SPS: 45434
SPS: 45434
SPS: 45434
SPS: 45434
SPS: 45434
SPS: 45434
SPS: 45434
SPS: 45434
SPS: 45434
SPS: 45434
SPS: 45435
SPS: 45435
SPS: 45435
SPS: 45435
SPS: 45435
SPS: 45435
SPS: 45435
SPS: 45435
SPS: 45435
SPS: 45435
SPS: 45435
SPS: 45434
SPS: 45434
SPS: 45434
SPS: 45434
SPS: 45434
SPS: 45434
SPS: 45434
SPS: 45434
SPS: 45434
SPS: 45434
SPS: 45433
SPS: 45433
SPS: 45433
SPS: 45433
SPS: 45433
SPS: 45433
SPS: 45433
SPS: 45434
SPS: 45434
SPS: 45434
SPS: 45433
SPS: 45433
SPS: 45434
SPS: 45434
SPS: 45434
SPS: 45434
SPS: 45433
SPS: 45433
SPS: 45432
SPS: 45430
SPS: 45430
SPS: 45428
SPS: 45428
SPS: 45425
SPS: 45425
SPS: 45424
SPS: 45423
SPS: 45423
SPS: 45422
SPS: 45416
SPS: 45413
SPS: 45413
SPS: 45412
SPS: 45411
SPS: 45410
SPS: 45410
SPS: 45410
SPS: 45410
SPS: 45410
SPS: 45409
SPS: 45409
SPS: 45409
SPS: 45408
SPS: 45408
SPS: 45408
SPS: 45408
SPS: 45408
SPS: 45408
SPS: 45407
SPS: 45407
SPS: 45407
SPS: 45407
SPS: 45407
SPS: 45406
SPS: 45406
SPS: 45406
SPS: 45405
SPS: 45405
SPS: 45404
SPS: 45404
SPS: 45404
SPS: 45404
SPS: 45404
SPS: 45403
SPS: 45404
SPS: 45403
SPS: 45403
SPS: 45403
SPS: 45403
SPS: 45402
SPS: 45402
SPS: 45402
SPS: 45402
SPS: 45402
SPS: 45402
SPS: 45402
SPS: 45401
SPS: 45401
SPS: 45401
SPS: 45401
SPS: 45401
SPS: 45401
SPS: 45401
SPS: 45400
SPS: 45400
SPS: 45400
SPS: 45400
SPS: 45399
SPS: 45399
SPS: 45399
SPS: 45399
SPS: 45398
SPS: 45398
SPS: 45398
SPS: 45398
SPS: 45397
SPS: 45398
SPS: 45398
SPS: 45397
SPS: 45396
SPS: 45396
SPS: 45396
SPS: 45393
SPS: 45386
SPS: 45380
SPS: 45375
SPS: 45369
SPS: 45363
SPS: 45357
SPS: 45351
SPS: 45345
SPS: 45339
SPS: 45333
SPS: 45327
SPS: 45320
SPS: 45313
SPS: 45312
SPS: 45311
SPS: 45311
SPS: 45310
SPS: 45309
SPS: 45309
SPS: 45308
SPS: 45308
SPS: 45308
SPS: 45308
SPS: 45308
SPS: 45308
SPS: 45308
SPS: 45307
SPS: 45307
SPS: 45307
SPS: 45307
SPS: 45307
SPS: 45307
SPS: 45306
SPS: 45306
SPS: 45306
SPS: 45306
SPS: 45306
SPS: 45305
SPS: 45305
SPS: 45305
SPS: 45305
SPS: 45305
SPS: 45304
SPS: 45304
SPS: 45304
SPS: 45304
SPS: 45303
SPS: 45303
SPS: 45303
SPS: 45303
SPS: 45302
SPS: 45302
SPS: 45302
SPS: 45301
SPS: 45301
SPS: 45300
SPS: 45300
SPS: 45300
SPS: 45300
SPS: 45299
SPS: 45299
SPS: 45299
SPS: 45299
SPS: 45299
SPS: 45299
SPS: 45299
SPS: 45297
SPS: 45295
SPS: 45295
SPS: 45296
SPS: 45296
SPS: 45296
SPS: 45296
SPS: 45296
SPS: 45296
SPS: 45297
SPS: 45297
SPS: 45297
SPS: 45297
SPS: 45297
SPS: 45298
SPS: 45298
SPS: 45297
SPS: 45297
SPS: 45297
SPS: 45298
SPS: 45298
SPS: 45298
SPS: 45297
SPS: 45297
SPS: 45297
SPS: 45297
SPS: 45298
SPS: 45298
SPS: 45298
SPS: 45298
SPS: 45298
SPS: 45298
SPS: 45298
SPS: 45298
SPS: 45298
SPS: 45298
SPS: 45299
SPS: 45299
SPS: 45299
SPS: 45299
SPS: 45299
SPS: 45299
SPS: 45299
SPS: 45299
SPS: 45300
SPS: 45300
SPS: 45300
SPS: 45300
SPS: 45300
SPS: 45300
SPS: 45300
SPS: 45300
SPS: 45300
SPS: 45300
SPS: 45300
SPS: 45300
SPS: 45300
SPS: 45300
SPS: 45300
SPS: 45300
SPS: 45301
SPS: 45301
SPS: 45301
SPS: 45301
SPS: 45301
SPS: 45301
SPS: 45301
SPS: 45300
SPS: 45301
SPS: 45301
SPS: 45301
SPS: 45301
SPS: 45302
SPS: 45302
SPS: 45302
SPS: 45302
SPS: 45302
SPS: 45302
SPS: 45302
SPS: 45302
SPS: 45303
SPS: 45303
SPS: 45303
SPS: 45303
SPS: 45303
SPS: 45303
SPS: 45303
SPS: 45303
SPS: 45303
SPS: 45303
SPS: 45302
SPS: 45302
SPS: 45302
SPS: 45302
SPS: 45302
SPS: 45303
SPS: 45303
SPS: 45303
SPS: 45303
SPS: 45302
SPS: 45302
SPS: 45302
SPS: 45302
SPS: 45302
SPS: 45303
SPS: 45303
SPS: 45303
SPS: 45303
SPS: 45303
SPS: 45303
SPS: 45303
SPS: 45303
SPS: 45303
SPS: 45303
SPS: 45304
SPS: 45304
SPS: 45304
SPS: 45304
SPS: 45304
SPS: 45304
SPS: 45304
SPS: 45304
SPS: 45304
SPS: 45304
SPS: 45304
SPS: 45304
SPS: 45304
SPS: 45304
SPS: 45304
SPS: 45304
SPS: 45304
SPS: 45304
SPS: 45304
SPS: 45304
SPS: 45304
SPS: 45304
SPS: 45304
SPS: 45304
SPS: 45304
SPS: 45304
SPS: 45304
SPS: 45304
SPS: 45304
SPS: 45304
SPS: 45305
SPS: 45305
SPS: 45305
SPS: 45305
SPS: 45305
SPS: 45305
SPS: 45305
SPS: 45305
SPS: 45305
SPS: 45305
SPS: 45305
SPS: 45305
SPS: 45305
SPS: 45305
SPS: 45305
SPS: 45305
SPS: 45305
SPS: 45305
SPS: 45305
SPS: 45305
SPS: 45305
SPS: 45305
SPS: 45305
SPS: 45305
SPS: 45305
SPS: 45305
SPS: 45305
SPS: 45305
SPS: 45305
SPS: 45306
SPS: 45306
SPS: 45306
SPS: 45306
SPS: 45306
SPS: 45306
SPS: 45306
SPS: 45306
SPS: 45306
SPS: 45306
SPS: 45307
SPS: 45307
SPS: 45307
SPS: 45307
SPS: 45307
SPS: 45307
SPS: 45307
SPS: 45307
SPS: 45306
SPS: 45306
SPS: 45306
SPS: 45306
SPS: 45306
SPS: 45306
SPS: 45305
SPS: 45305
SPS: 45306
SPS: 45306
SPS: 45306
SPS: 45306
SPS: 45305
SPS: 45305
SPS: 45305
SPS: 45305
SPS: 45305
SPS: 45305
SPS: 45305
SPS: 45305
SPS: 45305
SPS: 45306
SPS: 45306
SPS: 45306
SPS: 45306
SPS: 45306
SPS: 45306
SPS: 45306
SPS: 45306
SPS: 45306
SPS: 45306
SPS: 45306
SPS: 45306
SPS: 45306
SPS: 45306
SPS: 45306
SPS: 45306
SPS: 45306
SPS: 45306
SPS: 45306
SPS: 45305
SPS: 45306
SPS: 45306
SPS: 45306
SPS: 45306
SPS: 45306
SPS: 45306
SPS: 45305
SPS: 45305
SPS: 45305
SPS: 45306
SPS: 45306
SPS: 45306
SPS: 45306
SPS: 45306
SPS: 45306
SPS: 45306
SPS: 45306
SPS: 45306
SPS: 45306
SPS: 45307
SPS: 45307
SPS: 45307
SPS: 45307
SPS: 45307
SPS: 45307
SPS: 45306
SPS: 45306
SPS: 45306
SPS: 45306
SPS: 45306
SPS: 45306
SPS: 45306
SPS: 45306
SPS: 45306
SPS: 45306
SPS: 45306
SPS: 45306
SPS: 45306
SPS: 45306
SPS: 45306
SPS: 45306
SPS: 45306
SPS: 45306
SPS: 45306
SPS: 45307
SPS: 45307
SPS: 45307
SPS: 45307
SPS: 45307
SPS: 45307
SPS: 45307
SPS: 45307
SPS: 45307
SPS: 45308
SPS: 45308
SPS: 45308
SPS: 45308
SPS: 45308
SPS: 45308
SPS: 45308
SPS: 45308
SPS: 45308
SPS: 45308
SPS: 45308
SPS: 45308
SPS: 45308
SPS: 45308
SPS: 45308
SPS: 45308
SPS: 45308
SPS: 45308
SPS: 45308
SPS: 45308
SPS: 45308
SPS: 45308
SPS: 45308
SPS: 45308
SPS: 45308
SPS: 45308
SPS: 45308
SPS: 45309
SPS: 45309
SPS: 45309
SPS: 45309
SPS: 45309
SPS: 45309
SPS: 45309
SPS: 45309
SPS: 45310
SPS: 45310
SPS: 45310
SPS: 45310
SPS: 45310
SPS: 45310
SPS: 45310
SPS: 45310
SPS: 45310
SPS: 45310
SPS: 45310
SPS: 45309
SPS: 45309
SPS: 45309
SPS: 45309
SPS: 45309
SPS: 45309
time budget reached: 3600s @ global_step=163119104
