C:\Users\a3162\thesis\.venv\Lib\site-packages\tyro\_parsers.py:365: UserWarning: The field `wandb-entity` is annotated with type `<class 'str'>`, but the default value `None` has type `<class 'NoneType'>`. We'll try to handle this gracefully, but it may cause unexpected behavior.
  warnings.warn(message)
C:\Users\a3162\thesis\.venv\Lib\site-packages\tyro\_parsers.py:365: UserWarning: The field `target-kl` is annotated with type `<class 'float'>`, but the default value `None` has type `<class 'NoneType'>`. We'll try to handle this gracefully, but it may cause unexpected behavior.
  warnings.warn(message)
SPS: 30942
SPS: 32943
SPS: 33476
SPS: 33856
SPS: 34359
SPS: 34675
SPS: 34829
SPS: 34949
SPS: 35088
SPS: 35098
SPS: 35187
SPS: 35286
SPS: 35346
SPS: 35394
SPS: 35451
SPS: 35452
SPS: 35475
SPS: 35488
SPS: 35527
SPS: 35551
SPS: 35579
SPS: 35570
SPS: 35553
SPS: 35520
SPS: 35530
SPS: 35510
SPS: 35513
SPS: 35529
SPS: 35544
SPS: 35544
SPS: 35510
SPS: 35521
SPS: 35532
SPS: 35539
SPS: 35537
SPS: 35525
SPS: 35518
SPS: 35487
SPS: 35472
SPS: 35510
SPS: 35523
SPS: 35535
SPS: 35527
SPS: 35527
SPS: 35528
SPS: 35550
SPS: 35583
SPS: 35605
SPS: 35597
SPS: 35601
SPS: 35593
SPS: 35611
SPS: 35643
SPS: 35651
SPS: 35688
SPS: 35693
SPS: 35693
SPS: 35686
SPS: 35694
SPS: 35740
SPS: 35776
SPS: 35811
SPS: 35824
SPS: 35833
SPS: 35844
SPS: 35862
SPS: 35892
SPS: 35911
SPS: 35946
SPS: 35953
SPS: 35957
SPS: 35949
SPS: 35961
SPS: 35997
SPS: 36036
SPS: 36071
SPS: 36082
SPS: 36100
SPS: 36079
SPS: 36077
SPS: 36054
SPS: 36016
SPS: 35984
SPS: 35974
SPS: 35971
SPS: 35962
SPS: 35939
SPS: 35949
SPS: 35967
SPS: 35985
SPS: 35960
SPS: 35909
SPS: 35905
SPS: 35933
SPS: 35957
SPS: 35976
SPS: 35977
SPS: 35922
SPS: 35914
SPS: 35906
SPS: 35904
SPS: 35910
SPS: 35921
SPS: 35918
SPS: 35918
SPS: 35923
SPS: 35929
SPS: 35952
SPS: 35977
SPS: 36002
SPS: 36006
SPS: 36018
SPS: 36021
SPS: 36031
SPS: 36047
SPS: 36069
SPS: 36086
SPS: 36093
SPS: 36100
SPS: 36092
SPS: 36108
SPS: 36127
SPS: 36145
SPS: 36164
SPS: 36173
SPS: 36182
SPS: 36182
SPS: 36200
SPS: 36222
SPS: 36244
SPS: 36261
SPS: 36268
SPS: 36278
SPS: 36280
SPS: 36290
SPS: 36305
SPS: 36321
SPS: 36340
SPS: 36348
SPS: 36353
SPS: 36354
SPS: 36369
SPS: 36387
SPS: 36409
SPS: 36431
SPS: 36436
SPS: 36441
SPS: 36442
SPS: 36450
SPS: 36466
SPS: 36485
SPS: 36501
SPS: 36509
SPS: 36518
SPS: 36520
SPS: 36525
SPS: 36536
SPS: 36547
SPS: 36564
SPS: 36569
SPS: 36572
SPS: 36578
SPS: 36582
SPS: 36587
SPS: 36595
SPS: 36604
SPS: 36605
SPS: 36606
SPS: 36606
SPS: 36600
SPS: 36607
SPS: 36608
SPS: 36618
SPS: 36620
SPS: 36625
SPS: 36621
SPS: 36626
SPS: 36632
SPS: 36640
SPS: 36649
SPS: 36652
SPS: 36653
SPS: 36656
SPS: 36659
SPS: 36668
SPS: 36676
SPS: 36684
SPS: 36689
SPS: 36694
SPS: 36694
SPS: 36701
SPS: 36713
SPS: 36722
SPS: 36732
SPS: 36737
SPS: 36746
SPS: 36750
SPS: 36754
SPS: 36761
SPS: 36769
SPS: 36780
SPS: 36787
SPS: 36792
SPS: 36794
SPS: 36796
SPS: 36799
SPS: 36803
SPS: 36807
SPS: 36811
SPS: 36816
SPS: 36817
SPS: 36821
SPS: 36830
SPS: 36838
SPS: 36849
SPS: 36854
SPS: 36861
SPS: 36867
SPS: 36867
SPS: 36871
SPS: 36881
SPS: 36891
SPS: 36891
SPS: 36897
SPS: 36900
SPS: 36905
SPS: 36915
SPS: 36926
SPS: 36930
SPS: 36931
SPS: 36933
SPS: 36933
SPS: 36935
SPS: 36943
SPS: 36947
SPS: 36953
SPS: 36958
SPS: 36957
SPS: 36955
SPS: 36959
SPS: 36963
SPS: 36971
SPS: 36979
SPS: 36980
SPS: 36977
SPS: 36977
SPS: 36978
SPS: 36978
SPS: 36984
SPS: 36983
SPS: 36982
SPS: 36979
SPS: 36975
SPS: 36979
SPS: 36987
SPS: 36989
SPS: 36993
SPS: 36994
SPS: 36994
SPS: 36996
SPS: 37000
SPS: 37005
SPS: 37009
SPS: 37010
SPS: 37009
SPS: 37010
SPS: 37004
SPS: 37010
SPS: 37018
SPS: 37024
SPS: 37030
SPS: 37030
SPS: 37031
SPS: 37029
SPS: 37034
SPS: 37042
SPS: 37051
SPS: 37056
SPS: 37055
SPS: 37057
SPS: 37057
SPS: 37061
SPS: 37069
SPS: 37076
SPS: 37080
SPS: 37082
SPS: 37081
SPS: 37081
SPS: 37086
SPS: 37092
SPS: 37100
SPS: 37107
SPS: 37108
SPS: 37105
SPS: 37106
SPS: 37111
SPS: 37119
SPS: 37128
SPS: 37133
SPS: 37133
SPS: 37132
SPS: 37134
SPS: 37134
SPS: 37139
SPS: 37145
SPS: 37152
SPS: 37155
SPS: 37157
SPS: 37156
SPS: 37156
SPS: 37162
SPS: 37169
SPS: 37176
SPS: 37174
SPS: 37170
SPS: 37167
SPS: 37164
SPS: 37170
SPS: 37176
SPS: 37182
SPS: 37180
SPS: 37177
SPS: 37173
SPS: 37172
SPS: 37176
SPS: 37182
SPS: 37189
SPS: 37189
SPS: 37187
SPS: 37184
SPS: 37183
SPS: 37190
SPS: 37194
SPS: 37201
SPS: 37201
SPS: 37200
SPS: 37197
SPS: 37196
SPS: 37200
SPS: 37202
SPS: 37208
SPS: 37208
SPS: 37205
SPS: 37202
SPS: 37201
SPS: 37208
SPS: 37215
SPS: 37220
SPS: 37223
SPS: 37221
SPS: 37217
SPS: 37215
SPS: 37218
SPS: 37222
SPS: 37222
SPS: 37220
SPS: 37214
SPS: 37211
SPS: 37208
SPS: 37208
SPS: 37211
SPS: 37214
SPS: 37217
SPS: 37216
SPS: 37210
SPS: 37210
SPS: 37210
SPS: 37213
SPS: 37215
SPS: 37218
SPS: 37216
SPS: 37210
SPS: 37206
SPS: 37202
SPS: 37203
SPS: 37205
SPS: 37206
SPS: 37202
SPS: 37195
SPS: 37191
SPS: 37189
SPS: 37192
SPS: 37194
SPS: 37197
SPS: 37197
SPS: 37196
SPS: 37193
SPS: 37190
SPS: 37190
SPS: 37191
SPS: 37192
SPS: 37188
SPS: 37184
SPS: 37179
SPS: 37176
SPS: 37177
SPS: 37182
SPS: 37186
SPS: 37187
SPS: 37188
SPS: 37185
SPS: 37183
SPS: 37187
SPS: 37185
SPS: 37186
SPS: 37183
SPS: 37181
SPS: 37179
SPS: 37176
SPS: 37176
SPS: 37178
SPS: 37180
SPS: 37181
SPS: 37182
SPS: 37183
SPS: 37182
SPS: 37186
SPS: 37190
SPS: 37194
SPS: 37198
SPS: 37200
SPS: 37200
SPS: 37200
SPS: 37204
SPS: 37207
SPS: 37213
SPS: 37213
SPS: 37212
SPS: 37209
SPS: 37210
SPS: 37214
SPS: 37219
SPS: 37224
SPS: 37227
SPS: 37229
SPS: 37229
SPS: 37228
SPS: 37232
SPS: 37236
SPS: 37240
SPS: 37244
SPS: 37244
SPS: 37243
SPS: 37242
SPS: 37246
SPS: 37249
SPS: 37253
SPS: 37255
SPS: 37252
SPS: 37250
SPS: 37246
SPS: 37249
SPS: 37254
SPS: 37258
SPS: 37259
SPS: 37257
SPS: 37254
SPS: 37253
SPS: 37255
SPS: 37259
SPS: 37261
SPS: 37263
SPS: 37262
SPS: 37260
SPS: 37259
SPS: 37263
SPS: 37268
SPS: 37272
SPS: 37273
SPS: 37271
SPS: 37268
SPS: 37266
SPS: 37270
SPS: 37272
SPS: 37275
SPS: 37276
SPS: 37273
SPS: 37271
SPS: 37266
SPS: 37268
SPS: 37270
SPS: 37273
SPS: 37275
SPS: 37272
SPS: 37272
SPS: 37270
SPS: 37272
SPS: 37274
SPS: 37278
SPS: 37279
SPS: 37279
SPS: 37274
SPS: 37271
SPS: 37270
SPS: 37270
SPS: 37271
SPS: 37270
SPS: 37268
SPS: 37266
SPS: 37263
SPS: 37263
SPS: 37259
SPS: 37258
SPS: 37259
SPS: 37255
SPS: 37254
SPS: 37251
SPS: 37251
SPS: 37252
SPS: 37252
SPS: 37252
SPS: 37252
SPS: 37248
SPS: 37244
SPS: 37241
SPS: 37243
SPS: 37246
SPS: 37246
SPS: 37238
SPS: 37238
SPS: 37237
SPS: 37236
SPS: 37236
SPS: 37234
SPS: 37234
SPS: 37230
SPS: 37226
SPS: 37223
SPS: 37219
SPS: 37218
SPS: 37218
SPS: 37218
SPS: 37217
SPS: 37214
SPS: 37210
SPS: 37207
SPS: 37210
SPS: 37210
SPS: 37212
SPS: 37213
SPS: 37214
SPS: 37216
SPS: 37218
SPS: 37221
SPS: 37225
SPS: 37231
SPS: 37238
SPS: 37242
SPS: 37247
SPS: 37252
SPS: 37254
SPS: 37260
SPS: 37265
SPS: 37270
SPS: 37275
SPS: 37278
SPS: 37281
SPS: 37285
SPS: 37289
SPS: 37294
SPS: 37301
SPS: 37308
SPS: 37313
SPS: 37317
SPS: 37322
SPS: 37327
SPS: 37327
SPS: 37332
SPS: 37337
SPS: 37341
SPS: 37343
SPS: 37339
SPS: 37337
SPS: 37335
SPS: 37331
SPS: 37330
SPS: 37328
SPS: 37327
SPS: 37326
SPS: 37326
SPS: 37325
SPS: 37323
SPS: 37325
SPS: 37328
SPS: 37332
SPS: 37333
SPS: 37327
SPS: 37322
SPS: 37321
SPS: 37313
SPS: 37314
SPS: 37313
SPS: 37312
SPS: 37315
SPS: 37316
SPS: 37316
SPS: 37313
SPS: 37312
SPS: 37315
SPS: 37318
SPS: 37321
SPS: 37324
SPS: 37321
SPS: 37318
SPS: 37315
SPS: 37311
SPS: 37313
SPS: 37315
SPS: 37319
SPS: 37324
SPS: 37322
SPS: 37320
SPS: 37318
SPS: 37318
SPS: 37322
SPS: 37326
SPS: 37328
SPS: 37329
SPS: 37331
SPS: 37333
SPS: 37336
SPS: 37336
SPS: 37340
SPS: 37342
SPS: 37346
SPS: 37347
SPS: 37350
SPS: 37353
SPS: 37356
SPS: 37358
SPS: 37361
SPS: 37365
SPS: 37368
SPS: 37367
SPS: 37369
SPS: 37372
SPS: 37372
SPS: 37376
SPS: 37379
SPS: 37380
SPS: 37385
SPS: 37387
SPS: 37390
SPS: 37394
SPS: 37395
SPS: 37398
SPS: 37403
SPS: 37405
SPS: 37406
SPS: 37403
SPS: 37398
SPS: 37394
SPS: 37392
SPS: 37394
SPS: 37396
SPS: 37399
SPS: 37403
SPS: 37406
SPS: 37409
SPS: 37413
SPS: 37415
SPS: 37419
SPS: 37423
SPS: 37426
SPS: 37424
SPS: 37419
SPS: 37415
SPS: 37411
SPS: 37413
SPS: 37415
SPS: 37418
SPS: 37420
SPS: 37418
SPS: 37421
SPS: 37424
SPS: 37428
SPS: 37432
SPS: 37434
SPS: 37438
SPS: 37440
SPS: 37436
SPS: 37432
SPS: 37428
SPS: 37424
SPS: 37426
SPS: 37427
SPS: 37429
SPS: 37431
SPS: 37429
SPS: 37426
SPS: 37424
SPS: 37425
SPS: 37429
SPS: 37435
SPS: 37439
SPS: 37443
SPS: 37441
SPS: 37438
SPS: 37434
SPS: 37434
SPS: 37436
SPS: 37438
SPS: 37441
SPS: 37441
SPS: 37441
SPS: 37438
SPS: 37435
SPS: 37438
SPS: 37441
SPS: 37445
SPS: 37449
SPS: 37452
SPS: 37453
SPS: 37455
SPS: 37457
SPS: 37460
SPS: 37464
SPS: 37468
SPS: 37472
SPS: 37476
SPS: 37478
SPS: 37480
SPS: 37483
SPS: 37488
SPS: 37492
SPS: 37497
SPS: 37501
SPS: 37504
SPS: 37507
SPS: 37510
SPS: 37511
SPS: 37513
SPS: 37518
SPS: 37522
SPS: 37527
SPS: 37530
SPS: 37533
SPS: 37536
SPS: 37540
SPS: 37544
SPS: 37548
SPS: 37553
SPS: 37557
SPS: 37559
SPS: 37562
SPS: 37564
SPS: 37565
SPS: 37569
SPS: 37572
SPS: 37576
SPS: 37579
SPS: 37582
SPS: 37585
SPS: 37587
SPS: 37588
SPS: 37592
SPS: 37595
SPS: 37598
SPS: 37595
SPS: 37593
SPS: 37587
SPS: 37585
SPS: 37585
SPS: 37586
SPS: 37588
SPS: 37588
SPS: 37587
SPS: 37586
SPS: 37584
SPS: 37584
SPS: 37586
SPS: 37587
SPS: 37587
SPS: 37586
SPS: 37581
SPS: 37575
SPS: 37571
SPS: 37566
SPS: 37564
SPS: 37562
SPS: 37564
SPS: 37566
SPS: 37565
SPS: 37565
SPS: 37564
SPS: 37561
SPS: 37562
SPS: 37561
SPS: 37560
SPS: 37558
SPS: 37555
SPS: 37551
SPS: 37545
SPS: 37541
SPS: 37541
SPS: 37543
SPS: 37545
SPS: 37547
SPS: 37546
SPS: 37545
SPS: 37544
SPS: 37538
SPS: 37535
SPS: 37533
SPS: 37531
SPS: 37530
SPS: 37526
SPS: 37523
SPS: 37520
SPS: 37519
SPS: 37522
SPS: 37525
SPS: 37528
SPS: 37529
SPS: 37527
SPS: 37524
SPS: 37521
SPS: 37519
SPS: 37520
SPS: 37523
SPS: 37524
SPS: 37523
SPS: 37521
SPS: 37519
SPS: 37516
SPS: 37517
SPS: 37520
SPS: 37523
SPS: 37526
SPS: 37526
SPS: 37524
SPS: 37522
SPS: 37519
SPS: 37520
SPS: 37521
SPS: 37523
SPS: 37525
SPS: 37522
SPS: 37518
SPS: 37515
SPS: 37513
SPS: 37516
SPS: 37520
SPS: 37522
SPS: 37526
SPS: 37524
SPS: 37522
SPS: 37520
SPS: 37519
SPS: 37520
SPS: 37522
SPS: 37522
SPS: 37522
SPS: 37519
SPS: 37515
SPS: 37511
SPS: 37511
SPS: 37514
SPS: 37518
SPS: 37521
SPS: 37520
SPS: 37517
SPS: 37516
SPS: 37514
SPS: 37515
SPS: 37517
SPS: 37519
SPS: 37521
SPS: 37517
SPS: 37514
SPS: 37511
SPS: 37507
SPS: 37510
SPS: 37512
SPS: 37516
SPS: 37518
SPS: 37516
SPS: 37514
SPS: 37513
SPS: 37510
SPS: 37512
SPS: 37513
SPS: 37515
SPS: 37516
SPS: 37514
SPS: 37511
SPS: 37511
SPS: 37514
SPS: 37518
SPS: 37522
SPS: 37525
SPS: 37525
SPS: 37525
SPS: 37523
SPS: 37521
SPS: 37520
SPS: 37522
SPS: 37526
SPS: 37529
SPS: 37532
SPS: 37534
SPS: 37531
SPS: 37527
SPS: 37528
SPS: 37531
SPS: 37534
SPS: 37537
SPS: 37535
SPS: 37533
SPS: 37531
SPS: 37530
SPS: 37533
SPS: 37534
SPS: 37536
SPS: 37538
SPS: 37533
SPS: 37530
SPS: 37527
SPS: 37523
SPS: 37526
SPS: 37528
SPS: 37531
SPS: 37533
SPS: 37534
SPS: 37536
SPS: 37538
SPS: 37537
SPS: 37540
SPS: 37541
SPS: 37543
SPS: 37544
SPS: 37542
SPS: 37538
SPS: 37536
SPS: 37536
SPS: 37540
SPS: 37545
SPS: 37548
SPS: 37552
SPS: 37551
SPS: 37550
SPS: 37547
SPS: 37546
SPS: 37548
SPS: 37549
SPS: 37550
SPS: 37548
SPS: 37544
SPS: 37541
SPS: 37537
SPS: 37538
SPS: 37540
SPS: 37542
SPS: 37545
SPS: 37543
SPS: 37540
SPS: 37537
SPS: 37535
SPS: 37537
SPS: 37541
SPS: 37543
SPS: 37546
SPS: 37548
SPS: 37550
SPS: 37550
SPS: 37546
SPS: 37548
SPS: 37550
SPS: 37553
SPS: 37555
SPS: 37553
SPS: 37552
SPS: 37556
SPS: 37560
SPS: 37564
SPS: 37569
SPS: 37573
SPS: 37578
SPS: 37580
SPS: 37583
SPS: 37588
SPS: 37592
SPS: 37597
SPS: 37601
SPS: 37607
SPS: 37612
SPS: 37617
SPS: 37621
SPS: 37626
SPS: 37630
SPS: 37634
SPS: 37638
SPS: 37642
SPS: 37646
SPS: 37651
SPS: 37653
SPS: 37657
SPS: 37661
SPS: 37666
SPS: 37670
SPS: 37675
SPS: 37679
SPS: 37684
SPS: 37689
SPS: 37694
SPS: 37698
SPS: 37702
SPS: 37706
SPS: 37711
SPS: 37715
SPS: 37720
SPS: 37725
SPS: 37729
SPS: 37734
SPS: 37738
SPS: 37743
SPS: 37747
SPS: 37752
SPS: 37757
SPS: 37761
SPS: 37766
SPS: 37770
SPS: 37774
SPS: 37779
SPS: 37783
SPS: 37788
SPS: 37792
SPS: 37796
SPS: 37799
SPS: 37802
SPS: 37806
SPS: 37808
SPS: 37812
SPS: 37816
SPS: 37821
SPS: 37826
SPS: 37828
SPS: 37825
SPS: 37823
SPS: 37820
SPS: 37815
SPS: 37813
SPS: 37813
SPS: 37811
SPS: 37813
SPS: 37811
SPS: 37811
SPS: 37809
SPS: 37808
SPS: 37809
SPS: 37809
SPS: 37807
SPS: 37806
SPS: 37803
SPS: 37799
SPS: 37795
SPS: 37792
SPS: 37790
SPS: 37792
SPS: 37793
SPS: 37794
SPS: 37794
SPS: 37793
SPS: 37792
SPS: 37792
SPS: 37790
SPS: 37789
SPS: 37788
SPS: 37788
SPS: 37786
SPS: 37783
SPS: 37779
SPS: 37776
SPS: 37777
SPS: 37778
SPS: 37779
SPS: 37779
SPS: 37778
SPS: 37777
SPS: 37773
SPS: 37769
SPS: 37768
SPS: 37768
SPS: 37768
SPS: 37766
SPS: 37763
SPS: 37759
SPS: 37758
SPS: 37758
SPS: 37760
SPS: 37762
SPS: 37763
SPS: 37762
SPS: 37761
SPS: 37758
SPS: 37754
SPS: 37752
SPS: 37752
SPS: 37750
SPS: 37748
SPS: 37745
SPS: 37743
SPS: 37742
SPS: 37740
SPS: 37741
SPS: 37743
SPS: 37744
SPS: 37746
SPS: 37744
SPS: 37741
SPS: 37738
SPS: 37734
SPS: 37732
SPS: 37731
SPS: 37730
SPS: 37728
SPS: 37727
SPS: 37727
SPS: 37726
SPS: 37724
SPS: 37725
SPS: 37726
SPS: 37726
SPS: 37724
SPS: 37721
SPS: 37720
SPS: 37717
SPS: 37715
SPS: 37714
SPS: 37712
SPS: 37713
SPS: 37714
SPS: 37713
SPS: 37712
SPS: 37711
SPS: 37708
SPS: 37709
SPS: 37707
SPS: 37707
SPS: 37704
SPS: 37701
SPS: 37697
SPS: 37694
SPS: 37690
SPS: 37690
SPS: 37691
SPS: 37692
SPS: 37693
SPS: 37692
SPS: 37691
SPS: 37690
SPS: 37688
SPS: 37686
SPS: 37685
SPS: 37686
SPS: 37685
SPS: 37682
SPS: 37679
SPS: 37676
SPS: 37676
SPS: 37677
SPS: 37678
SPS: 37679
SPS: 37679
SPS: 37678
SPS: 37677
SPS: 37673
SPS: 37671
SPS: 37670
SPS: 37669
SPS: 37668
SPS: 37665
SPS: 37663
SPS: 37661
SPS: 37659
SPS: 37660
SPS: 37662
SPS: 37664
SPS: 37666
SPS: 37664
SPS: 37661
SPS: 37658
SPS: 37654
SPS: 37652
SPS: 37651
SPS: 37649
SPS: 37648
SPS: 37645
SPS: 37643
SPS: 37642
SPS: 37642
SPS: 37643
SPS: 37644
SPS: 37646
SPS: 37646
SPS: 37642
SPS: 37638
SPS: 37635
SPS: 37632
SPS: 37630
SPS: 37628
SPS: 37628
SPS: 37629
SPS: 37628
SPS: 37627
SPS: 37627
SPS: 37625
SPS: 37626
SPS: 37629
SPS: 37630
SPS: 37631
SPS: 37629
SPS: 37626
SPS: 37622
SPS: 37621
SPS: 37622
SPS: 37624
SPS: 37626
SPS: 37625
SPS: 37625
SPS: 37623
SPS: 37622
SPS: 37623
SPS: 37625
SPS: 37626
SPS: 37628
SPS: 37626
SPS: 37624
SPS: 37621
SPS: 37618
SPS: 37619
SPS: 37620
SPS: 37621
SPS: 37623
SPS: 37621
SPS: 37620
SPS: 37618
SPS: 37616
SPS: 37618
SPS: 37620
SPS: 37621
SPS: 37622
SPS: 37619
SPS: 37617
SPS: 37615
SPS: 37613
SPS: 37614
SPS: 37615
SPS: 37617
SPS: 37618
SPS: 37617
SPS: 37614
SPS: 37613
SPS: 37613
SPS: 37614
SPS: 37616
SPS: 37617
SPS: 37615
SPS: 37613
SPS: 37612
SPS: 37609
SPS: 37609
SPS: 37610
SPS: 37611
SPS: 37613
SPS: 37612
SPS: 37610
SPS: 37609
SPS: 37608
SPS: 37610
SPS: 37612
SPS: 37613
SPS: 37615
SPS: 37614
SPS: 37611
SPS: 37608
SPS: 37605
SPS: 37606
SPS: 37608
SPS: 37609
SPS: 37610
SPS: 37608
SPS: 37606
SPS: 37605
SPS: 37605
SPS: 37607
SPS: 37608
SPS: 37609
SPS: 37609
SPS: 37606
SPS: 37603
SPS: 37601
SPS: 37601
SPS: 37603
SPS: 37604
SPS: 37605
SPS: 37604
SPS: 37603
SPS: 37601
SPS: 37600
SPS: 37601
SPS: 37604
SPS: 37607
SPS: 37607
SPS: 37605
SPS: 37603
SPS: 37601
SPS: 37599
SPS: 37601
SPS: 37601
SPS: 37602
SPS: 37604
SPS: 37602
SPS: 37603
SPS: 37604
SPS: 37606
SPS: 37609
SPS: 37612
SPS: 37615
SPS: 37618
SPS: 37619
SPS: 37620
SPS: 37622
SPS: 37624
SPS: 37626
SPS: 37629
SPS: 37631
SPS: 37633
SPS: 37635
SPS: 37636
SPS: 37637
SPS: 37639
SPS: 37641
SPS: 37644
SPS: 37647
SPS: 37649
SPS: 37650
SPS: 37651
SPS: 37652
SPS: 37653
SPS: 37655
SPS: 37657
SPS: 37660
SPS: 37662
SPS: 37664
SPS: 37664
SPS: 37666
SPS: 37668
SPS: 37670
SPS: 37672
SPS: 37675
SPS: 37677
SPS: 37678
SPS: 37678
SPS: 37676
SPS: 37675
SPS: 37676
SPS: 37677
SPS: 37678
SPS: 37678
SPS: 37677
SPS: 37676
SPS: 37675
SPS: 37676
SPS: 37677
SPS: 37679
SPS: 37680
SPS: 37678
SPS: 37675
SPS: 37673
SPS: 37671
SPS: 37673
SPS: 37675
SPS: 37677
SPS: 37680
SPS: 37681
SPS: 37683
SPS: 37685
SPS: 37686
SPS: 37689
SPS: 37692
SPS: 37695
SPS: 37697
SPS: 37698
SPS: 37700
SPS: 37701
SPS: 37702
SPS: 37703
SPS: 37705
SPS: 37707
SPS: 37710
SPS: 37711
SPS: 37713
SPS: 37715
SPS: 37716
SPS: 37719
SPS: 37722
SPS: 37724
SPS: 37727
SPS: 37727
SPS: 37728
SPS: 37729
SPS: 37730
SPS: 37733
SPS: 37735
SPS: 37736
SPS: 37738
SPS: 37740
SPS: 37740
SPS: 37741
SPS: 37743
SPS: 37744
SPS: 37745
SPS: 37746
SPS: 37747
SPS: 37745
SPS: 37743
SPS: 37741
SPS: 37740
SPS: 37740
SPS: 37740
SPS: 37738
SPS: 37739
SPS: 37738
SPS: 37737
SPS: 37737
SPS: 37738
SPS: 37739
SPS: 37741
SPS: 37738
SPS: 37724
SPS: 37722
SPS: 37719
SPS: 37717
SPS: 37717
SPS: 37718
SPS: 37721
SPS: 37723
SPS: 37724
SPS: 37722
SPS: 37721
SPS: 37720
SPS: 37722
SPS: 37723
SPS: 37725
SPS: 37726
SPS: 37724
SPS: 37721
SPS: 37720
SPS: 37717
SPS: 37718
SPS: 37719
SPS: 37720
SPS: 37720
SPS: 37719
SPS: 37717
SPS: 37716
SPS: 37716
SPS: 37718
SPS: 37719
SPS: 37721
SPS: 37720
SPS: 37717
SPS: 37715
SPS: 37713
SPS: 37713
SPS: 37714
SPS: 37714
SPS: 37715
SPS: 37715
SPS: 37713
SPS: 37712
SPS: 37711
SPS: 37713
SPS: 37714
SPS: 37716
SPS: 37718
SPS: 37716
SPS: 37717
SPS: 37718
SPS: 37717
SPS: 37718
SPS: 37718
SPS: 37719
SPS: 37720
SPS: 37719
SPS: 37718
SPS: 37717
SPS: 37717
SPS: 37718
SPS: 37720
SPS: 37721
SPS: 37721
SPS: 37719
SPS: 37717
SPS: 37716
SPS: 37715
SPS: 37716
SPS: 37716
SPS: 37716
SPS: 37716
SPS: 37714
SPS: 37712
SPS: 37710
SPS: 37712
SPS: 37714
SPS: 37716
SPS: 37717
SPS: 37715
SPS: 37712
SPS: 37711
SPS: 37709
SPS: 37709
SPS: 37710
SPS: 37711
SPS: 37712
SPS: 37711
SPS: 37712
SPS: 37714
SPS: 37715
SPS: 37717
SPS: 37719
SPS: 37720
SPS: 37721
SPS: 37718
SPS: 37717
SPS: 37715
SPS: 37713
SPS: 37714
SPS: 37715
SPS: 37716
SPS: 37716
SPS: 37714
SPS: 37714
SPS: 37714
SPS: 37716
SPS: 37718
SPS: 37720
SPS: 37721
SPS: 37721
SPS: 37720
SPS: 37718
SPS: 37715
SPS: 37715
SPS: 37715
SPS: 37716
SPS: 37717
SPS: 37715
SPS: 37714
SPS: 37713
SPS: 37712
SPS: 37714
SPS: 37715
SPS: 37717
SPS: 37719
SPS: 37717
SPS: 37715
SPS: 37714
SPS: 37714
SPS: 37716
SPS: 37718
SPS: 37720
SPS: 37721
SPS: 37719
SPS: 37719
SPS: 37717
SPS: 37716
SPS: 37717
SPS: 37719
SPS: 37721
SPS: 37721
SPS: 37722
SPS: 37722
SPS: 37723
SPS: 37725
SPS: 37725
SPS: 37727
SPS: 37727
SPS: 37726
SPS: 37725
SPS: 37724
SPS: 37723
SPS: 37723
SPS: 37725
SPS: 37727
SPS: 37728
SPS: 37728
SPS: 37726
SPS: 37723
SPS: 37722
SPS: 37723
SPS: 37724
SPS: 37724
SPS: 37725
SPS: 37723
SPS: 37722
SPS: 37721
SPS: 37720
SPS: 37721
SPS: 37723
SPS: 37724
SPS: 37725
SPS: 37724
SPS: 37723
SPS: 37721
SPS: 37720
SPS: 37721
SPS: 37722
SPS: 37723
SPS: 37723
SPS: 37721
SPS: 37720
SPS: 37719
SPS: 37719
SPS: 37720
SPS: 37722
SPS: 37723
SPS: 37723
SPS: 37722
SPS: 37720
SPS: 37719
SPS: 37719
SPS: 37720
SPS: 37721
SPS: 37721
SPS: 37719
SPS: 37718
SPS: 37717
SPS: 37716
SPS: 37718
SPS: 37720
SPS: 37721
SPS: 37722
SPS: 37722
SPS: 37719
SPS: 37717
SPS: 37715
SPS: 37716
SPS: 37717
SPS: 37718
SPS: 37719
SPS: 37717
SPS: 37715
SPS: 37714
SPS: 37714
SPS: 37716
SPS: 37717
SPS: 37719
SPS: 37719
SPS: 37718
SPS: 37717
SPS: 37715
SPS: 37715
SPS: 37716
SPS: 37716
SPS: 37717
SPS: 37715
SPS: 37714
SPS: 37714
SPS: 37712
SPS: 37714
SPS: 37716
SPS: 37717
SPS: 37719
SPS: 37719
SPS: 37717
SPS: 37715
SPS: 37713
SPS: 37714
SPS: 37715
SPS: 37716
SPS: 37716
SPS: 37714
SPS: 37714
SPS: 37713
SPS: 37711
SPS: 37712
SPS: 37714
SPS: 37715
SPS: 37716
SPS: 37718
SPS: 37719
SPS: 37719
SPS: 37718
SPS: 37718
SPS: 37719
SPS: 37720
SPS: 37720
SPS: 37718
SPS: 37716
SPS: 37715
SPS: 37716
SPS: 37717
SPS: 37719
SPS: 37720
SPS: 37721
SPS: 37720
SPS: 37718
SPS: 37717
SPS: 37717
SPS: 37718
SPS: 37718
SPS: 37719
SPS: 37717
SPS: 37716
SPS: 37715
SPS: 37713
SPS: 37715
SPS: 37716
SPS: 37718
SPS: 37719
SPS: 37719
SPS: 37718
SPS: 37716
SPS: 37714
SPS: 37715
SPS: 37715
SPS: 37716
SPS: 37716
SPS: 37714
SPS: 37713
SPS: 37712
SPS: 37712
SPS: 37713
SPS: 37714
SPS: 37716
SPS: 37716
SPS: 37715
SPS: 37713
SPS: 37711
SPS: 37711
SPS: 37712
SPS: 37712
SPS: 37713
SPS: 37711
SPS: 37709
SPS: 37707
SPS: 37707
SPS: 37708
SPS: 37709
SPS: 37711
SPS: 37712
SPS: 37711
SPS: 37711
SPS: 37709
SPS: 37707
SPS: 37708
SPS: 37709
SPS: 37710
SPS: 37710
SPS: 37708
SPS: 37706
SPS: 37705
SPS: 37704
SPS: 37706
SPS: 37707
SPS: 37709
SPS: 37709
SPS: 37708
SPS: 37706
SPS: 37705
SPS: 37705
SPS: 37706
SPS: 37707
SPS: 37708
SPS: 37706
SPS: 37705
SPS: 37703
SPS: 37701
SPS: 37702
SPS: 37703
SPS: 37705
SPS: 37707
SPS: 37706
SPS: 37705
SPS: 37704
SPS: 37701
SPS: 37702
SPS: 37703
SPS: 37704
SPS: 37704
SPS: 37703
SPS: 37701
SPS: 37699
SPS: 37699
SPS: 37700
SPS: 37702
SPS: 37703
SPS: 37704
SPS: 37703
SPS: 37702
SPS: 37701
SPS: 37700
SPS: 37701
SPS: 37702
SPS: 37703
SPS: 37702
SPS: 37699
SPS: 37698
SPS: 37697
SPS: 37698
SPS: 37699
SPS: 37701
SPS: 37702
SPS: 37701
SPS: 37701
SPS: 37700
SPS: 37699
SPS: 37699
SPS: 37700
SPS: 37700
SPS: 37701
SPS: 37699
SPS: 37697
SPS: 37697
SPS: 37699
SPS: 37701
SPS: 37702
SPS: 37704
SPS: 37705
SPS: 37704
SPS: 37703
SPS: 37702
SPS: 37701
SPS: 37702
SPS: 37702
SPS: 37703
SPS: 37703
SPS: 37701
SPS: 37701
SPS: 37702
SPS: 37704
SPS: 37705
SPS: 37707
SPS: 37708
SPS: 37709
SPS: 37708
SPS: 37707
SPS: 37706
SPS: 37706
SPS: 37707
SPS: 37707
SPS: 37708
SPS: 37707
SPS: 37705
SPS: 37703
SPS: 37702
SPS: 37703
SPS: 37705
SPS: 37706
SPS: 37707
SPS: 37708
SPS: 37709
SPS: 37710
SPS: 37710
SPS: 37711
SPS: 37711
SPS: 37712
SPS: 37713
SPS: 37711
SPS: 37709
SPS: 37708
SPS: 37706
SPS: 37707
SPS: 37709
SPS: 37710
SPS: 37710
SPS: 37709
SPS: 37708
SPS: 37707
SPS: 37707
SPS: 37708
SPS: 37709
SPS: 37709
SPS: 37708
SPS: 37707
SPS: 37706
SPS: 37707
SPS: 37708
SPS: 37710
SPS: 37711
SPS: 37712
SPS: 37712
SPS: 37711
SPS: 37710
SPS: 37709
SPS: 37710
SPS: 37711
SPS: 37712
SPS: 37713
SPS: 37711
SPS: 37710
SPS: 37710
SPS: 37711
SPS: 37713
SPS: 37714
SPS: 37716
SPS: 37717
SPS: 37716
SPS: 37715
SPS: 37714
SPS: 37713
SPS: 37714
SPS: 37715
SPS: 37716
SPS: 37716
SPS: 37715
SPS: 37713
SPS: 37711
SPS: 37710
SPS: 37711
SPS: 37712
SPS: 37714
SPS: 37714
SPS: 37713
SPS: 37712
SPS: 37711
SPS: 37711
SPS: 37712
SPS: 37713
SPS: 37713
SPS: 37711
SPS: 37709
SPS: 37709
SPS: 37708
SPS: 37708
SPS: 37709
SPS: 37711
SPS: 37712
SPS: 37713
SPS: 37714
SPS: 37715
SPS: 37716
SPS: 37717
SPS: 37717
SPS: 37718
SPS: 37718
SPS: 37716
SPS: 37715
SPS: 37713
SPS: 37713
SPS: 37713
SPS: 37715
SPS: 37716
SPS: 37716
SPS: 37715
SPS: 37714
SPS: 37713
SPS: 37713
SPS: 37715
SPS: 37716
SPS: 37718
SPS: 37718
SPS: 37717
SPS: 37715
SPS: 37713
SPS: 37713
SPS: 37714
SPS: 37715
SPS: 37716
SPS: 37715
SPS: 37715
SPS: 37714
SPS: 37713
SPS: 37714
SPS: 37715
SPS: 37715
SPS: 37716
SPS: 37715
SPS: 37714
SPS: 37712
SPS: 37711
SPS: 37712
SPS: 37713
SPS: 37714
SPS: 37716
SPS: 37717
SPS: 37718
SPS: 37719
SPS: 37720
SPS: 37722
SPS: 37723
SPS: 37725
SPS: 37726
SPS: 37727
SPS: 37728
SPS: 37729
SPS: 37730
SPS: 37731
SPS: 37732
SPS: 37733
SPS: 37734
SPS: 37734
SPS: 37733
SPS: 37733
SPS: 37733
SPS: 37734
SPS: 37735
SPS: 37735
SPS: 37735
SPS: 37732
SPS: 37731
SPS: 37729
SPS: 37729
SPS: 37730
SPS: 37731
SPS: 37732
SPS: 37732
SPS: 37731
SPS: 37730
SPS: 37729
SPS: 37730
SPS: 37731
SPS: 37732
SPS: 37734
SPS: 37734
SPS: 37733
SPS: 37732
SPS: 37730
SPS: 37731
SPS: 37731
SPS: 37733
SPS: 37734
SPS: 37733
SPS: 37732
SPS: 37731
SPS: 37730
SPS: 37731
SPS: 37732
SPS: 37733
SPS: 37733
SPS: 37734
SPS: 37734
SPS: 37735
SPS: 37736
SPS: 37737
SPS: 37739
SPS: 37741
SPS: 37743
SPS: 37744
SPS: 37745
SPS: 37746
SPS: 37748
SPS: 37749
SPS: 37751
SPS: 37753
SPS: 37755
SPS: 37756
SPS: 37756
SPS: 37757
SPS: 37758
SPS: 37759
SPS: 37761
SPS: 37763
SPS: 37765
SPS: 37766
SPS: 37767
SPS: 37768
SPS: 37769
SPS: 37771
SPS: 37773
SPS: 37775
SPS: 37776
SPS: 37777
SPS: 37778
SPS: 37779
SPS: 37779
SPS: 37781
SPS: 37782
SPS: 37784
SPS: 37786
SPS: 37787
SPS: 37788
SPS: 37789
SPS: 37789
SPS: 37790
time budget reached: 3600s @ global_step=136052736
