C:\Users\a3162\thesis\.venv\Lib\site-packages\tyro\_parsers.py:365: UserWarning: The field `wandb-entity` is annotated with type `<class 'str'>`, but the default value `None` has type `<class 'NoneType'>`. We'll try to handle this gracefully, but it may cause unexpected behavior.
  warnings.warn(message)
C:\Users\a3162\thesis\.venv\Lib\site-packages\tyro\_parsers.py:365: UserWarning: The field `target-kl` is annotated with type `<class 'float'>`, but the default value `None` has type `<class 'NoneType'>`. We'll try to handle this gracefully, but it may cause unexpected behavior.
  warnings.warn(message)
SPS: 34664
SPS: 37071
SPS: 38005
SPS: 38066
SPS: 37365
SPS: 37696
SPS: 37900
SPS: 38088
SPS: 38161
SPS: 37943
SPS: 37652
SPS: 37525
SPS: 37548
SPS: 37768
SPS: 37901
SPS: 38034
SPS: 37906
SPS: 37738
SPS: 37634
SPS: 37490
SPS: 37641
SPS: 37725
SPS: 37854
SPS: 37958
SPS: 38051
SPS: 38120
SPS: 38193
SPS: 38253
SPS: 38330
SPS: 38443
SPS: 38539
SPS: 38609
SPS: 38468
SPS: 38398
SPS: 38264
SPS: 38138
SPS: 38166
SPS: 38199
SPS: 38225
SPS: 38267
SPS: 38228
SPS: 38170
SPS: 38098
SPS: 38062
SPS: 38113
SPS: 38150
SPS: 38195
SPS: 38203
SPS: 38131
SPS: 38065
SPS: 37992
SPS: 37959
SPS: 37990
SPS: 38012
SPS: 38057
SPS: 38114
SPS: 38149
SPS: 38173
SPS: 38215
SPS: 38260
SPS: 38291
SPS: 38320
SPS: 38342
SPS: 38350
SPS: 38319
SPS: 38247
SPS: 38191
SPS: 38188
SPS: 38205
SPS: 38215
SPS: 38225
SPS: 38182
SPS: 38215
SPS: 38199
SPS: 38179
SPS: 38198
SPS: 38222
SPS: 38263
SPS: 38285
SPS: 38260
SPS: 38211
SPS: 38174
SPS: 38133
SPS: 38145
SPS: 38166
SPS: 38177
SPS: 38182
SPS: 38161
SPS: 38154
SPS: 38147
SPS: 38133
SPS: 38151
SPS: 38173
SPS: 38199
SPS: 38204
SPS: 38169
SPS: 38150
SPS: 38158
SPS: 38166
SPS: 38199
SPS: 38203
SPS: 38207
SPS: 38200
SPS: 38187
SPS: 38191
SPS: 38174
SPS: 38172
SPS: 38191
SPS: 38208
SPS: 38236
SPS: 38259
SPS: 38265
SPS: 38262
SPS: 38271
SPS: 38273
SPS: 38280
SPS: 38286
SPS: 38293
SPS: 38272
SPS: 38262
SPS: 38244
SPS: 38219
SPS: 38234
SPS: 38251
SPS: 38266
SPS: 38280
SPS: 38257
SPS: 38226
SPS: 38204
SPS: 38193
SPS: 38213
SPS: 38234
SPS: 38254
SPS: 38273
SPS: 38282
SPS: 38267
SPS: 38253
SPS: 38234
SPS: 38249
SPS: 38261
SPS: 38275
SPS: 38278
SPS: 38254
SPS: 38230
SPS: 38207
SPS: 38198
SPS: 38203
SPS: 38212
SPS: 38223
SPS: 38235
SPS: 38243
SPS: 38249
SPS: 38237
SPS: 38236
SPS: 38251
SPS: 38264
SPS: 38273
SPS: 38260
SPS: 38241
SPS: 38221
SPS: 38205
SPS: 38207
SPS: 38214
SPS: 38222
SPS: 38228
SPS: 38210
SPS: 38189
SPS: 38169
SPS: 38151
SPS: 38162
SPS: 38174
SPS: 38185
SPS: 38207
SPS: 38224
SPS: 38205
SPS: 38184
SPS: 38164
SPS: 38159
SPS: 38165
SPS: 38169
SPS: 38170
SPS: 38153
SPS: 38145
SPS: 38133
SPS: 38128
SPS: 38141
SPS: 38151
SPS: 38161
SPS: 38160
SPS: 38144
SPS: 38127
SPS: 38120
SPS: 38122
SPS: 38123
SPS: 38127
SPS: 38130
SPS: 38116
SPS: 38105
SPS: 38089
SPS: 38085
SPS: 38100
SPS: 38118
SPS: 38134
SPS: 38145
SPS: 38138
SPS: 38129
SPS: 38116
SPS: 38104
SPS: 38110
SPS: 38116
SPS: 38118
SPS: 38123
SPS: 38112
SPS: 38100
SPS: 38086
SPS: 38080
SPS: 38090
SPS: 38097
SPS: 38106
SPS: 38111
SPS: 38113
SPS: 38124
SPS: 38130
SPS: 38136
SPS: 38141
SPS: 38144
SPS: 38151
SPS: 38155
SPS: 38143
SPS: 38127
SPS: 38123
SPS: 38126
SPS: 38134
SPS: 38143
SPS: 38151
SPS: 38140
SPS: 38131
SPS: 38120
SPS: 38107
SPS: 38107
SPS: 38109
SPS: 38115
SPS: 38120
SPS: 38102
SPS: 38086
SPS: 38076
SPS: 38068
SPS: 38076
SPS: 38084
SPS: 38092
SPS: 38095
SPS: 38086
SPS: 38077
SPS: 38064
SPS: 38052
SPS: 38044
SPS: 38037
SPS: 38027
SPS: 38025
SPS: 38014
SPS: 38002
SPS: 37996
SPS: 37997
SPS: 38000
SPS: 38003
SPS: 38007
SPS: 38004
SPS: 37993
SPS: 37984
SPS: 37964
SPS: 37951
SPS: 37943
SPS: 37935
SPS: 37929
SPS: 37919
SPS: 37911
SPS: 37908
SPS: 37901
SPS: 37901
SPS: 37905
SPS: 37909
SPS: 37912
SPS: 37902
SPS: 37884
SPS: 37867
SPS: 37850
SPS: 37838
SPS: 37829
SPS: 37821
SPS: 37817
SPS: 37815
SPS: 37812
SPS: 37812
SPS: 37809
SPS: 37812
SPS: 37816
SPS: 37815
SPS: 37808
SPS: 37796
SPS: 37789
SPS: 37778
SPS: 37763
SPS: 37768
SPS: 37773
SPS: 37779
SPS: 37787
SPS: 37779
SPS: 37774
SPS: 37769
SPS: 37764
SPS: 37770
SPS: 37777
SPS: 37776
SPS: 37777
SPS: 37757
SPS: 37746
SPS: 37737
SPS: 37738
SPS: 37740
SPS: 37743
SPS: 37742
SPS: 37673
SPS: 37668
SPS: 37663
SPS: 37657
SPS: 37663
SPS: 37669
SPS: 37674
SPS: 37678
SPS: 37667
SPS: 37657
SPS: 37647
SPS: 37640
SPS: 37644
SPS: 37647
SPS: 37653
SPS: 37656
SPS: 37650
SPS: 37643
SPS: 37638
SPS: 37637
SPS: 37645
SPS: 37653
SPS: 37660
SPS: 37654
SPS: 37641
SPS: 37632
SPS: 37627
SPS: 37628
SPS: 37632
SPS: 37637
SPS: 37642
SPS: 37635
SPS: 37629
SPS: 37622
SPS: 37615
SPS: 37623
SPS: 37628
SPS: 37634
SPS: 37638
SPS: 37633
SPS: 37624
SPS: 37615
SPS: 37608
SPS: 37612
SPS: 37615
SPS: 37619
SPS: 37620
SPS: 37615
SPS: 37608
SPS: 37606
SPS: 37606
SPS: 37612
SPS: 37616
SPS: 37623
SPS: 37617
SPS: 37607
SPS: 37601
SPS: 37591
SPS: 37592
SPS: 37597
SPS: 37600
SPS: 37604
SPS: 37599
SPS: 37593
SPS: 37587
SPS: 37581
SPS: 37587
SPS: 37594
SPS: 37602
SPS: 37607
SPS: 37598
SPS: 37594
SPS: 37589
SPS: 37584
SPS: 37584
SPS: 37579
SPS: 37578
SPS: 37575
SPS: 37572
SPS: 37571
SPS: 37568
SPS: 37566
SPS: 37569
SPS: 37573
SPS: 37578
SPS: 37578
SPS: 37573
SPS: 37566
SPS: 37560
SPS: 37557
SPS: 37560
SPS: 37563
SPS: 37567
SPS: 37564
SPS: 37560
SPS: 37557
SPS: 37551
SPS: 37555
SPS: 37561
SPS: 37566
SPS: 37570
SPS: 37563
SPS: 37556
SPS: 37547
SPS: 37539
SPS: 37542
SPS: 37546
SPS: 37550
SPS: 37555
SPS: 37550
SPS: 37546
SPS: 37542
SPS: 37540
SPS: 37546
SPS: 37551
SPS: 37556
SPS: 37553
SPS: 37547
SPS: 37543
SPS: 37540
SPS: 37545
SPS: 37553
SPS: 37560
SPS: 37568
SPS: 37574
SPS: 37567
SPS: 37563
SPS: 37558
SPS: 37561
SPS: 37567
SPS: 37573
SPS: 37576
SPS: 37572
SPS: 37563
SPS: 37561
SPS: 37558
SPS: 37559
SPS: 37563
SPS: 37565
SPS: 37570
SPS: 37565
SPS: 37562
SPS: 37560
SPS: 37557
SPS: 37561
SPS: 37567
SPS: 37573
SPS: 37574
SPS: 37568
SPS: 37560
SPS: 37550
SPS: 37547
SPS: 37550
SPS: 37553
SPS: 37555
SPS: 37555
SPS: 37550
SPS: 37545
SPS: 37544
SPS: 37545
SPS: 37550
SPS: 37555
SPS: 37560
SPS: 37554
SPS: 37549
SPS: 37542
SPS: 37536
SPS: 37538
SPS: 37540
SPS: 37543
SPS: 37546
SPS: 37542
SPS: 37542
SPS: 37539
SPS: 37537
SPS: 37542
SPS: 37547
SPS: 37552
SPS: 37555
SPS: 37551
SPS: 37546
SPS: 37543
SPS: 37540
SPS: 37542
SPS: 37543
SPS: 37545
SPS: 37543
SPS: 37542
SPS: 37538
SPS: 37533
SPS: 37535
SPS: 37539
SPS: 37544
SPS: 37549
SPS: 37544
SPS: 37537
SPS: 37532
SPS: 37528
SPS: 37529
SPS: 37534
SPS: 37540
SPS: 37548
SPS: 37547
SPS: 37543
SPS: 37538
SPS: 37537
SPS: 37541
SPS: 37545
SPS: 37549
SPS: 37554
SPS: 37549
SPS: 37545
SPS: 37539
SPS: 37533
SPS: 37535
SPS: 37538
SPS: 37541
SPS: 37541
SPS: 37544
SPS: 37550
SPS: 37553
SPS: 37558
SPS: 37566
SPS: 37570
SPS: 37575
SPS: 37576
SPS: 37571
SPS: 37566
SPS: 37565
SPS: 37564
SPS: 37568
SPS: 37571
SPS: 37574
SPS: 37568
SPS: 37565
SPS: 37563
SPS: 37560
SPS: 37563
SPS: 37570
SPS: 37574
SPS: 37579
SPS: 37584
SPS: 37586
SPS: 37589
SPS: 37584
SPS: 37587
SPS: 37590
SPS: 37592
SPS: 37594
SPS: 37589
SPS: 37589
SPS: 37585
SPS: 37582
SPS: 37587
SPS: 37592
SPS: 37596
SPS: 37602
SPS: 37603
SPS: 37606
SPS: 37605
SPS: 37603
SPS: 37606
SPS: 37609
SPS: 37613
SPS: 37612
SPS: 37608
SPS: 37607
SPS: 37604
SPS: 37606
SPS: 37610
SPS: 37614
SPS: 37618
SPS: 37616
SPS: 37612
SPS: 37608
SPS: 37604
SPS: 37607
SPS: 37609
SPS: 37610
SPS: 37613
SPS: 37608
SPS: 37604
SPS: 37601
SPS: 37597
SPS: 37601
SPS: 37605
SPS: 37608
SPS: 37614
SPS: 37617
SPS: 37620
SPS: 37622
SPS: 37618
SPS: 37619
SPS: 37620
SPS: 37622
SPS: 37621
SPS: 37618
SPS: 37615
SPS: 37618
SPS: 37623
SPS: 37629
SPS: 37634
SPS: 37640
SPS: 37645
SPS: 37648
SPS: 37649
SPS: 37651
SPS: 37655
SPS: 37660
SPS: 37665
SPS: 37669
SPS: 37673
SPS: 37676
SPS: 37680
SPS: 37685
SPS: 37687
SPS: 37692
SPS: 37694
SPS: 37696
SPS: 37696
SPS: 37694
SPS: 37686
SPS: 37681
SPS: 37679
SPS: 37676
SPS: 37675
SPS: 37673
SPS: 37667
SPS: 37667
SPS: 37665
SPS: 37663
SPS: 37664
SPS: 37667
SPS: 37669
SPS: 37672
SPS: 37666
SPS: 37659
SPS: 37653
SPS: 37647
SPS: 37645
SPS: 37642
SPS: 37639
SPS: 37641
SPS: 37641
SPS: 37640
SPS: 37639
SPS: 37638
SPS: 37640
SPS: 37643
SPS: 37642
SPS: 37640
SPS: 37635
SPS: 37626
SPS: 37621
SPS: 37616
SPS: 37614
SPS: 37613
SPS: 37616
SPS: 37618
SPS: 37617
SPS: 37616
SPS: 37614
SPS: 37613
SPS: 37614
SPS: 37611
SPS: 37609
SPS: 37608
SPS: 37603
SPS: 37598
SPS: 37593
SPS: 37588
SPS: 37588
SPS: 37589
SPS: 37591
SPS: 37592
SPS: 37590
SPS: 37589
SPS: 37587
SPS: 37581
SPS: 37582
SPS: 37584
SPS: 37585
SPS: 37585
SPS: 37582
SPS: 37577
SPS: 37575
SPS: 37575
SPS: 37579
SPS: 37583
SPS: 37586
SPS: 37585
SPS: 37583
SPS: 37581
SPS: 37579
SPS: 37581
SPS: 37582
SPS: 37584
SPS: 37586
SPS: 37584
SPS: 37577
SPS: 37571
SPS: 37567
SPS: 37570
SPS: 37572
SPS: 37574
SPS: 37576
SPS: 37575
SPS: 37574
SPS: 37570
SPS: 37563
SPS: 37561
SPS: 37559
SPS: 37556
SPS: 37553
SPS: 37550
SPS: 37545
SPS: 37544
SPS: 37543
SPS: 37545
SPS: 37547
SPS: 37549
SPS: 37553
SPS: 37551
SPS: 37546
SPS: 37540
SPS: 37536
SPS: 37535
SPS: 37533
SPS: 37532
SPS: 37529
SPS: 37526
SPS: 37524
SPS: 37524
SPS: 37523
SPS: 37527
SPS: 37530
SPS: 37532
SPS: 37531
SPS: 37525
SPS: 37519
SPS: 37514
SPS: 37511
SPS: 37510
SPS: 37507
SPS: 37505
SPS: 37505
SPS: 37503
SPS: 37502
SPS: 37502
SPS: 37503
SPS: 37505
SPS: 37507
SPS: 37506
SPS: 37502
SPS: 37498
SPS: 37494
SPS: 37490
SPS: 37491
SPS: 37492
SPS: 37491
SPS: 37492
SPS: 37492
SPS: 37490
SPS: 37489
SPS: 37488
SPS: 37489
SPS: 37489
SPS: 37489
SPS: 37487
SPS: 37481
SPS: 37476
SPS: 37471
SPS: 37465
SPS: 37463
SPS: 37465
SPS: 37467
SPS: 37469
SPS: 37468
SPS: 37468
SPS: 37467
SPS: 37467
SPS: 37467
SPS: 37465
SPS: 37463
SPS: 37461
SPS: 37456
SPS: 37451
SPS: 37446
SPS: 37445
SPS: 37447
SPS: 37449
SPS: 37451
SPS: 37453
SPS: 37452
SPS: 37451
SPS: 37446
SPS: 37442
SPS: 37441
SPS: 37439
SPS: 37437
SPS: 37435
SPS: 37430
SPS: 37427
SPS: 37425
SPS: 37424
SPS: 37427
SPS: 37429
SPS: 37431
SPS: 37433
SPS: 37431
SPS: 37427
SPS: 37423
SPS: 37418
SPS: 37415
SPS: 37413
SPS: 37413
SPS: 37411
SPS: 37408
SPS: 37407
SPS: 37406
SPS: 37407
SPS: 37408
SPS: 37410
SPS: 37411
SPS: 37409
SPS: 37406
SPS: 37402
SPS: 37398
SPS: 37395
SPS: 37393
SPS: 37392
SPS: 37391
SPS: 37392
SPS: 37391
SPS: 37389
SPS: 37388
SPS: 37389
SPS: 37393
SPS: 37395
SPS: 37397
SPS: 37393
SPS: 37389
SPS: 37386
SPS: 37380
SPS: 37378
SPS: 37377
SPS: 37377
SPS: 37379
SPS: 37378
SPS: 37378
SPS: 37378
SPS: 37377
SPS: 37380
SPS: 37382
SPS: 37384
SPS: 37385
SPS: 37382
SPS: 37380
SPS: 37377
SPS: 37373
SPS: 37375
SPS: 37377
SPS: 37380
SPS: 37381
SPS: 37379
SPS: 37377
SPS: 37377
SPS: 37377
SPS: 37380
SPS: 37382
SPS: 37383
SPS: 37383
SPS: 37381
SPS: 37377
SPS: 37375
SPS: 37374
SPS: 37377
SPS: 37380
SPS: 37383
SPS: 37382
SPS: 37380
SPS: 37379
SPS: 37376
SPS: 37378
SPS: 37381
SPS: 37383
SPS: 37384
SPS: 37380
SPS: 37377
SPS: 37375
SPS: 37373
SPS: 37374
SPS: 37376
SPS: 37379
SPS: 37381
SPS: 37380
SPS: 37377
SPS: 37376
SPS: 37375
SPS: 37377
SPS: 37380
SPS: 37382
SPS: 37382
SPS: 37379
SPS: 37376
SPS: 37373
SPS: 37372
SPS: 37374
SPS: 37376
SPS: 37379
SPS: 37377
SPS: 37376
SPS: 37375
SPS: 37372
SPS: 37375
SPS: 37377
SPS: 37379
SPS: 37380
SPS: 37378
SPS: 37376
SPS: 37373
SPS: 37370
SPS: 37372
SPS: 37373
SPS: 37375
SPS: 37378
SPS: 37375
SPS: 37375
SPS: 37374
SPS: 37373
SPS: 37375
SPS: 37374
SPS: 37373
SPS: 37372
SPS: 37369
SPS: 37365
SPS: 37361
SPS: 37356
SPS: 37356
SPS: 37357
SPS: 37359
SPS: 37360
SPS: 37359
SPS: 37358
SPS: 37358
SPS: 37357
SPS: 37355
SPS: 37354
SPS: 37354
SPS: 37353
SPS: 37350
SPS: 37346
SPS: 37342
SPS: 37342
SPS: 37344
SPS: 37345
SPS: 37346
SPS: 37348
SPS: 37348
SPS: 37347
SPS: 37343
SPS: 37342
SPS: 37340
SPS: 37340
SPS: 37339
SPS: 37336
SPS: 37332
SPS: 37330
SPS: 37329
SPS: 37330
SPS: 37331
SPS: 37332
SPS: 37334
SPS: 37334
SPS: 37331
SPS: 37328
SPS: 37326
SPS: 37326
SPS: 37327
SPS: 37326
SPS: 37325
SPS: 37323
SPS: 37322
SPS: 37322
SPS: 37322
SPS: 37323
SPS: 37325
SPS: 37326
SPS: 37327
SPS: 37324
SPS: 37321
SPS: 37317
SPS: 37315
SPS: 37314
SPS: 37313
SPS: 37312
SPS: 37313
SPS: 37311
SPS: 37311
SPS: 37311
SPS: 37310
SPS: 37313
SPS: 37315
SPS: 37318
SPS: 37319
SPS: 37317
SPS: 37314
SPS: 37311
SPS: 37310
SPS: 37312
SPS: 37314
SPS: 37316
SPS: 37316
SPS: 37315
SPS: 37314
SPS: 37314
SPS: 37314
SPS: 37316
SPS: 37318
SPS: 37317
SPS: 37314
SPS: 37311
SPS: 37308
SPS: 37304
SPS: 37302
SPS: 37301
SPS: 37301
SPS: 37303
SPS: 37302
SPS: 37302
SPS: 37301
SPS: 37300
SPS: 37301
SPS: 37301
SPS: 37300
SPS: 37299
SPS: 37298
SPS: 37295
SPS: 37291
SPS: 37287
SPS: 37286
SPS: 37288
SPS: 37289
SPS: 37291
SPS: 37291
SPS: 37290
SPS: 37290
SPS: 37289
SPS: 37290
SPS: 37291
SPS: 37293
SPS: 37294
SPS: 37292
SPS: 37290
SPS: 37285
SPS: 37283
SPS: 37285
SPS: 37286
SPS: 37287
SPS: 37289
SPS: 37289
SPS: 37288
SPS: 37286
SPS: 37283
SPS: 37282
SPS: 37280
SPS: 37279
SPS: 37279
SPS: 37275
SPS: 37273
SPS: 37273
SPS: 37272
SPS: 37274
SPS: 37275
SPS: 37276
SPS: 37278
SPS: 37277
SPS: 37273
SPS: 37270
SPS: 37267
SPS: 37266
SPS: 37265
SPS: 37263
SPS: 37261
SPS: 37260
SPS: 37260
SPS: 37259
SPS: 37258
SPS: 37260
SPS: 37261
SPS: 37263
SPS: 37261
SPS: 37257
SPS: 37255
SPS: 37252
SPS: 37249
SPS: 37248
SPS: 37247
SPS: 37248
SPS: 37248
SPS: 37249
SPS: 37249
SPS: 37248
SPS: 37249
SPS: 37251
SPS: 37250
SPS: 37249
SPS: 37249
SPS: 37246
SPS: 37243
SPS: 37240
SPS: 37238
SPS: 37237
SPS: 37238
SPS: 37240
SPS: 37240
SPS: 37239
SPS: 37239
SPS: 37238
SPS: 37239
SPS: 37241
SPS: 37242
SPS: 37243
SPS: 37241
SPS: 37239
SPS: 37236
SPS: 37235
SPS: 37236
SPS: 37240
SPS: 37243
SPS: 37247
SPS: 37249
SPS: 37251
SPS: 37250
SPS: 37250
SPS: 37252
SPS: 37253
SPS: 37254
SPS: 37255
SPS: 37253
SPS: 37251
SPS: 37249
SPS: 37248
SPS: 37249
SPS: 37251
SPS: 37254
SPS: 37254
SPS: 37252
SPS: 37252
SPS: 37254
SPS: 37257
SPS: 37261
SPS: 37264
SPS: 37267
SPS: 37267
SPS: 37265
SPS: 37262
SPS: 37260
SPS: 37260
SPS: 37262
SPS: 37265
SPS: 37267
SPS: 37266
SPS: 37269
SPS: 37271
SPS: 37273
SPS: 37276
SPS: 37278
SPS: 37280
SPS: 37281
SPS: 37279
SPS: 37277
SPS: 37275
SPS: 37273
SPS: 37274
SPS: 37275
SPS: 37278
SPS: 37280
SPS: 37282
SPS: 37285
SPS: 37287
SPS: 37289
SPS: 37291
SPS: 37293
SPS: 37294
SPS: 37294
SPS: 37293
SPS: 37291
SPS: 37289
SPS: 37288
SPS: 37289
SPS: 37291
SPS: 37293
SPS: 37293
SPS: 37291
SPS: 37290
SPS: 37288
SPS: 37290
SPS: 37292
SPS: 37294
SPS: 37295
SPS: 37293
SPS: 37294
SPS: 37295
SPS: 37296
SPS: 37298
SPS: 37300
SPS: 37303
SPS: 37305
SPS: 37303
SPS: 37302
SPS: 37302
SPS: 37301
SPS: 37303
SPS: 37305
SPS: 37307
SPS: 37308
SPS: 37309
SPS: 37311
SPS: 37312
SPS: 37313
SPS: 37316
SPS: 37319
SPS: 37322
SPS: 37326
SPS: 37327
SPS: 37330
SPS: 37331
SPS: 37333
SPS: 37336
SPS: 37339
SPS: 37341
SPS: 37340
SPS: 37338
SPS: 37336
SPS: 37334
SPS: 37334
SPS: 37335
SPS: 37337
SPS: 37339
SPS: 37339
SPS: 37338
SPS: 37337
SPS: 37337
SPS: 37338
SPS: 37340
SPS: 37342
SPS: 37343
SPS: 37342
SPS: 37344
SPS: 37345
SPS: 37346
SPS: 37347
SPS: 37348
SPS: 37349
SPS: 37351
SPS: 37350
SPS: 37349
SPS: 37348
SPS: 37347
SPS: 37349
SPS: 37351
SPS: 37352
SPS: 37352
SPS: 37350
SPS: 37348
SPS: 37345
SPS: 37345
SPS: 37346
SPS: 37348
SPS: 37350
SPS: 37350
SPS: 37348
SPS: 37347
SPS: 37346
SPS: 37347
SPS: 37349
SPS: 37351
SPS: 37353
SPS: 37351
SPS: 37349
SPS: 37347
SPS: 37345
SPS: 37346
SPS: 37348
SPS: 37350
SPS: 37353
SPS: 37355
SPS: 37357
SPS: 37359
SPS: 37361
SPS: 37364
SPS: 37366
SPS: 37369
SPS: 37371
SPS: 37372
SPS: 37373
SPS: 37375
SPS: 37374
SPS: 37375
SPS: 37376
SPS: 37377
SPS: 37379
SPS: 37377
SPS: 37376
SPS: 37375
SPS: 37374
SPS: 37376
SPS: 37378
SPS: 37380
SPS: 37381
SPS: 37378
SPS: 37377
SPS: 37376
SPS: 37375
SPS: 37377
SPS: 37378
SPS: 37379
SPS: 37379
SPS: 37378
SPS: 37377
SPS: 37376
SPS: 37377
SPS: 37379
SPS: 37381
SPS: 37383
SPS: 37381
SPS: 37378
SPS: 37375
SPS: 37374
SPS: 37375
SPS: 37377
SPS: 37378
SPS: 37379
SPS: 37378
SPS: 37378
SPS: 37379
SPS: 37379
SPS: 37381
SPS: 37383
SPS: 37385
SPS: 37385
SPS: 37383
SPS: 37381
SPS: 37380
SPS: 37379
SPS: 37380
SPS: 37381
SPS: 37382
SPS: 37381
SPS: 37380
SPS: 37378
SPS: 37380
SPS: 37383
SPS: 37385
SPS: 37388
SPS: 37390
SPS: 37390
SPS: 37388
SPS: 37386
SPS: 37384
SPS: 37385
SPS: 37385
SPS: 37386
SPS: 37388
SPS: 37387
SPS: 37386
SPS: 37384
SPS: 37383
SPS: 37385
SPS: 37387
SPS: 37388
SPS: 37390
SPS: 37388
SPS: 37389
SPS: 37390
SPS: 37392
SPS: 37395
SPS: 37397
SPS: 37399
SPS: 37402
SPS: 37404
SPS: 37405
SPS: 37407
SPS: 37408
SPS: 37411
SPS: 37414
SPS: 37417
SPS: 37419
SPS: 37417
SPS: 37416
SPS: 37413
SPS: 37411
SPS: 37412
SPS: 37413
SPS: 37414
SPS: 37414
SPS: 37413
SPS: 37412
SPS: 37411
SPS: 37412
SPS: 37413
SPS: 37416
SPS: 37417
SPS: 37417
SPS: 37416
SPS: 37414
SPS: 37413
SPS: 37414
SPS: 37414
SPS: 37416
SPS: 37417
SPS: 37415
SPS: 37415
SPS: 37414
SPS: 37413
SPS: 37415
SPS: 37417
SPS: 37419
SPS: 37421
SPS: 37420
SPS: 37418
SPS: 37417
SPS: 37418
SPS: 37420
SPS: 37422
SPS: 37423
SPS: 37424
SPS: 37423
SPS: 37423
SPS: 37421
SPS: 37421
SPS: 37422
SPS: 37424
SPS: 37426
SPS: 37427
SPS: 37426
SPS: 37425
SPS: 37423
SPS: 37422
SPS: 37424
SPS: 37425
SPS: 37427
SPS: 37429
SPS: 37430
SPS: 37432
SPS: 37434
SPS: 37436
SPS: 37438
SPS: 37441
SPS: 37444
SPS: 37446
SPS: 37447
SPS: 37449
SPS: 37446
SPS: 37446
SPS: 37447
SPS: 37449
SPS: 37450
SPS: 37449
SPS: 37447
SPS: 37446
SPS: 37444
SPS: 37446
SPS: 37448
SPS: 37449
SPS: 37451
SPS: 37449
SPS: 37448
SPS: 37447
SPS: 37446
SPS: 37446
SPS: 37447
SPS: 37448
SPS: 37448
SPS: 37447
SPS: 37449
SPS: 37450
SPS: 37452
SPS: 37454
SPS: 37455
SPS: 37457
SPS: 37457
SPS: 37456
SPS: 37455
SPS: 37453
SPS: 37452
SPS: 37454
SPS: 37455
SPS: 37457
SPS: 37458
SPS: 37460
SPS: 37461
SPS: 37463
SPS: 37465
SPS: 37468
SPS: 37471
SPS: 37474
SPS: 37475
SPS: 37477
SPS: 37478
SPS: 37479
SPS: 37481
SPS: 37484
SPS: 37486
SPS: 37488
SPS: 37489
SPS: 37491
SPS: 37493
SPS: 37494
SPS: 37496
SPS: 37498
SPS: 37501
SPS: 37503
SPS: 37505
SPS: 37507
SPS: 37508
SPS: 37509
SPS: 37511
SPS: 37512
SPS: 37513
SPS: 37514
SPS: 37512
SPS: 37511
SPS: 37510
SPS: 37509
SPS: 37511
SPS: 37513
SPS: 37514
SPS: 37516
SPS: 37515
SPS: 37514
SPS: 37515
SPS: 37516
SPS: 37518
SPS: 37519
SPS: 37520
SPS: 37521
SPS: 37520
SPS: 37518
SPS: 37517
SPS: 37517
SPS: 37518
SPS: 37520
SPS: 37522
SPS: 37523
SPS: 37522
SPS: 37520
SPS: 37518
SPS: 37517
SPS: 37519
SPS: 37520
SPS: 37520
SPS: 37520
SPS: 37518
SPS: 37517
SPS: 37515
SPS: 37516
SPS: 37518
SPS: 37519
SPS: 37521
SPS: 37520
SPS: 37519
SPS: 37518
SPS: 37516
SPS: 37517
SPS: 37518
SPS: 37519
SPS: 37520
SPS: 37518
SPS: 37519
SPS: 37520
SPS: 37522
SPS: 37523
SPS: 37524
SPS: 37526
SPS: 37527
SPS: 37526
SPS: 37525
SPS: 37524
SPS: 37524
SPS: 37524
SPS: 37525
SPS: 37526
SPS: 37525
SPS: 37523
SPS: 37522
SPS: 37520
SPS: 37521
SPS: 37522
SPS: 37524
SPS: 37526
SPS: 37525
SPS: 37524
SPS: 37524
SPS: 37521
SPS: 37521
SPS: 37522
SPS: 37522
SPS: 37523
SPS: 37520
SPS: 37518
SPS: 37517
SPS: 37516
SPS: 37517
SPS: 37518
SPS: 37519
SPS: 37519
SPS: 37519
SPS: 37517
SPS: 37515
SPS: 37513
SPS: 37512
SPS: 37511
SPS: 37510
SPS: 37510
SPS: 37508
SPS: 37507
SPS: 37507
SPS: 37506
SPS: 37507
SPS: 37508
SPS: 37509
SPS: 37509
SPS: 37507
SPS: 37504
SPS: 37501
SPS: 37499
SPS: 37499
SPS: 37498
SPS: 37497
SPS: 37497
SPS: 37497
SPS: 37497
SPS: 37496
SPS: 37495
SPS: 37497
SPS: 37499
SPS: 37500
SPS: 37499
SPS: 37498
SPS: 37496
SPS: 37493
SPS: 37493
SPS: 37494
SPS: 37495
SPS: 37495
SPS: 37495
SPS: 37494
SPS: 37493
SPS: 37492
SPS: 37493
SPS: 37494
SPS: 37496
SPS: 37497
SPS: 37494
SPS: 37493
SPS: 37491
SPS: 37489
SPS: 37488
SPS: 37488
SPS: 37487
SPS: 37488
SPS: 37488
SPS: 37488
SPS: 37488
SPS: 37487
SPS: 37489
SPS: 37490
SPS: 37491
SPS: 37491
SPS: 37489
SPS: 37488
SPS: 37486
SPS: 37484
SPS: 37485
SPS: 37486
SPS: 37487
SPS: 37486
SPS: 37485
SPS: 37484
SPS: 37483
SPS: 37484
SPS: 37486
SPS: 37487
SPS: 37488
SPS: 37486
SPS: 37484
SPS: 37482
SPS: 37480
SPS: 37480
SPS: 37481
SPS: 37482
SPS: 37483
SPS: 37482
SPS: 37481
SPS: 37479
SPS: 37478
SPS: 37479
SPS: 37481
SPS: 37482
SPS: 37482
SPS: 37480
SPS: 37478
SPS: 37475
SPS: 37475
SPS: 37476
SPS: 37476
SPS: 37477
SPS: 37477
SPS: 37477
SPS: 37476
SPS: 37475
SPS: 37476
SPS: 37478
SPS: 37479
SPS: 37480
SPS: 37478
SPS: 37475
SPS: 37473
SPS: 37471
SPS: 37470
SPS: 37470
SPS: 37469
SPS: 37469
SPS: 37469
SPS: 37469
SPS: 37470
SPS: 37470
SPS: 37470
SPS: 37471
SPS: 37470
SPS: 37469
SPS: 37467
SPS: 37465
SPS: 37463
SPS: 37461
SPS: 37460
SPS: 37460
SPS: 37461
SPS: 37462
SPS: 37461
SPS: 37461
SPS: 37461
SPS: 37461
SPS: 37462
SPS: 37462
SPS: 37463
SPS: 37463
SPS: 37462
SPS: 37460
SPS: 37458
SPS: 37457
SPS: 37459
SPS: 37459
SPS: 37460
SPS: 37460
SPS: 37460
SPS: 37459
SPS: 37459
SPS: 37459
SPS: 37458
SPS: 37457
SPS: 37456
SPS: 37454
SPS: 37452
SPS: 37450
SPS: 37448
SPS: 37449
SPS: 37449
SPS: 37450
SPS: 37451
SPS: 37451
SPS: 37450
SPS: 37450
SPS: 37449
SPS: 37450
SPS: 37451
SPS: 37452
SPS: 37452
SPS: 37451
SPS: 37450
SPS: 37448
SPS: 37447
SPS: 37449
SPS: 37450
SPS: 37451
SPS: 37452
SPS: 37451
SPS: 37451
SPS: 37449
SPS: 37447
SPS: 37446
SPS: 37446
SPS: 37445
SPS: 37444
SPS: 37441
SPS: 37440
SPS: 37439
SPS: 37439
SPS: 37440
SPS: 37441
SPS: 37442
SPS: 37442
SPS: 37441
SPS: 37439
SPS: 37437
SPS: 37436
SPS: 37437
SPS: 37436
SPS: 37436
SPS: 37435
SPS: 37434
SPS: 37433
SPS: 37433
SPS: 37433
SPS: 37434
SPS: 37435
SPS: 37435
SPS: 37433
SPS: 37432
SPS: 37430
SPS: 37429
SPS: 37428
SPS: 37427
SPS: 37427
SPS: 37427
SPS: 37427
SPS: 37427
SPS: 37426
SPS: 37426
SPS: 37427
SPS: 37428
SPS: 37428
SPS: 37427
SPS: 37426
SPS: 37424
SPS: 37423
SPS: 37421
SPS: 37421
SPS: 37420
SPS: 37421
SPS: 37422
SPS: 37421
SPS: 37421
SPS: 37421
SPS: 37421
SPS: 37421
SPS: 37420
SPS: 37420
SPS: 37419
SPS: 37417
SPS: 37414
SPS: 37412
SPS: 37410
SPS: 37411
SPS: 37412
SPS: 37413
SPS: 37414
SPS: 37413
SPS: 37412
SPS: 37412
SPS: 37411
SPS: 37411
SPS: 37412
SPS: 37413
SPS: 37412
SPS: 37411
SPS: 37410
SPS: 37408
SPS: 37408
SPS: 37410
SPS: 37411
SPS: 37412
SPS: 37412
SPS: 37411
SPS: 37410
SPS: 37410
SPS: 37410
SPS: 37411
SPS: 37412
SPS: 37412
SPS: 37411
SPS: 37409
SPS: 37407
SPS: 37406
SPS: 37407
SPS: 37408
SPS: 37409
SPS: 37410
SPS: 37409
SPS: 37408
SPS: 37407
SPS: 37407
SPS: 37407
SPS: 37408
SPS: 37409
SPS: 37408
SPS: 37406
SPS: 37405
SPS: 37403
SPS: 37404
SPS: 37405
SPS: 37406
SPS: 37408
SPS: 37407
SPS: 37406
SPS: 37405
SPS: 37404
SPS: 37405
SPS: 37406
SPS: 37407
SPS: 37407
SPS: 37406
SPS: 37405
SPS: 37403
SPS: 37402
SPS: 37403
SPS: 37404
SPS: 37405
SPS: 37405
SPS: 37405
SPS: 37405
SPS: 37404
SPS: 37403
SPS: 37403
SPS: 37402
SPS: 37402
SPS: 37401
SPS: 37399
SPS: 37398
SPS: 37397
SPS: 37397
SPS: 37398
SPS: 37400
SPS: 37401
SPS: 37401
SPS: 37401
SPS: 37400
SPS: 37399
SPS: 37399
SPS: 37400
SPS: 37400
SPS: 37399
SPS: 37397
SPS: 37396
SPS: 37394
SPS: 37393
SPS: 37394
SPS: 37395
SPS: 37395
SPS: 37396
SPS: 37396
SPS: 37396
SPS: 37395
SPS: 37393
SPS: 37392
SPS: 37392
SPS: 37391
SPS: 37391
SPS: 37388
SPS: 37387
SPS: 37387
SPS: 37386
SPS: 37387
SPS: 37388
SPS: 37389
SPS: 37389
SPS: 37389
SPS: 37387
SPS: 37385
SPS: 37383
SPS: 37383
SPS: 37384
SPS: 37385
SPS: 37384
SPS: 37384
SPS: 37383
SPS: 37383
SPS: 37383
SPS: 37384
SPS: 37385
SPS: 37386
SPS: 37386
SPS: 37383
SPS: 37381
SPS: 37379
SPS: 37377
SPS: 37377
SPS: 37376
SPS: 37376
SPS: 37377
SPS: 37377
SPS: 37376
SPS: 37377
SPS: 37376
SPS: 37378
SPS: 37378
SPS: 37378
SPS: 37377
SPS: 37375
SPS: 37373
SPS: 37372
SPS: 37371
SPS: 37372
SPS: 37373
SPS: 37373
SPS: 37374
SPS: 37374
SPS: 37374
SPS: 37373
SPS: 37373
SPS: 37373
SPS: 37373
SPS: 37372
SPS: 37371
SPS: 37369
SPS: 37368
SPS: 37366
SPS: 37366
SPS: 37366
SPS: 37367
SPS: 37368
SPS: 37367
SPS: 37367
SPS: 37367
SPS: 37366
SPS: 37366
SPS: 37365
SPS: 37365
SPS: 37364
SPS: 37363
time budget reached: 3601s @ global_step=134545408
