C:\Users\a3162\thesis\.venv\Lib\site-packages\tyro\_parsers.py:365: UserWarning: The field `wandb-entity` is annotated with type `<class 'str'>`, but the default value `None` has type `<class 'NoneType'>`. We'll try to handle this gracefully, but it may cause unexpected behavior.
  warnings.warn(message)
C:\Users\a3162\thesis\.venv\Lib\site-packages\tyro\_parsers.py:365: UserWarning: The field `target-kl` is annotated with type `<class 'float'>`, but the default value `None` has type `<class 'NoneType'>`. We'll try to handle this gracefully, but it may cause unexpected behavior.
  warnings.warn(message)
SPS: 33165
SPS: 34007
SPS: 34754
SPS: 35862
SPS: 36501
SPS: 37218
SPS: 37761
SPS: 38166
SPS: 38445
SPS: 38578
SPS: 38677
SPS: 38832
SPS: 38961
SPS: 39175
SPS: 39367
SPS: 39510
SPS: 39603
SPS: 39566
SPS: 39555
SPS: 39569
SPS: 39566
SPS: 39644
SPS: 39684
SPS: 39768
SPS: 39848
SPS: 39789
SPS: 39813
SPS: 39830
SPS: 39796
SPS: 39863
SPS: 39917
SPS: 39953
SPS: 39973
SPS: 39965
SPS: 39975
SPS: 39918
SPS: 39908
SPS: 39941
SPS: 39947
SPS: 39980
SPS: 40020
SPS: 40019
SPS: 40025
SPS: 40015
SPS: 40008
SPS: 40048
SPS: 40084
SPS: 40106
SPS: 40116
SPS: 39987
SPS: 39881
SPS: 39790
SPS: 39670
SPS: 39652
SPS: 39648
SPS: 39655
SPS: 39642
SPS: 39578
SPS: 39493
SPS: 39462
SPS: 39431
SPS: 39439
SPS: 39437
SPS: 39437
SPS: 39385
SPS: 39315
SPS: 39235
SPS: 39165
SPS: 39145
SPS: 39145
SPS: 39141
SPS: 39148
SPS: 39102
SPS: 39049
SPS: 39023
SPS: 39007
SPS: 39037
SPS: 39065
SPS: 39099
SPS: 39123
SPS: 39117
SPS: 39115
SPS: 39122
SPS: 39125
SPS: 39149
SPS: 39169
SPS: 39195
SPS: 39231
SPS: 39236
SPS: 39234
SPS: 39240
SPS: 39245
SPS: 39269
SPS: 39297
SPS: 39327
SPS: 39342
SPS: 39345
SPS: 39336
SPS: 39339
SPS: 39335
SPS: 39345
SPS: 39363
SPS: 39372
SPS: 39397
SPS: 39403
SPS: 39401
SPS: 39407
SPS: 39412
SPS: 39434
SPS: 39456
SPS: 39469
SPS: 39485
SPS: 39484
SPS: 39481
SPS: 39471
SPS: 39439
SPS: 39432
SPS: 39428
SPS: 39424
SPS: 39431
SPS: 39407
SPS: 39383
SPS: 39348
SPS: 39327
SPS: 39324
SPS: 39330
SPS: 39331
SPS: 39341
SPS: 39339
SPS: 39338
SPS: 39340
SPS: 39339
SPS: 39343
SPS: 39341
SPS: 39344
SPS: 39333
SPS: 39308
SPS: 39278
SPS: 39256
SPS: 39241
SPS: 39247
SPS: 39258
SPS: 39267
SPS: 39273
SPS: 39260
SPS: 39221
SPS: 39177
SPS: 39168
SPS: 39162
SPS: 39165
SPS: 39170
SPS: 39151
SPS: 39127
SPS: 39111
SPS: 39084
SPS: 39088
SPS: 39093
SPS: 39102
SPS: 39102
SPS: 39102
SPS: 39107
SPS: 39099
SPS: 39076
SPS: 39079
SPS: 39076
SPS: 39077
SPS: 39076
SPS: 39057
SPS: 39043
SPS: 39020
SPS: 39004
SPS: 39010
SPS: 39020
SPS: 39026
SPS: 39021
SPS: 38999
SPS: 38970
SPS: 38952
SPS: 38946
SPS: 38940
SPS: 38945
SPS: 38952
SPS: 38942
SPS: 38926
SPS: 38906
SPS: 38895
SPS: 38896
SPS: 38904
SPS: 38912
SPS: 38913
SPS: 38892
SPS: 38866
SPS: 38846
SPS: 38821
SPS: 38825
SPS: 38825
SPS: 38827
SPS: 38831
SPS: 38818
SPS: 38809
SPS: 38801
SPS: 38785
SPS: 38793
SPS: 38801
SPS: 38815
SPS: 38824
SPS: 38814
SPS: 38796
SPS: 38774
SPS: 38762
SPS: 38759
SPS: 38762
SPS: 38761
SPS: 38756
SPS: 38741
SPS: 38727
SPS: 38709
SPS: 38707
SPS: 38714
SPS: 38720
SPS: 38725
SPS: 38707
SPS: 38686
SPS: 38689
SPS: 38691
SPS: 38699
SPS: 38697
SPS: 38699
SPS: 38700
SPS: 38690
SPS: 38678
SPS: 38668
SPS: 38656
SPS: 38664
SPS: 38671
SPS: 38676
SPS: 38680
SPS: 38664
SPS: 38646
SPS: 38629
SPS: 38611
SPS: 38619
SPS: 38628
SPS: 38638
SPS: 38649
SPS: 38648
SPS: 38640
SPS: 38627
SPS: 38616
SPS: 38621
SPS: 38626
SPS: 38632
SPS: 38631
SPS: 38614
SPS: 38599
SPS: 38580
SPS: 38572
SPS: 38580
SPS: 38586
SPS: 38596
SPS: 38602
SPS: 38594
SPS: 38583
SPS: 38573
SPS: 38571
SPS: 38577
SPS: 38583
SPS: 38591
SPS: 38582
SPS: 38571
SPS: 38557
SPS: 38544
SPS: 38540
SPS: 38543
SPS: 38546
SPS: 38549
SPS: 38537
SPS: 38528
SPS: 38516
SPS: 38504
SPS: 38510
SPS: 38514
SPS: 38523
SPS: 38528
SPS: 38514
SPS: 38501
SPS: 38488
SPS: 38471
SPS: 38470
SPS: 38471
SPS: 38474
SPS: 38483
SPS: 38489
SPS: 38494
SPS: 38499
SPS: 38501
SPS: 38513
SPS: 38524
SPS: 38533
SPS: 38542
SPS: 38546
SPS: 38549
SPS: 38552
SPS: 38556
SPS: 38564
SPS: 38571
SPS: 38578
SPS: 38583
SPS: 38588
SPS: 38596
SPS: 38601
SPS: 38605
SPS: 38615
SPS: 38623
SPS: 38633
SPS: 38640
SPS: 38642
SPS: 38643
SPS: 38646
SPS: 38650
SPS: 38659
SPS: 38664
SPS: 38670
SPS: 38677
SPS: 38670
SPS: 38661
SPS: 38651
SPS: 38645
SPS: 38648
SPS: 38653
SPS: 38658
SPS: 38651
SPS: 38637
SPS: 38624
SPS: 38624
SPS: 38630
SPS: 38636
SPS: 38641
SPS: 38648
SPS: 38654
SPS: 38659
SPS: 38663
SPS: 38667
SPS: 38672
SPS: 38680
SPS: 38689
SPS: 38698
SPS: 38706
SPS: 38707
SPS: 38708
SPS: 38709
SPS: 38714
SPS: 38721
SPS: 38727
SPS: 38733
SPS: 38738
SPS: 38743
SPS: 38751
SPS: 38755
SPS: 38758
SPS: 38766
SPS: 38774
SPS: 38783
SPS: 38786
SPS: 38787
SPS: 38787
SPS: 38789
SPS: 38792
SPS: 38798
SPS: 38804
SPS: 38807
SPS: 38813
SPS: 38817
SPS: 38822
SPS: 38825
SPS: 38830
SPS: 38836
SPS: 38843
SPS: 38849
SPS: 38854
SPS: 38854
SPS: 38853
SPS: 38838
SPS: 38830
SPS: 38830
SPS: 38829
SPS: 38830
SPS: 38824
SPS: 38813
SPS: 38806
SPS: 38795
SPS: 38795
SPS: 38798
SPS: 38802
SPS: 38802
SPS: 38795
SPS: 38782
SPS: 38774
SPS: 38763
SPS: 38764
SPS: 38763
SPS: 38761
SPS: 38760
SPS: 38752
SPS: 38746
SPS: 38737
SPS: 38731
SPS: 38734
SPS: 38740
SPS: 38744
SPS: 38738
SPS: 38728
SPS: 38718
SPS: 38709
SPS: 38709
SPS: 38709
SPS: 38708
SPS: 38708
SPS: 38704
SPS: 38696
SPS: 38689
SPS: 38680
SPS: 38683
SPS: 38687
SPS: 38690
SPS: 38693
SPS: 38695
SPS: 38697
SPS: 38698
SPS: 38701
SPS: 38706
SPS: 38712
SPS: 38717
SPS: 38724
SPS: 38727
SPS: 38731
SPS: 38731
SPS: 38735
SPS: 38742
SPS: 38749
SPS: 38754
SPS: 38759
SPS: 38760
SPS: 38759
SPS: 38759
SPS: 38760
SPS: 38764
SPS: 38768
SPS: 38773
SPS: 38778
SPS: 38779
SPS: 38783
SPS: 38784
SPS: 38787
SPS: 38793
SPS: 38799
SPS: 38804
SPS: 38810
SPS: 38809
SPS: 38809
SPS: 38811
SPS: 38812
SPS: 38817
SPS: 38820
SPS: 38823
SPS: 38827
SPS: 38831
SPS: 38834
SPS: 38837
SPS: 38839
SPS: 38844
SPS: 38849
SPS: 38853
SPS: 38856
SPS: 38857
SPS: 38859
SPS: 38862
SPS: 38863
SPS: 38866
SPS: 38871
SPS: 38877
SPS: 38882
SPS: 38885
SPS: 38886
SPS: 38887
SPS: 38890
SPS: 38895
SPS: 38900
SPS: 38906
SPS: 38910
SPS: 38909
SPS: 38910
SPS: 38910
SPS: 38912
SPS: 38916
SPS: 38919
SPS: 38924
SPS: 38928
SPS: 38932
SPS: 38936
SPS: 38938
SPS: 38940
SPS: 38939
SPS: 38944
SPS: 38950
SPS: 38954
SPS: 38953
SPS: 38954
SPS: 38954
SPS: 38956
SPS: 38959
SPS: 38962
SPS: 38965
SPS: 38969
SPS: 38971
SPS: 38974
SPS: 38975
SPS: 38976
SPS: 38981
SPS: 38986
SPS: 38991
SPS: 38994
SPS: 38993
SPS: 38995
SPS: 38996
SPS: 38998
SPS: 39001
SPS: 39005
SPS: 39008
SPS: 39013
SPS: 39016
SPS: 39018
SPS: 39021
SPS: 39023
SPS: 39027
SPS: 39032
SPS: 39037
SPS: 39041
SPS: 39041
SPS: 39042
SPS: 39042
SPS: 39042
SPS: 39047
SPS: 39050
SPS: 39052
SPS: 39057
SPS: 39060
SPS: 39064
SPS: 39067
SPS: 39068
SPS: 39072
SPS: 39078
SPS: 39082
SPS: 39086
SPS: 39087
SPS: 39088
SPS: 39089
SPS: 39090
SPS: 39093
SPS: 39097
SPS: 39101
SPS: 39107
SPS: 39108
SPS: 39111
SPS: 39113
SPS: 39115
SPS: 39119
SPS: 39121
SPS: 39125
SPS: 39128
SPS: 39129
SPS: 39130
SPS: 39130
SPS: 39131
SPS: 39135
SPS: 39138
SPS: 39141
SPS: 39145
SPS: 39145
SPS: 39147
SPS: 39148
SPS: 39149
SPS: 39152
SPS: 39157
SPS: 39159
SPS: 39161
SPS: 39162
SPS: 39164
SPS: 39166
SPS: 39167
SPS: 39170
SPS: 39173
SPS: 39177
SPS: 39179
SPS: 39180
SPS: 39183
SPS: 39185
SPS: 39187
SPS: 39190
SPS: 39193
SPS: 39196
SPS: 39198
SPS: 39199
SPS: 39200
SPS: 39200
SPS: 39201
SPS: 39204
SPS: 39206
SPS: 39209
SPS: 39212
SPS: 39215
SPS: 39216
SPS: 39219
SPS: 39221
SPS: 39225
SPS: 39228
SPS: 39231
SPS: 39233
SPS: 39236
SPS: 39236
SPS: 39237
SPS: 39239
SPS: 39243
SPS: 39246
SPS: 39249
SPS: 39252
SPS: 39254
SPS: 39257
SPS: 39258
SPS: 39260
SPS: 39264
SPS: 39268
SPS: 39271
SPS: 39272
SPS: 39272
SPS: 39273
SPS: 39274
SPS: 39275
SPS: 39277
SPS: 39280
SPS: 39284
SPS: 39287
SPS: 39290
SPS: 39291
SPS: 39293
SPS: 39295
SPS: 39298
SPS: 39300
SPS: 39304
SPS: 39305
SPS: 39305
SPS: 39305
SPS: 39307
SPS: 39309
SPS: 39311
SPS: 39315
SPS: 39319
SPS: 39321
SPS: 39322
SPS: 39295
SPS: 39259
SPS: 39262
SPS: 39265
SPS: 39267
SPS: 39270
SPS: 39271
SPS: 39271
SPS: 39270
SPS: 39271
SPS: 39273
SPS: 39276
SPS: 39278
SPS: 39281
SPS: 39282
SPS: 39283
SPS: 39284
SPS: 39285
SPS: 39288
SPS: 39290
SPS: 39293
SPS: 39295
SPS: 39297
SPS: 39297
SPS: 39297
SPS: 39298
SPS: 39301
SPS: 39303
SPS: 39306
SPS: 39309
SPS: 39310
SPS: 39311
SPS: 39314
SPS: 39315
SPS: 39318
SPS: 39321
SPS: 39323
SPS: 39325
SPS: 39324
SPS: 39323
SPS: 39323
SPS: 39324
SPS: 39326
SPS: 39329
SPS: 39332
SPS: 39336
SPS: 39338
SPS: 39340
SPS: 39340
SPS: 39342
SPS: 39343
SPS: 39345
SPS: 39347
SPS: 39350
SPS: 39350
SPS: 39351
SPS: 39350
SPS: 39351
SPS: 39354
SPS: 39356
SPS: 39357
SPS: 39358
SPS: 39354
SPS: 39349
SPS: 39345
SPS: 39341
SPS: 39341
SPS: 39340
SPS: 39340
SPS: 39339
SPS: 39338
SPS: 39338
SPS: 39336
SPS: 39336
SPS: 39339
SPS: 39342
SPS: 39345
SPS: 39347
SPS: 39348
SPS: 39349
SPS: 39350
SPS: 39352
SPS: 39354
SPS: 39356
SPS: 39358
SPS: 39360
SPS: 39359
SPS: 39358
SPS: 39358
SPS: 39358
SPS: 39361
SPS: 39364
SPS: 39367
SPS: 39369
SPS: 39371
SPS: 39372
SPS: 39372
SPS: 39373
SPS: 39376
SPS: 39378
SPS: 39380
SPS: 39382
SPS: 39381
SPS: 39381
SPS: 39381
SPS: 39381
SPS: 39382
SPS: 39385
SPS: 39388
SPS: 39391
SPS: 39389
SPS: 39384
SPS: 39380
SPS: 39377
SPS: 39377
SPS: 39376
SPS: 39376
SPS: 39372
SPS: 39365
SPS: 39359
SPS: 39353
SPS: 39350
SPS: 39351
SPS: 39352
SPS: 39353
SPS: 39349
SPS: 39346
SPS: 39343
SPS: 39339
SPS: 39338
SPS: 39338
SPS: 39337
SPS: 39336
SPS: 39330
SPS: 39324
SPS: 39319
SPS: 39316
SPS: 39316
SPS: 39317
SPS: 39318
SPS: 39319
SPS: 39314
SPS: 39310
SPS: 39306
SPS: 39303
SPS: 39304
SPS: 39304
SPS: 39304
SPS: 39304
SPS: 39298
SPS: 39291
SPS: 39286
SPS: 39281
SPS: 39281
SPS: 39281
SPS: 39282
SPS: 39281
SPS: 39277
SPS: 39271
SPS: 39267
SPS: 39266
SPS: 39266
SPS: 39266
SPS: 39266
SPS: 39262
SPS: 39262
SPS: 39262
SPS: 39262
SPS: 39264
SPS: 39267
SPS: 39270
SPS: 39273
SPS: 39274
SPS: 39276
SPS: 39276
SPS: 39278
SPS: 39280
SPS: 39283
SPS: 39284
SPS: 39286
SPS: 39287
SPS: 39288
SPS: 39289
SPS: 39289
SPS: 39290
SPS: 39292
SPS: 39295
SPS: 39298
SPS: 39299
SPS: 39300
SPS: 39301
SPS: 39302
SPS: 39305
SPS: 39307
SPS: 39310
SPS: 39311
SPS: 39311
SPS: 39311
SPS: 39309
SPS: 39310
SPS: 39310
SPS: 39313
SPS: 39316
SPS: 39318
SPS: 39319
SPS: 39315
SPS: 39312
SPS: 39308
SPS: 39308
SPS: 39308
SPS: 39307
SPS: 39307
SPS: 39302
SPS: 39296
SPS: 39290
SPS: 39284
SPS: 39284
SPS: 39286
SPS: 39289
SPS: 39291
SPS: 39291
SPS: 39292
SPS: 39292
SPS: 39294
SPS: 39297
SPS: 39299
SPS: 39301
SPS: 39303
SPS: 39303
SPS: 39305
SPS: 39304
SPS: 39304
SPS: 39305
SPS: 39308
SPS: 39310
SPS: 39313
SPS: 39313
SPS: 39314
SPS: 39315
SPS: 39316
SPS: 39319
SPS: 39321
SPS: 39322
SPS: 39324
SPS: 39324
SPS: 39325
SPS: 39325
SPS: 39326
SPS: 39327
SPS: 39329
SPS: 39331
SPS: 39333
SPS: 39333
SPS: 39333
SPS: 39334
SPS: 39336
SPS: 39339
SPS: 39341
SPS: 39342
SPS: 39344
SPS: 39339
SPS: 39332
SPS: 39327
SPS: 39323
SPS: 39322
SPS: 39323
SPS: 39324
SPS: 39325
SPS: 39321
SPS: 39319
SPS: 39316
SPS: 39312
SPS: 39312
SPS: 39311
SPS: 39311
SPS: 39309
SPS: 39304
SPS: 39298
SPS: 39293
SPS: 39290
SPS: 39290
SPS: 39291
SPS: 39293
SPS: 39289
SPS: 39285
SPS: 39281
SPS: 39277
SPS: 39277
SPS: 39278
SPS: 39280
SPS: 39281
SPS: 39277
SPS: 39271
SPS: 39266
SPS: 39262
SPS: 39262
SPS: 39263
SPS: 39265
SPS: 39266
SPS: 39262
SPS: 39258
SPS: 39254
SPS: 39250
SPS: 39251
SPS: 39250
SPS: 39250
SPS: 39250
SPS: 39245
SPS: 39240
SPS: 39235
SPS: 39231
SPS: 39231
SPS: 39232
SPS: 39233
SPS: 39233
SPS: 39229
SPS: 39225
SPS: 39222
SPS: 39219
SPS: 39220
SPS: 39220
SPS: 39221
SPS: 39217
SPS: 39213
SPS: 39213
SPS: 39213
SPS: 39213
SPS: 39213
SPS: 39214
SPS: 39215
SPS: 39212
SPS: 39208
SPS: 39204
SPS: 39201
SPS: 39201
SPS: 39202
SPS: 39201
SPS: 39201
SPS: 39197
SPS: 39192
SPS: 39188
SPS: 39184
SPS: 39183
SPS: 39184
SPS: 39186
SPS: 39186
SPS: 39182
SPS: 39179
SPS: 39176
SPS: 39173
SPS: 39174
SPS: 39176
SPS: 39177
SPS: 39178
SPS: 39179
SPS: 39179
SPS: 39179
SPS: 39180
SPS: 39182
SPS: 39184
SPS: 39186
SPS: 39188
SPS: 39187
SPS: 39183
SPS: 39177
SPS: 39175
SPS: 39176
SPS: 39176
SPS: 39175
SPS: 39173
SPS: 39168
SPS: 39163
SPS: 39158
SPS: 39157
SPS: 39156
SPS: 39157
SPS: 39158
SPS: 39156
SPS: 39153
SPS: 39151
SPS: 39149
SPS: 39149
SPS: 39146
SPS: 39143
SPS: 39140
SPS: 39134
SPS: 39127
SPS: 39122
SPS: 39118
SPS: 39116
SPS: 39115
SPS: 39115
SPS: 39115
SPS: 39112
SPS: 39109
SPS: 39106
SPS: 39103
SPS: 39100
SPS: 39096
SPS: 39093
SPS: 39090
SPS: 39085
SPS: 39079
SPS: 39075
SPS: 39072
SPS: 39072
SPS: 39072
SPS: 39072
SPS: 39072
SPS: 39069
SPS: 39065
SPS: 39061
SPS: 39056
SPS: 39054
SPS: 39051
SPS: 39047
SPS: 39043
SPS: 39037
SPS: 39034
SPS: 39032
SPS: 39030
SPS: 39029
SPS: 39030
SPS: 39030
SPS: 39028
SPS: 39023
SPS: 39018
SPS: 39012
SPS: 39008
SPS: 39005
SPS: 39003
SPS: 39001
SPS: 38997
SPS: 38995
SPS: 38992
SPS: 38990
SPS: 38989
SPS: 38988
SPS: 38989
SPS: 38986
SPS: 38982
SPS: 38977
SPS: 38971
SPS: 38966
SPS: 38962
SPS: 38960
SPS: 38957
SPS: 38957
SPS: 38955
SPS: 38953
SPS: 38949
SPS: 38947
SPS: 38947
SPS: 38945
SPS: 38942
SPS: 38940
SPS: 38934
SPS: 38930
SPS: 38924
SPS: 38919
SPS: 38916
SPS: 38916
SPS: 38916
SPS: 38916
SPS: 38914
SPS: 38912
SPS: 38909
SPS: 38907
SPS: 38904
SPS: 38902
SPS: 38899
SPS: 38896
SPS: 38890
SPS: 38886
SPS: 38881
SPS: 38878
SPS: 38878
SPS: 38879
SPS: 38879
SPS: 38878
SPS: 38877
SPS: 38875
SPS: 38871
SPS: 38865
SPS: 38862
SPS: 38860
SPS: 38857
SPS: 38854
SPS: 38848
SPS: 38844
SPS: 38842
SPS: 38841
SPS: 38841
SPS: 38843
SPS: 38844
SPS: 38843
SPS: 38841
SPS: 38836
SPS: 38832
SPS: 38830
SPS: 38831
SPS: 38831
SPS: 38832
SPS: 38829
SPS: 38825
SPS: 38821
SPS: 38818
SPS: 38818
SPS: 38818
SPS: 38818
SPS: 38818
SPS: 38815
SPS: 38809
SPS: 38806
SPS: 38803
SPS: 38804
SPS: 38804
SPS: 38804
SPS: 38804
SPS: 38800
SPS: 38797
SPS: 38794
SPS: 38792
SPS: 38793
SPS: 38794
SPS: 38795
SPS: 38793
SPS: 38789
SPS: 38785
SPS: 38781
SPS: 38780
SPS: 38780
SPS: 38780
SPS: 38779
SPS: 38776
SPS: 38772
SPS: 38769
SPS: 38766
SPS: 38766
SPS: 38768
SPS: 38768
SPS: 38770
SPS: 38767
SPS: 38764
SPS: 38760
SPS: 38756
SPS: 38756
SPS: 38756
SPS: 38756
SPS: 38753
SPS: 38749
SPS: 38747
SPS: 38745
SPS: 38744
SPS: 38744
SPS: 38744
SPS: 38745
SPS: 38743
SPS: 38739
SPS: 38734
SPS: 38729
SPS: 38726
SPS: 38726
SPS: 38727
SPS: 38727
SPS: 38725
SPS: 38723
SPS: 38721
SPS: 38719
SPS: 38719
SPS: 38719
SPS: 38721
SPS: 38722
SPS: 38719
SPS: 38715
SPS: 38712
SPS: 38708
SPS: 38708
SPS: 38708
SPS: 38708
SPS: 38708
SPS: 38706
SPS: 38703
SPS: 38700
SPS: 38697
SPS: 38698
SPS: 38700
SPS: 38701
SPS: 38701
SPS: 38697
SPS: 38694
SPS: 38690
SPS: 38687
SPS: 38687
SPS: 38687
SPS: 38687
SPS: 38685
SPS: 38683
SPS: 38682
SPS: 38680
SPS: 38680
SPS: 38680
SPS: 38680
SPS: 38679
SPS: 38675
SPS: 38671
SPS: 38667
SPS: 38664
SPS: 38664
SPS: 38664
SPS: 38664
SPS: 38665
SPS: 38667
SPS: 38668
SPS: 38669
SPS: 38671
SPS: 38673
SPS: 38675
SPS: 38677
SPS: 38679
SPS: 38680
SPS: 38680
SPS: 38681
SPS: 38682
SPS: 38684
SPS: 38685
SPS: 38687
SPS: 38689
SPS: 38690
SPS: 38691
SPS: 38692
SPS: 38694
SPS: 38696
SPS: 38698
SPS: 38698
SPS: 38698
SPS: 38695
SPS: 38693
SPS: 38689
SPS: 38686
SPS: 38687
SPS: 38687
SPS: 38687
SPS: 38688
SPS: 38686
SPS: 38685
SPS: 38685
SPS: 38686
SPS: 38689
SPS: 38691
SPS: 38693
SPS: 38694
SPS: 38695
SPS: 38696
SPS: 38696
SPS: 38697
SPS: 38699
SPS: 38701
SPS: 38703
SPS: 38705
SPS: 38706
SPS: 38706
SPS: 38708
SPS: 38708
SPS: 38711
SPS: 38713
SPS: 38715
SPS: 38716
SPS: 38717
SPS: 38718
SPS: 38718
SPS: 38718
SPS: 38719
SPS: 38721
SPS: 38722
SPS: 38724
SPS: 38725
SPS: 38725
SPS: 38726
SPS: 38727
SPS: 38729
SPS: 38731
SPS: 38732
SPS: 38733
SPS: 38734
SPS: 38735
SPS: 38735
SPS: 38737
SPS: 38738
SPS: 38739
SPS: 38741
SPS: 38743
SPS: 38744
SPS: 38745
SPS: 38745
SPS: 38746
SPS: 38747
SPS: 38748
SPS: 38748
SPS: 38747
SPS: 38744
SPS: 38740
SPS: 38737
SPS: 38735
SPS: 38735
SPS: 38735
SPS: 38736
SPS: 38733
SPS: 38731
SPS: 38729
SPS: 38727
SPS: 38728
SPS: 38729
SPS: 38730
SPS: 38730
SPS: 38727
SPS: 38723
SPS: 38721
SPS: 38718
SPS: 38718
SPS: 38718
SPS: 38719
SPS: 38721
SPS: 38723
SPS: 38724
SPS: 38725
SPS: 38726
SPS: 38728
SPS: 38730
SPS: 38732
SPS: 38733
SPS: 38733
SPS: 38733
SPS: 38733
SPS: 38733
SPS: 38734
SPS: 38736
SPS: 38737
SPS: 38738
SPS: 38739
SPS: 38740
SPS: 38741
SPS: 38742
SPS: 38743
SPS: 38745
SPS: 38747
SPS: 38748
SPS: 38748
SPS: 38748
SPS: 38748
SPS: 38748
SPS: 38749
SPS: 38751
SPS: 38753
SPS: 38755
SPS: 38756
SPS: 38757
SPS: 38758
SPS: 38758
SPS: 38760
SPS: 38761
SPS: 38762
SPS: 38763
SPS: 38763
SPS: 38764
SPS: 38764
SPS: 38765
SPS: 38767
SPS: 38769
SPS: 38770
SPS: 38772
SPS: 38773
SPS: 38774
SPS: 38775
SPS: 38776
SPS: 38778
SPS: 38781
SPS: 38782
SPS: 38783
SPS: 38784
SPS: 38784
SPS: 38785
SPS: 38785
SPS: 38786
SPS: 38787
SPS: 38789
SPS: 38790
SPS: 38791
SPS: 38791
SPS: 38792
SPS: 38793
SPS: 38795
SPS: 38797
SPS: 38798
SPS: 38799
SPS: 38800
SPS: 38800
SPS: 38800
SPS: 38801
SPS: 38802
SPS: 38804
SPS: 38805
SPS: 38807
SPS: 38808
SPS: 38809
SPS: 38810
SPS: 38811
SPS: 38812
SPS: 38814
SPS: 38816
SPS: 38818
SPS: 38818
SPS: 38818
SPS: 38818
SPS: 38818
SPS: 38820
SPS: 38821
SPS: 38823
SPS: 38824
SPS: 38824
SPS: 38826
SPS: 38827
SPS: 38828
SPS: 38829
SPS: 38830
SPS: 38831
SPS: 38832
SPS: 38832
SPS: 38833
SPS: 38833
SPS: 38834
SPS: 38835
SPS: 38837
SPS: 38839
SPS: 38840
SPS: 38841
SPS: 38841
SPS: 38842
SPS: 38843
SPS: 38845
SPS: 38847
SPS: 38848
SPS: 38849
SPS: 38850
SPS: 38851
SPS: 38851
SPS: 38852
SPS: 38853
SPS: 38855
SPS: 38856
SPS: 38857
SPS: 38858
SPS: 38859
SPS: 38860
SPS: 38861
SPS: 38863
SPS: 38865
SPS: 38866
SPS: 38867
SPS: 38867
SPS: 38867
SPS: 38867
SPS: 38868
SPS: 38869
SPS: 38870
SPS: 38871
SPS: 38872
SPS: 38873
SPS: 38874
SPS: 38876
SPS: 38877
SPS: 38879
SPS: 38881
SPS: 38883
SPS: 38884
SPS: 38883
SPS: 38883
SPS: 38884
SPS: 38885
SPS: 38886
SPS: 38887
SPS: 38889
SPS: 38890
SPS: 38891
SPS: 38892
SPS: 38893
SPS: 38894
SPS: 38895
SPS: 38893
SPS: 38894
SPS: 38896
SPS: 38896
SPS: 38896
SPS: 38896
SPS: 38897
SPS: 38898
SPS: 38900
SPS: 38901
SPS: 38902
SPS: 38903
SPS: 38904
SPS: 38905
SPS: 38907
SPS: 38909
SPS: 38910
SPS: 38912
SPS: 38912
SPS: 38912
SPS: 38912
SPS: 38912
SPS: 38913
SPS: 38914
SPS: 38916
SPS: 38917
SPS: 38917
SPS: 38918
SPS: 38919
SPS: 38919
SPS: 38920
SPS: 38921
SPS: 38923
SPS: 38924
SPS: 38925
SPS: 38926
SPS: 38926
SPS: 38926
SPS: 38927
SPS: 38928
SPS: 38930
SPS: 38931
SPS: 38932
SPS: 38932
SPS: 38933
SPS: 38933
SPS: 38934
SPS: 38935
SPS: 38936
SPS: 38937
SPS: 38937
SPS: 38937
SPS: 38937
SPS: 38937
SPS: 38937
SPS: 38939
SPS: 38940
SPS: 38941
SPS: 38942
SPS: 38942
SPS: 38942
SPS: 38943
SPS: 38945
SPS: 38946
SPS: 38948
SPS: 38949
SPS: 38949
SPS: 38950
SPS: 38950
SPS: 38948
SPS: 38949
SPS: 38951
SPS: 38952
SPS: 38954
SPS: 38954
SPS: 38955
SPS: 38956
SPS: 38957
SPS: 38959
SPS: 38960
SPS: 38961
SPS: 38962
SPS: 38963
SPS: 38964
SPS: 38964
SPS: 38964
SPS: 38966
SPS: 38967
SPS: 38968
SPS: 38970
SPS: 38971
SPS: 38972
SPS: 38973
SPS: 38973
SPS: 38975
SPS: 38976
SPS: 38977
SPS: 38978
SPS: 38978
SPS: 38979
SPS: 38979
SPS: 38979
SPS: 38980
SPS: 38982
SPS: 38984
SPS: 38985
SPS: 38986
SPS: 38986
SPS: 38988
SPS: 38988
SPS: 38990
SPS: 38991
SPS: 38993
SPS: 38993
SPS: 38994
SPS: 38994
SPS: 38994
SPS: 38995
SPS: 38996
SPS: 38997
SPS: 38998
SPS: 39000
SPS: 39001
SPS: 39002
SPS: 39003
SPS: 39004
SPS: 39005
SPS: 39007
SPS: 39008
SPS: 39009
SPS: 39010
SPS: 39011
SPS: 39012
SPS: 39012
SPS: 39013
SPS: 39015
SPS: 39016
SPS: 39018
SPS: 39019
SPS: 39020
SPS: 39021
SPS: 39022
SPS: 39024
SPS: 39025
SPS: 39026
SPS: 39027
SPS: 39028
SPS: 39029
SPS: 39029
SPS: 39028
SPS: 39029
SPS: 39030
SPS: 39032
SPS: 39034
SPS: 39034
SPS: 39035
SPS: 39035
SPS: 39037
SPS: 39038
SPS: 39040
SPS: 39041
SPS: 39042
SPS: 39042
SPS: 39043
SPS: 39043
SPS: 39044
SPS: 39045
SPS: 39046
SPS: 39047
SPS: 39048
SPS: 39049
SPS: 39050
SPS: 39050
SPS: 39051
SPS: 39053
SPS: 39055
SPS: 39056
SPS: 39057
SPS: 39058
SPS: 39058
SPS: 39059
SPS: 39059
SPS: 39060
SPS: 39062
SPS: 39063
SPS: 39065
SPS: 39066
SPS: 39067
SPS: 39068
SPS: 39069
SPS: 39070
SPS: 39071
SPS: 39072
SPS: 39074
SPS: 39074
SPS: 39074
SPS: 39074
SPS: 39075
SPS: 39076
SPS: 39077
SPS: 39078
SPS: 39079
SPS: 39080
SPS: 39080
SPS: 39081
SPS: 39081
SPS: 39083
SPS: 39083
SPS: 39084
SPS: 39085
SPS: 39086
SPS: 39083
SPS: 39081
SPS: 39078
SPS: 39078
SPS: 39078
SPS: 39079
SPS: 39079
SPS: 39078
SPS: 39076
SPS: 39073
SPS: 39071
SPS: 39072
SPS: 39072
SPS: 39073
SPS: 39072
SPS: 39069
SPS: 39067
SPS: 39064
SPS: 39063
SPS: 39063
SPS: 39064
SPS: 39065
SPS: 39064
SPS: 39062
SPS: 39060
SPS: 39059
SPS: 39060
SPS: 39060
SPS: 39060
SPS: 39060
SPS: 39058
SPS: 39055
SPS: 39054
SPS: 39051
SPS: 39051
SPS: 39052
SPS: 39053
SPS: 39053
SPS: 39051
SPS: 39050
SPS: 39048
SPS: 39046
SPS: 39046
SPS: 39047
SPS: 39047
SPS: 39046
SPS: 39043
SPS: 39041
SPS: 39038
SPS: 39036
SPS: 39036
SPS: 39037
SPS: 39038
SPS: 39039
SPS: 39038
SPS: 39037
SPS: 39035
SPS: 39035
SPS: 39036
SPS: 39037
SPS: 39038
SPS: 39039
SPS: 39037
SPS: 39035
SPS: 39032
SPS: 39031
SPS: 39031
SPS: 39031
SPS: 39032
SPS: 39030
SPS: 39028
SPS: 39029
SPS: 39029
SPS: 39030
SPS: 39031
SPS: 39032
SPS: 39032
SPS: 39030
SPS: 39027
SPS: 39025
SPS: 39022
SPS: 39022
SPS: 39022
SPS: 39023
SPS: 39023
SPS: 39021
SPS: 39019
SPS: 39018
SPS: 39015
SPS: 39016
SPS: 39017
SPS: 39017
SPS: 39017
SPS: 39013
SPS: 39011
SPS: 39009
SPS: 39008
SPS: 39008
SPS: 39009
SPS: 39009
SPS: 39009
SPS: 39008
SPS: 39006
SPS: 39005
SPS: 39004
SPS: 39005
SPS: 39005
SPS: 39005
SPS: 39003
SPS: 39000
SPS: 38999
SPS: 38997
SPS: 38997
SPS: 38997
SPS: 38997
SPS: 38998
SPS: 38997
SPS: 38995
SPS: 38993
SPS: 38992
SPS: 38992
SPS: 38993
SPS: 38993
SPS: 38993
SPS: 38991
SPS: 38989
SPS: 38987
SPS: 38985
SPS: 38985
SPS: 38985
SPS: 38985
SPS: 38985
SPS: 38984
SPS: 38982
SPS: 38980
SPS: 38979
SPS: 38980
SPS: 38981
SPS: 38981
SPS: 38979
SPS: 38976
SPS: 38973
SPS: 38972
SPS: 38971
SPS: 38971
SPS: 38971
SPS: 38971
SPS: 38969
SPS: 38968
SPS: 38966
SPS: 38965
SPS: 38965
SPS: 38966
SPS: 38967
SPS: 38967
SPS: 38964
SPS: 38962
SPS: 38960
SPS: 38957
SPS: 38957
SPS: 38957
SPS: 38957
SPS: 38957
SPS: 38957
SPS: 38958
SPS: 38958
SPS: 38958
SPS: 38959
SPS: 38960
SPS: 38960
SPS: 38959
SPS: 38960
SPS: 38959
SPS: 38960
SPS: 38959
SPS: 38958
SPS: 38958
SPS: 38958
SPS: 38958
SPS: 38956
SPS: 38954
SPS: 38952
SPS: 38952
SPS: 38953
SPS: 38954
SPS: 38955
SPS: 38952
SPS: 38951
SPS: 38950
SPS: 38949
SPS: 38949
SPS: 38949
SPS: 38949
SPS: 38949
SPS: 38948
SPS: 38946
SPS: 38945
SPS: 38943
SPS: 38944
SPS: 38945
SPS: 38945
SPS: 38945
SPS: 38943
SPS: 38941
SPS: 38939
SPS: 38936
SPS: 38937
SPS: 38936
SPS: 38936
SPS: 38936
SPS: 38934
SPS: 38933
SPS: 38931
SPS: 38931
SPS: 38932
SPS: 38933
SPS: 38933
SPS: 38932
SPS: 38930
SPS: 38927
SPS: 38925
SPS: 38926
SPS: 38927
SPS: 38928
SPS: 38928
SPS: 38927
SPS: 38925
SPS: 38923
SPS: 38923
SPS: 38924
SPS: 38926
SPS: 38926
SPS: 38928
SPS: 38928
SPS: 38928
SPS: 38928
SPS: 38928
SPS: 38929
SPS: 38930
SPS: 38931
SPS: 38933
SPS: 38933
SPS: 38933
SPS: 38934
SPS: 38933
SPS: 38934
SPS: 38934
SPS: 38935
SPS: 38935
SPS: 38934
SPS: 38932
SPS: 38929
SPS: 38928
SPS: 38928
SPS: 38928
SPS: 38928
SPS: 38927
SPS: 38925
SPS: 38924
SPS: 38922
SPS: 38921
SPS: 38922
SPS: 38922
SPS: 38923
SPS: 38922
SPS: 38920
SPS: 38917
SPS: 38915
SPS: 38914
SPS: 38914
SPS: 38914
SPS: 38915
SPS: 38915
SPS: 38915
SPS: 38914
SPS: 38912
SPS: 38912
SPS: 38913
SPS: 38914
SPS: 38914
SPS: 38913
SPS: 38910
SPS: 38908
SPS: 38907
SPS: 38906
SPS: 38906
SPS: 38906
SPS: 38906
SPS: 38905
SPS: 38904
SPS: 38902
SPS: 38901
SPS: 38901
SPS: 38902
SPS: 38903
SPS: 38903
SPS: 38901
SPS: 38900
SPS: 38898
SPS: 38896
SPS: 38897
SPS: 38896
SPS: 38897
SPS: 38895
SPS: 38893
SPS: 38892
SPS: 38890
SPS: 38890
SPS: 38891
SPS: 38891
SPS: 38892
SPS: 38890
SPS: 38888
SPS: 38886
SPS: 38884
SPS: 38884
SPS: 38885
SPS: 38886
SPS: 38887
SPS: 38884
SPS: 38883
SPS: 38881
SPS: 38880
SPS: 38881
SPS: 38882
SPS: 38884
SPS: 38885
SPS: 38885
SPS: 38886
SPS: 38886
SPS: 38886
SPS: 38887
SPS: 38887
SPS: 38888
SPS: 38889
SPS: 38890
SPS: 38890
SPS: 38891
SPS: 38892
SPS: 38893
SPS: 38894
SPS: 38895
SPS: 38897
SPS: 38898
SPS: 38898
SPS: 38896
SPS: 38893
SPS: 38893
SPS: 38894
SPS: 38894
SPS: 38894
SPS: 38891
SPS: 38890
SPS: 38888
SPS: 38888
SPS: 38889
SPS: 38889
SPS: 38890
SPS: 38890
SPS: 38888
SPS: 38886
SPS: 38884
SPS: 38883
SPS: 38883
SPS: 38883
SPS: 38883
SPS: 38881
SPS: 38879
SPS: 38878
SPS: 38878
SPS: 38879
SPS: 38880
SPS: 38882
SPS: 38883
SPS: 38882
SPS: 38880
SPS: 38878
SPS: 38876
time budget reached: 3601s @ global_step=139984896
