C:\Users\a3162\thesis\.venv\Lib\site-packages\tyro\_parsers.py:365: UserWarning: The field `wandb-entity` is annotated with type `<class 'str'>`, but the default value `None` has type `<class 'NoneType'>`. We'll try to handle this gracefully, but it may cause unexpected behavior.
  warnings.warn(message)
C:\Users\a3162\thesis\.venv\Lib\site-packages\tyro\_parsers.py:365: UserWarning: The field `target-kl` is annotated with type `<class 'float'>`, but the default value `None` has type `<class 'NoneType'>`. We'll try to handle this gracefully, but it may cause unexpected behavior.
  warnings.warn(message)
SPS: 4469
SPS: 4642
SPS: 4682
SPS: 4688
SPS: 4693
SPS: 4689
SPS: 4693
SPS: 4689
SPS: 4691
SPS: 4688
SPS: 4687
SPS: 4681
SPS: 4679
SPS: 4683
SPS: 4690
SPS: 4697
SPS: 4700
SPS: 4705
SPS: 4707
SPS: 4709
SPS: 4709
SPS: 4712
SPS: 4715
SPS: 4718
SPS: 4720
SPS: 4721
SPS: 4724
SPS: 4727
SPS: 4730
SPS: 4732
SPS: 4734
SPS: 4736
SPS: 4738
SPS: 4740
SPS: 4741
SPS: 4743
SPS: 4742
SPS: 4744
SPS: 4745
SPS: 4747
SPS: 4749
SPS: 4750
SPS: 4751
SPS: 4752
SPS: 4752
SPS: 4752
SPS: 4753
SPS: 4754
SPS: 4753
SPS: 4753
SPS: 4754
SPS: 4756
SPS: 4756
SPS: 4756
SPS: 4757
SPS: 4758
SPS: 4758
SPS: 4757
SPS: 4757
SPS: 4758
SPS: 4758
SPS: 4758
SPS: 4758
SPS: 4758
SPS: 4758
SPS: 4757
SPS: 4758
SPS: 4759
SPS: 4758
SPS: 4759
SPS: 4759
SPS: 4761
SPS: 4761
SPS: 4761
SPS: 4762
SPS: 4762
SPS: 4763
SPS: 4763
SPS: 4764
SPS: 4764
SPS: 4765
SPS: 4765
SPS: 4766
SPS: 4767
SPS: 4767
SPS: 4767
SPS: 4768
SPS: 4768
SPS: 4767
SPS: 4766
SPS: 4766
SPS: 4765
SPS: 4765
SPS: 4764
SPS: 4763
SPS: 4764
SPS: 4763
SPS: 4763
SPS: 4764
SPS: 4767
SPS: 4767
SPS: 4789
SPS: 4788
SPS: 4788
SPS: 4788
SPS: 4788
SPS: 4788
SPS: 4788
SPS: 4789
SPS: 4792
SPS: 4796
SPS: 4801
SPS: 4806
SPS: 4811
SPS: 4816
SPS: 4821
SPS: 4827
SPS: 4832
SPS: 4837
SPS: 4841
SPS: 4844
SPS: 4847
SPS: 4851
SPS: 4854
SPS: 4859
SPS: 4863
SPS: 4868
SPS: 4873
SPS: 4878
SPS: 4881
SPS: 4884
SPS: 4887
SPS: 4890
SPS: 4893
SPS: 4896
SPS: 4900
SPS: 4904
SPS: 4908
SPS: 4912
SPS: 4917
SPS: 4920
SPS: 4922
SPS: 4925
SPS: 4928
SPS: 4931
SPS: 4933
SPS: 4936
SPS: 4939
SPS: 4942
SPS: 4946
SPS: 4949
SPS: 4951
SPS: 4953
SPS: 4955
SPS: 4957
SPS: 4960
SPS: 4963
SPS: 4966
SPS: 4968
SPS: 4971
SPS: 4974
SPS: 4977
SPS: 4980
SPS: 4982
SPS: 4984
SPS: 4986
SPS: 4987
SPS: 4989
SPS: 4992
SPS: 4994
SPS: 4997
SPS: 4999
SPS: 4997
SPS: 4992
SPS: 4995
SPS: 4997
SPS: 4997
SPS: 4998
SPS: 4999
SPS: 5000
SPS: 5001
SPS: 5002
SPS: 5003
SPS: 5005
SPS: 5005
SPS: 5006
SPS: 5007
SPS: 5007
SPS: 5008
SPS: 5010
SPS: 5012
SPS: 5014
SPS: 5015
SPS: 5017
SPS: 5018
SPS: 5019
SPS: 5020
SPS: 5022
SPS: 5042
SPS: 5064
SPS: 5087
SPS: 5109
SPS: 5131
SPS: 5153
SPS: 5175
SPS: 5197
SPS: 5219
SPS: 5241
SPS: 5263
SPS: 5284
SPS: 5306
SPS: 5328
SPS: 5350
SPS: 5372
SPS: 5394
SPS: 5415
SPS: 5437
SPS: 5459
SPS: 5480
SPS: 5502
SPS: 5524
SPS: 5545
SPS: 5567
SPS: 5588
SPS: 5610
SPS: 5631
SPS: 5653
SPS: 5674
SPS: 5695
SPS: 5717
SPS: 5738
SPS: 5759
SPS: 5781
SPS: 5802
SPS: 5823
SPS: 5844
SPS: 5865
SPS: 5886
SPS: 5907
SPS: 5927
SPS: 5948
SPS: 5969
SPS: 5989
SPS: 6010
SPS: 6030
SPS: 6050
SPS: 6071
SPS: 6091
SPS: 6112
SPS: 6132
SPS: 6152
SPS: 6173
SPS: 6193
SPS: 6213
SPS: 6233
SPS: 6253
SPS: 6273
SPS: 6294
SPS: 6314
SPS: 6334
SPS: 6354
SPS: 6374
SPS: 6394
SPS: 6413
SPS: 6433
SPS: 6453
SPS: 6473
SPS: 6493
SPS: 6513
SPS: 6533
SPS: 6553
SPS: 6572
SPS: 6592
SPS: 6612
SPS: 6631
SPS: 6651
SPS: 6671
SPS: 6691
SPS: 6710
SPS: 6730
SPS: 6749
SPS: 6769
SPS: 6788
SPS: 6808
SPS: 6827
SPS: 6847
SPS: 6866
SPS: 6885
SPS: 6905
SPS: 6924
SPS: 6944
SPS: 6963
SPS: 6982
SPS: 7001
SPS: 7020
SPS: 7040
SPS: 7059
SPS: 7078
SPS: 7098
SPS: 7117
SPS: 7136
SPS: 7155
SPS: 7174
SPS: 7193
SPS: 7213
SPS: 7232
SPS: 7251
SPS: 7270
SPS: 7288
SPS: 7307
SPS: 7326
SPS: 7346
SPS: 7365
SPS: 7383
SPS: 7402
SPS: 7421
SPS: 7439
SPS: 7458
SPS: 7476
SPS: 7494
SPS: 7513
SPS: 7531
SPS: 7550
SPS: 7568
SPS: 7586
SPS: 7605
SPS: 7623
SPS: 7642
SPS: 7660
SPS: 7678
SPS: 7696
SPS: 7715
SPS: 7733
SPS: 7751
SPS: 7769
SPS: 7787
SPS: 7805
SPS: 7823
SPS: 7841
SPS: 7859
SPS: 7877
SPS: 7896
SPS: 7914
SPS: 7932
SPS: 7950
SPS: 7968
SPS: 7987
SPS: 8005
SPS: 8023
SPS: 8041
SPS: 8059
SPS: 8077
SPS: 8095
SPS: 8113
SPS: 8131
SPS: 8148
SPS: 8166
SPS: 8184
SPS: 8202
SPS: 8220
SPS: 8238
SPS: 8256
SPS: 8273
SPS: 8291
SPS: 8309
SPS: 8327
SPS: 8345
SPS: 8363
SPS: 8380
SPS: 8398
SPS: 8415
SPS: 8433
SPS: 8451
SPS: 8469
SPS: 8486
SPS: 8504
SPS: 8521
SPS: 8538
SPS: 8556
SPS: 8574
SPS: 8592
SPS: 8609
SPS: 8626
SPS: 8644
SPS: 8661
SPS: 8679
SPS: 8696
SPS: 8714
SPS: 8731
SPS: 8748
SPS: 8765
SPS: 8782
SPS: 8800
SPS: 8817
SPS: 8835
SPS: 8851
SPS: 8869
SPS: 8886
SPS: 8903
SPS: 8920
SPS: 8937
SPS: 8954
SPS: 8971
SPS: 8988
SPS: 9005
SPS: 9022
SPS: 9039
SPS: 9055
SPS: 9072
SPS: 9089
SPS: 9105
SPS: 9122
SPS: 9139
SPS: 9156
SPS: 9172
SPS: 9189
SPS: 9206
SPS: 9222
SPS: 9239
SPS: 9255
SPS: 9272
SPS: 9289
SPS: 9305
SPS: 9322
SPS: 9338
SPS: 9354
SPS: 9371
SPS: 9387
SPS: 9404
SPS: 9421
SPS: 9437
SPS: 9453
SPS: 9470
SPS: 9486
SPS: 9503
SPS: 9519
SPS: 9536
SPS: 9552
SPS: 9568
SPS: 9585
SPS: 9601
SPS: 9617
SPS: 9634
SPS: 9650
SPS: 9666
SPS: 9682
SPS: 9698
SPS: 9714
SPS: 9730
SPS: 9746
SPS: 9762
SPS: 9778
SPS: 9794
SPS: 9810
SPS: 9826
SPS: 9843
SPS: 9859
SPS: 9875
SPS: 9890
SPS: 9906
SPS: 9922
SPS: 9938
SPS: 9954
SPS: 9970
SPS: 9986
SPS: 10002
SPS: 10017
SPS: 10033
SPS: 10049
SPS: 10065
SPS: 10080
SPS: 10096
SPS: 10111
SPS: 10127
SPS: 10143
SPS: 10158
SPS: 10174
SPS: 10189
SPS: 10205
SPS: 10221
SPS: 10236
SPS: 10251
SPS: 10267
SPS: 10282
SPS: 10298
SPS: 10313
SPS: 10328
SPS: 10343
SPS: 10358
SPS: 10374
SPS: 10389
SPS: 10405
SPS: 10420
SPS: 10435
SPS: 10450
SPS: 10466
SPS: 10481
SPS: 10496
SPS: 10512
SPS: 10527
SPS: 10542
SPS: 10557
SPS: 10572
SPS: 10587
SPS: 10602
SPS: 10617
SPS: 10633
SPS: 10648
SPS: 10662
SPS: 10677
SPS: 10692
SPS: 10708
SPS: 10723
SPS: 10738
SPS: 10753
SPS: 10768
SPS: 10783
SPS: 10798
SPS: 10813
SPS: 10828
SPS: 10843
SPS: 10858
SPS: 10872
SPS: 10887
SPS: 10902
SPS: 10917
SPS: 10932
SPS: 10947
SPS: 10961
SPS: 10976
SPS: 10990
SPS: 11005
SPS: 11020
SPS: 11035
SPS: 11050
SPS: 11064
SPS: 11079
SPS: 11093
SPS: 11108
SPS: 11123
SPS: 11138
SPS: 11152
SPS: 11167
SPS: 11181
SPS: 11196
SPS: 11210
SPS: 11225
SPS: 11239
SPS: 11254
SPS: 11268
SPS: 11282
SPS: 11296
SPS: 11311
SPS: 11325
SPS: 11340
SPS: 11354
SPS: 11368
SPS: 11382
SPS: 11396
SPS: 11410
SPS: 11425
SPS: 11439
SPS: 11453
SPS: 11467
SPS: 11481
SPS: 11495
SPS: 11509
SPS: 11523
SPS: 11538
SPS: 11552
SPS: 11566
SPS: 11580
SPS: 11594
SPS: 11608
SPS: 11622
SPS: 11636
SPS: 11650
SPS: 11664
SPS: 11677
SPS: 11691
SPS: 11705
SPS: 11719
SPS: 11733
SPS: 11747
SPS: 11761
SPS: 11774
SPS: 11788
SPS: 11801
SPS: 11815
SPS: 11829
SPS: 11842
SPS: 11856
SPS: 11869
SPS: 11882
SPS: 11895
SPS: 11909
SPS: 11923
SPS: 11936
SPS: 11950
SPS: 11963
SPS: 11976
SPS: 11989
SPS: 12003
SPS: 12017
SPS: 12030
SPS: 12043
SPS: 12056
SPS: 12070
SPS: 12083
SPS: 12097
SPS: 12110
SPS: 12123
SPS: 12136
SPS: 12149
SPS: 12162
SPS: 12175
SPS: 12188
SPS: 12202
SPS: 12215
SPS: 12228
SPS: 12241
SPS: 12254
SPS: 12267
SPS: 12280
SPS: 12294
SPS: 12307
SPS: 12320
SPS: 12332
SPS: 12345
SPS: 12358
SPS: 12371
SPS: 12384
SPS: 12397
SPS: 12410
SPS: 12422
SPS: 12435
SPS: 12448
SPS: 12462
SPS: 12475
SPS: 12488
SPS: 12501
SPS: 12513
SPS: 12526
SPS: 12539
SPS: 12552
SPS: 12565
SPS: 12578
SPS: 12590
SPS: 12603
SPS: 12616
SPS: 12628
SPS: 12642
SPS: 12655
SPS: 12668
SPS: 12681
SPS: 12693
SPS: 12706
SPS: 12719
SPS: 12732
SPS: 12745
SPS: 12758
SPS: 12771
SPS: 12783
SPS: 12796
SPS: 12808
SPS: 12821
SPS: 12834
SPS: 12847
SPS: 12860
SPS: 12872
SPS: 12885
SPS: 12898
SPS: 12911
SPS: 12924
SPS: 12936
SPS: 12949
SPS: 12961
SPS: 12974
SPS: 12986
SPS: 12999
SPS: 13012
SPS: 13024
SPS: 13037
SPS: 13049
SPS: 13061
SPS: 13074
SPS: 13086
SPS: 13099
SPS: 13112
SPS: 13124
SPS: 13136
SPS: 13148
SPS: 13160
SPS: 13173
SPS: 13185
SPS: 13198
SPS: 13210
SPS: 13222
SPS: 13234
SPS: 13247
SPS: 13259
SPS: 13271
SPS: 13284
SPS: 13296
SPS: 13308
SPS: 13320
SPS: 13332
SPS: 13344
SPS: 13357
SPS: 13369
SPS: 13381
SPS: 13393
SPS: 13404
SPS: 13416
SPS: 13428
SPS: 13441
SPS: 13453
SPS: 13465
SPS: 13476
SPS: 13488
SPS: 13500
SPS: 13512
SPS: 13524
SPS: 13536
SPS: 13548
SPS: 13559
SPS: 13570
SPS: 13582
SPS: 13594
SPS: 13606
SPS: 13618
SPS: 13629
SPS: 13641
SPS: 13652
SPS: 13664
SPS: 13676
SPS: 13687
SPS: 13699
SPS: 13711
SPS: 13722
SPS: 13734
SPS: 13745
SPS: 13757
SPS: 13769
SPS: 13780
SPS: 13792
SPS: 13803
SPS: 13814
SPS: 13826
SPS: 13837
SPS: 13849
SPS: 13861
SPS: 13872
SPS: 13883
SPS: 13894
SPS: 13906
SPS: 13917
SPS: 13929
SPS: 13940
SPS: 13952
SPS: 13963
SPS: 13974
SPS: 13985
SPS: 13997
SPS: 14008
SPS: 14020
SPS: 14031
SPS: 14042
SPS: 14053
SPS: 14064
SPS: 14075
SPS: 14087
SPS: 14098
SPS: 14110
SPS: 14121
SPS: 14132
SPS: 14143
time budget reached: 3600s @ global_step=50921472
