C:\Users\a3162\thesis\.venv\Lib\site-packages\tyro\_parsers.py:365: UserWarning: The field `wandb-entity` is annotated with type `<class 'str'>`, but the default value `None` has type `<class 'NoneType'>`. We'll try to handle this gracefully, but it may cause unexpected behavior.
  warnings.warn(message)
C:\Users\a3162\thesis\.venv\Lib\site-packages\tyro\_parsers.py:365: UserWarning: The field `target-kl` is annotated with type `<class 'float'>`, but the default value `None` has type `<class 'NoneType'>`. We'll try to handle this gracefully, but it may cause unexpected behavior.
  warnings.warn(message)
SPS: 5274
SPS: 5328
SPS: 5351
SPS: 5371
SPS: 5388
SPS: 5396
SPS: 5401
SPS: 5408
SPS: 5405
SPS: 5401
SPS: 5406
SPS: 5418
SPS: 5425
SPS: 5431
SPS: 5440
SPS: 5448
SPS: 5456
SPS: 5462
SPS: 5466
SPS: 5469
SPS: 5473
SPS: 5476
SPS: 5482
SPS: 5486
SPS: 5490
SPS: 5493
SPS: 5495
SPS: 5496
SPS: 5497
SPS: 5500
SPS: 5501
SPS: 5503
SPS: 5504
SPS: 5505
SPS: 5506
SPS: 5507
SPS: 5508
SPS: 5509
SPS: 5510
SPS: 5510
SPS: 5512
SPS: 5512
SPS: 5513
SPS: 5515
SPS: 5515
SPS: 5517
SPS: 5518
SPS: 5519
SPS: 5519
SPS: 5520
SPS: 5520
SPS: 5521
SPS: 5521
SPS: 5522
SPS: 5523
SPS: 5523
SPS: 5524
SPS: 5524
SPS: 5525
SPS: 5524
SPS: 5525
SPS: 5525
SPS: 5525
SPS: 5526
SPS: 5527
SPS: 5527
SPS: 5528
SPS: 5528
SPS: 5528
SPS: 5528
SPS: 5528
SPS: 5529
SPS: 5529
SPS: 5529
SPS: 5529
SPS: 5530
SPS: 5530
SPS: 5530
SPS: 5531
SPS: 5531
SPS: 5531
SPS: 5531
SPS: 5531
SPS: 5531
SPS: 5531
SPS: 5531
SPS: 5531
SPS: 5531
SPS: 5532
SPS: 5532
SPS: 5532
SPS: 5533
SPS: 5533
SPS: 5533
SPS: 5534
SPS: 5534
SPS: 5535
SPS: 5535
SPS: 5535
SPS: 5535
SPS: 5536
SPS: 5536
SPS: 5536
SPS: 5537
SPS: 5536
SPS: 5536
SPS: 5536
SPS: 5537
SPS: 5537
SPS: 5537
SPS: 5537
SPS: 5538
SPS: 5538
SPS: 5538
SPS: 5538
SPS: 5538
SPS: 5538
SPS: 5539
SPS: 5539
SPS: 5539
SPS: 5539
SPS: 5539
SPS: 5539
SPS: 5539
SPS: 5539
SPS: 5539
SPS: 5539
SPS: 5539
SPS: 5540
SPS: 5540
SPS: 5539
SPS: 5540
SPS: 5540
SPS: 5540
SPS: 5540
SPS: 5540
SPS: 5540
SPS: 5540
SPS: 5540
SPS: 5540
SPS: 5540
SPS: 5540
SPS: 5540
SPS: 5540
SPS: 5540
SPS: 5541
SPS: 5541
SPS: 5541
SPS: 5542
SPS: 5542
SPS: 5542
SPS: 5542
SPS: 5543
SPS: 5542
SPS: 5542
SPS: 5543
SPS: 5543
SPS: 5543
SPS: 5543
SPS: 5543
SPS: 5543
SPS: 5543
SPS: 5543
SPS: 5543
SPS: 5543
SPS: 5543
SPS: 5543
SPS: 5544
SPS: 5544
SPS: 5544
SPS: 5544
SPS: 5544
SPS: 5544
SPS: 5544
SPS: 5544
SPS: 5544
SPS: 5544
SPS: 5544
SPS: 5544
SPS: 5544
SPS: 5544
SPS: 5544
SPS: 5544
SPS: 5545
SPS: 5545
SPS: 5545
SPS: 5545
SPS: 5545
SPS: 5545
SPS: 5545
SPS: 5545
SPS: 5545
SPS: 5545
SPS: 5546
SPS: 5546
SPS: 5546
SPS: 5546
SPS: 5546
SPS: 5546
SPS: 5546
SPS: 5546
SPS: 5546
SPS: 5546
SPS: 5546
SPS: 5546
SPS: 5546
SPS: 5546
SPS: 5546
SPS: 5546
SPS: 5546
SPS: 5546
SPS: 5546
SPS: 5546
SPS: 5546
SPS: 5546
SPS: 5546
SPS: 5546
SPS: 5546
SPS: 5546
SPS: 5546
SPS: 5546
SPS: 5547
SPS: 5547
SPS: 5547
SPS: 5547
SPS: 5547
SPS: 5547
SPS: 5547
SPS: 5547
SPS: 5547
SPS: 5547
SPS: 5547
SPS: 5547
SPS: 5547
SPS: 5547
SPS: 5547
SPS: 5547
SPS: 5547
SPS: 5547
SPS: 5547
SPS: 5547
SPS: 5547
SPS: 5547
SPS: 5547
SPS: 5547
SPS: 5547
SPS: 5547
SPS: 5547
SPS: 5547
SPS: 5547
SPS: 5547
SPS: 5547
SPS: 5547
SPS: 5548
SPS: 5548
SPS: 5548
SPS: 5548
SPS: 5548
SPS: 5548
SPS: 5548
SPS: 5548
SPS: 5548
SPS: 5548
SPS: 5548
SPS: 5548
SPS: 5548
SPS: 5548
SPS: 5548
SPS: 5548
SPS: 5548
SPS: 5548
SPS: 5548
SPS: 5548
SPS: 5548
SPS: 5548
SPS: 5548
SPS: 5548
SPS: 5548
SPS: 5548
SPS: 5548
SPS: 5548
SPS: 5549
SPS: 5549
SPS: 5549
SPS: 5548
SPS: 5549
SPS: 5549
SPS: 5549
SPS: 5549
SPS: 5549
SPS: 5549
SPS: 5549
SPS: 5549
SPS: 5549
SPS: 5549
SPS: 5549
SPS: 5549
SPS: 5549
SPS: 5549
SPS: 5549
SPS: 5549
SPS: 5549
SPS: 5549
SPS: 5549
SPS: 5549
time budget reached: 3602s @ global_step=19988480
