C:\Users\a3162\thesis\.venv\Lib\site-packages\tyro\_parsers.py:365: UserWarning: The field `wandb-entity` is annotated with type `<class 'str'>`, but the default value `None` has type `<class 'NoneType'>`. We'll try to handle this gracefully, but it may cause unexpected behavior.
  warnings.warn(message)
C:\Users\a3162\thesis\.venv\Lib\site-packages\tyro\_parsers.py:365: UserWarning: The field `target-kl` is annotated with type `<class 'float'>`, but the default value `None` has type `<class 'NoneType'>`. We'll try to handle this gracefully, but it may cause unexpected behavior.
  warnings.warn(message)
SPS: 5252
SPS: 5325
SPS: 5400
SPS: 5435
SPS: 5461
SPS: 5480
SPS: 5489
SPS: 5502
SPS: 5508
SPS: 5512
SPS: 5515
SPS: 5513
SPS: 5516
SPS: 5519
SPS: 5523
SPS: 5524
SPS: 5526
SPS: 5528
SPS: 5529
SPS: 5529
SPS: 5532
SPS: 5534
SPS: 5535
SPS: 5536
SPS: 5537
SPS: 5537
SPS: 5540
SPS: 5541
SPS: 5541
SPS: 5542
SPS: 5543
SPS: 5544
SPS: 5544
SPS: 5544
SPS: 5544
SPS: 5545
SPS: 5546
SPS: 5545
SPS: 5546
SPS: 5546
SPS: 5546
SPS: 5545
SPS: 5547
SPS: 5548
SPS: 5548
SPS: 5548
SPS: 5548
SPS: 5548
SPS: 5549
SPS: 5549
SPS: 5547
SPS: 5547
SPS: 5547
SPS: 5548
SPS: 5548
SPS: 5548
SPS: 5547
SPS: 5548
SPS: 5548
SPS: 5548
SPS: 5548
SPS: 5548
SPS: 5549
SPS: 5549
SPS: 5553
SPS: 5553
SPS: 5551
SPS: 5551
SPS: 5551
SPS: 5551
SPS: 5551
SPS: 5552
SPS: 5552
SPS: 5552
SPS: 5551
SPS: 5551
SPS: 5552
SPS: 5551
SPS: 5551
SPS: 5551
SPS: 5552
SPS: 5552
SPS: 5552
SPS: 5552
SPS: 5552
SPS: 5552
SPS: 5552
SPS: 5552
SPS: 5552
SPS: 5552
SPS: 5552
SPS: 5553
SPS: 5553
SPS: 5553
SPS: 5553
SPS: 5553
SPS: 5553
SPS: 5553
SPS: 5553
SPS: 5554
SPS: 5554
SPS: 5554
SPS: 5554
SPS: 5554
SPS: 5555
SPS: 5557
SPS: 5567
SPS: 5567
SPS: 5567
SPS: 5567
SPS: 5566
SPS: 5566
SPS: 5566
SPS: 5566
SPS: 5566
SPS: 5566
SPS: 5566
SPS: 5565
SPS: 5566
SPS: 5566
SPS: 5566
SPS: 5566
SPS: 5566
SPS: 5566
SPS: 5565
SPS: 5565
SPS: 5565
SPS: 5565
SPS: 5565
SPS: 5565
SPS: 5565
SPS: 5565
SPS: 5565
SPS: 5565
SPS: 5565
SPS: 5565
SPS: 5565
SPS: 5564
SPS: 5565
SPS: 5565
SPS: 5565
SPS: 5564
SPS: 5564
SPS: 5564
SPS: 5565
SPS: 5565
SPS: 5564
SPS: 5564
SPS: 5564
SPS: 5565
SPS: 5565
SPS: 5565
SPS: 5565
SPS: 5565
SPS: 5565
SPS: 5565
SPS: 5564
SPS: 5564
SPS: 5564
SPS: 5564
SPS: 5564
SPS: 5564
SPS: 5564
SPS: 5564
SPS: 5564
SPS: 5564
SPS: 5564
SPS: 5565
SPS: 5565
SPS: 5565
SPS: 5565
SPS: 5565
SPS: 5565
SPS: 5565
SPS: 5565
SPS: 5565
SPS: 5565
SPS: 5565
SPS: 5565
SPS: 5565
SPS: 5565
SPS: 5565
SPS: 5565
SPS: 5565
SPS: 5565
SPS: 5565
SPS: 5565
SPS: 5565
SPS: 5565
SPS: 5565
SPS: 5565
SPS: 5565
SPS: 5565
SPS: 5565
SPS: 5565
SPS: 5565
SPS: 5565
SPS: 5565
SPS: 5565
SPS: 5565
SPS: 5565
SPS: 5565
SPS: 5565
SPS: 5565
SPS: 5565
SPS: 5564
SPS: 5564
SPS: 5565
SPS: 5565
SPS: 5565
SPS: 5565
SPS: 5565
SPS: 5565
SPS: 5565
SPS: 5565
SPS: 5565
SPS: 5565
SPS: 5565
SPS: 5565
SPS: 5565
SPS: 5565
SPS: 5565
SPS: 5565
SPS: 5565
SPS: 5565
SPS: 5565
SPS: 5565
SPS: 5565
SPS: 5565
SPS: 5565
SPS: 5565
SPS: 5565
SPS: 5565
SPS: 5565
SPS: 5566
SPS: 5570
SPS: 5570
SPS: 5570
SPS: 5570
SPS: 5570
SPS: 5570
SPS: 5570
SPS: 5570
SPS: 5570
SPS: 5570
SPS: 5570
SPS: 5570
SPS: 5570
SPS: 5570
SPS: 5570
SPS: 5570
SPS: 5570
SPS: 5570
SPS: 5570
SPS: 5570
SPS: 5570
SPS: 5570
SPS: 5570
SPS: 5570
SPS: 5570
SPS: 5570
SPS: 5570
SPS: 5569
SPS: 5569
SPS: 5569
SPS: 5569
SPS: 5569
SPS: 5569
SPS: 5569
SPS: 5569
SPS: 5569
SPS: 5569
SPS: 5569
SPS: 5569
SPS: 5569
SPS: 5569
SPS: 5569
SPS: 5569
SPS: 5569
SPS: 5569
SPS: 5569
SPS: 5569
SPS: 5569
SPS: 5569
SPS: 5569
SPS: 5569
SPS: 5569
SPS: 5569
SPS: 5569
SPS: 5569
SPS: 5569
SPS: 5569
SPS: 5569
SPS: 5569
SPS: 5569
SPS: 5569
SPS: 5569
SPS: 5569
SPS: 5569
SPS: 5569
SPS: 5569
SPS: 5569
SPS: 5569
SPS: 5569
SPS: 5569
SPS: 5569
time budget reached: 3601s @ global_step=20054016
