C:\Users\a3162\thesis\.venv\Lib\site-packages\tyro\_parsers.py:365: UserWarning: The field `wandb-entity` is annotated with type `<class 'str'>`, but the default value `None` has type `<class 'NoneType'>`. We'll try to handle this gracefully, but it may cause unexpected behavior.
  warnings.warn(message)
C:\Users\a3162\thesis\.venv\Lib\site-packages\tyro\_parsers.py:365: UserWarning: The field `target-kl` is annotated with type `<class 'float'>`, but the default value `None` has type `<class 'NoneType'>`. We'll try to handle this gracefully, but it may cause unexpected behavior.
  warnings.warn(message)
SPS: 5253
SPS: 5407
SPS: 5421
SPS: 5424
SPS: 5410
SPS: 5388
SPS: 5347
SPS: 5339
SPS: 5319
SPS: 5304
SPS: 5290
SPS: 5275
SPS: 5269
SPS: 5264
SPS: 5258
SPS: 5259
SPS: 5268
SPS: 5282
SPS: 5297
SPS: 5309
SPS: 5320
SPS: 5330
SPS: 5341
SPS: 5349
SPS: 5358
SPS: 5365
SPS: 5372
SPS: 5378
SPS: 5385
SPS: 5391
SPS: 5397
SPS: 5401
SPS: 5405
SPS: 5410
SPS: 5414
SPS: 5419
SPS: 5423
SPS: 5426
SPS: 5429
SPS: 5431
SPS: 5434
SPS: 5443
SPS: 5450
SPS: 5471
SPS: 5472
SPS: 5475
SPS: 5477
SPS: 5478
SPS: 5479
SPS: 5481
SPS: 5483
SPS: 5485
SPS: 5486
SPS: 5488
SPS: 5490
SPS: 5492
SPS: 5493
SPS: 5494
SPS: 5495
SPS: 5496
SPS: 5497
SPS: 5498
SPS: 5500
SPS: 5500
SPS: 5501
SPS: 5502
SPS: 5502
SPS: 5503
SPS: 5504
SPS: 5505
SPS: 5506
SPS: 5506
SPS: 5507
SPS: 5507
SPS: 5506
SPS: 5502
SPS: 5501
SPS: 5501
SPS: 5502
SPS: 5503
SPS: 5503
SPS: 5504
SPS: 5505
SPS: 5506
SPS: 5506
SPS: 5507
SPS: 5508
SPS: 5508
SPS: 5509
SPS: 5510
SPS: 5510
SPS: 5511
SPS: 5511
SPS: 5511
SPS: 5512
SPS: 5513
SPS: 5513
SPS: 5514
SPS: 5514
SPS: 5515
SPS: 5515
SPS: 5516
SPS: 5516
SPS: 5516
SPS: 5517
SPS: 5517
SPS: 5518
SPS: 5518
SPS: 5519
SPS: 5519
SPS: 5520
SPS: 5520
SPS: 5520
SPS: 5520
SPS: 5520
SPS: 5520
SPS: 5521
SPS: 5521
SPS: 5522
SPS: 5522
SPS: 5522
SPS: 5523
SPS: 5523
SPS: 5523
SPS: 5523
SPS: 5524
SPS: 5524
SPS: 5524
SPS: 5525
SPS: 5525
SPS: 5526
SPS: 5526
SPS: 5526
SPS: 5526
SPS: 5527
SPS: 5527
SPS: 5528
SPS: 5528
SPS: 5528
SPS: 5529
SPS: 5529
SPS: 5529
SPS: 5529
SPS: 5529
SPS: 5530
SPS: 5530
SPS: 5530
SPS: 5531
SPS: 5531
SPS: 5531
SPS: 5531
SPS: 5532
SPS: 5532
SPS: 5532
SPS: 5532
SPS: 5532
SPS: 5533
SPS: 5533
SPS: 5533
SPS: 5533
SPS: 5533
SPS: 5533
SPS: 5534
SPS: 5534
SPS: 5534
SPS: 5534
SPS: 5534
SPS: 5534
SPS: 5535
SPS: 5535
SPS: 5535
SPS: 5535
SPS: 5535
SPS: 5535
SPS: 5535
SPS: 5535
SPS: 5536
SPS: 5536
SPS: 5536
SPS: 5536
SPS: 5536
SPS: 5536
SPS: 5536
SPS: 5536
SPS: 5536
SPS: 5536
SPS: 5536
SPS: 5536
SPS: 5536
SPS: 5537
SPS: 5537
SPS: 5537
SPS: 5537
SPS: 5537
SPS: 5537
SPS: 5538
SPS: 5538
SPS: 5538
SPS: 5538
SPS: 5538
SPS: 5538
SPS: 5538
SPS: 5538
SPS: 5538
SPS: 5539
SPS: 5539
SPS: 5539
SPS: 5539
SPS: 5539
SPS: 5539
SPS: 5539
SPS: 5539
SPS: 5539
SPS: 5539
SPS: 5539
SPS: 5539
SPS: 5539
SPS: 5539
SPS: 5539
SPS: 5539
SPS: 5539
SPS: 5540
SPS: 5540
SPS: 5540
SPS: 5540
SPS: 5540
SPS: 5540
SPS: 5540
SPS: 5540
SPS: 5540
SPS: 5540
SPS: 5541
SPS: 5541
SPS: 5541
SPS: 5541
SPS: 5541
SPS: 5541
SPS: 5541
SPS: 5541
SPS: 5541
SPS: 5541
SPS: 5541
SPS: 5541
SPS: 5541
SPS: 5541
SPS: 5541
SPS: 5541
SPS: 5542
SPS: 5542
SPS: 5542
SPS: 5542
SPS: 5542
SPS: 5542
SPS: 5542
SPS: 5542
SPS: 5542
SPS: 5542
SPS: 5542
SPS: 5542
SPS: 5542
SPS: 5542
SPS: 5542
SPS: 5543
SPS: 5543
SPS: 5543
SPS: 5543
SPS: 5543
SPS: 5543
SPS: 5543
SPS: 5543
SPS: 5543
SPS: 5543
SPS: 5543
SPS: 5543
SPS: 5543
SPS: 5543
SPS: 5543
SPS: 5544
SPS: 5544
SPS: 5543
SPS: 5543
SPS: 5543
SPS: 5544
SPS: 5544
SPS: 5544
SPS: 5544
SPS: 5544
SPS: 5544
SPS: 5544
SPS: 5544
SPS: 5544
SPS: 5544
SPS: 5544
SPS: 5544
SPS: 5544
SPS: 5544
SPS: 5545
SPS: 5545
SPS: 5545
SPS: 5545
SPS: 5545
SPS: 5545
SPS: 5545
SPS: 5545
SPS: 5545
time budget reached: 3604s @ global_step=19988480
