C:\Users\a3162\thesis\.venv\Lib\site-packages\tyro\_parsers.py:365: UserWarning: The field `wandb-entity` is annotated with type `<class 'str'>`, but the default value `None` has type `<class 'NoneType'>`. We'll try to handle this gracefully, but it may cause unexpected behavior.
  warnings.warn(message)
C:\Users\a3162\thesis\.venv\Lib\site-packages\tyro\_parsers.py:365: UserWarning: The field `target-kl` is annotated with type `<class 'float'>`, but the default value `None` has type `<class 'NoneType'>`. We'll try to handle this gracefully, but it may cause unexpected behavior.
  warnings.warn(message)
SPS: 1229
SPS: 1224
SPS: 1260
SPS: 1270
SPS: 1275
SPS: 1259
SPS: 1243
SPS: 1233
SPS: 1240
SPS: 1247
SPS: 1221
SPS: 1206
SPS: 1183
SPS: 1166
SPS: 1155
SPS: 1150
SPS: 1139
SPS: 1131
SPS: 1126
SPS: 1117
SPS: 1109
SPS: 1099
SPS: 1091
SPS: 1084
SPS: 1079
SPS: 1071
SPS: 1063
SPS: 1055
SPS: 1047
SPS: 1043
SPS: 1037
SPS: 1033
SPS: 1026
SPS: 1023
SPS: 1017
SPS: 1013
SPS: 1008
SPS: 1004
SPS: 998
SPS: 997
SPS: 994
SPS: 991
SPS: 987
SPS: 986
SPS: 983
SPS: 982
SPS: 981
SPS: 980
SPS: 980
SPS: 978
SPS: 978
SPS: 978
SPS: 976
SPS: 976
SPS: 977
SPS: 976
SPS: 975
SPS: 975
SPS: 975
SPS: 975
SPS: 975
SPS: 975
SPS: 975
SPS: 975
SPS: 975
SPS: 975
SPS: 974
SPS: 974
SPS: 974
SPS: 972
SPS: 972
SPS: 973
SPS: 972
SPS: 972
SPS: 971
SPS: 971
SPS: 971
SPS: 970
SPS: 970
SPS: 971
SPS: 971
SPS: 970
SPS: 969
SPS: 969
SPS: 969
SPS: 970
SPS: 970
SPS: 970
SPS: 970
SPS: 971
SPS: 971
SPS: 972
SPS: 972
SPS: 973
SPS: 974
SPS: 974
SPS: 974
SPS: 975
SPS: 975
SPS: 976
SPS: 976
SPS: 977
SPS: 977
SPS: 977
SPS: 978
SPS: 978
SPS: 978
SPS: 979
SPS: 979
SPS: 979
SPS: 980
SPS: 980
SPS: 980
SPS: 981
SPS: 981
SPS: 981
SPS: 982
SPS: 983
SPS: 983
SPS: 983
SPS: 984
SPS: 984
SPS: 985
SPS: 985
SPS: 986
SPS: 986
SPS: 987
SPS: 988
SPS: 988
SPS: 988
SPS: 989
SPS: 989
SPS: 989
SPS: 990
SPS: 991
SPS: 991
SPS: 991
SPS: 992
SPS: 993
SPS: 993
SPS: 993
SPS: 993
SPS: 993
SPS: 994
SPS: 994
SPS: 994
SPS: 995
SPS: 995
SPS: 996
SPS: 996
SPS: 997
SPS: 997
SPS: 998
SPS: 998
SPS: 998
SPS: 999
SPS: 999
SPS: 1000
SPS: 1000
SPS: 1000
SPS: 1001
SPS: 1001
SPS: 1001
SPS: 1002
SPS: 1002
SPS: 1002
SPS: 1003
SPS: 1003
SPS: 1003
SPS: 1003
SPS: 1003
SPS: 1003
SPS: 1004
SPS: 1004
SPS: 1004
SPS: 1004
SPS: 1005
SPS: 1005
SPS: 1006
SPS: 1006
SPS: 1006
SPS: 1007
SPS: 1007
SPS: 1007
SPS: 1008
SPS: 1008
SPS: 1009
SPS: 1009
SPS: 1009
SPS: 1009
SPS: 1010
SPS: 1010
SPS: 1011
SPS: 1011
SPS: 1012
SPS: 1012
SPS: 1012
SPS: 1012
SPS: 1013
SPS: 1013
SPS: 1013
SPS: 1014
SPS: 1014
SPS: 1014
SPS: 1015
SPS: 1015
SPS: 1016
SPS: 1016
SPS: 1016
SPS: 1017
SPS: 1017
SPS: 1017
SPS: 1017
SPS: 1018
SPS: 1018
SPS: 1018
SPS: 1018
SPS: 1019
SPS: 1019
SPS: 1019
SPS: 1020
SPS: 1020
SPS: 1020
SPS: 1021
SPS: 1021
SPS: 1021
SPS: 1022
SPS: 1022
SPS: 1022
SPS: 1022
SPS: 1023
SPS: 1023
SPS: 1023
SPS: 1023
SPS: 1024
SPS: 1024
SPS: 1024
SPS: 1024
SPS: 1025
SPS: 1025
SPS: 1025
SPS: 1025
SPS: 1026
SPS: 1026
SPS: 1026
SPS: 1027
SPS: 1027
SPS: 1027
SPS: 1027
SPS: 1027
SPS: 1028
SPS: 1028
SPS: 1028
SPS: 1028
SPS: 1029
SPS: 1029
SPS: 1029
SPS: 1029
SPS: 1029
SPS: 1029
SPS: 1029
SPS: 1029
SPS: 1029
SPS: 1030
SPS: 1030
SPS: 1030
SPS: 1030
SPS: 1030
SPS: 1031
SPS: 1031
SPS: 1031
SPS: 1031
SPS: 1031
SPS: 1032
SPS: 1032
SPS: 1032
SPS: 1032
SPS: 1032
SPS: 1032
SPS: 1033
SPS: 1033
SPS: 1033
SPS: 1033
SPS: 1033
SPS: 1034
SPS: 1034
SPS: 1034
SPS: 1034
SPS: 1034
SPS: 1035
SPS: 1035
SPS: 1035
SPS: 1035
SPS: 1035
SPS: 1035
SPS: 1036
SPS: 1036
SPS: 1036
SPS: 1036
SPS: 1036
SPS: 1036
SPS: 1037
SPS: 1037
SPS: 1037
SPS: 1037
SPS: 1037
SPS: 1037
SPS: 1037
SPS: 1037
SPS: 1038
SPS: 1038
SPS: 1038
SPS: 1038
SPS: 1038
SPS: 1038
SPS: 1039
SPS: 1039
SPS: 1039
SPS: 1039
SPS: 1039
SPS: 1039
SPS: 1039
SPS: 1040
SPS: 1040
SPS: 1040
SPS: 1040
SPS: 1040
SPS: 1040
SPS: 1040
SPS: 1040
SPS: 1040
SPS: 1040
SPS: 1040
SPS: 1040
SPS: 1040
SPS: 1040
SPS: 1040
SPS: 1039
SPS: 1039
SPS: 1039
SPS: 1038
SPS: 1038
SPS: 1038
SPS: 1038
SPS: 1038
SPS: 1038
SPS: 1038
SPS: 1038
SPS: 1039
SPS: 1039
SPS: 1039
SPS: 1039
SPS: 1039
SPS: 1039
SPS: 1040
SPS: 1040
SPS: 1040
SPS: 1040
SPS: 1040
SPS: 1040
SPS: 1041
SPS: 1041
SPS: 1041
SPS: 1041
SPS: 1041
SPS: 1041
SPS: 1042
SPS: 1042
SPS: 1042
SPS: 1042
SPS: 1042
SPS: 1042
SPS: 1042
SPS: 1043
SPS: 1043
SPS: 1043
SPS: 1043
SPS: 1043
SPS: 1043
SPS: 1044
SPS: 1044
SPS: 1044
SPS: 1044
SPS: 1044
SPS: 1044
SPS: 1044
SPS: 1045
SPS: 1045
SPS: 1045
SPS: 1045
SPS: 1045
SPS: 1045
SPS: 1045
SPS: 1046
SPS: 1046
SPS: 1046
SPS: 1046
SPS: 1046
SPS: 1046
SPS: 1046
SPS: 1047
SPS: 1047
SPS: 1047
SPS: 1047
SPS: 1047
SPS: 1047
SPS: 1047
SPS: 1047
SPS: 1048
SPS: 1048
SPS: 1048
SPS: 1048
SPS: 1048
SPS: 1048
SPS: 1048
SPS: 1048
SPS: 1049
SPS: 1049
SPS: 1049
SPS: 1049
SPS: 1049
SPS: 1049
SPS: 1049
SPS: 1049
SPS: 1050
SPS: 1050
SPS: 1050
SPS: 1050
SPS: 1050
SPS: 1050
SPS: 1050
SPS: 1050
SPS: 1051
SPS: 1051
SPS: 1051
SPS: 1051
SPS: 1051
SPS: 1051
SPS: 1051
SPS: 1051
SPS: 1051
SPS: 1051
SPS: 1051
SPS: 1051
SPS: 1052
SPS: 1052
SPS: 1052
SPS: 1052
SPS: 1052
SPS: 1052
SPS: 1052
SPS: 1052
SPS: 1052
SPS: 1052
SPS: 1053
SPS: 1053
SPS: 1053
SPS: 1053
SPS: 1053
SPS: 1053
SPS: 1053
SPS: 1053
SPS: 1053
SPS: 1053
SPS: 1054
SPS: 1054
SPS: 1054
SPS: 1054
SPS: 1054
SPS: 1054
SPS: 1054
SPS: 1054
SPS: 1054
SPS: 1055
SPS: 1055
SPS: 1055
SPS: 1055
SPS: 1055
SPS: 1055
SPS: 1055
SPS: 1055
SPS: 1055
SPS: 1055
SPS: 1056
SPS: 1056
SPS: 1056
SPS: 1056
SPS: 1056
SPS: 1056
SPS: 1056
SPS: 1056
SPS: 1056
SPS: 1056
SPS: 1057
SPS: 1057
SPS: 1057
SPS: 1057
SPS: 1057
SPS: 1057
SPS: 1057
SPS: 1057
SPS: 1057
SPS: 1057
SPS: 1057
SPS: 1057
SPS: 1057
SPS: 1057
SPS: 1058
SPS: 1058
SPS: 1058
SPS: 1058
SPS: 1058
SPS: 1058
SPS: 1058
SPS: 1058
SPS: 1058
SPS: 1058
SPS: 1058
SPS: 1058
SPS: 1058
SPS: 1059
SPS: 1059
SPS: 1059
SPS: 1059
SPS: 1059
SPS: 1059
SPS: 1059
SPS: 1059
SPS: 1059
SPS: 1059
SPS: 1059
SPS: 1059
SPS: 1059
SPS: 1059
SPS: 1059
SPS: 1060
SPS: 1060
SPS: 1060
SPS: 1060
SPS: 1060
SPS: 1060
SPS: 1060
SPS: 1060
SPS: 1060
SPS: 1060
SPS: 1060
SPS: 1060
SPS: 1060
SPS: 1060
SPS: 1060
SPS: 1060
SPS: 1061
SPS: 1061
SPS: 1061
SPS: 1061
SPS: 1061
SPS: 1061
SPS: 1061
SPS: 1061
SPS: 1061
SPS: 1061
SPS: 1061
SPS: 1061
SPS: 1061
SPS: 1061
SPS: 1061
SPS: 1061
SPS: 1061
SPS: 1061
SPS: 1061
SPS: 1061
SPS: 1061
SPS: 1061
SPS: 1061
SPS: 1061
SPS: 1061
SPS: 1061
SPS: 1061
SPS: 1061
SPS: 1062
SPS: 1062
SPS: 1062
SPS: 1062
SPS: 1062
SPS: 1062
SPS: 1062
SPS: 1062
SPS: 1062
SPS: 1062
SPS: 1062
SPS: 1062
SPS: 1062
SPS: 1062
SPS: 1062
SPS: 1062
SPS: 1062
SPS: 1062
SPS: 1062
SPS: 1062
SPS: 1062
SPS: 1062
SPS: 1062
SPS: 1062
SPS: 1062
SPS: 1062
SPS: 1062
SPS: 1062
SPS: 1062
SPS: 1062
SPS: 1062
SPS: 1062
SPS: 1062
SPS: 1062
SPS: 1062
SPS: 1062
SPS: 1062
SPS: 1062
SPS: 1062
SPS: 1062
SPS: 1062
SPS: 1062
SPS: 1063
SPS: 1063
SPS: 1063
SPS: 1063
SPS: 1063
SPS: 1063
SPS: 1063
SPS: 1063
SPS: 1063
SPS: 1063
SPS: 1063
SPS: 1063
SPS: 1062
SPS: 1062
SPS: 1062
SPS: 1062
SPS: 1062
SPS: 1062
SPS: 1062
SPS: 1062
SPS: 1062
SPS: 1061
SPS: 1061
SPS: 1061
SPS: 1061
SPS: 1061
SPS: 1061
SPS: 1061
SPS: 1061
SPS: 1061
SPS: 1061
SPS: 1060
SPS: 1060
SPS: 1060
SPS: 1060
SPS: 1060
SPS: 1060
SPS: 1060
SPS: 1060
SPS: 1060
SPS: 1060
SPS: 1060
SPS: 1059
SPS: 1059
SPS: 1059
SPS: 1059
SPS: 1059
SPS: 1059
SPS: 1059
SPS: 1059
SPS: 1059
SPS: 1058
SPS: 1058
SPS: 1058
SPS: 1058
SPS: 1058
SPS: 1058
SPS: 1058
SPS: 1058
SPS: 1058
SPS: 1059
SPS: 1059
SPS: 1059
SPS: 1059
SPS: 1059
SPS: 1059
SPS: 1059
SPS: 1059
SPS: 1059
SPS: 1059
SPS: 1059
SPS: 1059
SPS: 1059
SPS: 1059
SPS: 1059
SPS: 1059
SPS: 1059
SPS: 1059
SPS: 1059
SPS: 1059
SPS: 1059
SPS: 1059
SPS: 1060
SPS: 1060
SPS: 1060
SPS: 1060
SPS: 1060
SPS: 1060
SPS: 1060
SPS: 1060
SPS: 1060
SPS: 1060
SPS: 1060
SPS: 1060
SPS: 1060
SPS: 1060
SPS: 1060
SPS: 1060
SPS: 1060
SPS: 1060
SPS: 1060
SPS: 1060
SPS: 1060
SPS: 1060
SPS: 1060
SPS: 1061
SPS: 1061
SPS: 1061
SPS: 1061
SPS: 1061
SPS: 1061
SPS: 1061
SPS: 1061
SPS: 1061
SPS: 1061
SPS: 1061
SPS: 1061
SPS: 1061
SPS: 1061
SPS: 1061
SPS: 1061
SPS: 1061
SPS: 1061
SPS: 1061
SPS: 1061
SPS: 1061
SPS: 1061
SPS: 1061
SPS: 1061
SPS: 1061
SPS: 1061
SPS: 1061
SPS: 1062
SPS: 1062
SPS: 1062
SPS: 1062
SPS: 1062
SPS: 1062
SPS: 1062
SPS: 1062
SPS: 1062
SPS: 1062
SPS: 1062
SPS: 1062
SPS: 1062
SPS: 1062
SPS: 1062
SPS: 1062
SPS: 1062
SPS: 1062
SPS: 1062
SPS: 1062
SPS: 1063
SPS: 1063
SPS: 1063
SPS: 1063
SPS: 1063
SPS: 1063
SPS: 1063
SPS: 1063
SPS: 1063
SPS: 1063
SPS: 1063
SPS: 1063
SPS: 1063
SPS: 1063
SPS: 1063
SPS: 1063
SPS: 1063
SPS: 1063
SPS: 1063
SPS: 1063
SPS: 1063
SPS: 1063
SPS: 1063
SPS: 1063
SPS: 1063
SPS: 1063
SPS: 1063
SPS: 1063
SPS: 1063
SPS: 1063
SPS: 1063
SPS: 1063
SPS: 1063
SPS: 1063
SPS: 1063
SPS: 1064
SPS: 1064
SPS: 1064
SPS: 1064
SPS: 1064
SPS: 1064
SPS: 1064
SPS: 1064
SPS: 1064
SPS: 1064
SPS: 1064
SPS: 1064
SPS: 1064
SPS: 1064
SPS: 1064
SPS: 1064
SPS: 1064
SPS: 1064
SPS: 1064
SPS: 1064
SPS: 1064
SPS: 1064
SPS: 1064
SPS: 1064
SPS: 1064
SPS: 1064
SPS: 1064
SPS: 1064
SPS: 1065
SPS: 1065
SPS: 1065
SPS: 1065
SPS: 1065
SPS: 1065
SPS: 1065
SPS: 1065
SPS: 1065
SPS: 1065
SPS: 1065
SPS: 1065
SPS: 1065
SPS: 1065
SPS: 1065
SPS: 1065
SPS: 1065
SPS: 1065
SPS: 1065
SPS: 1065
SPS: 1065
SPS: 1065
SPS: 1065
SPS: 1065
SPS: 1065
SPS: 1065
SPS: 1065
SPS: 1065
SPS: 1065
SPS: 1065
SPS: 1065
SPS: 1065
SPS: 1065
SPS: 1065
SPS: 1065
SPS: 1065
SPS: 1065
SPS: 1065
SPS: 1065
SPS: 1065
SPS: 1065
SPS: 1065
SPS: 1065
SPS: 1066
SPS: 1066
SPS: 1066
SPS: 1066
SPS: 1066
SPS: 1066
SPS: 1066
SPS: 1066
SPS: 1066
SPS: 1066
SPS: 1066
SPS: 1066
SPS: 1066
SPS: 1066
SPS: 1066
SPS: 1066
SPS: 1066
SPS: 1066
SPS: 1066
SPS: 1066
SPS: 1066
SPS: 1066
SPS: 1066
SPS: 1066
SPS: 1066
SPS: 1066
SPS: 1066
SPS: 1066
SPS: 1066
SPS: 1066
SPS: 1066
SPS: 1067
SPS: 1067
SPS: 1067
SPS: 1067
SPS: 1067
SPS: 1067
SPS: 1067
SPS: 1067
SPS: 1067
SPS: 1067
SPS: 1067
SPS: 1067
SPS: 1067
SPS: 1067
SPS: 1067
SPS: 1067
SPS: 1067
SPS: 1067
SPS: 1067
SPS: 1067
SPS: 1067
SPS: 1067
SPS: 1067
SPS: 1067
SPS: 1067
SPS: 1067
SPS: 1067
SPS: 1068
SPS: 1068
SPS: 1068
SPS: 1068
SPS: 1068
SPS: 1068
SPS: 1068
SPS: 1068
SPS: 1068
SPS: 1068
SPS: 1068
SPS: 1068
SPS: 1068
SPS: 1068
SPS: 1068
SPS: 1068
SPS: 1068
SPS: 1068
SPS: 1068
SPS: 1068
SPS: 1068
SPS: 1068
SPS: 1068
SPS: 1068
SPS: 1068
SPS: 1068
SPS: 1068
SPS: 1068
SPS: 1069
SPS: 1069
SPS: 1069
SPS: 1069
SPS: 1069
SPS: 1069
SPS: 1069
SPS: 1069
SPS: 1069
SPS: 1069
SPS: 1069
SPS: 1069
SPS: 1069
SPS: 1069
SPS: 1069
SPS: 1069
SPS: 1069
SPS: 1069
SPS: 1069
SPS: 1069
SPS: 1069
SPS: 1070
SPS: 1070
SPS: 1070
SPS: 1070
SPS: 1070
SPS: 1070
SPS: 1070
SPS: 1070
SPS: 1070
SPS: 1070
SPS: 1070
SPS: 1070
SPS: 1070
SPS: 1070
SPS: 1070
SPS: 1070
SPS: 1070
SPS: 1070
SPS: 1070
SPS: 1070
SPS: 1070
SPS: 1070
SPS: 1070
SPS: 1070
SPS: 1071
SPS: 1071
SPS: 1071
SPS: 1071
SPS: 1071
SPS: 1071
SPS: 1071
SPS: 1071
SPS: 1071
SPS: 1071
SPS: 1071
SPS: 1071
SPS: 1071
SPS: 1071
SPS: 1071
SPS: 1071
SPS: 1071
SPS: 1071
SPS: 1071
SPS: 1071
SPS: 1071
SPS: 1071
SPS: 1071
SPS: 1071
SPS: 1071
SPS: 1071
SPS: 1071
SPS: 1071
SPS: 1071
SPS: 1071
SPS: 1071
SPS: 1071
SPS: 1071
SPS: 1071
SPS: 1071
SPS: 1072
SPS: 1072
SPS: 1072
SPS: 1072
SPS: 1072
SPS: 1072
SPS: 1072
SPS: 1072
SPS: 1072
SPS: 1072
SPS: 1072
SPS: 1072
SPS: 1072
SPS: 1072
SPS: 1072
SPS: 1072
SPS: 1072
SPS: 1072
SPS: 1072
SPS: 1072
SPS: 1072
SPS: 1072
SPS: 1072
SPS: 1072
SPS: 1072
SPS: 1072
SPS: 1072
SPS: 1072
SPS: 1072
SPS: 1072
SPS: 1072
SPS: 1072
SPS: 1072
SPS: 1073
SPS: 1073
SPS: 1073
SPS: 1073
SPS: 1073
SPS: 1073
SPS: 1073
SPS: 1073
SPS: 1073
SPS: 1073
SPS: 1073
SPS: 1073
SPS: 1073
SPS: 1073
SPS: 1073
SPS: 1073
SPS: 1073
SPS: 1073
SPS: 1073
SPS: 1073
SPS: 1073
SPS: 1073
SPS: 1073
SPS: 1073
SPS: 1073
SPS: 1073
SPS: 1073
SPS: 1073
SPS: 1073
SPS: 1073
SPS: 1073
SPS: 1073
SPS: 1073
SPS: 1073
SPS: 1073
SPS: 1073
SPS: 1073
SPS: 1073
SPS: 1073
SPS: 1073
SPS: 1073
SPS: 1073
SPS: 1073
SPS: 1074
SPS: 1074
SPS: 1074
SPS: 1074
SPS: 1074
SPS: 1074
SPS: 1074
SPS: 1074
SPS: 1074
SPS: 1074
SPS: 1074
SPS: 1074
SPS: 1074
SPS: 1074
SPS: 1074
SPS: 1074
SPS: 1074
SPS: 1074
SPS: 1074
SPS: 1074
SPS: 1074
SPS: 1074
SPS: 1074
SPS: 1074
SPS: 1074
SPS: 1074
SPS: 1074
SPS: 1074
SPS: 1074
SPS: 1074
SPS: 1074
SPS: 1074
SPS: 1074
SPS: 1074
SPS: 1074
SPS: 1074
SPS: 1074
SPS: 1074
SPS: 1074
SPS: 1074
SPS: 1074
SPS: 1074
SPS: 1074
SPS: 1074
SPS: 1074
SPS: 1074
SPS: 1074
SPS: 1074
SPS: 1074
SPS: 1074
SPS: 1074
SPS: 1074
SPS: 1074
SPS: 1074
SPS: 1074
SPS: 1074
SPS: 1074
SPS: 1074
SPS: 1074
SPS: 1075
SPS: 1075
SPS: 1075
SPS: 1075
SPS: 1075
SPS: 1075
SPS: 1075
SPS: 1075
SPS: 1075
SPS: 1075
SPS: 1075
SPS: 1075
SPS: 1075
SPS: 1075
SPS: 1075
SPS: 1075
SPS: 1075
SPS: 1075
SPS: 1075
SPS: 1075
SPS: 1075
SPS: 1075
SPS: 1075
SPS: 1075
SPS: 1075
SPS: 1075
SPS: 1075
SPS: 1075
SPS: 1075
SPS: 1075
SPS: 1075
SPS: 1075
SPS: 1075
SPS: 1075
SPS: 1075
SPS: 1076
SPS: 1076
SPS: 1076
SPS: 1076
SPS: 1076
SPS: 1076
SPS: 1076
SPS: 1076
SPS: 1076
SPS: 1076
SPS: 1076
SPS: 1076
SPS: 1076
SPS: 1076
SPS: 1076
SPS: 1076
SPS: 1076
SPS: 1076
SPS: 1076
SPS: 1076
SPS: 1076
SPS: 1076
SPS: 1076
SPS: 1076
SPS: 1076
SPS: 1076
SPS: 1076
SPS: 1076
SPS: 1076
SPS: 1076
SPS: 1076
SPS: 1076
SPS: 1076
SPS: 1076
SPS: 1077
SPS: 1077
SPS: 1077
SPS: 1077
SPS: 1077
SPS: 1077
SPS: 1077
SPS: 1077
SPS: 1077
SPS: 1077
SPS: 1077
SPS: 1077
SPS: 1077
SPS: 1077
time budget reached: 3600s @ global_step=3879936
