C:\Users\a3162\thesis\.venv\Lib\site-packages\tyro\_parsers.py:365: UserWarning: The field `wandb-entity` is annotated with type `<class 'str'>`, but the default value `None` has type `<class 'NoneType'>`. We'll try to handle this gracefully, but it may cause unexpected behavior.
  warnings.warn(message)
C:\Users\a3162\thesis\.venv\Lib\site-packages\tyro\_parsers.py:365: UserWarning: The field `target-kl` is annotated with type `<class 'float'>`, but the default value `None` has type `<class 'NoneType'>`. We'll try to handle this gracefully, but it may cause unexpected behavior.
  warnings.warn(message)
SPS: 5471
SPS: 5587
SPS: 5650
SPS: 5657
SPS: 5676
SPS: 5683
SPS: 5701
SPS: 5719
SPS: 5729
SPS: 5736
SPS: 5747
SPS: 5754
SPS: 5760
SPS: 5763
SPS: 5763
SPS: 5767
SPS: 5771
SPS: 5774
SPS: 5775
SPS: 5777
SPS: 5780
SPS: 5782
SPS: 5783
SPS: 5785
SPS: 5786
SPS: 5789
SPS: 5792
SPS: 5793
SPS: 5795
SPS: 5806
SPS: 5832
SPS: 5833
SPS: 5833
SPS: 5834
SPS: 5835
SPS: 5834
SPS: 5835
SPS: 5834
SPS: 5834
SPS: 5834
SPS: 5834
SPS: 5835
SPS: 5835
SPS: 5836
SPS: 5835
SPS: 5836
SPS: 5836
SPS: 5837
SPS: 5836
SPS: 5837
SPS: 5837
SPS: 5838
SPS: 5837
SPS: 5838
SPS: 5837
SPS: 5837
SPS: 5836
SPS: 5835
SPS: 5832
SPS: 5882
SPS: 5964
SPS: 6045
SPS: 6126
SPS: 6207
SPS: 6288
SPS: 6369
SPS: 6450
SPS: 6531
SPS: 6607
SPS: 6684
SPS: 6760
SPS: 6835
SPS: 6912
SPS: 6988
SPS: 7065
SPS: 7138
SPS: 7212
SPS: 7284
SPS: 7358
SPS: 7433
SPS: 7507
SPS: 7580
SPS: 7652
SPS: 7723
SPS: 7705
SPS: 7673
SPS: 7640
SPS: 7610
SPS: 7580
SPS: 7605
SPS: 7670
SPS: 7735
SPS: 7801
SPS: 7867
SPS: 7931
SPS: 7993
SPS: 8057
SPS: 8121
SPS: 8185
SPS: 8248
SPS: 8312
SPS: 8375
SPS: 8438
SPS: 8499
SPS: 8562
SPS: 8624
SPS: 8686
SPS: 8742
SPS: 8701
SPS: 8657
SPS: 8616
SPS: 8576
SPS: 8539
SPS: 8503
SPS: 8469
SPS: 8436
SPS: 8404
SPS: 8373
SPS: 8343
SPS: 8312
SPS: 8283
SPS: 8255
SPS: 8227
SPS: 8200
SPS: 8173
SPS: 8146
SPS: 8121
SPS: 8096
SPS: 8071
SPS: 8047
SPS: 8023
SPS: 8000
SPS: 7978
SPS: 7956
SPS: 7935
SPS: 7915
SPS: 7894
SPS: 7874
SPS: 7855
SPS: 7835
SPS: 7816
SPS: 7797
SPS: 7778
SPS: 7760
SPS: 7742
SPS: 7725
SPS: 7708
SPS: 7691
SPS: 7674
SPS: 7658
SPS: 7642
SPS: 7626
SPS: 7610
SPS: 7595
SPS: 7580
SPS: 7565
SPS: 7551
SPS: 7536
SPS: 7522
SPS: 7508
SPS: 7495
SPS: 7481
SPS: 7468
SPS: 7455
SPS: 7443
SPS: 7430
SPS: 7418
SPS: 7406
SPS: 7394
SPS: 7382
SPS: 7370
SPS: 7359
SPS: 7347
SPS: 7336
SPS: 7325
SPS: 7314
SPS: 7303
SPS: 7292
SPS: 7282
SPS: 7272
SPS: 7262
SPS: 7251
SPS: 7241
SPS: 7231
SPS: 7222
SPS: 7212
SPS: 7202
SPS: 7193
SPS: 7184
SPS: 7175
SPS: 7167
SPS: 7158
SPS: 7149
SPS: 7141
SPS: 7132
SPS: 7124
SPS: 7116
SPS: 7108
SPS: 7100
SPS: 7092
SPS: 7084
SPS: 7077
SPS: 7069
SPS: 7061
SPS: 7054
SPS: 7046
SPS: 7039
SPS: 7032
SPS: 7024
SPS: 7017
SPS: 7011
SPS: 7004
SPS: 6999
SPS: 6992
SPS: 6985
SPS: 6979
SPS: 6972
SPS: 6966
SPS: 6959
SPS: 6953
SPS: 6947
SPS: 6941
SPS: 6934
SPS: 6928
SPS: 6922
SPS: 6917
SPS: 6911
SPS: 6905
SPS: 6899
SPS: 6893
SPS: 6888
SPS: 6882
SPS: 6877
SPS: 6871
SPS: 6866
SPS: 6860
SPS: 6855
SPS: 6850
SPS: 6845
SPS: 6840
SPS: 6835
SPS: 6830
SPS: 6825
SPS: 6820
SPS: 6816
SPS: 6811
SPS: 6806
SPS: 6801
SPS: 6797
SPS: 6792
SPS: 6787
SPS: 6783
SPS: 6779
SPS: 6774
SPS: 6769
SPS: 6765
SPS: 6761
SPS: 6756
SPS: 6752
SPS: 6748
SPS: 6743
SPS: 6739
SPS: 6735
SPS: 6731
SPS: 6727
SPS: 6723
SPS: 6719
SPS: 6715
SPS: 6711
SPS: 6707
SPS: 6703
SPS: 6699
SPS: 6695
SPS: 6692
SPS: 6688
SPS: 6684
SPS: 6681
SPS: 6677
SPS: 6673
SPS: 6670
SPS: 6666
SPS: 6662
SPS: 6659
SPS: 6656
SPS: 6652
SPS: 6649
SPS: 6645
SPS: 6642
SPS: 6639
SPS: 6636
SPS: 6633
SPS: 6629
SPS: 6626
SPS: 6623
SPS: 6620
SPS: 6617
SPS: 6613
SPS: 6610
SPS: 6607
SPS: 6604
SPS: 6601
SPS: 6598
SPS: 6595
SPS: 6592
SPS: 6590
SPS: 6587
SPS: 6584
SPS: 6581
SPS: 6578
SPS: 6575
SPS: 6572
SPS: 6570
SPS: 6567
SPS: 6564
SPS: 6561
SPS: 6559
SPS: 6556
SPS: 6553
SPS: 6551
SPS: 6548
SPS: 6546
SPS: 6543
SPS: 6540
SPS: 6538
SPS: 6535
SPS: 6533
SPS: 6531
SPS: 6528
SPS: 6526
SPS: 6523
SPS: 6521
SPS: 6518
SPS: 6516
SPS: 6514
SPS: 6511
SPS: 6509
SPS: 6507
SPS: 6504
SPS: 6502
SPS: 6500
SPS: 6497
SPS: 6495
SPS: 6493
SPS: 6491
SPS: 6489
SPS: 6486
SPS: 6484
SPS: 6482
SPS: 6480
SPS: 6478
SPS: 6476
SPS: 6474
SPS: 6472
SPS: 6469
SPS: 6467
SPS: 6465
time budget reached: 3608s @ global_step=23330816
