C:\Users\a3162\thesis\.venv\Lib\site-packages\tyro\_parsers.py:365: UserWarning: The field `wandb-entity` is annotated with type `<class 'str'>`, but the default value `None` has type `<class 'NoneType'>`. We'll try to handle this gracefully, but it may cause unexpected behavior.
  warnings.warn(message)
C:\Users\a3162\thesis\.venv\Lib\site-packages\tyro\_parsers.py:365: UserWarning: The field `target-kl` is annotated with type `<class 'float'>`, but the default value `None` has type `<class 'NoneType'>`. We'll try to handle this gracefully, but it may cause unexpected behavior.
  warnings.warn(message)
SPS: 1126
SPS: 1143
SPS: 1137
SPS: 1146
SPS: 1148
SPS: 1157
SPS: 1152
SPS: 1129
SPS: 1117
SPS: 1118
SPS: 1118
SPS: 1118
SPS: 1100
SPS: 1078
SPS: 1070
SPS: 1066
SPS: 1061
SPS: 1066
SPS: 1057
SPS: 1054
SPS: 1045
SPS: 1041
SPS: 1035
SPS: 1029
SPS: 1023
SPS: 1017
SPS: 1010
SPS: 1004
SPS: 999
SPS: 995
SPS: 989
SPS: 983
SPS: 978
SPS: 974
SPS: 971
SPS: 968
SPS: 961
SPS: 954
SPS: 949
SPS: 944
SPS: 940
SPS: 935
SPS: 930
SPS: 924
SPS: 921
SPS: 919
SPS: 918
SPS: 918
SPS: 916
SPS: 915
SPS: 913
SPS: 912
SPS: 911
SPS: 910
SPS: 908
SPS: 906
SPS: 904
SPS: 903
SPS: 903
SPS: 903
SPS: 903
SPS: 902
SPS: 903
SPS: 903
SPS: 902
SPS: 901
SPS: 899
SPS: 898
SPS: 898
SPS: 896
SPS: 897
SPS: 896
SPS: 896
SPS: 896
SPS: 896
SPS: 897
SPS: 898
SPS: 897
SPS: 896
SPS: 895
SPS: 894
SPS: 894
SPS: 893
SPS: 891
SPS: 890
SPS: 890
SPS: 891
SPS: 891
SPS: 891
SPS: 891
SPS: 892
SPS: 891
SPS: 892
SPS: 893
SPS: 894
SPS: 895
SPS: 896
SPS: 897
SPS: 899
SPS: 900
SPS: 901
SPS: 902
SPS: 903
SPS: 904
SPS: 906
SPS: 907
SPS: 908
SPS: 910
SPS: 911
SPS: 912
SPS: 912
SPS: 914
SPS: 914
SPS: 916
SPS: 916
SPS: 917
SPS: 918
SPS: 920
SPS: 921
SPS: 922
SPS: 923
SPS: 924
SPS: 925
SPS: 926
SPS: 927
SPS: 928
SPS: 929
SPS: 930
SPS: 931
SPS: 931
SPS: 932
SPS: 933
SPS: 934
SPS: 934
SPS: 935
SPS: 936
SPS: 937
SPS: 937
SPS: 938
SPS: 939
SPS: 940
SPS: 941
SPS: 941
SPS: 942
SPS: 943
SPS: 944
SPS: 944
SPS: 945
SPS: 945
SPS: 946
SPS: 948
SPS: 948
SPS: 949
SPS: 950
SPS: 950
SPS: 951
SPS: 952
SPS: 953
SPS: 953
SPS: 954
SPS: 955
SPS: 955
SPS: 956
SPS: 957
SPS: 957
SPS: 958
SPS: 959
SPS: 960
SPS: 960
SPS: 961
SPS: 962
SPS: 963
SPS: 963
SPS: 964
SPS: 964
SPS: 965
SPS: 966
SPS: 967
SPS: 967
SPS: 968
SPS: 968
SPS: 969
SPS: 970
SPS: 970
SPS: 971
SPS: 972
SPS: 972
SPS: 973
SPS: 974
SPS: 974
SPS: 975
SPS: 975
SPS: 976
SPS: 976
SPS: 977
SPS: 977
SPS: 978
SPS: 979
SPS: 979
SPS: 980
SPS: 980
SPS: 981
SPS: 981
SPS: 982
SPS: 983
SPS: 983
SPS: 984
SPS: 984
SPS: 985
SPS: 985
SPS: 986
SPS: 986
SPS: 987
SPS: 987
SPS: 988
SPS: 988
SPS: 989
SPS: 989
SPS: 990
SPS: 990
SPS: 991
SPS: 991
SPS: 991
SPS: 992
SPS: 992
SPS: 992
SPS: 992
SPS: 991
SPS: 991
SPS: 991
SPS: 991
SPS: 991
SPS: 992
SPS: 992
SPS: 992
SPS: 992
SPS: 992
SPS: 992
SPS: 992
SPS: 992
SPS: 991
SPS: 991
SPS: 991
SPS: 991
SPS: 991
SPS: 991
SPS: 991
SPS: 991
SPS: 991
SPS: 991
SPS: 991
SPS: 991
SPS: 991
SPS: 991
SPS: 991
SPS: 991
SPS: 991
SPS: 991
SPS: 991
SPS: 991
SPS: 991
SPS: 991
SPS: 991
SPS: 991
SPS: 991
SPS: 991
SPS: 991
SPS: 991
SPS: 991
SPS: 991
SPS: 991
SPS: 991
SPS: 991
SPS: 991
SPS: 992
SPS: 992
SPS: 992
SPS: 992
SPS: 992
SPS: 992
SPS: 993
SPS: 993
SPS: 993
SPS: 993
SPS: 993
SPS: 993
SPS: 993
SPS: 992
SPS: 992
SPS: 992
SPS: 992
SPS: 992
SPS: 992
SPS: 991
SPS: 991
SPS: 991
SPS: 991
SPS: 991
SPS: 991
SPS: 990
SPS: 990
SPS: 990
SPS: 990
SPS: 990
SPS: 989
SPS: 989
SPS: 989
SPS: 989
SPS: 989
SPS: 989
SPS: 988
SPS: 988
SPS: 988
SPS: 988
SPS: 987
SPS: 987
SPS: 987
SPS: 987
SPS: 986
SPS: 986
SPS: 986
SPS: 986
SPS: 986
SPS: 985
SPS: 985
SPS: 985
SPS: 985
SPS: 984
SPS: 984
SPS: 984
SPS: 984
SPS: 983
SPS: 983
SPS: 983
SPS: 983
SPS: 983
SPS: 983
SPS: 983
SPS: 983
SPS: 983
SPS: 983
SPS: 983
SPS: 983
SPS: 983
SPS: 983
SPS: 983
SPS: 983
SPS: 983
SPS: 983
SPS: 983
SPS: 983
SPS: 983
SPS: 983
SPS: 983
SPS: 983
SPS: 983
SPS: 983
SPS: 983
SPS: 983
SPS: 983
SPS: 983
SPS: 983
SPS: 983
SPS: 983
SPS: 983
SPS: 983
SPS: 983
SPS: 983
SPS: 983
SPS: 983
SPS: 983
SPS: 983
SPS: 983
SPS: 983
SPS: 983
SPS: 983
SPS: 983
SPS: 983
SPS: 983
SPS: 983
SPS: 983
SPS: 983
SPS: 983
SPS: 983
SPS: 983
SPS: 983
SPS: 983
SPS: 983
SPS: 983
SPS: 982
SPS: 982
SPS: 982
SPS: 982
SPS: 982
SPS: 982
SPS: 982
SPS: 982
SPS: 982
SPS: 982
SPS: 982
SPS: 982
SPS: 982
SPS: 982
SPS: 981
SPS: 981
SPS: 981
SPS: 981
SPS: 981
SPS: 981
SPS: 981
SPS: 981
SPS: 981
SPS: 981
SPS: 981
SPS: 981
SPS: 981
SPS: 981
SPS: 981
SPS: 982
SPS: 982
SPS: 982
SPS: 981
SPS: 981
SPS: 981
SPS: 981
SPS: 981
SPS: 981
SPS: 981
SPS: 981
SPS: 981
SPS: 982
SPS: 982
SPS: 982
SPS: 982
SPS: 982
SPS: 982
SPS: 981
SPS: 981
SPS: 981
SPS: 981
SPS: 981
SPS: 981
SPS: 981
SPS: 981
SPS: 981
SPS: 981
SPS: 981
SPS: 981
SPS: 981
SPS: 981
SPS: 981
SPS: 981
SPS: 981
SPS: 981
SPS: 981
SPS: 981
SPS: 981
SPS: 981
SPS: 982
SPS: 982
SPS: 982
SPS: 983
SPS: 983
SPS: 983
SPS: 983
SPS: 984
SPS: 984
SPS: 984
SPS: 984
SPS: 984
SPS: 984
SPS: 985
SPS: 985
SPS: 985
SPS: 985
SPS: 986
SPS: 986
SPS: 986
SPS: 987
SPS: 987
SPS: 987
SPS: 987
SPS: 987
SPS: 987
SPS: 988
SPS: 988
SPS: 988
SPS: 988
SPS: 989
SPS: 989
SPS: 989
SPS: 989
SPS: 990
SPS: 990
SPS: 990
SPS: 990
SPS: 991
SPS: 991
SPS: 991
SPS: 991
SPS: 991
SPS: 992
SPS: 992
SPS: 992
SPS: 992
SPS: 993
SPS: 993
SPS: 993
SPS: 993
SPS: 993
SPS: 994
SPS: 994
SPS: 994
SPS: 994
SPS: 995
SPS: 995
SPS: 995
SPS: 995
SPS: 995
SPS: 996
SPS: 996
SPS: 996
SPS: 996
SPS: 997
SPS: 997
SPS: 997
SPS: 997
SPS: 997
SPS: 998
SPS: 998
SPS: 998
SPS: 998
SPS: 998
SPS: 999
SPS: 999
SPS: 999
SPS: 999
SPS: 999
SPS: 1000
SPS: 1000
SPS: 1000
SPS: 1000
SPS: 1000
SPS: 1000
SPS: 1001
SPS: 1001
SPS: 1001
SPS: 1001
SPS: 1001
SPS: 1002
SPS: 1002
SPS: 1002
SPS: 1002
SPS: 1002
SPS: 1003
SPS: 1003
SPS: 1003
SPS: 1003
SPS: 1003
SPS: 1004
SPS: 1004
SPS: 1004
SPS: 1004
SPS: 1004
SPS: 1004
SPS: 1004
SPS: 1005
SPS: 1005
SPS: 1005
SPS: 1005
SPS: 1005
SPS: 1005
SPS: 1005
SPS: 1005
SPS: 1005
SPS: 1005
SPS: 1005
SPS: 1005
SPS: 1005
SPS: 1005
SPS: 1005
SPS: 1005
SPS: 1006
SPS: 1005
SPS: 1005
SPS: 1006
SPS: 1006
SPS: 1006
SPS: 1006
SPS: 1006
SPS: 1006
SPS: 1003
SPS: 1002
SPS: 1002
SPS: 995
SPS: 988
SPS: 981
SPS: 974
SPS: 968
SPS: 961
SPS: 955
SPS: 949
SPS: 943
SPS: 937
SPS: 931
SPS: 926
SPS: 920
SPS: 914
SPS: 909
SPS: 904
SPS: 898
SPS: 893
SPS: 888
SPS: 883
SPS: 878
SPS: 873
SPS: 868
SPS: 863
SPS: 858
SPS: 854
SPS: 849
SPS: 845
SPS: 840
SPS: 836
SPS: 831
SPS: 827
SPS: 823
SPS: 819
SPS: 815
SPS: 811
SPS: 807
SPS: 803
SPS: 799
SPS: 795
SPS: 791
SPS: 787
SPS: 784
SPS: 780
SPS: 776
SPS: 773
SPS: 769
SPS: 766
SPS: 762
SPS: 759
SPS: 755
SPS: 752
SPS: 749
SPS: 746
SPS: 742
SPS: 739
SPS: 736
SPS: 733
SPS: 730
SPS: 727
SPS: 724
SPS: 721
SPS: 718
SPS: 715
SPS: 712
SPS: 709
SPS: 707
SPS: 704
SPS: 701
SPS: 698
SPS: 696
SPS: 693
SPS: 690
SPS: 688
SPS: 685
SPS: 683
SPS: 680
SPS: 678
SPS: 675
SPS: 673
SPS: 670
SPS: 668
SPS: 665
SPS: 663
SPS: 661
SPS: 658
SPS: 656
SPS: 654
SPS: 652
SPS: 649
SPS: 647
SPS: 645
SPS: 643
SPS: 641
SPS: 639
SPS: 637
SPS: 634
SPS: 632
SPS: 630
SPS: 629
SPS: 627
SPS: 625
SPS: 623
SPS: 621
SPS: 619
SPS: 617
SPS: 615
SPS: 613
SPS: 611
SPS: 609
SPS: 607
SPS: 606
SPS: 604
SPS: 602
time budget reached: 3610s @ global_step=2174976
