C:\Users\a3162\thesis\.venv\Lib\site-packages\tyro\_parsers.py:365: UserWarning: The field `wandb-entity` is annotated with type `<class 'str'>`, but the default value `None` has type `<class 'NoneType'>`. We'll try to handle this gracefully, but it may cause unexpected behavior.
  warnings.warn(message)
C:\Users\a3162\thesis\.venv\Lib\site-packages\tyro\_parsers.py:365: UserWarning: The field `target-kl` is annotated with type `<class 'float'>`, but the default value `None` has type `<class 'NoneType'>`. We'll try to handle this gracefully, but it may cause unexpected behavior.
  warnings.warn(message)
SPS: 36411
SPS: 39240
SPS: 40339
SPS: 40729
SPS: 40742
SPS: 40719
SPS: 40627
SPS: 40866
SPS: 41102
SPS: 41308
SPS: 41422
SPS: 41468
SPS: 41603
SPS: 41704
SPS: 41791
SPS: 41830
SPS: 41925
SPS: 41996
SPS: 42023
SPS: 42036
SPS: 42069
SPS: 42069
SPS: 42095
SPS: 42101
SPS: 42137
SPS: 42165
SPS: 42212
SPS: 42230
SPS: 42250
SPS: 42278
SPS: 42312
SPS: 42329
SPS: 42358
SPS: 42386
SPS: 42372
SPS: 42376
SPS: 42395
SPS: 42401
SPS: 42397
SPS: 42430
SPS: 42464
SPS: 42475
SPS: 42492
SPS: 42516
SPS: 42533
SPS: 42545
SPS: 42547
SPS: 42540
SPS: 42553
SPS: 42566
SPS: 42580
SPS: 42583
SPS: 42591
SPS: 42592
SPS: 42596
SPS: 42606
SPS: 42623
SPS: 42632
SPS: 42648
SPS: 42660
SPS: 42666
SPS: 42669
SPS: 42671
SPS: 42679
SPS: 42682
SPS: 42677
SPS: 42686
SPS: 42689
SPS: 42688
SPS: 42688
SPS: 42689
SPS: 42694
SPS: 42697
SPS: 42709
SPS: 42713
SPS: 42722
SPS: 42730
SPS: 42732
SPS: 42726
SPS: 42725
SPS: 42731
SPS: 42732
SPS: 42730
SPS: 42740
SPS: 42751
SPS: 42752
SPS: 42751
SPS: 42759
SPS: 42759
SPS: 42767
SPS: 42775
SPS: 42782
SPS: 42790
SPS: 42798
SPS: 42792
SPS: 42785
SPS: 42784
SPS: 42782
SPS: 42785
SPS: 42783
SPS: 42786
SPS: 42785
SPS: 42793
SPS: 42791
SPS: 42787
SPS: 42786
SPS: 42792
SPS: 42800
SPS: 42803
SPS: 42808
SPS: 42809
SPS: 42812
SPS: 42813
SPS: 42807
SPS: 42804
SPS: 42802
SPS: 42803
SPS: 42806
SPS: 42811
SPS: 42810
SPS: 42813
SPS: 42811
SPS: 42811
SPS: 42811
SPS: 42817
SPS: 42821
SPS: 42826
SPS: 42829
SPS: 42831
SPS: 42827
SPS: 42824
SPS: 42824
SPS: 42826
SPS: 42828
SPS: 42833
SPS: 42839
SPS: 42839
SPS: 42841
SPS: 42844
SPS: 42843
SPS: 42849
SPS: 42851
SPS: 42852
SPS: 42851
SPS: 42851
SPS: 42849
SPS: 42843
SPS: 42842
SPS: 42841
SPS: 42841
SPS: 42847
SPS: 42848
SPS: 42851
SPS: 42853
SPS: 42854
SPS: 42856
SPS: 42858
SPS: 42862
SPS: 42864
SPS: 42863
SPS: 42866
SPS: 42865
SPS: 42864
SPS: 42861
SPS: 42865
SPS: 42866
SPS: 42863
SPS: 42865
SPS: 42870
SPS: 42873
SPS: 42877
SPS: 42880
SPS: 42882
SPS: 42881
SPS: 42882
SPS: 42882
SPS: 42882
SPS: 42884
SPS: 42885
SPS: 42884
SPS: 42880
SPS: 42879
SPS: 42882
SPS: 42882
SPS: 42884
SPS: 42886
SPS: 42889
SPS: 42892
SPS: 42894
SPS: 42892
SPS: 42894
SPS: 42893
SPS: 42892
SPS: 42889
SPS: 42890
SPS: 42894
SPS: 42892
SPS: 42891
SPS: 42894
SPS: 42895
SPS: 42898
SPS: 42898
SPS: 42901
SPS: 42904
SPS: 42909
SPS: 42910
SPS: 42909
SPS: 42908
SPS: 42907
SPS: 42907
SPS: 42906
SPS: 42909
SPS: 42910
SPS: 42910
SPS: 42905
SPS: 42907
SPS: 42906
SPS: 42908
SPS: 42909
SPS: 42913
SPS: 42912
SPS: 42913
SPS: 42910
SPS: 42910
SPS: 42910
SPS: 42911
SPS: 42911
SPS: 42911
SPS: 42915
SPS: 42919
SPS: 42917
SPS: 42916
SPS: 42918
SPS: 42919
SPS: 42920
SPS: 42921
SPS: 42920
SPS: 42921
SPS: 42923
SPS: 42923
SPS: 42921
SPS: 42921
SPS: 42921
SPS: 42922
SPS: 42924
SPS: 42926
SPS: 42928
SPS: 42927
SPS: 42928
SPS: 42928
SPS: 42926
SPS: 42929
SPS: 42932
SPS: 42933
SPS: 42932
SPS: 42933
SPS: 42929
SPS: 42927
SPS: 42927
SPS: 42925
SPS: 42925
SPS: 42925
SPS: 42927
SPS: 42928
SPS: 42928
SPS: 42930
SPS: 42933
SPS: 42929
SPS: 42931
SPS: 42933
SPS: 42932
SPS: 42933
SPS: 42935
SPS: 42935
SPS: 42933
SPS: 42932
SPS: 42934
SPS: 42936
SPS: 42937
SPS: 42940
SPS: 42940
SPS: 42940
SPS: 42941
SPS: 42942
SPS: 42940
SPS: 42942
SPS: 42944
SPS: 42945
SPS: 42946
SPS: 42946
SPS: 42945
SPS: 42945
SPS: 42944
SPS: 42945
SPS: 42944
SPS: 42943
SPS: 42946
SPS: 42947
SPS: 42947
SPS: 42946
SPS: 42947
SPS: 42944
SPS: 42944
SPS: 42947
SPS: 42947
SPS: 42948
SPS: 42950
SPS: 42948
SPS: 42950
SPS: 42951
SPS: 42951
SPS: 42952
SPS: 42952
SPS: 42954
SPS: 42954
SPS: 42952
SPS: 42954
SPS: 42953
SPS: 42952
SPS: 42952
SPS: 42953
SPS: 42951
SPS: 42953
SPS: 42955
SPS: 42954
SPS: 42954
SPS: 42954
SPS: 42954
SPS: 42956
SPS: 42957
SPS: 42959
SPS: 42957
SPS: 42954
SPS: 42952
SPS: 42950
SPS: 42950
SPS: 42950
SPS: 42950
SPS: 42951
SPS: 42953
SPS: 42953
SPS: 42952
SPS: 42952
SPS: 42954
SPS: 42954
SPS: 42956
SPS: 42956
SPS: 42955
SPS: 42953
SPS: 42953
SPS: 42952
SPS: 42949
SPS: 42947
SPS: 42948
SPS: 42949
SPS: 42950
SPS: 42952
SPS: 42952
SPS: 42953
SPS: 42953
SPS: 42951
SPS: 42952
SPS: 42954
SPS: 42954
SPS: 42954
SPS: 42954
SPS: 42954
SPS: 42952
SPS: 42950
SPS: 42950
SPS: 42951
SPS: 42952
SPS: 42953
SPS: 42954
SPS: 42954
SPS: 42956
SPS: 42956
SPS: 42956
SPS: 42954
SPS: 42955
SPS: 42954
SPS: 42953
SPS: 42954
SPS: 42954
SPS: 42952
SPS: 42953
SPS: 42954
SPS: 42953
SPS: 42954
SPS: 42955
SPS: 42957
SPS: 42957
SPS: 42958
SPS: 42957
SPS: 42956
SPS: 42956
SPS: 42957
SPS: 42957
SPS: 42958
SPS: 42960
SPS: 42958
SPS: 42959
SPS: 42960
SPS: 42961
SPS: 42963
SPS: 42963
SPS: 42965
SPS: 42966
SPS: 42966
SPS: 42966
SPS: 42966
SPS: 42966
SPS: 42966
SPS: 42966
SPS: 42966
SPS: 42966
SPS: 42966
SPS: 42967
SPS: 42966
SPS: 42966
SPS: 42966
SPS: 42966
SPS: 42968
SPS: 42967
SPS: 42968
SPS: 42967
SPS: 42967
SPS: 42967
SPS: 42966
SPS: 42967
SPS: 42967
SPS: 42967
SPS: 42969
SPS: 42969
SPS: 42970
SPS: 42970
SPS: 42967
SPS: 42963
SPS: 42963
SPS: 42965
SPS: 42965
SPS: 42966
SPS: 42965
SPS: 42965
SPS: 42964
SPS: 42964
SPS: 42964
SPS: 42964
SPS: 42965
SPS: 42967
SPS: 42968
SPS: 42969
SPS: 42969
SPS: 42967
SPS: 42968
SPS: 42968
SPS: 42968
SPS: 42967
SPS: 42967
SPS: 42966
SPS: 42966
SPS: 42964
SPS: 42963
SPS: 42964
SPS: 42966
SPS: 42966
SPS: 42967
SPS: 42968
SPS: 42967
SPS: 42967
SPS: 42965
SPS: 42966
SPS: 42966
SPS: 42962
SPS: 42962
SPS: 42962
SPS: 42962
SPS: 42960
SPS: 42957
SPS: 42958
SPS: 42958
SPS: 42959
SPS: 42959
SPS: 42960
SPS: 42959
SPS: 42960
SPS: 42960
SPS: 42961
SPS: 42960
SPS: 42960
SPS: 42961
SPS: 42961
SPS: 42961
SPS: 42961
SPS: 42960
SPS: 42960
SPS: 42961
SPS: 42962
SPS: 42963
SPS: 42965
SPS: 42960
SPS: 42955
SPS: 42955
SPS: 42955
SPS: 42954
SPS: 42953
SPS: 42953
SPS: 42952
SPS: 42952
SPS: 42952
SPS: 42952
SPS: 42953
SPS: 42951
SPS: 42951
SPS: 42953
SPS: 42954
SPS: 42954
SPS: 42954
SPS: 42954
SPS: 42946
SPS: 42942
SPS: 42942
SPS: 42942
SPS: 42943
SPS: 42944
SPS: 42943
SPS: 42944
SPS: 42944
SPS: 42944
SPS: 42944
SPS: 42944
SPS: 42945
SPS: 42946
SPS: 42947
SPS: 42948
SPS: 42947
SPS: 42947
SPS: 42945
SPS: 42944
SPS: 42944
SPS: 42945
SPS: 42946
SPS: 42946
SPS: 42948
SPS: 42949
SPS: 42948
SPS: 42947
SPS: 42947
SPS: 42949
SPS: 42949
SPS: 42950
SPS: 42950
SPS: 42950
SPS: 42948
SPS: 42946
SPS: 42945
SPS: 42945
SPS: 42945
SPS: 42947
SPS: 42947
SPS: 42949
SPS: 42950
SPS: 42951
SPS: 42950
SPS: 42952
SPS: 42952
SPS: 42950
SPS: 42949
SPS: 42949
SPS: 42948
SPS: 42948
SPS: 42947
SPS: 42946
SPS: 42947
SPS: 42947
SPS: 42948
SPS: 42948
SPS: 42949
SPS: 42950
SPS: 42950
SPS: 42951
SPS: 42951
SPS: 42952
SPS: 42953
SPS: 42954
SPS: 42954
SPS: 42952
SPS: 42952
SPS: 42952
SPS: 42951
SPS: 42953
SPS: 42953
SPS: 42954
SPS: 42954
SPS: 42955
SPS: 42956
SPS: 42956
SPS: 42956
SPS: 42956
SPS: 42955
SPS: 42955
SPS: 42956
SPS: 42957
SPS: 42957
SPS: 42956
SPS: 42957
SPS: 42956
SPS: 42957
SPS: 42958
SPS: 42958
SPS: 42958
SPS: 42958
SPS: 42958
SPS: 42957
SPS: 42957
SPS: 42955
SPS: 42953
SPS: 42952
SPS: 42952
SPS: 42951
SPS: 42951
SPS: 42950
SPS: 42951
SPS: 42951
SPS: 42952
SPS: 42953
SPS: 42953
SPS: 42954
SPS: 42954
SPS: 42954
SPS: 42953
SPS: 42953
SPS: 42952
SPS: 42951
SPS: 42951
SPS: 42952
SPS: 42951
SPS: 42951
SPS: 42952
SPS: 42951
SPS: 42952
SPS: 42953
SPS: 42953
SPS: 42954
SPS: 42955
SPS: 42955
SPS: 42955
SPS: 42944
SPS: 42937
SPS: 42932
SPS: 42933
SPS: 42932
SPS: 42930
SPS: 42930
SPS: 42930
SPS: 42930
SPS: 42930
SPS: 42931
SPS: 42932
SPS: 42933
SPS: 42934
SPS: 42933
SPS: 42932
SPS: 42930
SPS: 42930
SPS: 42929
SPS: 42928
SPS: 42929
SPS: 42929
SPS: 42929
SPS: 42928
SPS: 42928
SPS: 42928
SPS: 42928
SPS: 42928
SPS: 42929
SPS: 42929
SPS: 42930
SPS: 42929
SPS: 42929
SPS: 42929
SPS: 42929
SPS: 42929
SPS: 42928
SPS: 42929
SPS: 42930
SPS: 42931
SPS: 42931
SPS: 42932
SPS: 42932
SPS: 42933
SPS: 42933
SPS: 42934
SPS: 42933
SPS: 42932
SPS: 42932
SPS: 42931
SPS: 42931
SPS: 42926
SPS: 42918
SPS: 42919
SPS: 42920
SPS: 42921
SPS: 42921
SPS: 42921
SPS: 42918
SPS: 42918
SPS: 42918
SPS: 42918
SPS: 42918
SPS: 42918
SPS: 42919
SPS: 42919
SPS: 42918
SPS: 42918
SPS: 42917
SPS: 42917
SPS: 42919
SPS: 42920
SPS: 42921
SPS: 42921
SPS: 42922
SPS: 42921
SPS: 42919
SPS: 42918
SPS: 42918
SPS: 42918
SPS: 42918
SPS: 42919
SPS: 42919
SPS: 42918
SPS: 42917
SPS: 42917
SPS: 42917
SPS: 42918
SPS: 42919
SPS: 42920
SPS: 42921
SPS: 42920
SPS: 42920
SPS: 42919
SPS: 42919
SPS: 42919
SPS: 42918
SPS: 42919
SPS: 42919
SPS: 42918
SPS: 42919
SPS: 42920
SPS: 42920
SPS: 42919
SPS: 42920
SPS: 42922
SPS: 42923
SPS: 42923
SPS: 42923
SPS: 42922
SPS: 42922
SPS: 42922
SPS: 42923
SPS: 42923
SPS: 42924
SPS: 42924
SPS: 42924
SPS: 42925
SPS: 42925
SPS: 42921
SPS: 42921
SPS: 42923
SPS: 42923
SPS: 42923
SPS: 42922
SPS: 42922
SPS: 42920
SPS: 42921
SPS: 42921
SPS: 42920
SPS: 42921
SPS: 42921
SPS: 42922
SPS: 42922
SPS: 42923
SPS: 42923
SPS: 42922
SPS: 42922
SPS: 42924
SPS: 42924
SPS: 42924
SPS: 42924
SPS: 42924
SPS: 42924
SPS: 42922
SPS: 42923
SPS: 42923
SPS: 42923
SPS: 42924
SPS: 42925
SPS: 42925
SPS: 42926
SPS: 42926
SPS: 42926
SPS: 42927
SPS: 42927
SPS: 42927
SPS: 42927
SPS: 42927
SPS: 42927
SPS: 42925
SPS: 42925
SPS: 42925
SPS: 42925
SPS: 42926
SPS: 42926
SPS: 42927
SPS: 42928
SPS: 42928
SPS: 42929
SPS: 42929
SPS: 42928
SPS: 42928
SPS: 42928
SPS: 42929
SPS: 42929
SPS: 42929
SPS: 42928
SPS: 42928
SPS: 42928
SPS: 42928
SPS: 42929
SPS: 42930
SPS: 42931
SPS: 42932
SPS: 42932
SPS: 42932
SPS: 42932
SPS: 42931
SPS: 42932
SPS: 42933
SPS: 42932
SPS: 42933
SPS: 42933
SPS: 42932
SPS: 42933
SPS: 42929
SPS: 42924
SPS: 42920
SPS: 42917
SPS: 42914
SPS: 42906
SPS: 42894
SPS: 42885
SPS: 42884
SPS: 42885
SPS: 42886
SPS: 42886
SPS: 42886
SPS: 42885
SPS: 42885
SPS: 42885
SPS: 42886
SPS: 42885
SPS: 42887
SPS: 42887
SPS: 42887
SPS: 42887
SPS: 42887
SPS: 42887
SPS: 42887
SPS: 42887
SPS: 42887
SPS: 42885
SPS: 42885
SPS: 42885
SPS: 42885
SPS: 42886
SPS: 42887
SPS: 42887
SPS: 42887
SPS: 42888
SPS: 42889
SPS: 42889
SPS: 42890
SPS: 42890
SPS: 42890
SPS: 42890
SPS: 42890
SPS: 42890
SPS: 42889
SPS: 42890
SPS: 42891
SPS: 42890
SPS: 42891
SPS: 42891
SPS: 42891
SPS: 42891
SPS: 42892
SPS: 42892
SPS: 42890
SPS: 42890
SPS: 42889
SPS: 42887
SPS: 42876
SPS: 42863
SPS: 42853
SPS: 42845
SPS: 42838
SPS: 42830
SPS: 42823
SPS: 42816
SPS: 42808
SPS: 42799
SPS: 42798
SPS: 42798
SPS: 42799
SPS: 42799
SPS: 42799
SPS: 42799
SPS: 42799
SPS: 42799
SPS: 42800
SPS: 42801
SPS: 42802
SPS: 42802
SPS: 42803
SPS: 42803
SPS: 42803
SPS: 42803
SPS: 42804
SPS: 42803
SPS: 42803
SPS: 42804
SPS: 42804
SPS: 42804
SPS: 42804
SPS: 42804
SPS: 42804
SPS: 42804
SPS: 42805
SPS: 42806
SPS: 42807
SPS: 42808
SPS: 42808
SPS: 42807
SPS: 42807
SPS: 42807
SPS: 42807
SPS: 42808
SPS: 42808
SPS: 42808
SPS: 42808
SPS: 42809
SPS: 42809
SPS: 42809
SPS: 42810
SPS: 42810
SPS: 42811
SPS: 42812
SPS: 42812
SPS: 42813
SPS: 42812
SPS: 42812
SPS: 42812
SPS: 42812
SPS: 42813
SPS: 42812
SPS: 42812
SPS: 42812
SPS: 42811
SPS: 42811
SPS: 42812
SPS: 42813
SPS: 42814
SPS: 42815
SPS: 42815
SPS: 42815
SPS: 42815
SPS: 42815
SPS: 42814
SPS: 42815
SPS: 42812
SPS: 42813
SPS: 42814
SPS: 42815
SPS: 42815
SPS: 42816
SPS: 42815
SPS: 42815
SPS: 42816
SPS: 42817
SPS: 42817
SPS: 42817
SPS: 42817
SPS: 42816
SPS: 42816
SPS: 42816
SPS: 42817
SPS: 42817
SPS: 42818
SPS: 42818
SPS: 42818
SPS: 42818
SPS: 42819
SPS: 42819
SPS: 42819
SPS: 42820
SPS: 42821
SPS: 42821
SPS: 42821
SPS: 42821
SPS: 42821
SPS: 42821
SPS: 42821
SPS: 42821
SPS: 42822
SPS: 42823
SPS: 42824
SPS: 42824
SPS: 42824
SPS: 42825
SPS: 42825
SPS: 42825
SPS: 42826
SPS: 42827
SPS: 42827
SPS: 42827
SPS: 42827
SPS: 42827
SPS: 42827
SPS: 42827
SPS: 42828
SPS: 42828
SPS: 42829
SPS: 42829
SPS: 42829
SPS: 42829
SPS: 42830
SPS: 42830
SPS: 42826
SPS: 42824
SPS: 42823
SPS: 42824
SPS: 42824
SPS: 42824
SPS: 42824
SPS: 42824
SPS: 42823
SPS: 42823
SPS: 42822
SPS: 42821
SPS: 42819
SPS: 42816
SPS: 42811
SPS: 42807
SPS: 42801
SPS: 42798
SPS: 42794
SPS: 42794
SPS: 42795
SPS: 42795
SPS: 42795
SPS: 42795
SPS: 42795
SPS: 42796
SPS: 42796
SPS: 42796
SPS: 42797
SPS: 42796
SPS: 42795
SPS: 42795
SPS: 42795
SPS: 42795
SPS: 42795
SPS: 42795
SPS: 42795
SPS: 42795
SPS: 42796
SPS: 42796
SPS: 42796
SPS: 42793
SPS: 42793
SPS: 42793
SPS: 42794
SPS: 42794
SPS: 42795
SPS: 42794
SPS: 42794
SPS: 42794
SPS: 42793
SPS: 42793
SPS: 42792
SPS: 42793
SPS: 42794
SPS: 42792
SPS: 42791
SPS: 42792
SPS: 42792
SPS: 42792
SPS: 42793
SPS: 42793
SPS: 42793
SPS: 42793
SPS: 42793
SPS: 42793
SPS: 42793
SPS: 42793
SPS: 42793
SPS: 42793
SPS: 42794
SPS: 42794
SPS: 42795
SPS: 42795
SPS: 42795
SPS: 42794
SPS: 42794
SPS: 42795
SPS: 42795
SPS: 42795
SPS: 42795
SPS: 42795
SPS: 42794
SPS: 42794
SPS: 42794
SPS: 42795
SPS: 42795
SPS: 42796
SPS: 42797
SPS: 42797
SPS: 42797
SPS: 42798
SPS: 42797
SPS: 42797
SPS: 42797
SPS: 42798
SPS: 42797
SPS: 42797
SPS: 42797
SPS: 42797
SPS: 42797
SPS: 42797
SPS: 42797
SPS: 42798
SPS: 42798
SPS: 42799
SPS: 42799
SPS: 42799
SPS: 42799
SPS: 42798
SPS: 42798
SPS: 42798
SPS: 42798
SPS: 42799
SPS: 42799
SPS: 42798
SPS: 42798
SPS: 42798
SPS: 42798
SPS: 42798
SPS: 42799
SPS: 42800
SPS: 42800
SPS: 42801
SPS: 42801
SPS: 42801
SPS: 42801
SPS: 42801
SPS: 42801
SPS: 42801
SPS: 42801
SPS: 42800
SPS: 42800
SPS: 42800
SPS: 42801
SPS: 42801
SPS: 42801
SPS: 42802
SPS: 42802
SPS: 42802
SPS: 42802
SPS: 42802
SPS: 42802
SPS: 42802
SPS: 42802
SPS: 42803
SPS: 42803
SPS: 42803
SPS: 42803
SPS: 42803
SPS: 42804
SPS: 42804
SPS: 42804
SPS: 42804
SPS: 42805
SPS: 42806
SPS: 42805
SPS: 42806
SPS: 42806
SPS: 42806
SPS: 42806
SPS: 42806
SPS: 42805
SPS: 42804
SPS: 42805
SPS: 42805
SPS: 42805
SPS: 42806
SPS: 42806
SPS: 42805
SPS: 42806
SPS: 42806
SPS: 42807
SPS: 42807
SPS: 42808
SPS: 42807
SPS: 42806
SPS: 42806
SPS: 42806
SPS: 42806
SPS: 42807
SPS: 42807
SPS: 42807
SPS: 42806
SPS: 42806
SPS: 42806
SPS: 42806
SPS: 42806
SPS: 42806
SPS: 42806
SPS: 42806
SPS: 42806
SPS: 42806
SPS: 42805
SPS: 42805
SPS: 42805
SPS: 42805
SPS: 42806
SPS: 42803
SPS: 42803
SPS: 42803
SPS: 42803
SPS: 42802
SPS: 42802
SPS: 42802
SPS: 42802
SPS: 42802
SPS: 42802
SPS: 42801
SPS: 42800
SPS: 42801
SPS: 42801
SPS: 42801
SPS: 42802
SPS: 42802
SPS: 42803
SPS: 42803
SPS: 42803
SPS: 42803
SPS: 42803
SPS: 42803
SPS: 42803
SPS: 42803
SPS: 42802
SPS: 42803
SPS: 42803
SPS: 42802
SPS: 42802
SPS: 42802
SPS: 42802
SPS: 42803
SPS: 42803
SPS: 42804
SPS: 42804
SPS: 42804
SPS: 42804
SPS: 42803
SPS: 42803
SPS: 42804
SPS: 42804
SPS: 42804
SPS: 42804
SPS: 42804
SPS: 42804
SPS: 42803
SPS: 42803
SPS: 42804
SPS: 42805
SPS: 42805
SPS: 42805
SPS: 42805
SPS: 42804
SPS: 42804
SPS: 42803
SPS: 42803
SPS: 42803
SPS: 42803
SPS: 42803
SPS: 42803
SPS: 42803
SPS: 42803
SPS: 42803
SPS: 42804
SPS: 42804
SPS: 42804
SPS: 42805
SPS: 42805
SPS: 42805
SPS: 42804
SPS: 42804
SPS: 42804
SPS: 42804
SPS: 42804
SPS: 42804
SPS: 42805
SPS: 42805
SPS: 42805
SPS: 42805
SPS: 42805
SPS: 42805
SPS: 42806
SPS: 42806
SPS: 42806
SPS: 42806
SPS: 42806
SPS: 42806
SPS: 42805
SPS: 42804
SPS: 42804
SPS: 42804
SPS: 42805
SPS: 42806
SPS: 42806
SPS: 42806
SPS: 42806
SPS: 42806
SPS: 42806
SPS: 42806
SPS: 42807
SPS: 42807
SPS: 42807
SPS: 42806
SPS: 42806
SPS: 42807
SPS: 42807
SPS: 42807
SPS: 42808
SPS: 42808
SPS: 42808
SPS: 42809
SPS: 42808
SPS: 42808
SPS: 42808
SPS: 42808
SPS: 42808
SPS: 42809
SPS: 42809
SPS: 42808
SPS: 42808
SPS: 42808
SPS: 42808
SPS: 42808
SPS: 42808
SPS: 42808
SPS: 42809
SPS: 42809
SPS: 42809
SPS: 42809
SPS: 42809
SPS: 42810
SPS: 42810
SPS: 42810
SPS: 42810
SPS: 42810
SPS: 42810
SPS: 42810
SPS: 42810
SPS: 42810
SPS: 42810
SPS: 42811
SPS: 42811
SPS: 42811
SPS: 42812
SPS: 42812
SPS: 42813
SPS: 42812
SPS: 42813
SPS: 42812
SPS: 42813
SPS: 42813
SPS: 42813
SPS: 42813
SPS: 42813
SPS: 42813
SPS: 42813
SPS: 42813
SPS: 42814
SPS: 42813
SPS: 42814
SPS: 42814
SPS: 42814
SPS: 42814
SPS: 42813
SPS: 42813
SPS: 42814
SPS: 42814
SPS: 42814
SPS: 42814
SPS: 42815
SPS: 42815
SPS: 42816
SPS: 42816
SPS: 42816
SPS: 42816
SPS: 42816
SPS: 42817
SPS: 42817
SPS: 42817
SPS: 42816
SPS: 42816
SPS: 42816
SPS: 42816
SPS: 42816
SPS: 42817
SPS: 42817
SPS: 42818
SPS: 42818
SPS: 42817
SPS: 42818
SPS: 42818
SPS: 42817
SPS: 42818
SPS: 42818
SPS: 42818
SPS: 42818
SPS: 42818
SPS: 42818
SPS: 42818
SPS: 42818
SPS: 42818
SPS: 42818
SPS: 42818
SPS: 42819
SPS: 42819
SPS: 42819
SPS: 42819
SPS: 42820
SPS: 42820
SPS: 42820
SPS: 42820
SPS: 42819
SPS: 42818
SPS: 42812
SPS: 42809
SPS: 42809
SPS: 42809
SPS: 42809
SPS: 42809
SPS: 42810
SPS: 42810
SPS: 42810
SPS: 42810
SPS: 42811
SPS: 42811
SPS: 42811
SPS: 42811
SPS: 42811
SPS: 42812
SPS: 42811
SPS: 42811
SPS: 42811
SPS: 42811
SPS: 42811
SPS: 42811
SPS: 42812
SPS: 42812
SPS: 42812
SPS: 42812
SPS: 42813
SPS: 42812
SPS: 42812
SPS: 42813
SPS: 42813
SPS: 42813
SPS: 42813
SPS: 42813
SPS: 42813
SPS: 42813
SPS: 42813
SPS: 42814
SPS: 42814
SPS: 42814
SPS: 42815
SPS: 42815
SPS: 42814
SPS: 42815
SPS: 42815
SPS: 42815
SPS: 42815
SPS: 42815
SPS: 42815
SPS: 42815
SPS: 42815
SPS: 42815
SPS: 42816
SPS: 42816
SPS: 42816
SPS: 42817
SPS: 42817
SPS: 42818
SPS: 42818
SPS: 42818
SPS: 42817
SPS: 42817
SPS: 42816
SPS: 42817
SPS: 42817
SPS: 42817
SPS: 42818
SPS: 42818
SPS: 42818
SPS: 42818
SPS: 42818
SPS: 42818
SPS: 42819
SPS: 42819
SPS: 42819
SPS: 42819
SPS: 42819
SPS: 42819
SPS: 42819
SPS: 42819
SPS: 42819
SPS: 42819
SPS: 42820
SPS: 42820
SPS: 42820
SPS: 42820
SPS: 42820
SPS: 42820
SPS: 42821
SPS: 42821
SPS: 42821
SPS: 42822
SPS: 42822
SPS: 42821
SPS: 42821
SPS: 42821
SPS: 42821
SPS: 42821
SPS: 42822
SPS: 42822
SPS: 42822
SPS: 42822
SPS: 42822
SPS: 42822
SPS: 42822
SPS: 42822
SPS: 42822
SPS: 42822
SPS: 42822
SPS: 42822
SPS: 42822
SPS: 42822
SPS: 42822
SPS: 42822
SPS: 42822
SPS: 42823
SPS: 42823
SPS: 42823
SPS: 42823
SPS: 42823
SPS: 42823
SPS: 42823
SPS: 42823
SPS: 42823
SPS: 42824
SPS: 42824
SPS: 42824
SPS: 42824
SPS: 42824
SPS: 42824
SPS: 42824
SPS: 42825
SPS: 42825
SPS: 42825
SPS: 42825
SPS: 42825
SPS: 42825
SPS: 42825
SPS: 42825
SPS: 42825
SPS: 42825
SPS: 42825
SPS: 42825
SPS: 42825
SPS: 42824
SPS: 42824
SPS: 42823
SPS: 42823
SPS: 42823
SPS: 42824
SPS: 42824
SPS: 42824
SPS: 42825
SPS: 42825
SPS: 42825
SPS: 42825
SPS: 42825
SPS: 42825
SPS: 42826
SPS: 42826
SPS: 42826
SPS: 42826
SPS: 42826
SPS: 42826
SPS: 42826
SPS: 42826
SPS: 42826
SPS: 42827
SPS: 42827
SPS: 42827
SPS: 42827
SPS: 42827
SPS: 42828
SPS: 42828
SPS: 42828
SPS: 42828
SPS: 42828
SPS: 42829
SPS: 42829
SPS: 42829
SPS: 42829
SPS: 42830
SPS: 42830
SPS: 42829
SPS: 42830
SPS: 42830
SPS: 42830
SPS: 42829
SPS: 42829
SPS: 42830
SPS: 42830
SPS: 42830
SPS: 42831
SPS: 42831
SPS: 42831
SPS: 42831
SPS: 42831
SPS: 42831
SPS: 42832
SPS: 42832
SPS: 42832
SPS: 42832
SPS: 42832
SPS: 42832
SPS: 42832
SPS: 42832
SPS: 42832
SPS: 42831
SPS: 42831
SPS: 42831
SPS: 42832
SPS: 42832
SPS: 42832
SPS: 42832
SPS: 42832
SPS: 42832
SPS: 42832
SPS: 42832
SPS: 42832
SPS: 42832
SPS: 42832
SPS: 42831
SPS: 42831
SPS: 42831
SPS: 42832
SPS: 42832
SPS: 42832
SPS: 42832
SPS: 42833
SPS: 42833
SPS: 42833
SPS: 42833
SPS: 42833
SPS: 42833
SPS: 42833
SPS: 42833
SPS: 42834
SPS: 42833
SPS: 42833
SPS: 42833
SPS: 42833
SPS: 42833
SPS: 42834
SPS: 42834
SPS: 42834
SPS: 42834
SPS: 42834
SPS: 42833
SPS: 42833
SPS: 42834
SPS: 42834
SPS: 42834
SPS: 42834
SPS: 42834
SPS: 42834
SPS: 42834
SPS: 42834
SPS: 42835
SPS: 42835
SPS: 42835
SPS: 42835
SPS: 42836
SPS: 42836
SPS: 42835
SPS: 42835
SPS: 42835
SPS: 42835
SPS: 42835
SPS: 42835
SPS: 42836
SPS: 42836
SPS: 42836
SPS: 42836
SPS: 42836
SPS: 42836
SPS: 42837
SPS: 42837
SPS: 42837
SPS: 42837
SPS: 42838
SPS: 42837
SPS: 42836
SPS: 42836
SPS: 42836
SPS: 42836
SPS: 42837
SPS: 42837
SPS: 42837
SPS: 42837
SPS: 42837
SPS: 42837
SPS: 42838
SPS: 42838
SPS: 42839
SPS: 42839
SPS: 42839
SPS: 42839
SPS: 42839
SPS: 42839
SPS: 42838
SPS: 42838
SPS: 42838
SPS: 42838
SPS: 42838
SPS: 42838
SPS: 42838
SPS: 42838
SPS: 42838
SPS: 42839
SPS: 42839
SPS: 42839
SPS: 42839
SPS: 42839
SPS: 42839
SPS: 42838
SPS: 42838
SPS: 42838
SPS: 42838
SPS: 42839
SPS: 42839
SPS: 42840
SPS: 42840
SPS: 42840
SPS: 42840
SPS: 42840
SPS: 42840
SPS: 42841
SPS: 42840
SPS: 42841
SPS: 42840
SPS: 42841
SPS: 42840
SPS: 42840
SPS: 42840
SPS: 42840
SPS: 42841
SPS: 42841
SPS: 42841
SPS: 42842
SPS: 42842
SPS: 42841
SPS: 42841
SPS: 42841
SPS: 42842
SPS: 42841
SPS: 42842
SPS: 42842
SPS: 42841
SPS: 42841
SPS: 42841
SPS: 42841
SPS: 42842
SPS: 42842
SPS: 42842
SPS: 42842
SPS: 42842
SPS: 42842
SPS: 42842
SPS: 42842
SPS: 42842
SPS: 42842
SPS: 42842
SPS: 42842
SPS: 42842
SPS: 42842
SPS: 42842
SPS: 42842
SPS: 42842
SPS: 42843
SPS: 42843
SPS: 42843
SPS: 42843
SPS: 42844
SPS: 42844
SPS: 42843
SPS: 42843
SPS: 42843
SPS: 42843
SPS: 42843
SPS: 42843
SPS: 42843
SPS: 42843
SPS: 42843
SPS: 42843
SPS: 42843
SPS: 42843
SPS: 42844
SPS: 42844
SPS: 42844
SPS: 42844
SPS: 42844
SPS: 42843
SPS: 42843
SPS: 42843
SPS: 42843
SPS: 42844
SPS: 42844
SPS: 42844
SPS: 42844
SPS: 42844
SPS: 42844
SPS: 42844
SPS: 42845
SPS: 42845
SPS: 42845
SPS: 42846
SPS: 42846
SPS: 42846
SPS: 42846
SPS: 42846
SPS: 42846
SPS: 42846
SPS: 42846
SPS: 42846
SPS: 42846
SPS: 42846
SPS: 42846
SPS: 42846
SPS: 42846
SPS: 42846
SPS: 42847
SPS: 42847
SPS: 42847
SPS: 42846
SPS: 42846
SPS: 42846
SPS: 42845
SPS: 42845
SPS: 42846
SPS: 42846
SPS: 42846
SPS: 42846
SPS: 42847
SPS: 42846
SPS: 42847
SPS: 42847
SPS: 42847
SPS: 42847
SPS: 42846
SPS: 42847
SPS: 42847
SPS: 42847
SPS: 42846
SPS: 42847
SPS: 42847
SPS: 42847
SPS: 42848
SPS: 42848
SPS: 42848
SPS: 42848
SPS: 42848
SPS: 42848
SPS: 42849
SPS: 42849
SPS: 42849
SPS: 42849
SPS: 42849
SPS: 42849
SPS: 42849
SPS: 42849
SPS: 42849
SPS: 42850
SPS: 42850
SPS: 42850
SPS: 42851
SPS: 42851
SPS: 42851
SPS: 42851
SPS: 42851
SPS: 42851
SPS: 42851
SPS: 42851
SPS: 42850
SPS: 42850
SPS: 42850
SPS: 42850
SPS: 42850
SPS: 42851
SPS: 42850
SPS: 42850
SPS: 42850
SPS: 42850
SPS: 42851
SPS: 42851
SPS: 42851
SPS: 42851
SPS: 42851
SPS: 42851
SPS: 42851
SPS: 42851
SPS: 42851
SPS: 42851
SPS: 42852
SPS: 42851
SPS: 42852
SPS: 42852
SPS: 42852
SPS: 42853
SPS: 42853
SPS: 42853
SPS: 42852
SPS: 42852
SPS: 42852
SPS: 42852
SPS: 42852
SPS: 42852
SPS: 42852
SPS: 42853
SPS: 42853
SPS: 42853
SPS: 42853
SPS: 42853
SPS: 42853
SPS: 42854
SPS: 42854
SPS: 42854
SPS: 42853
SPS: 42854
SPS: 42853
SPS: 42853
SPS: 42853
SPS: 42853
SPS: 42853
SPS: 42854
SPS: 42854
SPS: 42854
SPS: 42854
SPS: 42854
SPS: 42854
SPS: 42855
SPS: 42855
SPS: 42855
SPS: 42855
SPS: 42855
SPS: 42855
SPS: 42854
SPS: 42854
SPS: 42855
SPS: 42855
SPS: 42855
SPS: 42855
SPS: 42855
SPS: 42855
SPS: 42855
SPS: 42855
SPS: 42856
SPS: 42856
SPS: 42856
SPS: 42856
SPS: 42856
SPS: 42856
SPS: 42856
SPS: 42856
SPS: 42856
SPS: 42856
SPS: 42856
SPS: 42856
SPS: 42857
SPS: 42857
SPS: 42857
SPS: 42857
SPS: 42858
SPS: 42857
SPS: 42858
SPS: 42858
SPS: 42858
SPS: 42858
SPS: 42858
SPS: 42858
SPS: 42857
SPS: 42857
SPS: 42858
SPS: 42858
SPS: 42858
SPS: 42859
SPS: 42859
SPS: 42858
SPS: 42858
SPS: 42858
SPS: 42858
SPS: 42858
SPS: 42858
SPS: 42858
SPS: 42858
SPS: 42858
SPS: 42858
SPS: 42858
SPS: 42858
SPS: 42859
SPS: 42859
SPS: 42859
SPS: 42859
SPS: 42859
SPS: 42859
SPS: 42859
SPS: 42859
SPS: 42859
SPS: 42858
SPS: 42858
SPS: 42858
SPS: 42858
SPS: 42858
SPS: 42859
SPS: 42858
SPS: 42859
SPS: 42859
SPS: 42859
SPS: 42860
SPS: 42859
SPS: 42859
SPS: 42859
SPS: 42859
SPS: 42860
SPS: 42859
SPS: 42859
SPS: 42859
SPS: 42859
SPS: 42859
SPS: 42859
SPS: 42859
SPS: 42859
SPS: 42859
SPS: 42860
SPS: 42860
SPS: 42860
SPS: 42860
SPS: 42860
SPS: 42860
SPS: 42860
SPS: 42860
SPS: 42860
SPS: 42860
SPS: 42860
SPS: 42860
SPS: 42860
SPS: 42861
SPS: 42861
SPS: 42861
SPS: 42861
SPS: 42862
SPS: 42862
SPS: 42862
SPS: 42862
SPS: 42862
SPS: 42861
SPS: 42862
SPS: 42861
SPS: 42862
SPS: 42862
SPS: 42862
SPS: 42863
SPS: 42863
SPS: 42863
SPS: 42863
SPS: 42863
SPS: 42863
SPS: 42863
SPS: 42864
SPS: 42864
SPS: 42864
SPS: 42864
SPS: 42864
SPS: 42864
SPS: 42864
SPS: 42864
SPS: 42865
SPS: 42865
SPS: 42865
SPS: 42865
SPS: 42865
SPS: 42865
SPS: 42865
SPS: 42866
SPS: 42866
SPS: 42865
SPS: 42865
SPS: 42865
SPS: 42865
SPS: 42865
SPS: 42865
SPS: 42865
SPS: 42865
SPS: 42865
SPS: 42865
SPS: 42866
SPS: 42866
SPS: 42866
SPS: 42866
SPS: 42866
SPS: 42866
SPS: 42866
SPS: 42866
SPS: 42866
SPS: 42865
SPS: 42865
SPS: 42865
SPS: 42865
SPS: 42865
SPS: 42865
SPS: 42866
SPS: 42866
SPS: 42866
SPS: 42867
SPS: 42867
SPS: 42866
SPS: 42867
SPS: 42866
SPS: 42866
SPS: 42866
SPS: 42867
SPS: 42867
SPS: 42867
SPS: 42867
SPS: 42867
SPS: 42867
SPS: 42867
SPS: 42867
SPS: 42868
SPS: 42868
SPS: 42868
SPS: 42867
SPS: 42867
SPS: 42867
SPS: 42867
SPS: 42867
SPS: 42867
SPS: 42867
SPS: 42867
SPS: 42867
SPS: 42867
SPS: 42867
SPS: 42867
SPS: 42868
SPS: 42868
SPS: 42868
SPS: 42868
SPS: 42867
SPS: 42867
SPS: 42867
SPS: 42867
SPS: 42867
SPS: 42867
SPS: 42867
SPS: 42867
SPS: 42867
SPS: 42867
SPS: 42868
SPS: 42867
SPS: 42868
SPS: 42868
SPS: 42868
SPS: 42868
SPS: 42868
SPS: 42868
SPS: 42868
SPS: 42868
SPS: 42868
SPS: 42868
SPS: 42868
SPS: 42868
SPS: 42868
SPS: 42868
SPS: 42868
SPS: 42869
SPS: 42869
SPS: 42869
SPS: 42869
SPS: 42869
SPS: 42869
SPS: 42869
SPS: 42868
SPS: 42868
SPS: 42868
SPS: 42867
SPS: 42867
SPS: 42868
SPS: 42868
SPS: 42868
SPS: 42869
SPS: 42868
SPS: 42869
SPS: 42869
SPS: 42869
SPS: 42869
SPS: 42869
SPS: 42869
SPS: 42869
SPS: 42868
SPS: 42868
SPS: 42868
SPS: 42868
SPS: 42869
SPS: 42869
SPS: 42869
SPS: 42869
SPS: 42870
SPS: 42870
SPS: 42870
SPS: 42869
SPS: 42869
SPS: 42869
SPS: 42870
SPS: 42870
SPS: 42870
SPS: 42870
SPS: 42870
SPS: 42870
SPS: 42870
SPS: 42870
SPS: 42870
SPS: 42871
SPS: 42871
SPS: 42871
SPS: 42871
SPS: 42871
SPS: 42870
SPS: 42870
SPS: 42870
SPS: 42870
SPS: 42870
SPS: 42870
SPS: 42870
SPS: 42870
SPS: 42870
SPS: 42870
SPS: 42870
SPS: 42870
SPS: 42870
SPS: 42870
SPS: 42870
SPS: 42870
SPS: 42870
SPS: 42870
SPS: 42870
SPS: 42870
SPS: 42870
SPS: 42870
SPS: 42870
SPS: 42869
SPS: 42870
SPS: 42870
SPS: 42870
SPS: 42870
SPS: 42871
SPS: 42871
SPS: 42870
SPS: 42870
SPS: 42870
SPS: 42870
SPS: 42870
SPS: 42870
SPS: 42869
SPS: 42869
SPS: 42870
SPS: 42870
SPS: 42869
SPS: 42869
SPS: 42869
SPS: 42870
SPS: 42870
SPS: 42870
SPS: 42870
SPS: 42870
SPS: 42870
SPS: 42870
SPS: 42869
SPS: 42870
SPS: 42870
SPS: 42870
SPS: 42870
SPS: 42870
SPS: 42870
SPS: 42870
SPS: 42870
SPS: 42870
SPS: 42870
SPS: 42870
SPS: 42870
SPS: 42870
SPS: 42870
SPS: 42870
SPS: 42870
SPS: 42870
SPS: 42870
SPS: 42871
SPS: 42870
SPS: 42871
SPS: 42871
SPS: 42871
SPS: 42871
SPS: 42870
SPS: 42870
SPS: 42870
SPS: 42870
SPS: 42870
SPS: 42870
SPS: 42870
SPS: 42870
SPS: 42869
SPS: 42869
SPS: 42870
SPS: 42870
SPS: 42870
SPS: 42870
SPS: 42870
SPS: 42870
time budget reached: 3600s @ global_step=154337280
