C:\Users\a3162\thesis\.venv\Lib\site-packages\tyro\_parsers.py:365: UserWarning: The field `wandb-entity` is annotated with type `<class 'str'>`, but the default value `None` has type `<class 'NoneType'>`. We'll try to handle this gracefully, but it may cause unexpected behavior.
  warnings.warn(message)
C:\Users\a3162\thesis\.venv\Lib\site-packages\tyro\_parsers.py:365: UserWarning: The field `target-kl` is annotated with type `<class 'float'>`, but the default value `None` has type `<class 'NoneType'>`. We'll try to handle this gracefully, but it may cause unexpected behavior.
  warnings.warn(message)
SPS: 36123
SPS: 39017
SPS: 40268
SPS: 40701
SPS: 40945
SPS: 41165
SPS: 41268
SPS: 41481
SPS: 41621
SPS: 41767
SPS: 41868
SPS: 41928
SPS: 41998
SPS: 42019
SPS: 42125
SPS: 42197
SPS: 42214
SPS: 42233
SPS: 42066
SPS: 42099
SPS: 42106
SPS: 42124
SPS: 42118
SPS: 42165
SPS: 42206
SPS: 42243
SPS: 42244
SPS: 42250
SPS: 42274
SPS: 42278
SPS: 42297
SPS: 42319
SPS: 42310
SPS: 42291
SPS: 42305
SPS: 42308
SPS: 42322
SPS: 42318
SPS: 42316
SPS: 42321
SPS: 42331
SPS: 42340
SPS: 42356
SPS: 42357
SPS: 42362
SPS: 42368
SPS: 42373
SPS: 42374
SPS: 42392
SPS: 42402
SPS: 42405
SPS: 42402
SPS: 42409
SPS: 42410
SPS: 42410
SPS: 42415
SPS: 42430
SPS: 42439
SPS: 42443
SPS: 42440
SPS: 42392
SPS: 42384
SPS: 42383
SPS: 42373
SPS: 42369
SPS: 42373
SPS: 42385
SPS: 42393
SPS: 42392
SPS: 42405
SPS: 42405
SPS: 42407
SPS: 42405
SPS: 42404
SPS: 42408
SPS: 42417
SPS: 42424
SPS: 42424
SPS: 42420
SPS: 42423
SPS: 42421
SPS: 42429
SPS: 42435
SPS: 42441
SPS: 42446
SPS: 42452
SPS: 42462
SPS: 42450
SPS: 42421
SPS: 42376
SPS: 42352
SPS: 42346
SPS: 42347
SPS: 42343
SPS: 42335
SPS: 42337
SPS: 42333
SPS: 42335
SPS: 42341
SPS: 42347
SPS: 42339
SPS: 42345
SPS: 42349
SPS: 42344
SPS: 42348
SPS: 42344
SPS: 42342
SPS: 42336
SPS: 42336
SPS: 42339
SPS: 42332
SPS: 42332
SPS: 42331
SPS: 42327
SPS: 42329
SPS: 42331
SPS: 42330
SPS: 42339
SPS: 42342
SPS: 42341
SPS: 42344
SPS: 42342
SPS: 42345
SPS: 42350
SPS: 42352
SPS: 42351
SPS: 42349
SPS: 42348
SPS: 42346
SPS: 42336
SPS: 42334
SPS: 42338
SPS: 42342
SPS: 42350
SPS: 42348
SPS: 42295
SPS: 42286
SPS: 42249
SPS: 42229
SPS: 42226
SPS: 42225
SPS: 42221
SPS: 42211
SPS: 42188
SPS: 42178
SPS: 42174
SPS: 42167
SPS: 42161
SPS: 42147
SPS: 42147
SPS: 42138
SPS: 42136
SPS: 42134
SPS: 42126
SPS: 42105
SPS: 42095
SPS: 42083
SPS: 42079
SPS: 42078
SPS: 42073
SPS: 42070
SPS: 42067
SPS: 42063
SPS: 42063
SPS: 42064
SPS: 42060
SPS: 42061
SPS: 42064
SPS: 42065
SPS: 42057
SPS: 42056
SPS: 42028
SPS: 42019
SPS: 42015
SPS: 42012
SPS: 42007
SPS: 42000
SPS: 41999
SPS: 41997
SPS: 41998
SPS: 41998
SPS: 41997
SPS: 41997
SPS: 41997
SPS: 41999
SPS: 41993
SPS: 41989
SPS: 41986
SPS: 41983
SPS: 41984
SPS: 41956
SPS: 41922
SPS: 41876
SPS: 41848
SPS: 41822
SPS: 41796
SPS: 41778
SPS: 41760
SPS: 41745
SPS: 41731
SPS: 41695
SPS: 41661
SPS: 41626
SPS: 41600
SPS: 41594
SPS: 41569
SPS: 41542
SPS: 41526
SPS: 41512
SPS: 41512
SPS: 41507
SPS: 41506
SPS: 41500
SPS: 41498
SPS: 41499
SPS: 41494
SPS: 41483
SPS: 41428
SPS: 41429
SPS: 41433
SPS: 41435
SPS: 41440
SPS: 41443
SPS: 41445
SPS: 41443
SPS: 41446
SPS: 41429
SPS: 41399
SPS: 41370
SPS: 41340
SPS: 41312
SPS: 41283
SPS: 41254
SPS: 41227
SPS: 41196
SPS: 41168
SPS: 41143
SPS: 41116
SPS: 41089
SPS: 41064
SPS: 41034
SPS: 41007
SPS: 40977
SPS: 40952
SPS: 40924
SPS: 40895
SPS: 40872
SPS: 40843
SPS: 40816
SPS: 40792
SPS: 40771
SPS: 40746
SPS: 40720
SPS: 40696
SPS: 40669
SPS: 40648
SPS: 40626
SPS: 40603
SPS: 40582
SPS: 40559
SPS: 40534
SPS: 40512
SPS: 40490
SPS: 40465
SPS: 40463
SPS: 40465
SPS: 40471
SPS: 40475
SPS: 40480
SPS: 40467
SPS: 40467
SPS: 40471
SPS: 40476
SPS: 40480
SPS: 40485
SPS: 40488
SPS: 40493
SPS: 40499
SPS: 40505
SPS: 40511
SPS: 40516
SPS: 40522
SPS: 40525
SPS: 40530
SPS: 40533
SPS: 40534
SPS: 40536
SPS: 40541
SPS: 40542
SPS: 40547
SPS: 40550
SPS: 40552
SPS: 40556
SPS: 40560
SPS: 40565
SPS: 40569
SPS: 40572
SPS: 40575
SPS: 40579
SPS: 40582
SPS: 40586
SPS: 40589
SPS: 40591
SPS: 40594
SPS: 40596
SPS: 40598
SPS: 40600
SPS: 40602
SPS: 40604
SPS: 40607
SPS: 40610
SPS: 40614
SPS: 40617
SPS: 40615
SPS: 40595
SPS: 40592
SPS: 40597
SPS: 40602
SPS: 40605
SPS: 40609
SPS: 40611
SPS: 40614
SPS: 40618
SPS: 40623
SPS: 40626
SPS: 40632
SPS: 40636
SPS: 40639
SPS: 40638
SPS: 40642
SPS: 40643
SPS: 40645
SPS: 40650
SPS: 40646
SPS: 40648
SPS: 40651
SPS: 40654
SPS: 40644
SPS: 40644
SPS: 40646
SPS: 40649
SPS: 40653
SPS: 40656
SPS: 40659
SPS: 40662
SPS: 40666
SPS: 40668
SPS: 40670
SPS: 40661
SPS: 40660
SPS: 40662
SPS: 40666
SPS: 40666
SPS: 40668
SPS: 40670
SPS: 40655
SPS: 40659
SPS: 40663
SPS: 40664
SPS: 40668
SPS: 40671
SPS: 40670
SPS: 40655
SPS: 40651
SPS: 40654
SPS: 40656
SPS: 40658
SPS: 40662
SPS: 40665
SPS: 40668
SPS: 40670
SPS: 40671
SPS: 40673
SPS: 40675
SPS: 40675
SPS: 40680
SPS: 40682
SPS: 40682
SPS: 40684
SPS: 40686
SPS: 40674
SPS: 40659
SPS: 40645
SPS: 40631
SPS: 40618
SPS: 40603
SPS: 40589
SPS: 40576
SPS: 40566
SPS: 40563
SPS: 40564
SPS: 40558
SPS: 40553
SPS: 40553
SPS: 40551
SPS: 40550
SPS: 40549
SPS: 40548
SPS: 40540
SPS: 40532
SPS: 40523
SPS: 40512
SPS: 40502
SPS: 40493
SPS: 40485
SPS: 40474
SPS: 40459
SPS: 40447
SPS: 40436
SPS: 40424
SPS: 40416
SPS: 40406
SPS: 40388
SPS: 40388
SPS: 40390
SPS: 40390
SPS: 40391
SPS: 40392
SPS: 40392
SPS: 40393
SPS: 40394
SPS: 40393
SPS: 40394
SPS: 40395
SPS: 40394
SPS: 40395
SPS: 40394
SPS: 40389
SPS: 40382
SPS: 40377
SPS: 40370
SPS: 40366
SPS: 40359
SPS: 40353
SPS: 40347
SPS: 40342
SPS: 40336
SPS: 40330
SPS: 40324
SPS: 40315
SPS: 40309
SPS: 40300
SPS: 40291
SPS: 40284
SPS: 40278
SPS: 40272
SPS: 40267
SPS: 40262
SPS: 40255
SPS: 40250
SPS: 40244
SPS: 40237
SPS: 40232
SPS: 40226
SPS: 40220
SPS: 40216
SPS: 40210
SPS: 40205
SPS: 40200
SPS: 40194
SPS: 40190
SPS: 40185
SPS: 40180
SPS: 40175
SPS: 40170
SPS: 40165
SPS: 40159
SPS: 40155
SPS: 40151
SPS: 40146
SPS: 40142
SPS: 40136
SPS: 40130
SPS: 40127
SPS: 40122
SPS: 40118
SPS: 40114
SPS: 40110
SPS: 40104
SPS: 40099
SPS: 40095
SPS: 40091
SPS: 40086
SPS: 40080
SPS: 40074
SPS: 40070
SPS: 40067
SPS: 40064
SPS: 40059
SPS: 40054
SPS: 40051
SPS: 40047
SPS: 40043
SPS: 40034
SPS: 40030
SPS: 40026
SPS: 40022
SPS: 40018
SPS: 40009
SPS: 39999
SPS: 39989
SPS: 39979
SPS: 39970
SPS: 39958
SPS: 39946
SPS: 39935
SPS: 39925
SPS: 39914
SPS: 39902
SPS: 39890
SPS: 39887
SPS: 39883
SPS: 39879
SPS: 39875
SPS: 39869
SPS: 39865
SPS: 39862
SPS: 39859
SPS: 39855
SPS: 39846
SPS: 39836
SPS: 39825
SPS: 39815
SPS: 39804
SPS: 39793
SPS: 39782
SPS: 39773
SPS: 39761
SPS: 39751
SPS: 39740
SPS: 39729
SPS: 39719
SPS: 39710
SPS: 39713
SPS: 39716
SPS: 39719
SPS: 39723
SPS: 39727
SPS: 39731
SPS: 39735
SPS: 39739
SPS: 39742
SPS: 39746
SPS: 39750
SPS: 39754
SPS: 39757
SPS: 39760
SPS: 39763
SPS: 39765
SPS: 39768
SPS: 39765
SPS: 39758
SPS: 39751
SPS: 39742
SPS: 39735
SPS: 39728
SPS: 39721
SPS: 39714
SPS: 39708
SPS: 39700
SPS: 39693
SPS: 39683
SPS: 39674
SPS: 39666
SPS: 39659
SPS: 39651
SPS: 39643
SPS: 39636
SPS: 39628
SPS: 39621
SPS: 39613
SPS: 39606
SPS: 39599
SPS: 39593
SPS: 39591
SPS: 39590
SPS: 39589
SPS: 39583
SPS: 39576
SPS: 39569
SPS: 39562
SPS: 39556
SPS: 39549
SPS: 39542
SPS: 39535
SPS: 39526
SPS: 39519
SPS: 39513
SPS: 39508
SPS: 39507
SPS: 39506
SPS: 39503
SPS: 39498
SPS: 39491
SPS: 39483
SPS: 39476
SPS: 39470
SPS: 39463
SPS: 39457
SPS: 39450
SPS: 39444
SPS: 39437
SPS: 39431
SPS: 39423
SPS: 39415
SPS: 39409
SPS: 39402
SPS: 39395
SPS: 39389
SPS: 39382
SPS: 39376
SPS: 39369
SPS: 39362
SPS: 39356
SPS: 39350
SPS: 39345
SPS: 39339
SPS: 39332
SPS: 39325
SPS: 39318
SPS: 39312
SPS: 39306
SPS: 39300
SPS: 39294
SPS: 39289
SPS: 39283
SPS: 39276
SPS: 39272
SPS: 39270
SPS: 39269
SPS: 39268
SPS: 39267
SPS: 39266
SPS: 39267
SPS: 39265
SPS: 39264
SPS: 39264
SPS: 39263
SPS: 39262
SPS: 39262
SPS: 39260
SPS: 39259
SPS: 39258
SPS: 39258
SPS: 39256
SPS: 39254
SPS: 39251
SPS: 39249
SPS: 39248
SPS: 39246
SPS: 39244
SPS: 39242
SPS: 39240
SPS: 39239
SPS: 39236
SPS: 39234
SPS: 39233
SPS: 39229
SPS: 39226
SPS: 39223
SPS: 39222
SPS: 39219
SPS: 39216
SPS: 39215
SPS: 39215
SPS: 39214
SPS: 39213
SPS: 39213
SPS: 39212
SPS: 39211
SPS: 39212
SPS: 39211
SPS: 39211
SPS: 39211
SPS: 39210
SPS: 39207
SPS: 39202
SPS: 39197
SPS: 39192
SPS: 39187
SPS: 39182
SPS: 39177
SPS: 39171
SPS: 39165
SPS: 39160
SPS: 39155
SPS: 39150
SPS: 39150
SPS: 39149
SPS: 39149
SPS: 39148
SPS: 39147
SPS: 39147
SPS: 39146
SPS: 39145
SPS: 39145
SPS: 39145
SPS: 39139
SPS: 39134
SPS: 39128
SPS: 39123
SPS: 39119
SPS: 39114
SPS: 39110
SPS: 39105
SPS: 39101
SPS: 39096
SPS: 39092
SPS: 39088
SPS: 39084
SPS: 39079
SPS: 39075
SPS: 39070
SPS: 39065
SPS: 39060
SPS: 39055
SPS: 39051
SPS: 39046
SPS: 39041
SPS: 39037
SPS: 39032
SPS: 39028
SPS: 39023
SPS: 39019
SPS: 39014
SPS: 39010
SPS: 39006
SPS: 39000
SPS: 38994
SPS: 38990
SPS: 38986
SPS: 38981
SPS: 38977
SPS: 38973
SPS: 38968
SPS: 38964
SPS: 38960
SPS: 38956
SPS: 38951
SPS: 38947
SPS: 38942
SPS: 38938
SPS: 38934
SPS: 38930
SPS: 38926
SPS: 38922
SPS: 38917
SPS: 38913
SPS: 38908
SPS: 38905
SPS: 38909
SPS: 38912
SPS: 38915
SPS: 38919
SPS: 38923
SPS: 38926
SPS: 38930
SPS: 38934
SPS: 38938
SPS: 38941
SPS: 38945
SPS: 38949
SPS: 38954
SPS: 38957
SPS: 38961
SPS: 38960
SPS: 38963
SPS: 38967
SPS: 38971
SPS: 38975
SPS: 38979
SPS: 38980
SPS: 38983
SPS: 38986
SPS: 38989
SPS: 38992
SPS: 38996
SPS: 38999
SPS: 39002
SPS: 39006
SPS: 39009
SPS: 39013
SPS: 39017
SPS: 39020
SPS: 39023
SPS: 39027
SPS: 39030
SPS: 39033
SPS: 39037
SPS: 39041
SPS: 39045
SPS: 39048
SPS: 39051
SPS: 39055
SPS: 39055
SPS: 39057
SPS: 39060
SPS: 39064
SPS: 39066
SPS: 39070
SPS: 39074
SPS: 39078
SPS: 39081
SPS: 39085
SPS: 39088
SPS: 39092
SPS: 39095
SPS: 39100
SPS: 39104
SPS: 39108
SPS: 39112
SPS: 39116
SPS: 39119
SPS: 39123
SPS: 39126
SPS: 39130
SPS: 39134
SPS: 39137
SPS: 39141
SPS: 39144
SPS: 39148
SPS: 39152
SPS: 39156
SPS: 39160
SPS: 39158
SPS: 39161
SPS: 39164
SPS: 39168
SPS: 39172
SPS: 39175
SPS: 39178
SPS: 39182
SPS: 39186
SPS: 39190
SPS: 39193
SPS: 39197
SPS: 39200
SPS: 39200
SPS: 39199
SPS: 39198
SPS: 39198
SPS: 39197
SPS: 39196
SPS: 39194
SPS: 39194
SPS: 39192
SPS: 39192
SPS: 39192
SPS: 39191
SPS: 39190
SPS: 39189
SPS: 39189
SPS: 39188
SPS: 39186
SPS: 39185
SPS: 39184
SPS: 39183
SPS: 39182
SPS: 39181
SPS: 39180
SPS: 39179
SPS: 39178
SPS: 39177
SPS: 39176
SPS: 39176
SPS: 39174
SPS: 39173
SPS: 39172
SPS: 39169
SPS: 39169
SPS: 39167
SPS: 39166
SPS: 39164
SPS: 39164
SPS: 39163
SPS: 39162
SPS: 39162
SPS: 39161
SPS: 39159
SPS: 39159
SPS: 39158
SPS: 39157
SPS: 39157
SPS: 39156
SPS: 39155
SPS: 39153
SPS: 39152
SPS: 39151
SPS: 39150
SPS: 39149
SPS: 39148
SPS: 39147
SPS: 39147
SPS: 39146
SPS: 39145
SPS: 39144
SPS: 39143
SPS: 39143
SPS: 39142
SPS: 39140
SPS: 39141
SPS: 39144
SPS: 39146
SPS: 39150
SPS: 39153
SPS: 39156
SPS: 39160
SPS: 39163
SPS: 39166
SPS: 39170
SPS: 39173
SPS: 39177
SPS: 39180
SPS: 39183
SPS: 39187
SPS: 39189
SPS: 39193
SPS: 39196
SPS: 39199
SPS: 39202
SPS: 39205
SPS: 39208
SPS: 39211
SPS: 39214
SPS: 39217
SPS: 39220
SPS: 39224
SPS: 39227
SPS: 39230
SPS: 39233
SPS: 39236
SPS: 39240
SPS: 39243
SPS: 39246
SPS: 39249
SPS: 39252
SPS: 39255
SPS: 39258
SPS: 39261
SPS: 39264
SPS: 39267
SPS: 39270
SPS: 39273
SPS: 39277
SPS: 39280
SPS: 39283
SPS: 39286
SPS: 39289
SPS: 39292
SPS: 39295
SPS: 39298
SPS: 39299
SPS: 39300
SPS: 39303
SPS: 39306
SPS: 39309
SPS: 39312
SPS: 39315
SPS: 39318
SPS: 39321
SPS: 39324
SPS: 39327
SPS: 39330
SPS: 39333
SPS: 39336
SPS: 39339
SPS: 39341
SPS: 39344
SPS: 39347
SPS: 39350
SPS: 39353
SPS: 39356
SPS: 39359
SPS: 39362
SPS: 39365
SPS: 39368
SPS: 39371
SPS: 39374
SPS: 39377
SPS: 39378
SPS: 39380
SPS: 39382
SPS: 39386
SPS: 39388
SPS: 39391
SPS: 39393
SPS: 39396
SPS: 39397
SPS: 39400
SPS: 39403
SPS: 39402
SPS: 39402
SPS: 39402
SPS: 39401
SPS: 39401
SPS: 39401
SPS: 39402
SPS: 39401
SPS: 39401
SPS: 39401
SPS: 39401
SPS: 39401
SPS: 39401
SPS: 39401
SPS: 39401
SPS: 39401
SPS: 39401
SPS: 39401
SPS: 39401
SPS: 39401
SPS: 39401
SPS: 39401
SPS: 39402
SPS: 39402
SPS: 39401
SPS: 39401
SPS: 39401
SPS: 39401
SPS: 39401
SPS: 39401
SPS: 39401
SPS: 39402
SPS: 39402
SPS: 39402
SPS: 39401
SPS: 39401
SPS: 39399
SPS: 39399
SPS: 39399
SPS: 39399
SPS: 39399
SPS: 39399
SPS: 39399
SPS: 39399
SPS: 39399
SPS: 39398
SPS: 39398
SPS: 39398
SPS: 39398
SPS: 39398
SPS: 39399
SPS: 39399
SPS: 39399
SPS: 39399
SPS: 39399
SPS: 39399
SPS: 39399
SPS: 39399
SPS: 39399
SPS: 39399
SPS: 39399
SPS: 39399
SPS: 39399
SPS: 39399
SPS: 39399
SPS: 39400
SPS: 39400
SPS: 39400
SPS: 39398
SPS: 39397
SPS: 39395
SPS: 39394
SPS: 39393
SPS: 39391
SPS: 39390
SPS: 39389
SPS: 39388
SPS: 39388
SPS: 39387
SPS: 39386
SPS: 39385
SPS: 39385
SPS: 39384
SPS: 39384
SPS: 39382
SPS: 39382
SPS: 39381
SPS: 39380
SPS: 39379
SPS: 39378
SPS: 39378
SPS: 39377
SPS: 39376
SPS: 39375
SPS: 39374
SPS: 39373
SPS: 39373
SPS: 39372
SPS: 39371
SPS: 39370
SPS: 39369
SPS: 39368
SPS: 39368
SPS: 39367
SPS: 39367
SPS: 39366
SPS: 39365
SPS: 39363
SPS: 39361
SPS: 39360
SPS: 39359
SPS: 39358
SPS: 39356
SPS: 39355
SPS: 39354
SPS: 39353
SPS: 39353
SPS: 39354
SPS: 39355
SPS: 39356
SPS: 39357
SPS: 39358
SPS: 39360
SPS: 39361
SPS: 39362
SPS: 39361
SPS: 39362
SPS: 39363
SPS: 39365
SPS: 39367
SPS: 39367
SPS: 39369
SPS: 39370
SPS: 39371
SPS: 39372
SPS: 39374
SPS: 39375
SPS: 39376
SPS: 39378
SPS: 39379
SPS: 39380
SPS: 39381
SPS: 39381
SPS: 39380
SPS: 39381
SPS: 39381
SPS: 39382
SPS: 39382
SPS: 39383
SPS: 39384
SPS: 39384
SPS: 39385
SPS: 39385
SPS: 39386
SPS: 39387
SPS: 39386
SPS: 39387
SPS: 39389
SPS: 39390
SPS: 39392
SPS: 39393
SPS: 39392
SPS: 39392
SPS: 39393
SPS: 39394
SPS: 39394
SPS: 39395
SPS: 39396
SPS: 39396
SPS: 39396
SPS: 39396
SPS: 39397
SPS: 39398
SPS: 39397
SPS: 39396
SPS: 39397
SPS: 39398
SPS: 39398
SPS: 39398
SPS: 39399
SPS: 39399
SPS: 39400
SPS: 39400
SPS: 39400
SPS: 39401
SPS: 39401
SPS: 39402
SPS: 39402
SPS: 39404
SPS: 39404
SPS: 39404
SPS: 39403
SPS: 39402
SPS: 39403
SPS: 39404
SPS: 39406
SPS: 39407
SPS: 39408
SPS: 39409
SPS: 39409
SPS: 39410
SPS: 39411
SPS: 39412
SPS: 39413
SPS: 39415
SPS: 39415
SPS: 39417
SPS: 39418
SPS: 39419
SPS: 39419
SPS: 39420
SPS: 39421
SPS: 39422
SPS: 39423
SPS: 39423
SPS: 39424
SPS: 39425
SPS: 39426
SPS: 39427
SPS: 39428
SPS: 39429
SPS: 39430
SPS: 39431
SPS: 39432
SPS: 39433
SPS: 39434
SPS: 39434
SPS: 39434
SPS: 39434
SPS: 39434
SPS: 39434
SPS: 39433
SPS: 39433
SPS: 39433
SPS: 39433
SPS: 39434
SPS: 39434
SPS: 39435
SPS: 39435
SPS: 39435
SPS: 39435
SPS: 39436
SPS: 39435
SPS: 39435
SPS: 39436
SPS: 39435
SPS: 39434
SPS: 39433
SPS: 39432
SPS: 39431
SPS: 39430
SPS: 39429
SPS: 39429
SPS: 39428
SPS: 39428
SPS: 39427
SPS: 39427
SPS: 39426
SPS: 39426
SPS: 39425
SPS: 39424
SPS: 39423
SPS: 39422
SPS: 39421
SPS: 39420
SPS: 39418
SPS: 39417
SPS: 39416
SPS: 39416
SPS: 39416
SPS: 39417
SPS: 39417
SPS: 39418
SPS: 39418
SPS: 39417
SPS: 39416
SPS: 39414
SPS: 39414
SPS: 39413
SPS: 39412
SPS: 39412
SPS: 39411
SPS: 39411
SPS: 39411
SPS: 39409
SPS: 39409
SPS: 39408
SPS: 39407
SPS: 39405
SPS: 39402
SPS: 39402
SPS: 39402
SPS: 39402
SPS: 39403
SPS: 39403
SPS: 39404
SPS: 39404
SPS: 39405
SPS: 39405
SPS: 39404
SPS: 39403
SPS: 39403
SPS: 39402
SPS: 39401
SPS: 39400
SPS: 39399
SPS: 39398
SPS: 39398
SPS: 39397
SPS: 39396
SPS: 39396
SPS: 39395
SPS: 39395
SPS: 39394
SPS: 39395
SPS: 39394
SPS: 39395
SPS: 39398
SPS: 39400
SPS: 39402
SPS: 39404
SPS: 39406
SPS: 39408
SPS: 39409
SPS: 39408
SPS: 39407
SPS: 39406
SPS: 39406
SPS: 39405
SPS: 39404
SPS: 39403
SPS: 39403
SPS: 39402
SPS: 39401
SPS: 39400
SPS: 39399
SPS: 39399
SPS: 39398
SPS: 39397
SPS: 39396
SPS: 39396
SPS: 39395
SPS: 39394
SPS: 39393
SPS: 39392
SPS: 39391
SPS: 39390
SPS: 39390
SPS: 39389
SPS: 39389
SPS: 39388
SPS: 39388
SPS: 39387
SPS: 39386
SPS: 39386
SPS: 39385
SPS: 39384
SPS: 39383
SPS: 39385
SPS: 39387
SPS: 39387
SPS: 39388
SPS: 39390
SPS: 39392
SPS: 39394
SPS: 39396
SPS: 39398
SPS: 39400
SPS: 39402
SPS: 39404
SPS: 39406
SPS: 39408
SPS: 39411
SPS: 39413
SPS: 39415
SPS: 39417
SPS: 39418
SPS: 39420
SPS: 39422
SPS: 39424
SPS: 39426
SPS: 39428
SPS: 39430
SPS: 39432
SPS: 39434
SPS: 39436
SPS: 39438
SPS: 39440
SPS: 39442
SPS: 39444
SPS: 39446
SPS: 39448
SPS: 39451
SPS: 39452
SPS: 39455
SPS: 39454
SPS: 39455
SPS: 39457
SPS: 39459
SPS: 39461
SPS: 39463
SPS: 39465
SPS: 39466
SPS: 39468
SPS: 39470
SPS: 39472
SPS: 39471
SPS: 39470
SPS: 39469
SPS: 39468
SPS: 39467
SPS: 39467
SPS: 39466
SPS: 39465
SPS: 39464
SPS: 39463
SPS: 39463
SPS: 39462
SPS: 39461
SPS: 39460
SPS: 39459
SPS: 39459
SPS: 39458
SPS: 39457
SPS: 39457
SPS: 39456
SPS: 39455
SPS: 39454
SPS: 39454
SPS: 39453
SPS: 39452
SPS: 39451
SPS: 39450
SPS: 39450
SPS: 39449
SPS: 39447
SPS: 39445
SPS: 39444
SPS: 39444
SPS: 39443
SPS: 39445
SPS: 39447
SPS: 39449
SPS: 39451
SPS: 39452
SPS: 39454
SPS: 39456
SPS: 39458
SPS: 39460
SPS: 39462
SPS: 39464
SPS: 39466
SPS: 39468
SPS: 39470
SPS: 39471
SPS: 39473
SPS: 39475
SPS: 39477
SPS: 39479
SPS: 39481
SPS: 39482
SPS: 39484
SPS: 39486
SPS: 39487
SPS: 39486
SPS: 39486
SPS: 39485
SPS: 39484
SPS: 39483
SPS: 39482
SPS: 39480
SPS: 39479
SPS: 39478
SPS: 39477
SPS: 39477
SPS: 39476
SPS: 39475
SPS: 39474
SPS: 39473
SPS: 39472
SPS: 39472
SPS: 39471
SPS: 39471
SPS: 39470
SPS: 39469
SPS: 39469
SPS: 39468
SPS: 39467
SPS: 39466
SPS: 39465
SPS: 39464
SPS: 39463
SPS: 39463
SPS: 39462
SPS: 39461
SPS: 39461
SPS: 39460
SPS: 39459
SPS: 39458
SPS: 39457
SPS: 39457
SPS: 39456
SPS: 39455
SPS: 39454
SPS: 39454
SPS: 39453
SPS: 39452
SPS: 39450
SPS: 39449
SPS: 39448
SPS: 39448
SPS: 39446
SPS: 39446
SPS: 39445
SPS: 39444
SPS: 39444
SPS: 39443
SPS: 39443
SPS: 39442
SPS: 39441
SPS: 39440
SPS: 39440
SPS: 39439
SPS: 39438
SPS: 39438
SPS: 39437
SPS: 39436
SPS: 39435
SPS: 39434
SPS: 39433
SPS: 39433
SPS: 39432
SPS: 39431
SPS: 39431
SPS: 39430
SPS: 39429
SPS: 39428
SPS: 39426
SPS: 39426
SPS: 39425
SPS: 39425
SPS: 39424
SPS: 39423
SPS: 39422
SPS: 39422
SPS: 39421
SPS: 39421
SPS: 39420
SPS: 39419
SPS: 39419
SPS: 39418
SPS: 39418
SPS: 39417
SPS: 39416
SPS: 39415
SPS: 39417
SPS: 39419
SPS: 39420
SPS: 39422
SPS: 39424
SPS: 39424
SPS: 39425
SPS: 39427
SPS: 39429
SPS: 39431
SPS: 39432
SPS: 39434
SPS: 39436
SPS: 39438
SPS: 39440
SPS: 39442
SPS: 39443
SPS: 39445
SPS: 39446
SPS: 39448
SPS: 39450
SPS: 39452
SPS: 39454
SPS: 39455
SPS: 39457
SPS: 39459
SPS: 39461
SPS: 39462
SPS: 39464
SPS: 39466
SPS: 39468
SPS: 39468
SPS: 39470
SPS: 39471
SPS: 39473
SPS: 39475
SPS: 39476
SPS: 39478
SPS: 39480
SPS: 39482
SPS: 39483
SPS: 39485
SPS: 39487
SPS: 39489
SPS: 39490
SPS: 39492
SPS: 39494
SPS: 39496
SPS: 39497
SPS: 39499
SPS: 39500
SPS: 39502
SPS: 39504
SPS: 39505
SPS: 39507
SPS: 39509
SPS: 39510
SPS: 39512
SPS: 39514
SPS: 39515
SPS: 39517
SPS: 39519
SPS: 39521
SPS: 39520
SPS: 39521
SPS: 39522
SPS: 39524
SPS: 39525
SPS: 39527
SPS: 39529
SPS: 39531
SPS: 39532
SPS: 39534
SPS: 39536
SPS: 39538
SPS: 39539
SPS: 39541
SPS: 39543
SPS: 39544
SPS: 39546
SPS: 39547
SPS: 39549
SPS: 39550
SPS: 39551
SPS: 39553
SPS: 39554
SPS: 39556
SPS: 39558
SPS: 39559
SPS: 39558
SPS: 39559
SPS: 39561
SPS: 39562
SPS: 39564
SPS: 39566
SPS: 39567
SPS: 39569
SPS: 39571
SPS: 39572
SPS: 39574
SPS: 39575
SPS: 39577
SPS: 39578
SPS: 39580
SPS: 39582
SPS: 39583
SPS: 39585
SPS: 39587
SPS: 39588
SPS: 39590
SPS: 39591
SPS: 39593
SPS: 39595
SPS: 39596
SPS: 39597
SPS: 39599
SPS: 39600
SPS: 39602
SPS: 39604
SPS: 39605
SPS: 39607
SPS: 39608
SPS: 39610
SPS: 39612
SPS: 39613
SPS: 39615
SPS: 39617
SPS: 39618
SPS: 39620
SPS: 39621
SPS: 39623
SPS: 39624
SPS: 39626
SPS: 39627
SPS: 39629
SPS: 39630
SPS: 39632
SPS: 39633
SPS: 39635
SPS: 39636
SPS: 39636
SPS: 39637
SPS: 39637
SPS: 39638
SPS: 39640
SPS: 39641
SPS: 39643
SPS: 39644
SPS: 39645
SPS: 39647
SPS: 39648
SPS: 39650
SPS: 39651
SPS: 39653
SPS: 39654
SPS: 39656
SPS: 39657
SPS: 39659
SPS: 39660
SPS: 39662
SPS: 39663
SPS: 39665
SPS: 39666
SPS: 39668
SPS: 39669
SPS: 39671
SPS: 39672
SPS: 39673
SPS: 39675
SPS: 39676
SPS: 39678
SPS: 39680
SPS: 39679
SPS: 39680
SPS: 39682
SPS: 39683
SPS: 39685
SPS: 39686
SPS: 39688
SPS: 39689
SPS: 39691
SPS: 39692
SPS: 39694
SPS: 39696
SPS: 39697
SPS: 39699
SPS: 39700
SPS: 39702
SPS: 39703
SPS: 39705
SPS: 39706
SPS: 39708
SPS: 39709
SPS: 39711
SPS: 39712
SPS: 39713
SPS: 39715
SPS: 39716
SPS: 39718
SPS: 39719
SPS: 39720
SPS: 39722
SPS: 39723
SPS: 39725
SPS: 39726
SPS: 39728
SPS: 39729
SPS: 39730
SPS: 39732
SPS: 39733
SPS: 39735
SPS: 39736
SPS: 39737
SPS: 39739
SPS: 39740
SPS: 39742
SPS: 39743
SPS: 39745
SPS: 39745
SPS: 39745
SPS: 39746
SPS: 39748
SPS: 39749
SPS: 39751
SPS: 39752
SPS: 39754
SPS: 39755
SPS: 39756
SPS: 39757
SPS: 39759
SPS: 39760
SPS: 39762
SPS: 39763
SPS: 39764
SPS: 39766
SPS: 39767
SPS: 39769
SPS: 39770
SPS: 39772
SPS: 39773
SPS: 39774
SPS: 39776
SPS: 39777
SPS: 39778
SPS: 39780
SPS: 39781
SPS: 39783
SPS: 39784
SPS: 39786
SPS: 39787
SPS: 39789
SPS: 39790
SPS: 39791
SPS: 39790
SPS: 39791
SPS: 39793
SPS: 39794
SPS: 39795
SPS: 39797
SPS: 39798
SPS: 39799
SPS: 39801
SPS: 39802
SPS: 39803
SPS: 39805
SPS: 39806
SPS: 39807
SPS: 39809
SPS: 39810
SPS: 39812
SPS: 39813
SPS: 39815
SPS: 39816
SPS: 39817
SPS: 39819
SPS: 39820
SPS: 39821
SPS: 39822
SPS: 39823
SPS: 39825
SPS: 39826
SPS: 39828
SPS: 39829
SPS: 39830
SPS: 39832
SPS: 39833
SPS: 39834
SPS: 39836
SPS: 39837
SPS: 39838
SPS: 39839
SPS: 39840
SPS: 39841
SPS: 39843
SPS: 39844
SPS: 39843
SPS: 39844
SPS: 39846
SPS: 39847
SPS: 39848
SPS: 39850
SPS: 39851
SPS: 39852
SPS: 39854
SPS: 39855
SPS: 39856
SPS: 39858
SPS: 39859
SPS: 39861
SPS: 39862
SPS: 39863
SPS: 39864
SPS: 39866
SPS: 39867
SPS: 39868
SPS: 39869
SPS: 39871
SPS: 39872
SPS: 39873
SPS: 39875
SPS: 39876
SPS: 39877
SPS: 39879
SPS: 39880
SPS: 39881
SPS: 39882
SPS: 39883
SPS: 39885
SPS: 39886
SPS: 39888
SPS: 39889
SPS: 39889
SPS: 39890
SPS: 39891
SPS: 39893
SPS: 39894
SPS: 39895
SPS: 39896
SPS: 39898
SPS: 39899
SPS: 39900
SPS: 39901
SPS: 39902
SPS: 39904
SPS: 39905
SPS: 39907
SPS: 39908
SPS: 39909
SPS: 39911
SPS: 39912
SPS: 39913
SPS: 39914
SPS: 39916
SPS: 39917
SPS: 39918
SPS: 39919
SPS: 39921
SPS: 39922
SPS: 39923
SPS: 39924
SPS: 39926
SPS: 39927
SPS: 39928
SPS: 39929
SPS: 39931
SPS: 39932
SPS: 39933
SPS: 39934
SPS: 39934
SPS: 39935
SPS: 39936
SPS: 39937
SPS: 39939
SPS: 39940
SPS: 39941
SPS: 39942
SPS: 39943
SPS: 39945
SPS: 39946
SPS: 39948
SPS: 39949
SPS: 39950
SPS: 39951
SPS: 39952
SPS: 39954
SPS: 39955
SPS: 39956
SPS: 39957
SPS: 39958
SPS: 39959
SPS: 39961
SPS: 39962
SPS: 39963
SPS: 39965
SPS: 39966
SPS: 39967
SPS: 39968
SPS: 39969
SPS: 39971
SPS: 39972
SPS: 39973
SPS: 39974
SPS: 39975
SPS: 39977
SPS: 39978
SPS: 39979
SPS: 39981
SPS: 39982
SPS: 39983
SPS: 39984
SPS: 39986
SPS: 39987
SPS: 39987
SPS: 39988
SPS: 39989
SPS: 39990
SPS: 39991
SPS: 39992
SPS: 39994
SPS: 39995
SPS: 39996
SPS: 39998
SPS: 39998
SPS: 40000
SPS: 40001
SPS: 40002
SPS: 40003
SPS: 40005
SPS: 40006
SPS: 40007
SPS: 40008
SPS: 40009
SPS: 40010
SPS: 40012
SPS: 40012
SPS: 40012
SPS: 40013
SPS: 40014
SPS: 40015
SPS: 40016
SPS: 40018
SPS: 40019
SPS: 40020
SPS: 40021
SPS: 40022
SPS: 40023
SPS: 40024
SPS: 40026
SPS: 40026
SPS: 40028
SPS: 40029
SPS: 40030
SPS: 40031
SPS: 40033
SPS: 40034
SPS: 40035
SPS: 40036
SPS: 40037
SPS: 40038
SPS: 40040
SPS: 40041
SPS: 40042
SPS: 40044
SPS: 40045
SPS: 40046
SPS: 40047
SPS: 40048
SPS: 40049
SPS: 40050
SPS: 40051
SPS: 40052
SPS: 40054
SPS: 40055
SPS: 40056
SPS: 40057
SPS: 40058
SPS: 40059
SPS: 40061
SPS: 40062
SPS: 40063
SPS: 40064
SPS: 40065
SPS: 40066
SPS: 40067
SPS: 40068
SPS: 40069
SPS: 40068
SPS: 40069
SPS: 40070
SPS: 40071
SPS: 40072
SPS: 40073
SPS: 40074
SPS: 40075
SPS: 40076
SPS: 40078
SPS: 40079
SPS: 40080
SPS: 40081
SPS: 40082
SPS: 40083
SPS: 40084
SPS: 40085
SPS: 40086
SPS: 40087
SPS: 40088
SPS: 40089
SPS: 40090
SPS: 40091
SPS: 40092
SPS: 40093
SPS: 40095
SPS: 40096
SPS: 40097
SPS: 40098
SPS: 40099
SPS: 40100
SPS: 40101
SPS: 40102
SPS: 40103
SPS: 40103
SPS: 40104
SPS: 40106
SPS: 40107
SPS: 40107
SPS: 40108
SPS: 40109
SPS: 40110
SPS: 40111
SPS: 40112
SPS: 40112
SPS: 40113
SPS: 40114
SPS: 40115
SPS: 40116
SPS: 40117
SPS: 40117
SPS: 40118
SPS: 40119
SPS: 40120
SPS: 40121
SPS: 40122
SPS: 40123
SPS: 40124
SPS: 40125
SPS: 40126
SPS: 40127
SPS: 40128
SPS: 40128
SPS: 40129
SPS: 40130
SPS: 40131
SPS: 40132
SPS: 40133
SPS: 40134
SPS: 40134
SPS: 40136
SPS: 40137
SPS: 40138
SPS: 40139
SPS: 40139
SPS: 40140
SPS: 40141
SPS: 40142
SPS: 40143
SPS: 40144
SPS: 40143
SPS: 40144
SPS: 40145
SPS: 40145
SPS: 40146
SPS: 40147
SPS: 40148
SPS: 40149
SPS: 40150
SPS: 40151
SPS: 40151
SPS: 40152
SPS: 40153
SPS: 40154
SPS: 40155
SPS: 40156
SPS: 40157
SPS: 40158
SPS: 40159
SPS: 40159
SPS: 40160
SPS: 40161
SPS: 40162
SPS: 40162
SPS: 40161
SPS: 40162
SPS: 40162
SPS: 40163
SPS: 40164
SPS: 40165
SPS: 40166
SPS: 40167
SPS: 40167
SPS: 40168
SPS: 40169
SPS: 40170
SPS: 40171
SPS: 40172
SPS: 40173
SPS: 40174
SPS: 40175
SPS: 40176
SPS: 40176
SPS: 40177
SPS: 40178
SPS: 40179
SPS: 40180
SPS: 40181
SPS: 40181
SPS: 40182
SPS: 40183
SPS: 40184
SPS: 40185
SPS: 40185
SPS: 40186
SPS: 40187
SPS: 40188
SPS: 40188
SPS: 40189
SPS: 40190
SPS: 40191
SPS: 40192
SPS: 40193
SPS: 40194
SPS: 40194
SPS: 40195
SPS: 40196
SPS: 40197
SPS: 40198
SPS: 40199
SPS: 40200
SPS: 40201
SPS: 40201
SPS: 40202
SPS: 40203
SPS: 40204
SPS: 40205
SPS: 40204
SPS: 40204
SPS: 40205
SPS: 40206
SPS: 40207
SPS: 40208
SPS: 40209
SPS: 40210
SPS: 40211
SPS: 40212
SPS: 40213
SPS: 40213
SPS: 40214
SPS: 40215
SPS: 40216
SPS: 40216
SPS: 40217
SPS: 40218
SPS: 40219
SPS: 40220
SPS: 40221
SPS: 40221
time budget reached: 3601s @ global_step=144834560
